retail_demand_dataset.csv
date,store_id,product_id,category,price,discount,units_sold,inventory_level,holiday,promotion,temperature,fuel_price
2023-10-06,1,P002,Groceries,396.0,0,17,128,0,0,32.78,96.72
2023-10-07,1,P002,Groceries,396.0,0,24,104,1,0,15.96,94.1
2023-10-08,1,P002,Groceries,396.0,0,9,95,1,0,25.77,94.18
2023-10-09,1,P002,Groceries,376.2,5,19,76,0,0,26.28,96.59
2023-10-10,1,P002,Groceries,396.0,0,18,58,0,1,24.99,96.43
2023-10-11,1,P002,Groceries,396.0,0,12,46,0,0,25.96,93.21
2023-10-12,1,P002,Groceries,336.6,15,23,23,0,0,29.35,95.76
2023-10-13,1,P002,Groceries,376.2,5,13,108,0,0,29.59,94.75
2023-10-14,1,P002,Groceries,356.4,10,18,90,1,0,9.77,92.21
2023-10-15,1,P002,Groceries,376.2,5,21,69,1,0,26.76,93.26
2023-10-16,1,P002,Groceries,356.4,10,18,51,0,0,22.72,94.79
2023-10-17,1,P002,Groceries,376.2,5,19,32,0,0,21.26,95.09
2023-10-18,1,P002,Groceries,356.4,10,21,127,0,0,31.33,93.48
2023-10-19,1,P002,Groceries,396.0,0,20,107,0,1,30.5,94.96
2023-10-20,1,P002,Groceries,336.6,15,19,88,0,0,26.08,98.86
2023-10-21,1,P002,Groceries,376.2,5,26,62,1,0,25.57,98.61
2023-10-22,1,P002,Groceries,376.2,5,22,40,1,1,29.12,96.28
2023-10-23,1,P002,Groceries,336.6,15,16,24,0,0,25.36,92.87
2023-10-24,1,P002,Groceries,396.0,0,19,150,0,1,27.45,96.96
2023-10-25,1,P002,Groceries,376.2,5,19,131,0,1,25.54,95.77
2023-10-26,1,P002,Groceries,376.2,5,28,103,0,1,31.42,96.69
2023-10-27,1,P002,Groceries,376.2,5,20,83,0,0,19.03,95.57
2023-10-28,1,P002,Groceries,336.6,15,24,59,1,0,17.03,95.84
2023-10-29,1,P002,Groceries,396.0,0,18,41,1,0,22.05,94.08
2023-10-30,1,P002,Groceries,396.0,0,13,28,0,0,30.38,93.08
2023-10-31,1,P002,Groceries,336.6,15,23,138,0,0,28.45,95.53
2023-11-01,1,P002,Groceries,396.0,0,14,124,0,0,20.32,99.8
2023-11-02,1,P002,Groceries,396.0,0,11,113,0,1,25.81,97.43
2023-11-03,1,P002,Groceries,396.0,0,12,101,0,0,21.85,94.48
2023-11-04,1,P002,Groceries,396.0,0,13,88,1,0,34.72,94.31
2023-11-05,1,P002,Groceries,396.0,0,25,63,1,1,27.87,94.57
2023-11-06,1,P002,Groceries,396.0,0,14,49,0,0,24.42,93.18
2023-11-07,1,P002,Groceries,396.0,0,10,39,0,0,24.63,94.1
2023-11-08,1,P002,Groceries,376.2,5,15,24,0,0,20.48,94.81
2023-11-09,1,P002,Groceries,396.0,0,10,98,0,0,25.79,98.46
2023-11-10,1,P002,Groceries,396.0,0,15,83,0,1,22.02,94.4
2023-11-11,1,P002,Groceries,396.0,0,30,53,1,1,23.89,92.65
2023-11-12,1,P002,Groceries,396.0,0,24,29,1,0,26.05,93.03
2023-11-13,1,P002,Groceries,356.4,10,24,154,0,1,30.97,94.08
2023-11-14,1,P002,Groceries,376.2,5,24,130,0,0,25.49,94.32
2023-11-15,1,P002,Groceries,356.4,10,19,111,0,1,23.77,95.67
2023-11-16,1,P002,Groceries,396.0,0,14,97,0,0,23.05,91.55
2023-11-17,1,P002,Groceries,316.8,20,25,72,0,0,26.43,96.88
2023-11-18,1,P002,Groceries,376.2,5,27,45,1,1,20.14,98.97
2023-11-19,1,P002,Groceries,396.0,0,20,25,1,1,29.23,92.69
2023-11-20,1,P002,Groceries,396.0,0,14,92,0,0,32.53,96.23
2023-11-21,1,P002,Groceries,336.6,15,27,65,0,1,24.16,98.5
2023-11-22,1,P002,Groceries,396.0,0,12,53,0,0,26.41,94.65
2023-11-23,1,P002,Groceries,396.0,0,22,31,0,0,25.62,93.18
2023-11-24,1,P002,Groceries,396.0,0,11,20,0,0,25.99,95.8
2023-11-25,1,P002,Groceries,376.2,5,23,91,1,0,29.79,92.48
2023-11-26,1,P002,Groceries,396.0,0,18,73,1,0,32.36,93.6
2023-11-27,1,P002,Groceries,396.0,0,13,60,0,0,20.25,94.83
2023-11-28,1,P002,Groceries,376.2,5,26,34,0,1,24.05,94.6
2023-11-29,1,P002,Groceries,396.0,0,15,168,0,0,22.65,96.33
2023-11-30,1,P002,Groceries,376.2,5,20,148,0,0,26.19,93.84
2023-12-01,1,P002,Groceries,396.0,0,27,121,0,0,22.26,91.05
2023-12-02,1,P002,Groceries,396.0,0,16,105,1,1,26.16,101.45
2023-12-03,1,P002,Groceries,316.8,20,36,69,1,1,30.27,96.71
2023-12-04,1,P002,Groceries,356.4,10,20,49,0,0,29.91,93.91
2023-12-05,1,P002,Groceries,396.0,0,14,35,0,0,18.45,95.95
2023-12-06,1,P002,Groceries,396.0,0,13,22,0,0,28.13,95.8
2023-12-07,1,P002,Groceries,396.0,0,14,137,0,0,28.85,94.74
2023-12-08,1,P002,Groceries,376.2,5,20,117,0,0,21.67,96.44
2023-12-09,1,P002,Groceries,396.0,0,22,95,1,1,26.92,93.01
2023-12-10,1,P002,Groceries,356.4,10,27,68,1,1,25.08,93.05
2023-12-11,1,P002,Groceries,396.0,0,14,54,0,0,31.01,95.56
2023-12-12,1,P002,Groceries,396.0,0,14,40,0,0,28.65,93.7
2023-12-13,1,P002,Groceries,336.6,15,17,23,0,0,23.0,94.7
2023-12-14,1,P002,Groceries,396.0,0,12,110,0,0,14.75,96.48
2023-12-15,1,P002,Groceries,356.4,10,21,89,0,0,17.02,92.65
2023-12-16,1,P002,Groceries,356.4,10,25,64,1,1,25.79,96.58
2023-12-17,1,P002,Groceries,356.4,10,18,46,1,0,27.8,93.8
2023-12-18,1,P002,Groceries,396.0,0,17,29,0,0,26.1,93.01
2023-12-19,1,P002,Groceries,396.0,0,14,157,0,0,29.32,95.43
2023-12-20,1,P002,Groceries,356.4,10,16,141,0,1,32.59,96.37
2023-12-21,1,P002,Groceries,336.6,15,21,120,0,0,27.99,96.96
2023-12-22,1,P002,Groceries,396.0,0,15,105,0,1,14.73,99.71
2023-12-23,1,P002,Groceries,396.0,0,19,86,1,1,20.11,99.04
2023-12-24,1,P002,Groceries,316.8,20,31,55,1,0,29.08,94.97
2023-12-25,1,P002,Groceries,376.2,5,10,45,0,0,23.81,94.24
2023-12-26,1,P002,Groceries,396.0,0,21,24,0,1,15.77,96.57
2023-12-27,1,P002,Groceries,396.0,0,8,129,0,0,24.99,94.56
2023-12-28,1,P002,Groceries,316.8,20,32,97,0,0,20.22,95.74
2023-12-29,1,P002,Groceries,396.0,0,20,77,0,1,27.48,91.57
2023-12-30,1,P002,Groceries,356.4,10,22,55,1,0,26.67,96.35
2023-12-31,1,P002,Groceries,396.0,0,23,32,1,1,29.14,92.65
2023-01-01,1,P003,Sports,376.8,20,23,170,1,0,25.24,90.55
2023-01-02,1,P003,Sports,376.8,20,20,150,0,0,25.12,92.97
2023-01-03,1,P003,Sports,471.0,0,14,136,0,0,25.01,98.53
2023-01-04,1,P003,Sports,400.35,15,20,116,0,0,20.66,93.49
2023-01-05,1,P003,Sports,400.35,15,17,99,0,0,34.69,89.68
2023-01-06,1,P003,Sports,400.35,15,28,71,0,1,29.4,97.4
2023-01-07,1,P003,Sports,376.8,20,38,33,1,1,31.99,98.19
2023-01-08,1,P003,Sports,471.0,0,11,22,1,0,32.05,92.76
2023-01-09,1,P003,Sports,471.0,0,16,133,0,0,19.62,97.07
2023-01-10,1,P003,Sports,471.0,0,16,117,0,0,24.89,93.89
2023-01-11,1,P003,Sports,471.0,0,13,104,0,0,22.45,97.28
2023-01-12,1,P003,Sports,400.35,15,29,75,0,1,20.2,98.72
2023-01-13,1,P003,Sports,471.0,0,7,68,0,0,20.61,90.19
2023-01-14,1,P003,Sports,447.45,5,17,51,1,0,33.91,93.59
2023-01-15,1,P003,Sports,471.0,0,21,30,1,0,31.72,97.59
2023-01-16,1,P003,Sports,376.8,20,27,106,0,0,23.37,93.89
2023-01-17,1,P003,Sports,400.35,15,25,81,0,0,18.18,96.45
2023-01-18,1,P003,Sports,400.35,15,22,59,0,0,25.03,95.86
2023-01-19,1,P003,Sports,423.9,10,20,39,0,0,30.22,97.72
2023-01-20,1,P003,Sports,423.9,10,18,21,0,0,20.36,94.65
2023-01-21,1,P003,Sports,471.0,0,27,87,1,1,33.66,90.77
2023-01-22,1,P003,Sports,471.0,0,16,71,1,0,26.51,96.88
2023-01-23,1,P003,Sports,471.0,0,14,57,0,0,25.71,95.45
2023-01-24,1,P003,Sports,471.0,0,22,35,0,1,16.87,93.46
2023-01-25,1,P003,Sports,400.35,15,25,153,0,1,32.72,95.17
2023-01-26,1,P003,Sports,471.0,0,13,140,0,0,26.11,94.2
2023-01-27,1,P003,Sports,447.45,5,18,122,0,0,37.66,94.96
2023-01-28,1,P003,Sports,400.35,15,25,97,1,0,24.38,93.22
2023-01-29,1,P003,Sports,447.45,5,22,75,1,0,28.28,97.73
2023-01-30,1,P003,Sports,471.0,0,15,60,0,0,31.98,94.88
2023-01-31,1,P003,Sports,471.0,0,13,47,0,0,19.99,96.58
2023-02-01,1,P003,Sports,471.0,0,12,35,0,0,29.58,95.2
2023-02-02,1,P003,Sports,471.0,0,12,23,0,0,31.74,96.42
2023-02-03,1,P003,Sports,471.0,0,23,87,0,1,31.93,96.26
2023-02-04,1,P003,Sports,423.9,10,26,61,1,0,28.99,92.65
2023-02-05,1,P003,Sports,423.9,10,17,44,1,1,27.1,94.92
2023-02-06,1,P003,Sports,447.45,5,15,29,0,0,15.35,93.65
2023-02-07,1,P003,Sports,471.0,0,19,125,0,1,32.02,93.02
2023-02-08,1,P003,Sports,423.9,10,20,105,0,0,18.58,97.52
2023-02-09,1,P003,Sports,447.45,5,22,83,0,1,24.09,96.33
2023-02-10,1,P003,Sports,400.35,15,23,60,0,1,10.58,95.17
2023-02-11,1,P003,Sports,471.0,0,21,39,1,0,20.8,96.82
2023-02-12,1,P003,Sports,400.35,15,19,20,1,0,26.51,95.41
2023-02-13,1,P003,Sports,471.0,0,16,120,0,1,35.31,95.34
2023-02-14,1,P003,Sports,471.0,0,11,109,0,0,20.78,96.28
2023-02-15,1,P003,Sports,471.0,0,11,98,0,0,26.67,97.64
2023-02-16,1,P003,Sports,447.45,5,16,82,0,0,21.32,98.33
2023-02-17,1,P003,Sports,471.0,0,19,63,0,1,26.96,93.41
2023-02-18,1,P003,Sports,423.9,10,22,41,1,0,23.5,96.02
2023-02-19,1,P003,Sports,400.35,15,23,140,1,0,28.31,94.2
2023-02-20,1,P003,Sports,471.0,0,18,122,0,0,22.94,93.52
2023-02-21,1,P003,Sports,400.35,15,20,102,0,1,21.1,97.38
2023-02-22,1,P003,Sports,471.0,0,18,84,0,1,18.32,96.45
2023-02-23,1,P003,Sports,400.35,15,19,65,0,0,28.49,92.06
2023-02-24,1,P003,Sports,423.9,10,18,47,0,0,30.13,96.2
2023-02-25,1,P003,Sports,423.9,10,21,26,1,0,31.82,98.15
2023-02-26,1,P003,Sports,471.0,0,18,130,1,1,25.4,96.52
2023-02-27,1,P003,Sports,471.0,0,16,114,0,0,27.77,92.98
2023-02-28,1,P003,Sports,400.35,15,30,84,0,1,32.0,95.73
2023-03-01,1,P003,Sports,447.45,5,25,59,0,1,23.62,92.75
2023-03-02,1,P003,Sports,447.45,5,21,38,0,1,27.76,95.69
2023-03-03,1,P003,Sports,447.45,5,18,20,0,0,19.93,93.55
2023-03-04,1,P003,Sports,471.0,0,21,107,1,1,36.12,98.28
2023-03-05,1,P003,Sports,423.9,10,18,89,1,0,20.0,97.5
2023-03-06,1,P003,Sports,471.0,0,14,75,0,0,23.9,92.84
2023-03-07,1,P003,Sports,423.9,10,26,49,0,1,17.32,95.39
2023-03-08,1,P003,Sports,471.0,0,11,38,0,0,19.47,96.73
2023-03-09,1,P003,Sports,447.45,5,21,146,0,0,20.61,97.92
2023-03-10,1,P003,Sports,423.9,10,17,129,0,0,19.52,94.86
2023-03-11,1,P003,Sports,471.0,0,12,117,1,0,28.7,96.22
2023-03-12,1,P003,Sports,447.45,5,29,88,1,0,29.21,95.05
2023-03-13,1,P003,Sports,471.0,0,16,72,0,1,17.44,92.34
2023-03-14,1,P003,Sports,471.0,0,21,51,0,1,25.51,95.3
2023-03-15,1,P003,Sports,471.0,0,19,32,0,1,28.67,91.21
2023-03-16,1,P003,Sports,447.45,5,23,154,0,1,20.74,95.01
2023-03-17,1,P003,Sports,471.0,0,15,139,0,0,30.59,97.32
2023-03-18,1,P003,Sports,447.45,5,20,119,1,0,27.51,96.31
2023-03-19,1,P003,Sports,447.45,5,22,97,1,0,23.81,96.67
2023-03-20,1,P003,Sports,423.9,10,18,79,0,0,29.26,93.72
2023-03-21,1,P003,Sports,471.0,0,29,50,0,1,28.0,95.73
2023-03-22,1,P003,Sports,400.35,15,27,23,0,1,35.07,96.27
2023-03-23,1,P003,Sports,447.45,5,18,142,0,0,27.12,93.77
2023-03-24,1,P003,Sports,447.45,5,13,129,0,0,28.25,94.29
2023-03-25,1,P003,Sports,471.0,0,18,111,1,0,24.0,95.6
2023-03-26,1,P003,Sports,471.0,0,17,94,1,0,33.7,93.58
2023-03-27,1,P003,Sports,447.45,5,19,75,0,1,21.22,93.33
2023-03-28,1,P003,Sports,471.0,0,15,60,0,0,34.02,95.14
2023-03-29,1,P003,Sports,471.0,0,23,37,0,1,24.62,96.98
2023-03-30,1,P003,Sports,447.45,5,15,22,0,0,23.94,96.76
2023-03-31,1,P003,Sports,447.45,5,14,117,0,0,28.33,97.89
2023-04-01,1,P003,Sports,471.0,0,13,104,1,0,21.89,96.72
2023-04-02,1,P003,Sports,471.0,0,25,79,1,0,27.71,95.66
2023-04-03,1,P003,Sports,471.0,0,11,68,0,0,24.86,95.24
2023-04-04,1,P003,Sports,447.45,5,17,51,0,0,16.86,93.98
2023-04-05,1,P003,Sports,447.45,5,23,28,0,1,33.2,92.64
2023-04-06,1,P003,Sports,447.45,5,11,110,0,1,24.82,91.32
2023-04-07,1,P003,Sports,447.45,5,12,98,0,0,23.35,94.95
2023-04-08,1,P003,Sports,471.0,0,17,81,1,0,35.49,95.28
2023-04-09,1,P003,Sports,471.0,0,26,55,1,1,28.22,93.83
2023-04-10,1,P003,Sports,471.0,0,17,38,0,0,13.39,96.34
2023-04-11,1,P003,Sports,376.8,20,17,21,0,0,23.52,98.18
2023-04-12,1,P003,Sports,447.45,5,15,95,0,0,22.58,93.82
2023-04-13,1,P003,Sports,400.35,15,23,72,0,0,27.09,95.44
2023-04-14,1,P003,Sports,423.9,10,29,43,0,0,25.19,96.32
2023-04-15,1,P003,Sports,447.45,5,19,24,1,1,22.45,89.89
2023-04-16,1,P003,Sports,471.0,0,18,142,1,0,24.23,93.12
2023-04-17,1,P003,Sports,471.0,0,20,122,0,1,29.31,96.48
2023-04-18,1,P003,Sports,447.45,5,12,110,0,0,25.45,95.03
2023-04-19,1,P003,Sports,447.45,5,20,90,0,0,29.15,93.86
2023-04-20,1,P003,Sports,471.0,0,20,70,0,1,20.49,89.21
2023-04-21,1,P003,Sports,471.0,0,22,48,0,1,27.43,94.46
2023-04-22,1,P003,Sports,471.0,0,26,22,1,1,30.64,93.82
2023-04-23,1,P003,Sports,376.8,20,27,149,1,0,24.22,91.03
2023-04-24,1,P003,Sports,447.45,5,6,143,0,0,23.67,97.57
2023-04-25,1,P003,Sports,447.45,5,11,132,0,0,24.26,96.02
2023-04-26,1,P003,Sports,471.0,0,13,119,0,0,21.31,94.58
2023-04-27,1,P003,Sports,447.45,5,15,104,0,0,30.9,99.01
2023-04-28,1,P003,Sports,376.8,20,28,76,0,1,23.43,94.68
2023-04-29,1,P003,Sports,447.45,5,28,48,1,0,36.76,93.9
2023-04-30,1,P003,Sports,400.35,15,31,100,1,0,23.68,91.39
2023-05-01,1,P003,Sports,400.35,15,24,76,0,1,27.25,94.48
2023-05-02,1,P003,Sports,471.0,0,12,64,0,0,33.61,94.1
2023-05-03,1,P003,Sports,471.0,0,17,47,0,1,24.28,95.09
2023-05-04,1,P003,Sports,423.9,10,15,32,0,0,23.59,93.74
2023-05-05,1,P003,Sports,471.0,0,22,154,0,0,16.15,95.73
2023-05-06,1,P003,Sports,471.0,0,19,135,1,0,26.01,90.46
2023-05-07,1,P003,Sports,471.0,0,16,119,1,0,29.83,93.65
2023-05-08,1,P003,Sports,376.8,20,36,83,0,0,24.07,93.54
2023-05-09,1,P003,Sports,447.45,5,11,72,0,0,23.05,95.37
2023-05-10,1,P003,Sports,447.45,5,15,57,0,0,28.01,90.63
2023-05-11,1,P003,Sports,471.0,0,19,38,0,0,28.39,95.1
2023-05-12,1,P003,Sports,471.0,0,22,130,0,0,13.05,98.7
2023-05-13,1,P003,Sports,471.0,0,22,108,1,0,27.55,93.7
2023-05-14,1,P003,Sports,471.0,0,19,89,1,0,25.68,100.41
2023-05-15,1,P003,Sports,471.0,0,13,76,0,0,12.82,96.37
2023-05-16,1,P003,Sports,376.8,20,24,52,0,0,23.67,92.77
2023-05-17,1,P003,Sports,447.45,5,12,40,0,0,25.8,97.72
2023-05-18,1,P003,Sports,471.0,0,15,25,0,0,29.1,91.19
2023-05-19,1,P003,Sports,447.45,5,22,103,0,1,26.79,92.61
2023-05-20,1,P003,Sports,447.45,5,18,85,1,1,22.27,93.14
2023-05-21,1,P003,Sports,471.0,0,19,66,1,0,20.28,95.82
2023-05-22,1,P003,Sports,471.0,0,19,47,0,0,28.23,97.57
2023-05-23,1,P003,Sports,400.35,15,24,23,0,0,23.66,98.0
2023-05-24,1,P003,Sports,400.35,15,20,149,0,0,27.35,94.94
2023-05-25,1,P003,Sports,471.0,0,10,139,0,0,24.29,91.62
2023-05-26,1,P003,Sports,471.0,0,21,118,0,1,17.76,97.38
2023-05-27,1,P003,Sports,471.0,0,19,99,1,1,12.51,95.63
2023-05-28,1,P003,Sports,471.0,0,19,80,1,0,21.63,89.87
2023-05-29,1,P003,Sports,376.8,20,26,54,0,0,24.4,95.19
2023-05-30,1,P003,Sports,471.0,0,17,37,0,0,26.05,94.2
2023-05-31,1,P003,Sports,423.9,10,29,120,0,0,25.82,92.87
2023-06-01,1,P003,Sports,471.0,0,17,103,0,0,16.92,96.13
2023-06-02,1,P003,Sports,471.0,0,13,90,0,0,29.0,96.4
2023-06-03,1,P003,Sports,400.35,15,37,53,1,1,25.56,93.08
2023-06-04,1,P003,Sports,471.0,0,17,36,1,0,23.79,95.46
2023-06-05,1,P003,Sports,471.0,0,21,162,0,1,26.89,94.13
2023-06-06,1,P003,Sports,423.9,10,25,137,0,1,24.38,96.21
2023-06-07,1,P003,Sports,471.0,0,18,119,0,0,35.53,97.74
2023-06-08,1,P003,Sports,471.0,0,28,91,0,1,29.88,95.0
2023-06-09,1,P003,Sports,471.0,0,27,64,0,1,14.23,98.31
2023-06-10,1,P003,Sports,447.45,5,17,47,1,0,34.96,95.79
2023-06-11,1,P003,Sports,471.0,0,19,28,1,1,25.2,96.08
2023-06-12,1,P003,Sports,376.8,20,23,122,0,0,20.01,96.04
2023-06-13,1,P003,Sports,423.9,10,23,99,0,0,19.15,96.28
2023-06-14,1,P003,Sports,471.0,0,15,84,0,0,21.84,95.55
2023-06-15,1,P003,Sports,471.0,0,18,66,0,0,32.39,95.38
2023-06-16,1,P003,Sports,400.35,15,38,28,0,1,29.73,95.27
2023-06-17,1,P003,Sports,423.9,10,22,135,1,0,22.01,94.91
2023-06-18,1,P003,Sports,471.0,0,20,115,1,0,27.94,96.46
2023-06-19,1,P003,Sports,447.45,5,18,97,0,0,35.27,97.59
2023-06-20,1,P003,Sports,471.0,0,14,83,0,0,28.75,95.78
2023-06-21,1,P003,Sports,447.45,5,28,55,0,0,25.8,98.08
2023-06-22,1,P003,Sports,471.0,0,21,34,0,1,36.61,96.21
2023-06-23,1,P003,Sports,471.0,0,18,131,0,0,29.13,94.32
2023-06-24,1,P003,Sports,471.0,0,26,105,1,1,34.04,96.12
2023-06-25,1,P003,Sports,471.0,0,11,94,1,0,23.89,93.64
2023-06-26,1,P003,Sports,471.0,0,14,80,0,0,21.03,95.87
2023-06-27,1,P003,Sports,471.0,0,12,68,0,0,23.26,98.37
2023-06-28,1,P003,Sports,471.0,0,28,40,0,1,17.16,92.73
2023-06-29,1,P003,Sports,447.45,5,16,24,0,0,25.64,93.35
2023-06-30,1,P003,Sports,471.0,0,24,140,0,0,31.58,94.55
2023-07-01,1,P003,Sports,447.45,5,20,120,1,0,28.6,96.37
2023-07-02,1,P003,Sports,423.9,10,29,91,1,0,23.07,90.85
2023-07-03,1,P003,Sports,423.9,10,18,73,0,0,31.71,95.37
2023-07-04,1,P003,Sports,471.0,0,12,61,0,0,30.36,94.39
2023-07-05,1,P003,Sports,376.8,20,23,38,0,0,21.64,93.03
2023-07-06,1,P003,Sports,471.0,0,14,24,0,0,20.0,91.94
2023-07-07,1,P003,Sports,447.45,5,17,125,0,0,17.63,90.71
2023-07-08,1,P003,Sports,400.35,15,26,99,1,0,18.74,91.93
2023-07-09,1,P003,Sports,400.35,15,21,78,1,0,24.23,93.23
2023-07-10,1,P003,Sports,471.0,0,22,56,0,1,24.21,92.58
2023-07-11,1,P003,Sports,447.45,5,20,36,0,0,23.47,94.88
2023-07-12,1,P003,Sports,423.9,10,18,152,0,0,30.41,92.85
2023-07-13,1,P003,Sports,471.0,0,29,123,0,0,24.25,92.05
2023-07-14,1,P003,Sports,471.0,0,18,105,0,0,25.44,96.95
2023-07-15,1,P003,Sports,471.0,0,20,85,1,0,18.94,99.32
2023-07-16,1,P003,Sports,423.9,10,24,61,1,0,16.97,93.15
2023-07-17,1,P003,Sports,471.0,0,16,45,0,0,25.08,95.93
2023-07-18,1,P003,Sports,400.35,15,25,20,0,0,21.38,93.25
2023-07-19,1,P003,Sports,471.0,0,6,122,0,1,31.42,97.04
2023-07-20,1,P003,Sports,471.0,0,13,109,0,0,21.01,95.58
2023-07-21,1,P003,Sports,471.0,0,31,78,0,0,20.89,93.19
2023-07-22,1,P003,Sports,471.0,0,11,67,1,0,34.79,96.68
2023-07-23,1,P003,Sports,471.0,0,16,51,1,0,31.5,97.02
2023-07-24,1,P003,Sports,447.45,5,24,27,0,0,29.44,98.21
2023-07-25,1,P003,Sports,471.0,0,15,145,0,0,23.27,94.52
2023-07-26,1,P003,Sports,471.0,0,13,132,0,0,19.8,96.4
2023-07-27,1,P003,Sports,423.9,10,23,109,0,1,32.33,92.62
2023-07-28,1,P003,Sports,471.0,0,22,87,0,0,23.89,92.12
2023-07-29,1,P003,Sports,471.0,0,27,60,1,1,30.64,91.11
2023-07-30,1,P003,Sports,447.45,5,24,36,1,0,24.07,97.42
2023-07-31,1,P003,Sports,471.0,0,14,22,0,0,28.58,96.91
2023-08-01,1,P003,Sports,423.9,10,26,142,0,0,22.54,92.17
2023-08-02,1,P003,Sports,400.35,15,26,116,0,1,25.56,96.62
2023-08-03,1,P003,Sports,471.0,0,15,101,0,1,28.87,96.24
2023-08-04,1,P003,Sports,471.0,0,24,77,0,1,33.71,95.5
2023-08-05,1,P003,Sports,471.0,0,14,63,1,0,29.28,94.18
2023-08-06,1,P003,Sports,471.0,0,12,51,1,0,24.26,96.35
2023-08-07,1,P003,Sports,471.0,0,17,34,0,1,23.98,93.96
2023-08-08,1,P003,Sports,400.35,15,25,158,0,1,33.66,97.47
2023-08-09,1,P003,Sports,471.0,0,24,134,0,1,24.14,97.2
2023-08-10,1,P003,Sports,423.9,10,28,106,0,1,17.81,93.97
2023-08-11,1,P003,Sports,471.0,0,11,95,0,0,29.21,96.51
2023-08-12,1,P003,Sports,423.9,10,17,78,1,0,21.68,95.23
2023-08-13,1,P003,Sports,471.0,0,20,58,1,0,23.17,96.01
2023-08-14,1,P003,Sports,447.45,5,17,41,0,0,26.53,95.88
2023-08-15,1,P003,Sports,471.0,0,29,154,0,1,18.58,97.95
2023-08-16,1,P003,Sports,471.0,0,22,132,0,0,23.85,92.91
2023-08-17,1,P003,Sports,423.9,10,20,112,0,0,28.67,98.63
