retail_demand_dataset.csv
date,store_id,product_id,category,price,discount,units_sold,inventory_level,holiday,promotion,temperature,fuel_price
2023-08-18,1,P003,Sports,471.0,0,17,95,0,0,25.62,94.75
2023-08-19,1,P003,Sports,471.0,0,13,82,1,0,23.23,94.42
2023-08-20,1,P003,Sports,376.8,20,23,59,1,0,19.19,93.78
2023-08-21,1,P003,Sports,471.0,0,16,43,0,0,23.45,94.13
2023-08-22,1,P003,Sports,447.45,5,18,25,0,0,28.76,94.56
2023-08-23,1,P003,Sports,400.35,15,21,137,0,0,26.03,95.5
2023-08-24,1,P003,Sports,471.0,0,17,120,0,0,25.82,93.0
2023-08-25,1,P003,Sports,471.0,0,9,111,0,0,14.95,95.61
2023-08-26,1,P003,Sports,471.0,0,18,93,1,0,23.9,97.49
2023-08-27,1,P003,Sports,471.0,0,20,73,1,0,24.45,94.07
2023-08-28,1,P003,Sports,471.0,0,15,58,0,0,20.92,96.86
2023-08-29,1,P003,Sports,471.0,0,25,33,0,1,19.42,94.97
2023-08-30,1,P003,Sports,471.0,0,15,133,0,0,19.87,96.08
2023-08-31,1,P003,Sports,471.0,0,14,119,0,0,27.89,95.92
2023-09-01,1,P003,Sports,423.9,10,16,103,0,0,29.1,93.97
2023-09-02,1,P003,Sports,471.0,0,17,86,1,0,25.41,94.26
2023-09-03,1,P003,Sports,400.35,15,20,66,1,0,27.91,95.79
2023-09-04,1,P003,Sports,471.0,0,22,44,0,1,24.46,97.22
2023-09-05,1,P003,Sports,423.9,10,20,24,0,0,31.73,94.96
2023-09-06,1,P003,Sports,423.9,10,28,93,0,0,24.33,92.36
2023-09-07,1,P003,Sports,376.8,20,33,60,0,1,22.65,98.21
2023-09-08,1,P003,Sports,400.35,15,23,37,0,0,22.95,97.04
2023-09-09,1,P003,Sports,471.0,0,22,105,1,0,24.58,96.62
2023-09-10,1,P003,Sports,471.0,0,13,92,1,0,27.61,89.65
2023-09-11,1,P003,Sports,471.0,0,10,82,0,1,28.26,96.94
2023-09-12,1,P003,Sports,471.0,0,24,58,0,1,29.59,96.37
2023-09-13,1,P003,Sports,376.8,20,26,32,0,0,24.21,95.27
2023-09-14,1,P003,Sports,471.0,0,11,21,0,0,25.31,91.76
2023-09-15,1,P003,Sports,471.0,0,15,99,0,1,24.29,98.03
2023-09-16,1,P003,Sports,447.45,5,17,82,1,1,31.99,94.2
2023-09-17,1,P003,Sports,471.0,0,13,69,1,0,24.53,96.8
2023-09-18,1,P003,Sports,471.0,0,14,55,0,0,27.81,91.92
2023-09-19,1,P003,Sports,447.45,5,28,27,0,1,23.49,93.4
2023-09-20,1,P003,Sports,423.9,10,14,147,0,0,26.01,98.2
2023-09-21,1,P003,Sports,471.0,0,19,128,0,0,25.5,92.49
2023-09-22,1,P003,Sports,471.0,0,7,121,0,0,26.85,95.25
2023-09-23,1,P003,Sports,423.9,10,18,103,1,0,22.25,96.43
2023-09-24,1,P003,Sports,471.0,0,25,78,1,0,27.37,93.59
2023-09-25,1,P003,Sports,423.9,10,17,61,0,0,19.6,92.74
2023-09-26,1,P003,Sports,471.0,0,17,44,0,0,23.75,92.67
2023-09-27,1,P003,Sports,447.45,5,18,26,0,0,23.55,97.87
2023-09-28,1,P003,Sports,471.0,0,22,90,0,1,30.24,94.84
2023-09-29,1,P003,Sports,471.0,0,30,60,0,1,30.43,95.88
2023-09-30,1,P003,Sports,471.0,0,17,43,1,0,25.1,95.32
2023-10-01,1,P003,Sports,471.0,0,21,22,1,1,18.95,97.06
2023-10-02,1,P003,Sports,471.0,0,13,97,0,0,18.65,94.56
2023-10-03,1,P003,Sports,471.0,0,11,86,0,0,18.62,95.83
2023-10-04,1,P003,Sports,471.0,0,29,57,0,1,25.4,98.2
2023-10-05,1,P003,Sports,471.0,0,13,44,0,0,37.37,93.1
2023-10-06,1,P003,Sports,471.0,0,19,25,0,0,28.65,92.4
2023-10-07,1,P003,Sports,376.8,20,35,113,1,1,23.16,95.02
2023-10-08,1,P003,Sports,423.9,10,23,90,1,0,22.69,91.8
2023-10-09,1,P003,Sports,376.8,20,30,60,0,1,29.78,96.28
2023-10-10,1,P003,Sports,471.0,0,16,44,0,0,31.39,90.51
2023-10-11,1,P003,Sports,447.45,5,28,129,0,0,23.96,97.43
2023-10-12,1,P003,Sports,471.0,0,24,105,0,0,23.86,96.72
2023-10-13,1,P003,Sports,471.0,0,11,94,0,0,19.87,95.14
2023-10-14,1,P003,Sports,471.0,0,16,78,1,0,19.56,95.58
2023-10-15,1,P003,Sports,447.45,5,23,55,1,0,29.66,92.31
2023-10-16,1,P003,Sports,471.0,0,19,36,0,1,19.39,90.33
2023-10-17,1,P003,Sports,423.9,10,22,153,0,1,30.91,95.8
2023-10-18,1,P003,Sports,423.9,10,17,136,0,1,28.35,95.94
2023-10-19,1,P003,Sports,423.9,10,22,114,0,0,23.67,97.12
2023-10-20,1,P003,Sports,471.0,0,13,101,0,0,19.28,94.5
2023-10-21,1,P003,Sports,471.0,0,14,87,1,0,19.83,93.4
2023-10-22,1,P003,Sports,423.9,10,25,62,1,0,31.82,96.23
2023-10-23,1,P003,Sports,471.0,0,18,44,0,1,29.24,94.12
2023-10-24,1,P003,Sports,423.9,10,25,119,0,0,22.32,95.66
2023-10-25,1,P003,Sports,423.9,10,16,103,0,0,17.54,92.67
2023-10-26,1,P003,Sports,447.45,5,13,90,0,0,21.57,97.33
2023-10-27,1,P003,Sports,471.0,0,24,66,0,1,37.8,95.51
2023-10-28,1,P003,Sports,471.0,0,17,49,1,1,14.84,92.36
2023-10-29,1,P003,Sports,423.9,10,24,25,1,0,19.63,95.49
2023-10-30,1,P003,Sports,471.0,0,27,115,0,1,22.85,92.4
2023-10-31,1,P003,Sports,471.0,0,10,105,0,0,29.8,96.28
2023-11-01,1,P003,Sports,423.9,10,18,87,0,0,15.92,92.36
2023-11-02,1,P003,Sports,447.45,5,17,70,0,0,25.63,96.34
2023-11-03,1,P003,Sports,423.9,10,26,44,0,1,18.28,93.03
2023-11-04,1,P003,Sports,376.8,20,26,141,1,0,18.2,95.08
2023-11-05,1,P003,Sports,471.0,0,18,123,1,1,34.21,92.27
2023-11-06,1,P003,Sports,423.9,10,22,101,0,1,22.53,96.56
2023-11-07,1,P003,Sports,447.45,5,19,82,0,0,20.31,96.47
2023-11-08,1,P003,Sports,400.35,15,27,55,0,1,22.87,95.19
2023-11-09,1,P003,Sports,471.0,0,13,42,0,0,18.88,94.22
2023-11-10,1,P003,Sports,447.45,5,13,29,0,0,29.02,90.97
2023-11-11,1,P003,Sports,471.0,0,19,144,1,0,30.39,95.18
2023-11-12,1,P003,Sports,423.9,10,26,118,1,1,19.37,99.49
2023-11-13,1,P003,Sports,447.45,5,24,94,0,0,25.54,94.14
2023-11-14,1,P003,Sports,471.0,0,12,82,0,0,33.17,94.89
2023-11-15,1,P003,Sports,447.45,5,22,60,0,0,21.51,95.49
2023-11-16,1,P003,Sports,471.0,0,27,33,0,1,15.37,94.6
2023-11-17,1,P003,Sports,447.45,5,16,111,0,0,15.45,96.54
2023-11-18,1,P003,Sports,447.45,5,21,90,1,0,30.29,95.06
2023-11-19,1,P003,Sports,423.9,10,12,78,1,0,17.23,96.33
2023-11-20,1,P003,Sports,423.9,10,20,58,0,0,28.06,97.35
2023-11-21,1,P003,Sports,447.45,5,17,41,0,0,20.33,97.96
2023-11-22,1,P003,Sports,471.0,0,29,149,0,0,19.46,92.47
2023-11-23,1,P003,Sports,471.0,0,15,134,0,0,29.14,92.82
2023-11-24,1,P003,Sports,471.0,0,19,115,0,0,28.93,99.08
2023-11-25,1,P003,Sports,423.9,10,25,90,1,0,17.04,96.51
2023-11-26,1,P003,Sports,471.0,0,21,69,1,1,20.0,97.78
2023-11-27,1,P003,Sports,471.0,0,15,54,0,0,26.84,91.88
2023-11-28,1,P003,Sports,376.8,20,20,34,0,0,32.09,91.33
2023-11-29,1,P003,Sports,471.0,0,23,113,0,0,25.85,94.95
2023-11-30,1,P003,Sports,471.0,0,17,96,0,0,24.16,93.94
2023-12-01,1,P003,Sports,471.0,0,16,80,0,0,26.55,95.95
2023-12-02,1,P003,Sports,423.9,10,27,53,1,1,21.31,93.25
2023-12-03,1,P003,Sports,471.0,0,17,36,1,1,20.73,94.19
2023-12-04,1,P003,Sports,471.0,0,17,121,0,1,24.42,97.17
2023-12-05,1,P003,Sports,447.45,5,18,103,0,1,18.87,95.16
2023-12-06,1,P003,Sports,423.9,10,21,82,0,0,24.0,91.52
2023-12-07,1,P003,Sports,471.0,0,10,72,0,0,30.1,99.04
2023-12-08,1,P003,Sports,471.0,0,17,55,0,0,26.63,95.63
2023-12-09,1,P003,Sports,400.35,15,30,25,1,0,34.6,95.71
2023-12-10,1,P003,Sports,471.0,0,22,103,1,1,26.96,96.09
2023-12-11,1,P003,Sports,423.9,10,18,85,0,0,19.43,91.52
2023-12-12,1,P003,Sports,471.0,0,21,64,0,0,40.59,94.89
2023-12-13,1,P003,Sports,447.45,5,19,45,0,0,26.23,96.45
2023-12-14,1,P003,Sports,471.0,0,3,42,0,0,26.39,96.38
2023-12-15,1,P003,Sports,471.0,0,12,30,0,0,28.49,93.74
2023-12-16,1,P003,Sports,471.0,0,22,88,1,0,17.64,97.11
2023-12-17,1,P003,Sports,423.9,10,22,66,1,1,27.18,95.8
2023-12-18,1,P003,Sports,447.45,5,20,46,0,1,26.08,99.21
2023-12-19,1,P003,Sports,471.0,0,22,24,0,0,30.1,96.31
2023-12-20,1,P003,Sports,471.0,0,26,149,0,0,24.67,96.75
2023-12-21,1,P003,Sports,471.0,0,8,141,0,0,21.13,96.44
2023-12-22,1,P003,Sports,471.0,0,12,129,0,0,23.2,95.1
2023-12-23,1,P003,Sports,471.0,0,23,106,1,0,26.28,91.55
2023-12-24,1,P003,Sports,471.0,0,22,84,1,1,26.87,93.59
2023-12-25,1,P003,Sports,471.0,0,18,66,0,0,27.72,93.68
2023-12-26,1,P003,Sports,471.0,0,22,44,0,0,26.17,93.45
2023-12-27,1,P003,Sports,423.9,10,29,151,0,1,31.11,98.21
2023-12-28,1,P003,Sports,447.45,5,14,137,0,0,19.52,93.27
2023-12-29,1,P003,Sports,471.0,0,18,119,0,0,24.81,98.18
2023-12-30,1,P003,Sports,423.9,10,24,95,1,0,18.58,95.42
2023-12-31,1,P003,Sports,400.35,15,22,73,1,0,28.25,92.2
2023-01-01,1,P004,Clothing,383.4,10,19,151,1,0,17.45,96.12
2023-01-02,1,P004,Clothing,404.7,5,29,122,0,1,26.87,96.8
2023-01-03,1,P004,Clothing,426.0,0,17,105,0,0,23.29,96.06
2023-01-04,1,P004,Clothing,383.4,10,21,84,0,0,21.9,93.24
2023-01-05,1,P004,Clothing,404.7,5,19,65,0,1,27.98,96.63
2023-01-06,1,P004,Clothing,426.0,0,12,53,0,0,28.36,91.57
2023-01-07,1,P004,Clothing,404.7,5,27,26,1,1,16.47,93.46
2023-01-08,1,P004,Clothing,426.0,0,13,113,1,0,27.57,91.47
2023-01-09,1,P004,Clothing,426.0,0,5,108,0,0,22.53,95.51
2023-01-10,1,P004,Clothing,426.0,0,19,89,0,1,31.23,96.3
2023-01-11,1,P004,Clothing,426.0,0,18,71,0,1,25.45,97.71
2023-01-12,1,P004,Clothing,426.0,0,20,51,0,0,13.92,93.3
2023-01-13,1,P004,Clothing,426.0,0,12,39,0,0,35.19,95.54
2023-01-14,1,P004,Clothing,426.0,0,7,32,1,0,29.88,96.04
2023-01-15,1,P004,Clothing,426.0,0,16,111,1,0,15.39,96.99
2023-01-16,1,P004,Clothing,426.0,0,11,100,0,0,23.87,95.59
2023-01-17,1,P004,Clothing,404.7,5,18,82,0,1,21.86,95.5
2023-01-18,1,P004,Clothing,404.7,5,13,69,0,0,19.7,94.0
2023-01-19,1,P004,Clothing,340.8,20,23,46,0,0,24.1,98.45
2023-01-20,1,P004,Clothing,426.0,0,15,31,0,0,21.0,94.0
2023-01-21,1,P004,Clothing,404.7,5,20,103,1,0,22.68,98.57
2023-01-22,1,P004,Clothing,404.7,5,24,79,1,1,22.27,95.44
2023-01-23,1,P004,Clothing,383.4,10,21,58,0,0,27.95,99.05
2023-01-24,1,P004,Clothing,404.7,5,17,41,0,0,18.57,92.39
2023-01-25,1,P004,Clothing,340.8,20,31,94,0,0,22.41,97.78
2023-01-26,1,P004,Clothing,383.4,10,24,70,0,1,26.42,97.34
2023-01-27,1,P004,Clothing,426.0,0,10,60,0,0,23.95,96.29
2023-01-28,1,P004,Clothing,426.0,0,10,50,1,0,16.46,93.01
2023-01-29,1,P004,Clothing,383.4,10,25,25,1,0,28.58,92.02
2023-01-30,1,P004,Clothing,426.0,0,19,89,0,1,32.39,95.21
2023-01-31,1,P004,Clothing,426.0,0,14,75,0,0,22.7,96.78
2023-02-01,1,P004,Clothing,426.0,0,15,60,0,1,27.11,96.62
2023-02-02,1,P004,Clothing,383.4,10,21,39,0,0,21.61,96.9
2023-02-03,1,P004,Clothing,426.0,0,16,23,0,0,21.8,95.63
2023-02-04,1,P004,Clothing,426.0,0,13,110,1,0,23.3,90.94
2023-02-05,1,P004,Clothing,426.0,0,32,78,1,1,30.47,101.19
2023-02-06,1,P004,Clothing,426.0,0,21,57,0,1,26.13,93.67
2023-02-07,1,P004,Clothing,404.7,5,19,38,0,0,24.38,93.76
2023-02-08,1,P004,Clothing,404.7,5,8,30,0,0,38.33,91.5
2023-02-09,1,P004,Clothing,404.7,5,15,161,0,0,30.95,93.13
2023-02-10,1,P004,Clothing,426.0,0,12,149,0,1,23.39,98.04
2023-02-11,1,P004,Clothing,404.7,5,23,126,1,1,21.64,96.33
2023-02-12,1,P004,Clothing,426.0,0,14,112,1,0,24.79,95.67
2023-02-13,1,P004,Clothing,426.0,0,10,102,0,0,21.49,93.25
2023-02-14,1,P004,Clothing,383.4,10,22,80,0,1,32.71,94.0
2023-02-15,1,P004,Clothing,426.0,0,25,55,0,1,32.47,94.68
2023-02-16,1,P004,Clothing,426.0,0,13,42,0,0,17.96,95.89
2023-02-17,1,P004,Clothing,383.4,10,18,24,0,0,21.19,94.4
2023-02-18,1,P004,Clothing,426.0,0,27,91,1,1,20.61,95.67
2023-02-19,1,P004,Clothing,404.7,5,21,70,1,1,30.41,94.02
2023-02-20,1,P004,Clothing,426.0,0,17,53,0,0,28.95,97.56
2023-02-21,1,P004,Clothing,426.0,0,8,45,0,0,21.89,94.81
2023-02-22,1,P004,Clothing,426.0,0,24,21,0,0,25.44,95.94
2023-02-23,1,P004,Clothing,426.0,0,15,128,0,0,15.5,94.34
2023-02-24,1,P004,Clothing,426.0,0,17,111,0,0,17.47,96.36
2023-02-25,1,P004,Clothing,404.7,5,25,86,1,0,31.58,96.77
2023-02-26,1,P004,Clothing,426.0,0,27,59,1,0,29.91,96.46
2023-02-27,1,P004,Clothing,426.0,0,21,38,0,1,20.75,94.37
2023-02-28,1,P004,Clothing,383.4,10,25,162,0,0,28.26,98.43
2023-03-01,1,P004,Clothing,426.0,0,15,147,0,0,34.62,96.38
2023-03-02,1,P004,Clothing,383.4,10,18,129,0,0,28.2,93.92
2023-03-03,1,P004,Clothing,383.4,10,18,111,0,1,31.26,95.58
2023-03-04,1,P004,Clothing,426.0,0,19,92,1,0,20.86,93.73
2023-03-05,1,P004,Clothing,426.0,0,18,74,1,0,23.98,96.12
2023-03-06,1,P004,Clothing,426.0,0,17,57,0,1,24.88,92.63
2023-03-07,1,P004,Clothing,426.0,0,20,37,0,0,25.09,94.19
2023-03-08,1,P004,Clothing,404.7,5,27,119,0,1,29.95,96.29
2023-03-09,1,P004,Clothing,404.7,5,13,106,0,0,27.64,96.93
2023-03-10,1,P004,Clothing,426.0,0,24,82,0,1,20.75,100.06
2023-03-11,1,P004,Clothing,426.0,0,30,52,1,1,15.63,93.82
2023-03-12,1,P004,Clothing,404.7,5,18,34,1,0,21.12,92.9
2023-03-13,1,P004,Clothing,362.1,15,24,113,0,1,24.47,97.43
2023-03-14,1,P004,Clothing,404.7,5,15,98,0,0,26.45,91.21
2023-03-15,1,P004,Clothing,383.4,10,23,75,0,0,23.34,90.98
2023-03-16,1,P004,Clothing,426.0,0,14,61,0,0,27.88,93.0
2023-03-17,1,P004,Clothing,362.1,15,19,42,0,0,31.28,96.37
2023-03-18,1,P004,Clothing,426.0,0,21,21,1,0,23.8,95.6
2023-03-19,1,P004,Clothing,340.8,20,32,87,1,1,26.5,96.48
2023-03-20,1,P004,Clothing,404.7,5,21,66,0,1,16.27,93.87
2023-03-21,1,P004,Clothing,426.0,0,12,54,0,0,23.39,98.75
2023-03-22,1,P004,Clothing,383.4,10,20,34,0,1,22.29,98.47
2023-03-23,1,P004,Clothing,383.4,10,14,20,0,0,27.5,94.32
2023-03-24,1,P004,Clothing,404.7,5,24,139,0,0,23.16,91.86
2023-03-25,1,P004,Clothing,404.7,5,21,118,1,0,25.46,94.24
2023-03-26,1,P004,Clothing,426.0,0,21,97,1,0,28.68,97.06
2023-03-27,1,P004,Clothing,404.7,5,24,73,0,1,21.73,93.98
2023-03-28,1,P004,Clothing,426.0,0,12,61,0,0,16.42,94.85
2023-03-29,1,P004,Clothing,426.0,0,18,43,0,0,26.1,94.3
2023-03-30,1,P004,Clothing,340.8,20,19,24,0,0,29.54,93.59
2023-03-31,1,P004,Clothing,426.0,0,24,139,0,0,33.26,99.16
2023-04-01,1,P004,Clothing,362.1,15,28,111,1,1,27.85,94.86
2023-04-02,1,P004,Clothing,426.0,0,15,96,1,0,16.67,95.53
2023-04-03,1,P004,Clothing,383.4,10,18,78,0,1,19.59,96.09
2023-04-04,1,P004,Clothing,362.1,15,26,52,0,0,12.09,93.33
2023-04-05,1,P004,Clothing,426.0,0,7,45,0,0,34.66,97.04
2023-04-06,1,P004,Clothing,426.0,0,20,25,0,0,18.55,94.36
2023-04-07,1,P004,Clothing,340.8,20,24,131,0,0,23.67,96.64
2023-04-08,1,P004,Clothing,426.0,0,14,117,1,0,28.07,93.75
2023-04-09,1,P004,Clothing,426.0,0,22,95,1,0,25.31,96.73
2023-04-10,1,P004,Clothing,426.0,0,15,80,0,0,26.35,93.76
2023-04-11,1,P004,Clothing,383.4,10,14,66,0,0,27.0,95.18
2023-04-12,1,P004,Clothing,426.0,0,18,48,0,1,32.2,95.85
2023-04-13,1,P004,Clothing,426.0,0,24,24,0,0,16.37,92.71
2023-04-14,1,P004,Clothing,383.4,10,25,95,0,1,28.3,94.71
2023-04-15,1,P004,Clothing,404.7,5,22,73,1,1,22.15,90.21
2023-04-16,1,P004,Clothing,426.0,0,17,56,1,0,24.81,96.64
2023-04-17,1,P004,Clothing,426.0,0,15,41,0,0,15.34,93.22
2023-04-18,1,P004,Clothing,404.7,5,24,147,0,0,30.7,92.64
2023-04-19,1,P004,Clothing,426.0,0,19,128,0,1,20.27,95.2
2023-04-20,1,P004,Clothing,426.0,0,16,112,0,1,26.15,92.31
2023-04-21,1,P004,Clothing,362.1,15,29,83,0,1,17.09,93.35
2023-04-22,1,P004,Clothing,383.4,10,25,58,1,0,15.94,92.99
2023-04-23,1,P004,Clothing,383.4,10,29,29,1,1,26.02,93.98
2023-04-24,1,P004,Clothing,426.0,0,17,159,0,0,21.67,95.64
2023-04-25,1,P004,Clothing,383.4,10,16,143,0,0,23.76,91.9
2023-04-26,1,P004,Clothing,426.0,0,13,130,0,1,18.46,95.45
2023-04-27,1,P004,Clothing,426.0,0,21,109,0,1,25.75,93.41
2023-04-28,1,P004,Clothing,383.4,10,16,93,0,0,28.24,91.43
2023-04-29,1,P004,Clothing,362.1,15,26,67,1,1,31.87,93.0
2023-04-30,1,P004,Clothing,426.0,0,25,42,1,1,17.51,98.24
2023-05-01,1,P004,Clothing,426.0,0,26,163,0,0,31.42,95.37
2023-05-02,1,P004,Clothing,362.1,15,26,137,0,1,22.47,95.48
2023-05-03,1,P004,Clothing,404.7,5,16,121,0,0,18.34,96.09
2023-05-04,1,P004,Clothing,426.0,0,26,95,0,1,22.84,99.37
2023-05-05,1,P004,Clothing,426.0,0,13,82,0,0,15.76,97.11
2023-05-06,1,P004,Clothing,426.0,0,20,62,1,0,26.06,94.98
2023-05-07,1,P004,Clothing,426.0,0,14,48,1,0,18.25,101.75
2023-05-08,1,P004,Clothing,426.0,0,15,33,0,0,25.57,97.85
2023-05-09,1,P004,Clothing,383.4,10,19,112,0,0,26.34,94.62
2023-05-10,1,P004,Clothing,383.4,10,21,91,0,0,21.09,94.68
2023-05-11,1,P004,Clothing,404.7,5,16,75,0,0,27.1,98.15
2023-05-12,1,P004,Clothing,383.4,10,14,61,0,0,31.59,95.92
2023-05-13,1,P004,Clothing,383.4,10,22,39,1,1,25.26,95.63
2023-05-14,1,P004,Clothing,383.4,10,23,140,1,0,30.0,96.42
2023-05-15,1,P004,Clothing,383.4,10,19,121,0,0,25.88,96.57
2023-05-16,1,P004,Clothing,383.4,10,19,102,0,0,25.64,93.82
2023-05-17,1,P004,Clothing,426.0,0,15,87,0,0,20.72,97.9
2023-05-18,1,P004,Clothing,362.1,15,24,63,0,0,23.87,92.62
2023-05-19,1,P004,Clothing,404.7,5,31,32,0,0,27.53,94.14
2023-05-20,1,P004,Clothing,340.8,20,30,95,1,0,28.94,95.92
2023-05-21,1,P004,Clothing,426.0,0,15,80,1,0,31.12,93.52
2023-05-22,1,P004,Clothing,362.1,15,27,53,0,0,22.77,92.67
2023-05-23,1,P004,Clothing,426.0,0,14,39,0,0,35.04,95.84
2023-05-24,1,P004,Clothing,404.7,5,14,25,0,0,23.09,94.99
2023-05-25,1,P004,Clothing,404.7,5,16,131,0,0,25.79,94.71
2023-05-26,1,P004,Clothing,404.7,5,21,110,0,1,27.84,95.77
2023-05-27,1,P004,Clothing,426.0,0,15,95,1,0,20.42,94.63
2023-05-28,1,P004,Clothing,404.7,5,29,66,1,1,25.51,95.61
2023-05-29,1,P004,Clothing,404.7,5,18,48,0,1,17.71,93.82
2023-05-30,1,P004,Clothing,383.4,10,16,32,0,0,29.63,95.34
2023-05-31,1,P004,Clothing,426.0,0,14,107,0,1,30.82,97.7
2023-06-01,1,P004,Clothing,383.4,10,21,86,0,0,21.95,98.35
2023-06-02,1,P004,Clothing,426.0,0,11,75,0,0,21.46,94.35
2023-06-03,1,P004,Clothing,426.0,0,22,53,1,1,28.01,95.18
2023-06-04,1,P004,Clothing,362.1,15,29,24,1,0,23.06,92.32
2023-06-05,1,P004,Clothing,340.8,20,16,91,0,0,23.34,94.1
2023-06-06,1,P004,Clothing,426.0,0,14,77,0,0,26.97,95.38
2023-06-07,1,P004,Clothing,404.7,5,27,50,0,0,16.22,95.91
2023-06-08,1,P004,Clothing,426.0,0,16,34,0,0,21.88,92.8
2023-06-09,1,P004,Clothing,404.7,5,15,121,0,0,21.25,90.68
2023-06-10,1,P004,Clothing,404.7,5,19,102,1,0,23.09,96.3
2023-06-11,1,P004,Clothing,426.0,0,19,83,1,0,21.47,96.44
2023-06-12,1,P004,Clothing,362.1,15,22,61,0,0,26.05,94.92
2023-06-13,1,P004,Clothing,404.7,5,20,41,0,0,19.57,96.0
2023-06-14,1,P004,Clothing,426.0,0,19,22,0,1,25.23,96.37
2023-06-15,1,P004,Clothing,426.0,0,15,92,0,0,21.56,99.87
2023-06-16,1,P004,Clothing,404.7,5,20,72,0,1,21.85,94.58
2023-06-17,1,P004,Clothing,426.0,0,14,58,1,0,32.01,92.69
2023-06-18,1,P004,Clothing,426.0,0,26,32,1,1,26.91,92.91
2023-06-19,1,P004,Clothing,426.0,0,16,147,0,0,19.55,98.54
2023-06-20,1,P004,Clothing,404.7,5,21,126,0,1,15.68,96.28
2023-06-21,1,P004,Clothing,426.0,0,19,107,0,0,25.3,98.85
2023-06-22,1,P004,Clothing,426.0,0,16,91,0,0,23.44,96.05
2023-06-23,1,P004,Clothing,404.7,5,24,67,0,0,24.53,97.33
2023-06-24,1,P004,Clothing,362.1,15,26,41,1,0,26.04,90.29
2023-06-25,1,P004,Clothing,426.0,0,21,20,1,0,21.4,95.82
2023-06-26,1,P004,Clothing,426.0,0,8,98,0,0,27.03,90.49
2023-06-27,1,P004,Clothing,426.0,0,19,79,0,1,22.63,91.31
2023-06-28,1,P004,Clothing,426.0,0,22,57,0,0,28.12,95.68
