retail_demand_dataset.csv
date,store_id,product_id,category,price,discount,units_sold,inventory_level,holiday,promotion,temperature,fuel_price
2023-06-29,1,P004,Clothing,426.0,0,14,43,0,1,31.36,91.84
2023-06-30,1,P004,Clothing,426.0,0,17,26,0,0,23.44,97.71
2023-07-01,1,P004,Clothing,426.0,0,12,137,1,0,30.73,94.43
2023-07-02,1,P004,Clothing,404.7,5,21,116,1,0,27.88,95.45
2023-07-03,1,P004,Clothing,426.0,0,13,103,0,0,22.0,96.36
2023-07-04,1,P004,Clothing,426.0,0,23,80,0,1,16.64,95.25
2023-07-05,1,P004,Clothing,426.0,0,16,64,0,0,25.56,94.92
2023-07-06,1,P004,Clothing,404.7,5,18,46,0,0,20.99,97.36
2023-07-07,1,P004,Clothing,383.4,10,21,25,0,1,24.05,96.34
2023-07-08,1,P004,Clothing,426.0,0,24,132,1,0,22.59,92.71
2023-07-09,1,P004,Clothing,426.0,0,27,105,1,1,29.18,93.4
2023-07-10,1,P004,Clothing,362.1,15,27,78,0,0,20.72,91.86
2023-07-11,1,P004,Clothing,404.7,5,22,56,0,0,30.76,95.66
2023-07-12,1,P004,Clothing,404.7,5,24,32,0,1,25.23,95.78
2023-07-13,1,P004,Clothing,426.0,0,27,113,0,1,24.01,94.38
2023-07-14,1,P004,Clothing,362.1,15,22,91,0,0,24.47,95.14
2023-07-15,1,P004,Clothing,404.7,5,28,63,1,0,31.36,94.76
2023-07-16,1,P004,Clothing,383.4,10,26,37,1,0,24.29,95.95
2023-07-17,1,P004,Clothing,383.4,10,16,21,0,0,17.96,91.59
2023-07-18,1,P004,Clothing,383.4,10,29,103,0,1,20.6,97.18
2023-07-19,1,P004,Clothing,426.0,0,8,95,0,0,29.69,93.06
2023-07-20,1,P004,Clothing,404.7,5,19,76,0,0,21.36,97.8
2023-07-21,1,P004,Clothing,426.0,0,17,59,0,0,26.6,89.18
2023-07-22,1,P004,Clothing,426.0,0,27,32,1,1,24.14,97.21
2023-07-23,1,P004,Clothing,426.0,0,12,20,1,0,25.5,96.03
2023-07-24,1,P004,Clothing,426.0,0,22,103,0,1,19.07,89.47
2023-07-25,1,P004,Clothing,362.1,15,28,75,0,0,23.12,98.14
2023-07-26,1,P004,Clothing,426.0,0,21,54,0,1,18.11,94.31
2023-07-27,1,P004,Clothing,383.4,10,22,32,0,0,30.92,92.67
2023-07-28,1,P004,Clothing,404.7,5,21,112,0,1,23.5,96.36
2023-07-29,1,P004,Clothing,383.4,10,24,88,1,1,27.51,93.58
2023-07-30,1,P004,Clothing,383.4,10,21,67,1,0,27.16,96.75
2023-07-31,1,P004,Clothing,426.0,0,17,50,0,0,18.97,98.65
2023-08-01,1,P004,Clothing,404.7,5,11,39,0,0,15.37,93.05
2023-08-02,1,P004,Clothing,426.0,0,14,25,0,0,15.17,97.31
2023-08-03,1,P004,Clothing,404.7,5,20,89,0,1,25.35,94.09
2023-08-04,1,P004,Clothing,426.0,0,19,70,0,1,22.27,92.3
2023-08-05,1,P004,Clothing,426.0,0,18,52,1,0,28.6,95.87
2023-08-06,1,P004,Clothing,383.4,10,21,31,1,0,34.35,93.49
2023-08-07,1,P004,Clothing,383.4,10,18,102,0,1,21.68,91.79
2023-08-08,1,P004,Clothing,426.0,0,19,83,0,0,26.07,97.45
2023-08-09,1,P004,Clothing,426.0,0,22,61,0,0,25.3,93.55
2023-08-10,1,P004,Clothing,426.0,0,12,49,0,0,25.78,96.79
2023-08-11,1,P004,Clothing,383.4,10,19,30,0,0,24.54,92.58
2023-08-12,1,P004,Clothing,426.0,0,18,118,1,0,25.44,97.06
2023-08-13,1,P004,Clothing,426.0,0,21,97,1,0,28.85,97.42
2023-08-14,1,P004,Clothing,426.0,0,23,74,0,1,21.31,91.1
2023-08-15,1,P004,Clothing,383.4,10,14,60,0,0,15.56,94.95
2023-08-16,1,P004,Clothing,426.0,0,9,51,0,0,26.11,92.23
2023-08-17,1,P004,Clothing,426.0,0,19,32,0,0,21.25,88.72
2023-08-18,1,P004,Clothing,426.0,0,14,100,0,0,25.66,96.14
2023-08-19,1,P004,Clothing,383.4,10,22,78,1,0,15.72,93.91
2023-08-20,1,P004,Clothing,426.0,0,27,51,1,0,32.6,96.13
2023-08-21,1,P004,Clothing,383.4,10,23,28,0,0,25.41,94.68
2023-08-22,1,P004,Clothing,383.4,10,22,143,0,0,24.53,95.9
2023-08-23,1,P004,Clothing,383.4,10,19,124,0,0,22.93,93.68
2023-08-24,1,P004,Clothing,426.0,0,26,98,0,1,28.13,94.55
2023-08-25,1,P004,Clothing,362.1,15,22,76,0,0,31.85,94.55
2023-08-26,1,P004,Clothing,426.0,0,19,57,1,1,33.01,96.78
2023-08-27,1,P004,Clothing,426.0,0,25,32,1,0,25.51,97.33
2023-08-28,1,P004,Clothing,383.4,10,14,112,0,0,27.49,91.12
2023-08-29,1,P004,Clothing,404.7,5,21,91,0,0,29.9,95.4
2023-08-30,1,P004,Clothing,426.0,0,15,76,0,0,24.09,93.26
2023-08-31,1,P004,Clothing,404.7,5,20,56,0,1,21.76,97.54
2023-09-01,1,P004,Clothing,404.7,5,13,43,0,0,18.07,94.78
2023-09-02,1,P004,Clothing,362.1,15,32,157,1,1,42.72,93.62
2023-09-03,1,P004,Clothing,404.7,5,22,135,1,0,21.63,98.35
2023-09-04,1,P004,Clothing,426.0,0,11,124,0,0,28.83,98.83
2023-09-05,1,P004,Clothing,426.0,0,13,111,0,0,25.89,92.75
2023-09-06,1,P004,Clothing,404.7,5,17,94,0,0,24.19,96.96
2023-09-07,1,P004,Clothing,426.0,0,23,71,0,1,17.46,95.44
2023-09-08,1,P004,Clothing,426.0,0,17,54,0,0,20.21,96.97
2023-09-09,1,P004,Clothing,404.7,5,20,34,1,1,29.74,97.23
2023-09-10,1,P004,Clothing,426.0,0,18,153,1,0,27.68,95.33
2023-09-11,1,P004,Clothing,362.1,15,28,125,0,0,18.69,92.54
2023-09-12,1,P004,Clothing,426.0,0,17,108,0,0,31.89,96.52
2023-09-13,1,P004,Clothing,426.0,0,18,90,0,0,32.66,95.84
2023-09-14,1,P004,Clothing,362.1,15,27,63,0,0,23.38,98.23
2023-09-15,1,P004,Clothing,383.4,10,17,46,0,0,14.04,92.16
2023-09-16,1,P004,Clothing,404.7,5,16,30,1,0,29.97,95.49
2023-09-17,1,P004,Clothing,426.0,0,21,103,1,0,24.03,97.1
2023-09-18,1,P004,Clothing,362.1,15,25,78,0,1,24.11,98.56
2023-09-19,1,P004,Clothing,362.1,15,19,59,0,0,25.49,96.23
2023-09-20,1,P004,Clothing,426.0,0,18,41,0,1,25.01,91.73
2023-09-21,1,P004,Clothing,404.7,5,15,26,0,0,24.64,95.37
2023-09-22,1,P004,Clothing,426.0,0,14,125,0,1,29.44,95.56
2023-09-23,1,P004,Clothing,383.4,10,23,102,1,1,27.82,95.35
2023-09-24,1,P004,Clothing,383.4,10,33,69,1,1,25.94,92.55
2023-09-25,1,P004,Clothing,426.0,0,10,59,0,0,29.39,93.86
2023-09-26,1,P004,Clothing,426.0,0,12,47,0,0,34.56,90.3
2023-09-27,1,P004,Clothing,426.0,0,12,35,0,0,27.18,96.6
2023-09-28,1,P004,Clothing,362.1,15,19,152,0,0,25.06,96.05
2023-09-29,1,P004,Clothing,426.0,0,15,137,0,0,26.24,96.77
2023-09-30,1,P004,Clothing,383.4,10,25,112,1,0,27.66,97.41
2023-10-01,1,P004,Clothing,426.0,0,9,103,1,0,26.43,94.62
2023-10-02,1,P004,Clothing,404.7,5,16,87,0,0,17.35,94.02
2023-10-03,1,P004,Clothing,362.1,15,21,66,0,0,25.34,94.73
2023-10-04,1,P004,Clothing,383.4,10,22,44,0,1,16.64,93.32
2023-10-05,1,P004,Clothing,362.1,15,17,27,0,0,24.93,92.79
2023-10-06,1,P004,Clothing,362.1,15,29,93,0,1,20.04,97.66
2023-10-07,1,P004,Clothing,404.7,5,14,79,1,0,29.22,92.43
2023-10-08,1,P004,Clothing,383.4,10,27,52,1,1,27.43,95.49
2023-10-09,1,P004,Clothing,426.0,0,18,34,0,0,27.9,95.57
2023-10-10,1,P004,Clothing,383.4,10,24,154,0,0,28.83,95.68
2023-10-11,1,P004,Clothing,362.1,15,27,127,0,0,21.0,95.06
2023-10-12,1,P004,Clothing,362.1,15,37,90,0,1,29.95,97.87
2023-10-13,1,P004,Clothing,426.0,0,14,76,0,1,23.14,92.82
2023-10-14,1,P004,Clothing,383.4,10,28,48,1,1,26.38,92.66
2023-10-15,1,P004,Clothing,404.7,5,27,21,1,1,18.68,99.38
2023-10-16,1,P004,Clothing,426.0,0,16,119,0,0,29.79,95.36
2023-10-17,1,P004,Clothing,426.0,0,21,98,0,1,22.57,93.73
2023-10-18,1,P004,Clothing,426.0,0,20,78,0,1,21.12,93.43
2023-10-19,1,P004,Clothing,362.1,15,29,49,0,0,24.71,93.85
2023-10-20,1,P004,Clothing,383.4,10,24,25,0,0,20.64,96.86
2023-10-21,1,P004,Clothing,340.8,20,25,140,1,0,26.9,98.09
2023-10-22,1,P004,Clothing,383.4,10,28,112,1,1,22.12,100.14
2023-10-23,1,P004,Clothing,426.0,0,11,101,0,0,22.43,94.93
2023-10-24,1,P004,Clothing,426.0,0,23,78,0,0,27.89,92.93
2023-10-25,1,P004,Clothing,404.7,5,19,59,0,0,21.27,91.0
2023-10-26,1,P004,Clothing,383.4,10,18,41,0,0,20.64,95.68
2023-10-27,1,P004,Clothing,340.8,20,24,144,0,1,20.57,96.5
2023-10-28,1,P004,Clothing,404.7,5,24,120,1,0,28.55,91.92
2023-10-29,1,P004,Clothing,426.0,0,17,103,1,0,26.42,94.05
2023-10-30,1,P004,Clothing,404.7,5,23,80,0,1,30.34,96.13
2023-10-31,1,P004,Clothing,383.4,10,24,56,0,0,28.15,95.66
2023-11-01,1,P004,Clothing,383.4,10,14,42,0,0,21.1,93.32
2023-11-02,1,P004,Clothing,426.0,0,11,31,0,0,26.13,95.45
2023-11-03,1,P004,Clothing,426.0,0,12,147,0,0,31.91,95.52
2023-11-04,1,P004,Clothing,426.0,0,12,135,1,0,28.92,95.75
2023-11-05,1,P004,Clothing,426.0,0,15,120,1,0,18.17,96.13
2023-11-06,1,P004,Clothing,404.7,5,22,98,0,0,27.32,94.86
2023-11-07,1,P004,Clothing,383.4,10,13,85,0,0,27.45,95.06
2023-11-08,1,P004,Clothing,362.1,15,16,69,0,0,22.79,95.47
2023-11-09,1,P004,Clothing,383.4,10,16,53,0,0,29.58,95.87
2023-11-10,1,P004,Clothing,426.0,0,20,33,0,1,23.76,96.21
2023-11-11,1,P004,Clothing,404.7,5,21,124,1,0,29.61,94.85
2023-11-12,1,P004,Clothing,426.0,0,23,101,1,1,30.22,95.24
2023-11-13,1,P004,Clothing,426.0,0,13,88,0,0,30.76,97.0
2023-11-14,1,P004,Clothing,426.0,0,14,74,0,0,22.51,93.47
2023-11-15,1,P004,Clothing,404.7,5,26,48,0,1,29.14,92.95
2023-11-16,1,P004,Clothing,404.7,5,18,30,0,1,15.78,93.43
2023-11-17,1,P004,Clothing,340.8,20,25,124,0,0,23.66,94.59
2023-11-18,1,P004,Clothing,426.0,0,10,114,1,0,15.0,96.4
2023-11-19,1,P004,Clothing,383.4,10,23,91,1,0,23.08,93.57
2023-11-20,1,P004,Clothing,362.1,15,23,68,0,0,20.85,94.35
2023-11-21,1,P004,Clothing,426.0,0,26,42,0,1,22.68,95.35
2023-11-22,1,P004,Clothing,426.0,0,24,159,0,1,30.93,94.47
2023-11-23,1,P004,Clothing,404.7,5,17,142,0,0,26.6,96.22
2023-11-24,1,P004,Clothing,426.0,0,18,124,0,1,22.58,96.2
2023-11-25,1,P004,Clothing,383.4,10,31,93,1,0,36.14,92.6
2023-11-26,1,P004,Clothing,383.4,10,22,71,1,0,28.82,94.72
2023-11-27,1,P004,Clothing,383.4,10,16,55,0,0,25.52,96.17
2023-11-28,1,P004,Clothing,404.7,5,12,43,0,0,22.3,94.39
2023-11-29,1,P004,Clothing,426.0,0,14,29,0,0,26.87,95.61
2023-11-30,1,P004,Clothing,383.4,10,15,138,0,0,18.85,99.08
2023-12-01,1,P004,Clothing,404.7,5,21,117,0,0,31.01,94.24
2023-12-02,1,P004,Clothing,426.0,0,20,97,1,1,15.87,97.0
2023-12-03,1,P004,Clothing,340.8,20,24,73,1,0,25.02,94.1
2023-12-04,1,P004,Clothing,426.0,0,15,58,0,0,32.48,94.84
2023-12-05,1,P004,Clothing,426.0,0,18,40,0,0,20.87,94.72
2023-12-06,1,P004,Clothing,340.8,20,30,137,0,0,24.19,94.56
2023-12-07,1,P004,Clothing,426.0,0,12,125,0,0,25.84,94.92
2023-12-08,1,P004,Clothing,383.4,10,21,104,0,0,27.96,97.32
2023-12-09,1,P004,Clothing,404.7,5,29,75,1,1,25.54,92.62
2023-12-10,1,P004,Clothing,340.8,20,25,50,1,0,31.82,95.95
2023-12-11,1,P004,Clothing,404.7,5,22,28,0,1,29.6,94.93
2023-12-12,1,P004,Clothing,426.0,0,24,91,0,0,26.4,94.96
2023-12-13,1,P004,Clothing,383.4,10,25,66,0,1,20.88,94.3
2023-12-14,1,P004,Clothing,426.0,0,15,51,0,0,24.27,94.45
2023-12-15,1,P004,Clothing,426.0,0,15,36,0,0,25.71,96.81
2023-12-16,1,P004,Clothing,426.0,0,15,21,1,1,29.88,94.15
2023-12-17,1,P004,Clothing,404.7,5,25,87,1,1,26.06,90.03
2023-12-18,1,P004,Clothing,383.4,10,13,74,0,0,20.94,92.68
2023-12-19,1,P004,Clothing,426.0,0,23,51,0,1,23.14,95.18
2023-12-20,1,P004,Clothing,426.0,0,21,30,0,1,23.83,94.2
2023-12-21,1,P004,Clothing,404.7,5,16,105,0,1,28.76,95.7
2023-12-22,1,P004,Clothing,404.7,5,17,88,0,0,17.26,95.41
2023-12-23,1,P004,Clothing,340.8,20,23,65,1,0,22.0,96.65
2023-12-24,1,P004,Clothing,426.0,0,14,51,1,0,22.05,97.49
2023-12-25,1,P004,Clothing,426.0,0,17,34,0,0,27.52,96.65
2023-12-26,1,P004,Clothing,426.0,0,16,120,0,1,14.64,94.59
2023-12-27,1,P004,Clothing,426.0,0,16,104,0,0,30.6,95.51
2023-12-28,1,P004,Clothing,426.0,0,11,93,0,0,24.2,97.91
2023-12-29,1,P004,Clothing,426.0,0,20,73,0,1,29.22,97.41
2023-12-30,1,P004,Clothing,426.0,0,14,59,1,0,23.57,98.18
2023-12-31,1,P004,Clothing,404.7,5,19,40,1,0,29.22,93.69
2023-01-01,1,P005,Groceries,240.0,0,14,145,1,0,25.3,94.2
2023-01-02,1,P005,Groceries,228.0,5,21,124,0,0,29.08,95.47
2023-01-03,1,P005,Groceries,228.0,5,22,102,0,1,34.09,95.2
2023-01-04,1,P005,Groceries,204.0,15,15,87,0,0,30.04,91.71
2023-01-05,1,P005,Groceries,240.0,0,12,75,0,0,20.23,92.23
2023-01-06,1,P005,Groceries,204.0,15,34,41,0,1,27.61,93.53
2023-01-07,1,P005,Groceries,228.0,5,22,130,1,0,18.75,94.15
2023-01-08,1,P005,Groceries,240.0,0,19,111,1,0,32.77,93.74
2023-01-09,1,P005,Groceries,216.0,10,20,91,0,0,19.93,95.13
2023-01-10,1,P005,Groceries,216.0,10,24,67,0,0,29.8,98.46
2023-01-11,1,P005,Groceries,204.0,15,19,48,0,0,28.0,99.02
2023-01-12,1,P005,Groceries,240.0,0,10,38,0,0,25.07,93.25
2023-01-13,1,P005,Groceries,240.0,0,19,129,0,1,32.15,97.09
2023-01-14,1,P005,Groceries,240.0,0,22,107,1,0,17.07,93.87
2023-01-15,1,P005,Groceries,240.0,0,23,84,1,0,13.28,93.77
2023-01-16,1,P005,Groceries,204.0,15,31,53,0,1,26.14,93.22
2023-01-17,1,P005,Groceries,240.0,0,20,33,0,0,26.96,92.93
2023-01-18,1,P005,Groceries,240.0,0,21,104,0,1,21.08,98.18
2023-01-19,1,P005,Groceries,240.0,0,21,83,0,0,23.19,94.26
2023-01-20,1,P005,Groceries,192.0,20,15,68,0,0,33.52,96.56
2023-01-21,1,P005,Groceries,204.0,15,31,37,1,0,25.93,95.38
2023-01-22,1,P005,Groceries,216.0,10,30,129,1,1,17.71,97.65
2023-01-23,1,P005,Groceries,216.0,10,10,119,0,0,25.87,93.3
2023-01-24,1,P005,Groceries,216.0,10,26,93,0,1,30.07,96.65
2023-01-25,1,P005,Groceries,240.0,0,14,79,0,0,26.08,96.31
2023-01-26,1,P005,Groceries,216.0,10,22,57,0,0,17.5,96.18
2023-01-27,1,P005,Groceries,216.0,10,20,37,0,1,24.82,92.74
2023-01-28,1,P005,Groceries,204.0,15,26,104,1,0,27.16,94.59
2023-01-29,1,P005,Groceries,228.0,5,24,80,1,0,20.76,95.1
2023-01-30,1,P005,Groceries,216.0,10,13,67,0,0,22.45,93.63
2023-01-31,1,P005,Groceries,228.0,5,29,38,0,0,33.1,95.97
2023-02-01,1,P005,Groceries,240.0,0,13,25,0,0,26.84,93.17
2023-02-02,1,P005,Groceries,240.0,0,22,83,0,1,27.26,95.99
2023-02-03,1,P005,Groceries,240.0,0,15,68,0,0,35.41,98.7
2023-02-04,1,P005,Groceries,228.0,5,27,41,1,1,20.16,92.24
2023-02-05,1,P005,Groceries,240.0,0,16,25,1,0,19.3,94.77
2023-02-06,1,P005,Groceries,228.0,5,20,85,0,1,14.49,93.65
2023-02-07,1,P005,Groceries,240.0,0,12,73,0,0,24.46,92.3
2023-02-08,1,P005,Groceries,216.0,10,34,39,0,1,26.54,92.73
2023-02-09,1,P005,Groceries,228.0,5,8,31,0,0,24.11,95.35
2023-02-10,1,P005,Groceries,228.0,5,16,146,0,0,28.81,94.1
2023-02-11,1,P005,Groceries,228.0,5,21,125,1,1,34.47,92.49
2023-02-12,1,P005,Groceries,228.0,5,22,103,1,0,24.17,92.67
2023-02-13,1,P005,Groceries,240.0,0,16,87,0,1,25.47,90.88
2023-02-14,1,P005,Groceries,228.0,5,28,59,0,0,21.71,92.76
2023-02-15,1,P005,Groceries,216.0,10,19,40,0,0,12.66,95.65
2023-02-16,1,P005,Groceries,204.0,15,25,122,0,0,35.0,92.89
2023-02-17,1,P005,Groceries,192.0,20,27,95,0,0,21.23,94.28
2023-02-18,1,P005,Groceries,240.0,0,20,75,1,0,33.09,93.67
2023-02-19,1,P005,Groceries,240.0,0,21,54,1,0,23.97,92.84
2023-02-20,1,P005,Groceries,204.0,15,25,29,0,0,25.64,95.35
2023-02-21,1,P005,Groceries,240.0,0,20,126,0,0,15.93,93.46
2023-02-22,1,P005,Groceries,204.0,15,26,100,0,0,31.72,96.85
2023-02-23,1,P005,Groceries,240.0,0,16,84,0,0,33.22,96.38
2023-02-24,1,P005,Groceries,228.0,5,20,64,0,0,20.63,92.19
2023-02-25,1,P005,Groceries,216.0,10,31,33,1,1,25.35,92.93
2023-02-26,1,P005,Groceries,240.0,0,14,151,1,0,22.23,91.29
2023-02-27,1,P005,Groceries,240.0,0,20,131,0,1,33.27,94.16
2023-02-28,1,P005,Groceries,240.0,0,16,115,0,0,23.41,95.3
2023-03-01,1,P005,Groceries,204.0,15,22,93,0,0,25.13,94.97
2023-03-02,1,P005,Groceries,240.0,0,20,73,0,0,25.8,95.73
2023-03-03,1,P005,Groceries,228.0,5,23,50,0,1,18.58,97.0
2023-03-04,1,P005,Groceries,192.0,20,22,28,1,0,27.7,98.87
2023-03-05,1,P005,Groceries,240.0,0,20,120,1,0,19.65,95.85
2023-03-06,1,P005,Groceries,228.0,5,14,106,0,0,24.71,95.42
2023-03-07,1,P005,Groceries,240.0,0,16,90,0,1,20.32,91.25
2023-03-08,1,P005,Groceries,216.0,10,19,71,0,0,27.32,91.96
2023-03-09,1,P005,Groceries,192.0,20,24,47,0,0,21.03,94.65
2023-03-10,1,P005,Groceries,240.0,0,14,33,0,0,23.57,94.0
2023-03-11,1,P005,Groceries,204.0,15,27,139,1,1,22.39,96.76
2023-03-12,1,P005,Groceries,228.0,5,15,124,1,0,26.41,95.66
2023-03-13,1,P005,Groceries,240.0,0,23,101,0,1,22.71,93.76
2023-03-14,1,P005,Groceries,240.0,0,14,87,0,1,24.35,94.24
2023-03-15,1,P005,Groceries,240.0,0,10,77,0,0,33.26,95.91
2023-03-16,1,P005,Groceries,204.0,15,29,48,0,0,19.65,94.1
2023-03-17,1,P005,Groceries,240.0,0,15,33,0,0,15.42,97.0
2023-03-18,1,P005,Groceries,240.0,0,28,132,1,0,14.53,94.28
2023-03-19,1,P005,Groceries,216.0,10,13,119,1,0,40.31,92.51
2023-03-20,1,P005,Groceries,240.0,0,20,99,0,1,25.59,92.74
2023-03-21,1,P005,Groceries,240.0,0,14,85,0,0,21.74,95.52
2023-03-22,1,P005,Groceries,240.0,0,12,73,0,0,22.77,96.08
2023-03-23,1,P005,Groceries,240.0,0,17,56,0,0,24.67,95.04
2023-03-24,1,P005,Groceries,204.0,15,24,32,0,1,21.86,94.6
2023-03-25,1,P005,Groceries,240.0,0,22,108,1,0,25.57,100.83
2023-03-26,1,P005,Groceries,228.0,5,27,81,1,1,25.07,94.97
2023-03-27,1,P005,Groceries,240.0,0,16,65,0,0,22.49,94.16
2023-03-28,1,P005,Groceries,240.0,0,24,41,0,1,23.41,93.92
2023-03-29,1,P005,Groceries,240.0,0,9,32,0,0,25.99,94.32
2023-03-30,1,P005,Groceries,216.0,10,20,129,0,0,20.06,94.02
2023-03-31,1,P005,Groceries,204.0,15,22,107,0,1,33.39,92.4
2023-04-01,1,P005,Groceries,240.0,0,10,97,1,0,25.92,92.32
2023-04-02,1,P005,Groceries,204.0,15,21,76,1,0,26.49,92.48
2023-04-03,1,P005,Groceries,216.0,10,26,50,0,1,25.26,94.25
2023-04-04,1,P005,Groceries,228.0,5,19,31,0,1,25.88,97.17
2023-04-05,1,P005,Groceries,228.0,5,14,158,0,0,23.48,95.88
2023-04-06,1,P005,Groceries,228.0,5,19,139,0,0,18.47,92.31
2023-04-07,1,P005,Groceries,240.0,0,17,122,0,0,30.03,94.89
2023-04-08,1,P005,Groceries,240.0,0,13,109,1,0,15.66,94.98
2023-04-09,1,P005,Groceries,192.0,20,34,75,1,0,25.52,91.06
2023-04-10,1,P005,Groceries,240.0,0,5,70,0,0,27.16,97.08
2023-04-11,1,P005,Groceries,228.0,5,15,55,0,0,32.31,90.34
2023-04-12,1,P005,Groceries,240.0,0,17,38,0,1,25.02,92.92
2023-04-13,1,P005,Groceries,240.0,0,13,25,0,0,19.54,95.79
2023-04-14,1,P005,Groceries,228.0,5,26,97,0,1,36.06,95.17
2023-04-15,1,P005,Groceries,228.0,5,20,77,1,0,13.71,94.81
2023-04-16,1,P005,Groceries,240.0,0,19,58,1,0,31.82,95.23
2023-04-17,1,P005,Groceries,240.0,0,25,33,0,1,17.01,93.7
2023-04-18,1,P005,Groceries,228.0,5,33,115,0,1,17.78,94.43
2023-04-19,1,P005,Groceries,240.0,0,20,95,0,0,24.59,96.67
2023-04-20,1,P005,Groceries,204.0,15,23,72,0,1,29.42,97.38
2023-04-21,1,P005,Groceries,240.0,0,21,51,0,1,25.91,91.29
2023-04-22,1,P005,Groceries,204.0,15,30,21,1,0,21.64,97.77
2023-04-23,1,P005,Groceries,240.0,0,27,118,1,1,31.41,91.22
2023-04-24,1,P005,Groceries,240.0,0,14,104,0,0,31.76,95.34
2023-04-25,1,P005,Groceries,240.0,0,11,93,0,0,20.58,97.32
2023-04-26,1,P005,Groceries,240.0,0,11,82,0,0,24.61,91.95
2023-04-27,1,P005,Groceries,204.0,15,27,55,0,0,27.77,93.84
2023-04-28,1,P005,Groceries,240.0,0,13,42,0,0,23.45,96.37
2023-04-29,1,P005,Groceries,228.0,5,32,157,1,1,24.55,94.13
2023-04-30,1,P005,Groceries,228.0,5,22,135,1,0,16.79,96.06
2023-05-01,1,P005,Groceries,240.0,0,18,117,0,1,22.75,94.19
2023-05-02,1,P005,Groceries,240.0,0,24,93,0,1,30.17,94.67
