retail_demand_dataset.csv
date,store_id,product_id,category,price,discount,units_sold,inventory_level,holiday,promotion,temperature,fuel_price
2023-05-03,1,P005,Groceries,240.0,0,16,77,0,0,28.88,95.65
2023-05-04,1,P005,Groceries,216.0,10,23,54,0,1,23.45,95.58
2023-05-05,1,P005,Groceries,240.0,0,18,36,0,0,20.64,97.26
2023-05-06,1,P005,Groceries,228.0,5,24,93,1,0,21.33,97.59
2023-05-07,1,P005,Groceries,192.0,20,24,69,1,0,28.19,93.58
2023-05-08,1,P005,Groceries,204.0,15,26,43,0,1,17.61,90.42
2023-05-09,1,P005,Groceries,240.0,0,23,20,0,1,22.41,93.92
2023-05-10,1,P005,Groceries,240.0,0,13,98,0,0,20.0,96.94
2023-05-11,1,P005,Groceries,216.0,10,19,79,0,1,18.15,93.61
2023-05-12,1,P005,Groceries,204.0,15,29,50,0,1,30.45,97.01
2023-05-13,1,P005,Groceries,240.0,0,22,28,1,1,25.49,96.83
2023-05-14,1,P005,Groceries,228.0,5,13,156,1,0,21.36,94.04
2023-05-15,1,P005,Groceries,216.0,10,19,137,0,0,34.97,95.43
2023-05-16,1,P005,Groceries,240.0,0,17,120,0,0,25.37,93.52
2023-05-17,1,P005,Groceries,240.0,0,14,106,0,1,16.29,94.09
2023-05-18,1,P005,Groceries,192.0,20,23,83,0,0,22.51,96.71
2023-05-19,1,P005,Groceries,204.0,15,32,51,0,1,25.22,97.45
2023-05-20,1,P005,Groceries,240.0,0,25,26,1,1,25.22,93.85
2023-05-21,1,P005,Groceries,228.0,5,16,100,1,0,24.5,95.43
2023-05-22,1,P005,Groceries,240.0,0,17,83,0,0,26.01,95.3
2023-05-23,1,P005,Groceries,240.0,0,14,69,0,1,24.06,94.54
2023-05-24,1,P005,Groceries,240.0,0,20,49,0,0,30.18,93.38
2023-05-25,1,P005,Groceries,240.0,0,18,31,0,0,26.22,94.81
2023-05-26,1,P005,Groceries,240.0,0,17,94,0,0,28.17,93.58
2023-05-27,1,P005,Groceries,240.0,0,23,71,1,0,24.94,93.16
2023-05-28,1,P005,Groceries,204.0,15,26,45,1,0,20.88,96.3
2023-05-29,1,P005,Groceries,240.0,0,15,30,0,0,21.27,94.38
2023-05-30,1,P005,Groceries,216.0,10,28,91,0,0,19.82,96.05
2023-05-31,1,P005,Groceries,216.0,10,22,69,0,1,18.77,95.94
2023-06-01,1,P005,Groceries,204.0,15,20,49,0,0,26.59,95.19
2023-06-02,1,P005,Groceries,240.0,0,23,26,0,0,16.22,95.43
2023-06-03,1,P005,Groceries,240.0,0,21,100,1,1,23.77,94.7
2023-06-04,1,P005,Groceries,240.0,0,6,94,1,0,24.7,91.75
2023-06-05,1,P005,Groceries,240.0,0,19,75,0,0,21.33,95.79
2023-06-06,1,P005,Groceries,216.0,10,15,60,0,0,15.98,95.2
2023-06-07,1,P005,Groceries,240.0,0,9,51,0,0,21.31,95.5
2023-06-08,1,P005,Groceries,204.0,15,19,32,0,0,25.34,97.12
2023-06-09,1,P005,Groceries,204.0,15,25,145,0,1,19.51,97.13
2023-06-10,1,P005,Groceries,240.0,0,16,129,1,0,35.74,95.5
2023-06-11,1,P005,Groceries,240.0,0,13,116,1,0,20.14,99.21
2023-06-12,1,P005,Groceries,240.0,0,17,99,0,0,17.01,94.23
2023-06-13,1,P005,Groceries,240.0,0,7,92,0,0,26.94,93.52
2023-06-14,1,P005,Groceries,228.0,5,22,70,0,1,22.79,98.64
2023-06-15,1,P005,Groceries,216.0,10,21,49,0,0,25.53,95.12
2023-06-16,1,P005,Groceries,240.0,0,15,34,0,1,23.81,94.65
2023-06-17,1,P005,Groceries,192.0,20,28,126,1,1,34.08,95.05
2023-06-18,1,P005,Groceries,228.0,5,18,108,1,0,30.55,96.51
2023-06-19,1,P005,Groceries,240.0,0,7,101,0,0,21.32,95.41
2023-06-20,1,P005,Groceries,228.0,5,25,76,0,1,24.13,93.51
2023-06-21,1,P005,Groceries,204.0,15,27,49,0,0,16.88,96.53
2023-06-22,1,P005,Groceries,240.0,0,15,34,0,0,26.83,95.49
2023-06-23,1,P005,Groceries,240.0,0,23,97,0,0,29.95,93.24
2023-06-24,1,P005,Groceries,240.0,0,17,80,1,0,18.7,95.76
2023-06-25,1,P005,Groceries,240.0,0,12,68,1,0,24.27,94.65
2023-06-26,1,P005,Groceries,240.0,0,20,48,0,1,24.0,96.49
2023-06-27,1,P005,Groceries,216.0,10,16,32,0,0,26.76,95.62
2023-06-28,1,P005,Groceries,240.0,0,9,23,0,0,31.54,92.47
2023-06-29,1,P005,Groceries,240.0,0,15,112,0,0,25.13,93.47
2023-06-30,1,P005,Groceries,240.0,0,11,101,0,0,27.18,95.96
2023-07-01,1,P005,Groceries,240.0,0,18,83,1,0,30.77,92.22
2023-07-02,1,P005,Groceries,240.0,0,28,55,1,1,34.82,91.02
2023-07-03,1,P005,Groceries,240.0,0,15,40,0,0,18.48,96.34
2023-07-04,1,P005,Groceries,216.0,10,18,22,0,0,19.98,91.92
2023-07-05,1,P005,Groceries,192.0,20,29,84,0,1,26.83,96.69
2023-07-06,1,P005,Groceries,192.0,20,27,57,0,0,27.2,94.85
2023-07-07,1,P005,Groceries,228.0,5,21,36,0,1,25.27,97.12
2023-07-08,1,P005,Groceries,216.0,10,27,124,1,0,17.12,95.79
2023-07-09,1,P005,Groceries,240.0,0,17,107,1,1,30.81,94.88
2023-07-10,1,P005,Groceries,240.0,0,17,90,0,0,19.44,95.09
2023-07-11,1,P005,Groceries,228.0,5,9,81,0,0,24.81,96.64
2023-07-12,1,P005,Groceries,240.0,0,16,65,0,0,27.18,98.32
2023-07-13,1,P005,Groceries,240.0,0,17,48,0,1,27.91,96.57
2023-07-14,1,P005,Groceries,216.0,10,23,25,0,0,31.23,97.06
2023-07-15,1,P005,Groceries,240.0,0,22,89,1,1,26.53,94.07
2023-07-16,1,P005,Groceries,240.0,0,13,76,1,0,28.79,94.25
2023-07-17,1,P005,Groceries,192.0,20,20,56,0,0,13.41,92.67
2023-07-18,1,P005,Groceries,216.0,10,21,35,0,0,28.91,96.85
2023-07-19,1,P005,Groceries,216.0,10,38,123,0,1,27.01,93.76
2023-07-20,1,P005,Groceries,204.0,15,19,104,0,0,25.97,92.83
2023-07-21,1,P005,Groceries,216.0,10,26,78,0,1,31.23,96.75
2023-07-22,1,P005,Groceries,228.0,5,28,50,1,1,28.79,91.42
2023-07-23,1,P005,Groceries,228.0,5,28,22,1,0,21.47,92.1
2023-07-24,1,P005,Groceries,240.0,0,12,147,0,0,34.42,93.73
2023-07-25,1,P005,Groceries,240.0,0,14,133,0,1,24.1,95.43
2023-07-26,1,P005,Groceries,240.0,0,22,111,0,1,31.42,94.79
2023-07-27,1,P005,Groceries,228.0,5,11,100,0,0,28.1,94.08
2023-07-28,1,P005,Groceries,240.0,0,23,77,0,0,26.58,97.73
2023-07-29,1,P005,Groceries,240.0,0,22,55,1,0,31.18,93.56
2023-07-30,1,P005,Groceries,240.0,0,25,30,1,0,28.54,96.55
2023-07-31,1,P005,Groceries,240.0,0,9,21,0,0,25.06,99.27
2023-08-01,1,P005,Groceries,240.0,0,18,101,0,0,22.38,92.27
2023-08-02,1,P005,Groceries,240.0,0,25,76,0,1,29.63,95.11
2023-08-03,1,P005,Groceries,240.0,0,21,55,0,0,21.06,92.88
2023-08-04,1,P005,Groceries,240.0,0,12,43,0,0,22.63,92.43
2023-08-05,1,P005,Groceries,240.0,0,17,26,1,0,21.4,94.48
2023-08-06,1,P005,Groceries,204.0,15,27,117,1,0,30.62,95.55
2023-08-07,1,P005,Groceries,204.0,15,25,92,0,1,27.3,96.83
2023-08-08,1,P005,Groceries,240.0,0,19,73,0,0,28.38,95.7
2023-08-09,1,P005,Groceries,240.0,0,14,59,0,0,26.15,93.55
2023-08-10,1,P005,Groceries,240.0,0,24,35,0,1,22.42,94.04
2023-08-11,1,P005,Groceries,228.0,5,24,112,0,1,18.29,96.08
2023-08-12,1,P005,Groceries,228.0,5,19,93,1,0,32.11,94.18
2023-08-13,1,P005,Groceries,240.0,0,12,81,1,0,23.82,90.71
2023-08-14,1,P005,Groceries,240.0,0,12,69,0,0,14.93,91.12
2023-08-15,1,P005,Groceries,204.0,15,23,46,0,0,24.24,97.48
2023-08-16,1,P005,Groceries,240.0,0,22,24,0,1,25.28,90.14
2023-08-17,1,P005,Groceries,240.0,0,23,83,0,1,22.21,94.65
2023-08-18,1,P005,Groceries,228.0,5,21,62,0,1,39.58,94.44
2023-08-19,1,P005,Groceries,240.0,0,14,48,1,0,22.73,96.05
2023-08-20,1,P005,Groceries,240.0,0,20,28,1,1,28.56,97.75
2023-08-21,1,P005,Groceries,240.0,0,21,97,0,1,22.42,95.05
2023-08-22,1,P005,Groceries,240.0,0,15,82,0,1,24.05,96.99
2023-08-23,1,P005,Groceries,204.0,15,32,50,0,1,20.14,92.04
2023-08-24,1,P005,Groceries,240.0,0,18,32,0,1,27.39,94.06
2023-08-25,1,P005,Groceries,216.0,10,22,96,0,0,17.86,95.93
2023-08-26,1,P005,Groceries,240.0,0,15,81,1,0,28.15,91.37
2023-08-27,1,P005,Groceries,228.0,5,24,57,1,0,21.29,94.24
2023-08-28,1,P005,Groceries,228.0,5,17,40,0,0,24.29,94.51
2023-08-29,1,P005,Groceries,240.0,0,12,28,0,0,22.68,97.85
2023-08-30,1,P005,Groceries,192.0,20,24,94,0,0,18.87,94.25
2023-08-31,1,P005,Groceries,228.0,5,25,69,0,1,30.43,94.54
2023-09-01,1,P005,Groceries,240.0,0,13,56,0,0,28.14,96.55
2023-09-02,1,P005,Groceries,240.0,0,26,30,1,1,28.63,100.18
2023-09-03,1,P005,Groceries,228.0,5,16,152,1,0,28.24,94.65
2023-09-04,1,P005,Groceries,228.0,5,11,141,0,0,26.45,95.79
2023-09-05,1,P005,Groceries,240.0,0,17,124,0,0,26.98,96.94
2023-09-06,1,P005,Groceries,216.0,10,25,99,0,0,21.79,97.22
2023-09-07,1,P005,Groceries,240.0,0,13,86,0,0,31.48,97.9
2023-09-08,1,P005,Groceries,228.0,5,15,71,0,0,27.15,96.02
2023-09-09,1,P005,Groceries,240.0,0,21,50,1,0,19.42,92.63
2023-09-10,1,P005,Groceries,240.0,0,21,29,1,1,27.85,93.65
2023-09-11,1,P005,Groceries,216.0,10,18,117,0,0,25.11,93.93
2023-09-12,1,P005,Groceries,216.0,10,24,93,0,1,23.27,92.8
2023-09-13,1,P005,Groceries,204.0,15,23,70,0,0,23.12,98.71
2023-09-14,1,P005,Groceries,228.0,5,24,46,0,0,21.96,92.05
2023-09-15,1,P005,Groceries,192.0,20,25,21,0,0,27.96,94.09
2023-09-16,1,P005,Groceries,240.0,0,20,98,1,0,37.07,98.03
2023-09-17,1,P005,Groceries,240.0,0,22,76,1,0,21.88,97.47
2023-09-18,1,P005,Groceries,204.0,15,25,51,0,1,26.54,97.26
2023-09-19,1,P005,Groceries,240.0,0,16,35,0,0,28.63,96.05
2023-09-20,1,P005,Groceries,228.0,5,15,20,0,0,15.15,97.65
2023-09-21,1,P005,Groceries,228.0,5,22,131,0,1,24.57,98.41
2023-09-22,1,P005,Groceries,204.0,15,28,103,0,1,17.72,99.21
2023-09-23,1,P005,Groceries,204.0,15,24,79,1,0,25.4,97.72
2023-09-24,1,P005,Groceries,216.0,10,14,65,1,0,23.13,92.5
2023-09-25,1,P005,Groceries,216.0,10,9,56,0,0,27.42,95.66
2023-09-26,1,P005,Groceries,240.0,0,12,44,0,0,14.6,95.56
2023-09-27,1,P005,Groceries,228.0,5,20,24,0,0,19.47,94.56
2023-09-28,1,P005,Groceries,240.0,0,20,100,0,1,15.22,91.89
2023-09-29,1,P005,Groceries,228.0,5,21,79,0,0,21.62,98.22
2023-09-30,1,P005,Groceries,240.0,0,20,59,1,0,25.82,94.33
2023-10-01,1,P005,Groceries,228.0,5,16,43,1,0,29.92,97.12
2023-10-02,1,P005,Groceries,240.0,0,13,30,0,0,20.12,93.46
2023-10-03,1,P005,Groceries,240.0,0,19,102,0,0,22.91,94.61
2023-10-04,1,P005,Groceries,240.0,0,19,83,0,1,26.77,92.33
2023-10-05,1,P005,Groceries,240.0,0,21,62,0,1,29.8,95.47
2023-10-06,1,P005,Groceries,216.0,10,12,50,0,0,25.33,93.49
2023-10-07,1,P005,Groceries,240.0,0,20,30,1,0,23.87,96.32
2023-10-08,1,P005,Groceries,228.0,5,17,107,1,0,24.47,94.62
2023-10-09,1,P005,Groceries,240.0,0,12,95,0,0,32.64,95.21
2023-10-10,1,P005,Groceries,228.0,5,19,76,0,0,27.22,91.9
2023-10-11,1,P005,Groceries,204.0,15,29,47,0,0,30.23,95.42
2023-10-12,1,P005,Groceries,228.0,5,22,25,0,0,21.16,93.57
2023-10-13,1,P005,Groceries,240.0,0,12,145,0,0,34.22,98.72
2023-10-14,1,P005,Groceries,240.0,0,23,122,1,1,19.29,96.54
2023-10-15,1,P005,Groceries,240.0,0,24,98,1,0,28.09,95.8
2023-10-16,1,P005,Groceries,204.0,15,31,67,0,1,20.7,97.56
2023-10-17,1,P005,Groceries,240.0,0,20,47,0,0,20.54,100.98
2023-10-18,1,P005,Groceries,240.0,0,20,27,0,1,35.18,97.95
2023-10-19,1,P005,Groceries,192.0,20,29,141,0,0,18.06,92.82
2023-10-20,1,P005,Groceries,240.0,0,14,127,0,0,27.17,91.79
2023-10-21,1,P005,Groceries,204.0,15,26,101,1,1,26.72,98.75
2023-10-22,1,P005,Groceries,240.0,0,16,85,1,1,25.36,94.78
2023-10-23,1,P005,Groceries,228.0,5,22,63,0,1,23.93,97.46
2023-10-24,1,P005,Groceries,204.0,15,18,45,0,0,23.04,95.06
2023-10-25,1,P005,Groceries,240.0,0,10,35,0,0,33.19,94.87
2023-10-26,1,P005,Groceries,240.0,0,9,26,0,0,23.22,91.95
2023-10-27,1,P005,Groceries,240.0,0,22,119,0,0,21.88,94.34
2023-10-28,1,P005,Groceries,240.0,0,23,96,1,1,30.28,95.41
2023-10-29,1,P005,Groceries,240.0,0,18,78,1,0,17.83,98.91
2023-10-30,1,P005,Groceries,228.0,5,13,65,0,0,26.98,94.14
2023-10-31,1,P005,Groceries,228.0,5,15,50,0,0,19.6,94.95
2023-11-01,1,P005,Groceries,204.0,15,17,33,0,0,20.23,93.93
2023-11-02,1,P005,Groceries,240.0,0,16,104,0,0,20.98,97.0
2023-11-03,1,P005,Groceries,240.0,0,12,92,0,0,19.96,98.39
2023-11-04,1,P005,Groceries,240.0,0,17,75,1,1,26.14,95.48
2023-11-05,1,P005,Groceries,240.0,0,19,56,1,0,25.84,93.52
2023-11-06,1,P005,Groceries,240.0,0,16,40,0,0,33.49,95.93
2023-11-07,1,P005,Groceries,216.0,10,22,133,0,0,24.65,92.86
2023-11-08,1,P005,Groceries,240.0,0,22,111,0,1,29.86,94.55
2023-11-09,1,P005,Groceries,228.0,5,16,95,0,0,25.88,91.39
2023-11-10,1,P005,Groceries,240.0,0,22,73,0,0,29.69,91.25
2023-11-11,1,P005,Groceries,240.0,0,15,58,1,0,24.76,94.49
2023-11-12,1,P005,Groceries,240.0,0,19,39,1,1,18.52,96.34
2023-11-13,1,P005,Groceries,240.0,0,19,20,0,0,21.93,93.4
2023-11-14,1,P005,Groceries,240.0,0,18,134,0,1,24.61,95.06
2023-11-15,1,P005,Groceries,240.0,0,24,110,0,1,31.92,94.18
2023-11-16,1,P005,Groceries,216.0,10,22,88,0,1,24.38,93.0
2023-11-17,1,P005,Groceries,240.0,0,20,68,0,0,25.26,95.29
2023-11-18,1,P005,Groceries,216.0,10,20,48,1,1,24.93,93.24
2023-11-19,1,P005,Groceries,216.0,10,30,147,1,0,27.59,94.76
2023-11-20,1,P005,Groceries,228.0,5,15,132,0,0,31.41,98.36
2023-11-21,1,P005,Groceries,204.0,15,29,103,0,1,27.58,96.74
2023-11-22,1,P005,Groceries,240.0,0,13,90,0,0,25.75,91.89
2023-11-23,1,P005,Groceries,240.0,0,20,70,0,0,20.75,96.0
2023-11-24,1,P005,Groceries,228.0,5,24,46,0,1,21.06,94.52
2023-11-25,1,P005,Groceries,240.0,0,31,103,1,1,21.51,94.96
2023-11-26,1,P005,Groceries,240.0,0,19,84,1,0,34.48,93.39
2023-11-27,1,P005,Groceries,240.0,0,15,69,0,0,28.95,96.04
2023-11-28,1,P005,Groceries,240.0,0,14,55,0,0,18.45,96.32
2023-11-29,1,P005,Groceries,228.0,5,28,27,0,1,16.82,93.16
2023-11-30,1,P005,Groceries,240.0,0,14,108,0,0,30.56,95.93
2023-12-01,1,P005,Groceries,228.0,5,18,90,0,1,29.0,96.07
2023-12-02,1,P005,Groceries,240.0,0,18,72,1,0,28.46,93.91
2023-12-03,1,P005,Groceries,216.0,10,18,54,1,0,30.0,98.0
2023-12-04,1,P005,Groceries,240.0,0,18,36,0,1,19.22,97.0
2023-12-05,1,P005,Groceries,216.0,10,15,21,0,0,22.85,90.01
2023-12-06,1,P005,Groceries,216.0,10,24,146,0,1,28.41,99.02
2023-12-07,1,P005,Groceries,204.0,15,24,122,0,0,23.54,96.98
2023-12-08,1,P005,Groceries,228.0,5,25,97,0,0,23.56,95.5
2023-12-09,1,P005,Groceries,240.0,0,17,80,1,1,38.79,94.46
2023-12-10,1,P005,Groceries,240.0,0,22,58,1,1,22.09,97.01
2023-12-11,1,P005,Groceries,216.0,10,29,29,0,1,24.6,95.56
2023-12-12,1,P005,Groceries,228.0,5,18,102,0,0,21.96,94.34
2023-12-13,1,P005,Groceries,228.0,5,25,77,0,0,32.41,96.52
2023-12-14,1,P005,Groceries,240.0,0,16,61,0,0,19.56,90.68
2023-12-15,1,P005,Groceries,240.0,0,15,46,0,0,25.26,95.25
2023-12-16,1,P005,Groceries,240.0,0,24,22,1,1,24.54,95.62
2023-12-17,1,P005,Groceries,240.0,0,13,116,1,0,36.51,93.47
2023-12-18,1,P005,Groceries,240.0,0,10,106,0,0,25.51,92.15
2023-12-19,1,P005,Groceries,228.0,5,23,83,0,1,29.0,98.25
2023-12-20,1,P005,Groceries,216.0,10,22,61,0,1,24.23,93.68
2023-12-21,1,P005,Groceries,204.0,15,18,43,0,0,24.17,98.07
2023-12-22,1,P005,Groceries,240.0,0,18,25,0,0,27.94,93.06
2023-12-23,1,P005,Groceries,240.0,0,31,97,1,1,34.81,93.62
2023-12-24,1,P005,Groceries,204.0,15,16,81,1,0,24.87,95.49
2023-12-25,1,P005,Groceries,240.0,0,16,65,0,0,30.63,98.2
2023-12-26,1,P005,Groceries,240.0,0,22,43,0,1,21.82,93.44
2023-12-27,1,P005,Groceries,240.0,0,20,23,0,0,28.41,97.08
2023-12-28,1,P005,Groceries,240.0,0,16,137,0,0,27.21,94.23
2023-12-29,1,P005,Groceries,228.0,5,19,118,0,0,24.91,96.59
2023-12-30,1,P005,Groceries,228.0,5,13,105,1,0,31.24,96.74
2023-12-31,1,P005,Groceries,240.0,0,16,89,1,1,28.62,92.32
2023-01-01,1,P006,Sports,387.6,15,26,102,1,1,28.03,94.04
2023-01-02,1,P006,Sports,456.0,0,14,88,0,1,29.0,93.18
2023-01-03,1,P006,Sports,456.0,0,17,71,0,0,20.4,98.0
2023-01-04,1,P006,Sports,456.0,0,15,56,0,0,25.74,93.88
2023-01-05,1,P006,Sports,433.2,5,24,32,0,1,29.68,96.94
2023-01-06,1,P006,Sports,410.4,10,31,150,0,1,23.49,94.14
2023-01-07,1,P006,Sports,456.0,0,18,132,1,0,34.84,93.1
2023-01-08,1,P006,Sports,433.2,5,15,117,1,0,28.55,94.87
2023-01-09,1,P006,Sports,456.0,0,14,103,0,0,37.68,97.28
2023-01-10,1,P006,Sports,433.2,5,21,82,0,1,29.57,93.36
2023-01-11,1,P006,Sports,456.0,0,14,68,0,0,23.15,99.87
2023-01-12,1,P006,Sports,410.4,10,26,42,0,1,19.69,94.0
2023-01-13,1,P006,Sports,456.0,0,13,29,0,1,32.87,92.13
2023-01-14,1,P006,Sports,433.2,5,23,155,1,0,29.93,94.77
2023-01-15,1,P006,Sports,456.0,0,19,136,1,0,28.87,96.88
2023-01-16,1,P006,Sports,456.0,0,14,122,0,0,28.3,95.47
2023-01-17,1,P006,Sports,456.0,0,12,110,0,0,29.15,91.84
2023-01-18,1,P006,Sports,364.8,20,32,78,0,1,17.99,94.61
2023-01-19,1,P006,Sports,387.6,15,17,61,0,0,18.92,94.97
2023-01-20,1,P006,Sports,456.0,0,5,56,0,0,22.91,94.43
2023-01-21,1,P006,Sports,433.2,5,27,29,1,1,32.17,95.62
2023-01-22,1,P006,Sports,456.0,0,10,138,1,0,16.91,95.81
2023-01-23,1,P006,Sports,433.2,5,24,114,0,1,15.85,92.12
2023-01-24,1,P006,Sports,456.0,0,13,101,0,0,36.56,93.34
2023-01-25,1,P006,Sports,433.2,5,15,86,0,0,16.11,91.99
2023-01-26,1,P006,Sports,456.0,0,14,72,0,0,24.22,96.27
2023-01-27,1,P006,Sports,456.0,0,18,54,0,0,27.32,92.53
2023-01-28,1,P006,Sports,456.0,0,20,34,1,0,31.4,92.08
2023-01-29,1,P006,Sports,456.0,0,12,22,1,0,20.86,89.67
2023-01-30,1,P006,Sports,456.0,0,15,146,0,0,23.09,100.12
2023-01-31,1,P006,Sports,456.0,0,10,136,0,0,24.02,92.76
2023-02-01,1,P006,Sports,456.0,0,21,115,0,0,21.75,93.48
2023-02-02,1,P006,Sports,410.4,10,13,102,0,0,25.84,96.02
2023-02-03,1,P006,Sports,456.0,0,17,85,0,1,25.04,94.98
2023-02-04,1,P006,Sports,387.6,15,23,62,1,0,23.83,94.17
2023-02-05,1,P006,Sports,456.0,0,24,38,1,1,16.64,94.05
2023-02-06,1,P006,Sports,456.0,0,22,148,0,0,16.71,98.12
2023-02-07,1,P006,Sports,456.0,0,14,134,0,0,22.14,98.35
2023-02-08,1,P006,Sports,456.0,0,17,117,0,0,23.39,92.16
2023-02-09,1,P006,Sports,456.0,0,15,102,0,0,23.86,95.93
2023-02-10,1,P006,Sports,456.0,0,12,90,0,0,26.73,91.44
2023-02-11,1,P006,Sports,433.2,5,16,74,1,0,25.11,93.41
2023-02-12,1,P006,Sports,410.4,10,27,47,1,1,25.83,95.48
2023-02-13,1,P006,Sports,456.0,0,20,27,0,1,29.29,94.16
2023-02-14,1,P006,Sports,456.0,0,11,151,0,0,15.94,95.81
2023-02-15,1,P006,Sports,456.0,0,9,142,0,0,31.24,97.61
2023-02-16,1,P006,Sports,387.6,15,26,116,0,1,21.42,91.89
2023-02-17,1,P006,Sports,410.4,10,18,98,0,0,29.36,92.85
2023-02-18,1,P006,Sports,456.0,0,24,74,1,1,23.58,94.12
2023-02-19,1,P006,Sports,433.2,5,23,51,1,1,28.29,92.12
2023-02-20,1,P006,Sports,387.6,15,23,28,0,0,21.34,99.1
2023-02-21,1,P006,Sports,456.0,0,17,116,0,0,24.71,92.68
2023-02-22,1,P006,Sports,387.6,15,27,89,0,1,30.42,90.08
2023-02-23,1,P006,Sports,433.2,5,23,66,0,0,23.23,95.06
2023-02-24,1,P006,Sports,456.0,0,20,46,0,0,24.33,92.23
2023-02-25,1,P006,Sports,456.0,0,21,25,1,0,27.55,96.88
2023-02-26,1,P006,Sports,387.6,15,33,122,1,0,28.92,94.75
2023-02-27,1,P006,Sports,456.0,0,16,106,0,0,18.2,94.57
2023-02-28,1,P006,Sports,456.0,0,21,85,0,1,29.98,95.1
2023-03-01,1,P006,Sports,433.2,5,19,66,0,0,22.98,94.63
2023-03-02,1,P006,Sports,433.2,5,15,51,0,0,29.7,97.39
2023-03-03,1,P006,Sports,456.0,0,12,39,0,0,17.83,99.38
2023-03-04,1,P006,Sports,456.0,0,19,20,1,0,23.0,96.17
2023-03-05,1,P006,Sports,433.2,5,25,86,1,0,25.92,96.24
2023-03-06,1,P006,Sports,456.0,0,16,70,0,0,28.23,92.45
2023-03-07,1,P006,Sports,456.0,0,10,60,0,0,30.49,99.51
