retail_demand_dataset.csv
date,store_id,product_id,category,price,discount,units_sold,inventory_level,holiday,promotion,temperature,fuel_price
2023-03-08,1,P006,Sports,433.2,5,26,34,0,1,26.31,96.79
2023-03-09,1,P006,Sports,456.0,0,14,20,0,0,28.6,94.91
2023-03-10,1,P006,Sports,456.0,0,18,132,0,1,29.25,96.74
2023-03-11,1,P006,Sports,433.2,5,13,119,1,0,20.2,91.49
2023-03-12,1,P006,Sports,456.0,0,29,90,1,1,26.11,97.86
2023-03-13,1,P006,Sports,456.0,0,24,66,0,1,25.48,96.1
2023-03-14,1,P006,Sports,387.6,15,19,47,0,0,21.39,93.91
2023-03-15,1,P006,Sports,456.0,0,19,28,0,0,29.7,93.66
2023-03-16,1,P006,Sports,364.8,20,20,120,0,0,19.6,92.97
2023-03-17,1,P006,Sports,387.6,15,25,95,0,0,20.16,98.58
2023-03-18,1,P006,Sports,433.2,5,17,78,1,0,17.85,94.25
2023-03-19,1,P006,Sports,387.6,15,23,55,1,0,21.37,93.78
2023-03-20,1,P006,Sports,433.2,5,19,36,0,1,29.05,95.49
2023-03-21,1,P006,Sports,456.0,0,26,105,0,1,31.62,96.47
2023-03-22,1,P006,Sports,410.4,10,23,82,0,0,25.92,92.34
2023-03-23,1,P006,Sports,456.0,0,11,71,0,0,33.93,93.22
2023-03-24,1,P006,Sports,387.6,15,19,52,0,0,21.84,94.05
2023-03-25,1,P006,Sports,456.0,0,13,39,1,0,27.73,94.7
2023-03-26,1,P006,Sports,456.0,0,17,22,1,0,26.14,92.81
2023-03-27,1,P006,Sports,433.2,5,18,112,0,0,31.56,92.23
2023-03-28,1,P006,Sports,456.0,0,15,97,0,0,31.06,95.89
2023-03-29,1,P006,Sports,456.0,0,17,80,0,0,21.4,93.75
2023-03-30,1,P006,Sports,410.4,10,30,50,0,1,18.38,90.96
2023-03-31,1,P006,Sports,433.2,5,18,32,0,0,29.1,93.05
2023-04-01,1,P006,Sports,456.0,0,20,115,1,0,17.36,97.05
2023-04-02,1,P006,Sports,433.2,5,21,94,1,1,26.72,95.36
2023-04-03,1,P006,Sports,387.6,15,20,74,0,0,21.09,92.55
2023-04-04,1,P006,Sports,456.0,0,17,57,0,0,34.1,95.04
2023-04-05,1,P006,Sports,456.0,0,19,38,0,0,31.91,96.54
2023-04-06,1,P006,Sports,410.4,10,22,147,0,0,29.65,95.37
2023-04-07,1,P006,Sports,456.0,0,13,134,0,0,20.69,95.57
2023-04-08,1,P006,Sports,456.0,0,16,118,1,0,21.83,94.42
2023-04-09,1,P006,Sports,387.6,15,27,91,1,0,21.56,96.58
2023-04-10,1,P006,Sports,456.0,0,16,75,0,0,19.12,93.77
2023-04-11,1,P006,Sports,433.2,5,12,63,0,0,24.86,95.39
2023-04-12,1,P006,Sports,410.4,10,24,39,0,1,35.76,98.57
2023-04-13,1,P006,Sports,364.8,20,27,121,0,1,26.61,92.1
2023-04-14,1,P006,Sports,433.2,5,20,101,0,0,30.98,95.86
2023-04-15,1,P006,Sports,364.8,20,22,79,1,0,35.83,93.2
2023-04-16,1,P006,Sports,456.0,0,25,54,1,1,24.23,95.83
2023-04-17,1,P006,Sports,456.0,0,23,31,0,1,30.75,95.13
2023-04-18,1,P006,Sports,364.8,20,29,146,0,0,20.04,93.9
2023-04-19,1,P006,Sports,456.0,0,15,131,0,0,27.67,97.27
2023-04-20,1,P006,Sports,364.8,20,30,101,0,1,26.54,99.29
2023-04-21,1,P006,Sports,456.0,0,8,93,0,0,24.37,94.08
2023-04-22,1,P006,Sports,456.0,0,14,79,1,0,29.98,94.85
2023-04-23,1,P006,Sports,456.0,0,21,58,1,0,27.51,98.5
2023-04-24,1,P006,Sports,410.4,10,22,36,0,0,22.94,93.08
2023-04-25,1,P006,Sports,456.0,0,11,25,0,0,26.86,93.72
2023-04-26,1,P006,Sports,456.0,0,30,138,0,1,27.15,96.44
2023-04-27,1,P006,Sports,364.8,20,27,111,0,1,22.72,93.11
2023-04-28,1,P006,Sports,456.0,0,17,94,0,0,39.0,95.98
2023-04-29,1,P006,Sports,387.6,15,29,65,1,1,19.75,97.05
2023-04-30,1,P006,Sports,456.0,0,15,50,1,0,24.27,94.9
2023-05-01,1,P006,Sports,387.6,15,21,29,0,0,26.09,93.38
2023-05-02,1,P006,Sports,456.0,0,18,156,0,1,30.28,93.63
2023-05-03,1,P006,Sports,387.6,15,21,135,0,0,30.62,93.14
2023-05-04,1,P006,Sports,456.0,0,17,118,0,0,20.97,97.85
2023-05-05,1,P006,Sports,410.4,10,18,100,0,0,20.85,96.04
2023-05-06,1,P006,Sports,456.0,0,14,86,1,0,22.94,96.99
2023-05-07,1,P006,Sports,410.4,10,27,59,1,0,32.03,97.98
2023-05-08,1,P006,Sports,456.0,0,9,50,0,0,27.73,93.76
2023-05-09,1,P006,Sports,456.0,0,14,36,0,1,28.72,92.58
2023-05-10,1,P006,Sports,456.0,0,20,96,0,1,21.35,98.86
2023-05-11,1,P006,Sports,433.2,5,29,67,0,0,21.72,96.32
2023-05-12,1,P006,Sports,456.0,0,12,55,0,0,24.52,95.9
2023-05-13,1,P006,Sports,456.0,0,20,35,1,0,19.49,95.35
2023-05-14,1,P006,Sports,433.2,5,20,112,1,0,20.53,94.78
2023-05-15,1,P006,Sports,387.6,15,34,78,0,0,23.96,96.75
2023-05-16,1,P006,Sports,364.8,20,28,50,0,1,26.03,94.03
2023-05-17,1,P006,Sports,410.4,10,15,35,0,0,21.38,92.13
2023-05-18,1,P006,Sports,456.0,0,19,142,0,0,35.99,97.4
2023-05-19,1,P006,Sports,456.0,0,23,119,0,1,19.92,96.1
2023-05-20,1,P006,Sports,410.4,10,29,90,1,0,19.59,92.0
2023-05-21,1,P006,Sports,410.4,10,28,62,1,1,25.34,93.91
2023-05-22,1,P006,Sports,456.0,0,20,42,0,0,32.47,92.28
2023-05-23,1,P006,Sports,433.2,5,17,25,0,1,19.46,99.67
2023-05-24,1,P006,Sports,456.0,0,13,157,0,0,31.86,95.04
2023-05-25,1,P006,Sports,433.2,5,23,134,0,1,31.39,94.88
2023-05-26,1,P006,Sports,433.2,5,24,110,0,0,32.96,97.85
2023-05-27,1,P006,Sports,456.0,0,24,86,1,1,16.0,94.56
2023-05-28,1,P006,Sports,410.4,10,14,72,1,0,25.09,93.86
2023-05-29,1,P006,Sports,456.0,0,15,57,0,0,27.06,95.49
2023-05-30,1,P006,Sports,433.2,5,12,45,0,0,22.61,92.99
2023-05-31,1,P006,Sports,456.0,0,13,32,0,0,33.43,94.53
2023-06-01,1,P006,Sports,364.8,20,29,132,0,0,27.96,97.69
2023-06-02,1,P006,Sports,364.8,20,35,97,0,1,26.95,92.51
2023-06-03,1,P006,Sports,410.4,10,31,66,1,1,30.03,95.99
2023-06-04,1,P006,Sports,456.0,0,27,39,1,0,20.77,96.25
2023-06-05,1,P006,Sports,433.2,5,23,140,0,0,30.67,96.22
2023-06-06,1,P006,Sports,456.0,0,13,127,0,0,23.36,93.23
2023-06-07,1,P006,Sports,433.2,5,21,106,0,0,21.27,95.84
2023-06-08,1,P006,Sports,387.6,15,32,74,0,1,29.88,90.92
2023-06-09,1,P006,Sports,387.6,15,27,47,0,1,20.44,95.52
2023-06-10,1,P006,Sports,456.0,0,21,26,1,0,29.54,94.18
2023-06-11,1,P006,Sports,387.6,15,32,126,1,1,18.67,97.33
2023-06-12,1,P006,Sports,456.0,0,20,106,0,0,22.84,98.54
2023-06-13,1,P006,Sports,456.0,0,16,90,0,0,21.31,96.31
2023-06-14,1,P006,Sports,456.0,0,19,71,0,0,23.22,94.02
2023-06-15,1,P006,Sports,456.0,0,21,50,0,1,22.46,95.13
2023-06-16,1,P006,Sports,364.8,20,28,22,0,0,24.07,95.76
2023-06-17,1,P006,Sports,410.4,10,26,147,1,0,22.12,91.41
2023-06-18,1,P006,Sports,456.0,0,16,131,1,0,31.15,95.28
2023-06-19,1,P006,Sports,387.6,15,31,100,0,1,21.44,92.69
2023-06-20,1,P006,Sports,410.4,10,29,71,0,1,23.91,95.46
2023-06-21,1,P006,Sports,433.2,5,17,54,0,0,26.37,96.46
2023-06-22,1,P006,Sports,456.0,0,19,35,0,0,15.98,92.44
2023-06-23,1,P006,Sports,433.2,5,13,22,0,0,20.6,91.57
2023-06-24,1,P006,Sports,433.2,5,36,149,1,1,27.99,96.93
2023-06-25,1,P006,Sports,387.6,15,32,117,1,0,19.87,92.82
2023-06-26,1,P006,Sports,410.4,10,22,95,0,0,17.5,94.37
2023-06-27,1,P006,Sports,456.0,0,13,82,0,0,19.85,95.76
2023-06-28,1,P006,Sports,433.2,5,17,65,0,0,21.79,94.79
2023-06-29,1,P006,Sports,410.4,10,17,48,0,0,20.33,97.92
2023-06-30,1,P006,Sports,456.0,0,15,33,0,1,28.48,93.07
2023-07-01,1,P006,Sports,456.0,0,11,22,1,0,24.5,94.57
2023-07-02,1,P006,Sports,456.0,0,18,118,1,1,21.51,94.56
2023-07-03,1,P006,Sports,364.8,20,22,96,0,0,29.6,95.58
2023-07-04,1,P006,Sports,456.0,0,19,77,0,1,23.35,94.68
2023-07-05,1,P006,Sports,456.0,0,16,61,0,0,23.41,95.66
2023-07-06,1,P006,Sports,387.6,15,25,36,0,0,27.77,95.74
2023-07-07,1,P006,Sports,456.0,0,14,22,0,0,26.76,93.8
2023-07-08,1,P006,Sports,456.0,0,21,114,1,0,22.65,93.25
2023-07-09,1,P006,Sports,456.0,0,16,98,1,0,23.6,93.63
2023-07-10,1,P006,Sports,433.2,5,17,81,0,0,21.81,97.51
2023-07-11,1,P006,Sports,433.2,5,19,62,0,1,22.13,95.36
2023-07-12,1,P006,Sports,456.0,0,17,45,0,0,30.7,92.78
2023-07-13,1,P006,Sports,456.0,0,14,31,0,0,24.53,91.58
2023-07-14,1,P006,Sports,456.0,0,7,24,0,0,24.99,94.59
2023-07-15,1,P006,Sports,456.0,0,19,126,1,0,23.78,95.41
2023-07-16,1,P006,Sports,456.0,0,26,100,1,0,22.51,93.65
2023-07-17,1,P006,Sports,410.4,10,23,77,0,1,19.9,98.57
2023-07-18,1,P006,Sports,433.2,5,18,59,0,0,26.32,95.58
2023-07-19,1,P006,Sports,456.0,0,19,40,0,0,22.32,92.81
2023-07-20,1,P006,Sports,456.0,0,12,28,0,0,20.78,98.04
2023-07-21,1,P006,Sports,433.2,5,17,142,0,0,34.59,91.49
2023-07-22,1,P006,Sports,456.0,0,13,129,1,0,18.41,91.96
2023-07-23,1,P006,Sports,433.2,5,15,114,1,0,25.12,94.97
2023-07-24,1,P006,Sports,456.0,0,20,94,0,0,21.91,92.71
2023-07-25,1,P006,Sports,456.0,0,18,76,0,1,29.05,93.11
2023-07-26,1,P006,Sports,410.4,10,16,60,0,0,25.07,98.03
2023-07-27,1,P006,Sports,387.6,15,31,29,0,1,22.78,97.74
2023-07-28,1,P006,Sports,433.2,5,17,96,0,0,28.62,93.0
2023-07-29,1,P006,Sports,456.0,0,15,81,1,0,19.41,95.35
2023-07-30,1,P006,Sports,456.0,0,25,56,1,1,26.84,93.19
2023-07-31,1,P006,Sports,410.4,10,18,38,0,0,26.44,98.17
2023-08-01,1,P006,Sports,410.4,10,28,137,0,1,28.75,99.09
2023-08-02,1,P006,Sports,456.0,0,9,128,0,0,14.9,95.28
2023-08-03,1,P006,Sports,433.2,5,21,107,0,1,21.75,93.72
2023-08-04,1,P006,Sports,456.0,0,18,89,0,0,24.69,93.5
2023-08-05,1,P006,Sports,456.0,0,10,79,1,0,22.01,91.82
2023-08-06,1,P006,Sports,387.6,15,24,55,1,1,22.86,91.31
2023-08-07,1,P006,Sports,433.2,5,10,45,0,0,35.35,95.75
2023-08-08,1,P006,Sports,433.2,5,21,24,0,0,20.51,96.07
2023-08-09,1,P006,Sports,433.2,5,17,120,0,0,24.16,96.49
2023-08-10,1,P006,Sports,433.2,5,17,103,0,1,28.03,93.38
2023-08-11,1,P006,Sports,456.0,0,12,91,0,0,33.69,94.86
2023-08-12,1,P006,Sports,456.0,0,17,74,1,0,24.9,93.23
2023-08-13,1,P006,Sports,456.0,0,18,56,1,0,19.51,90.38
2023-08-14,1,P006,Sports,410.4,10,17,39,0,0,25.79,97.54
2023-08-15,1,P006,Sports,387.6,15,16,23,0,0,25.73,96.18
2023-08-16,1,P006,Sports,456.0,0,16,101,0,0,20.47,94.77
2023-08-17,1,P006,Sports,456.0,0,16,85,0,0,25.86,96.53
2023-08-18,1,P006,Sports,456.0,0,22,63,0,1,22.09,94.08
2023-08-19,1,P006,Sports,410.4,10,20,43,1,1,24.59,97.35
2023-08-20,1,P006,Sports,456.0,0,16,27,1,0,24.77,93.4
2023-08-21,1,P006,Sports,410.4,10,21,127,0,0,22.84,93.28
2023-08-22,1,P006,Sports,433.2,5,31,96,0,1,25.26,94.94
2023-08-23,1,P006,Sports,364.8,20,28,68,0,1,19.73,92.51
2023-08-24,1,P006,Sports,456.0,0,8,60,0,0,24.31,92.85
2023-08-25,1,P006,Sports,433.2,5,9,51,0,0,27.13,93.44
2023-08-26,1,P006,Sports,387.6,15,20,31,1,0,29.91,93.08
2023-08-27,1,P006,Sports,456.0,0,23,104,1,0,25.16,94.47
2023-08-28,1,P006,Sports,433.2,5,19,85,0,0,23.35,95.1
2023-08-29,1,P006,Sports,433.2,5,13,72,0,0,20.12,95.44
2023-08-30,1,P006,Sports,410.4,10,36,36,0,1,26.15,93.08
2023-08-31,1,P006,Sports,410.4,10,17,124,0,0,28.94,96.05
2023-09-01,1,P006,Sports,364.8,20,24,100,0,1,22.62,99.17
2023-09-02,1,P006,Sports,387.6,15,24,76,1,0,19.44,95.54
2023-09-03,1,P006,Sports,456.0,0,24,52,1,1,28.22,94.02
2023-09-04,1,P006,Sports,387.6,15,20,32,0,0,21.31,94.39
2023-09-05,1,P006,Sports,433.2,5,17,108,0,1,19.61,95.94
2023-09-06,1,P006,Sports,456.0,0,22,86,0,0,24.21,96.14
2023-09-07,1,P006,Sports,410.4,10,14,72,0,0,29.71,96.91
2023-09-08,1,P006,Sports,456.0,0,16,56,0,0,19.65,97.83
2023-09-09,1,P006,Sports,410.4,10,14,42,1,0,24.0,95.69
2023-09-10,1,P006,Sports,433.2,5,20,22,1,1,27.88,96.03
2023-09-11,1,P006,Sports,433.2,5,20,114,0,0,25.07,95.21
2023-09-12,1,P006,Sports,456.0,0,19,95,0,1,26.46,90.33
2023-09-13,1,P006,Sports,410.4,10,28,67,0,1,17.8,94.59
2023-09-14,1,P006,Sports,456.0,0,7,60,0,0,23.21,96.38
2023-09-15,1,P006,Sports,433.2,5,17,43,0,1,28.25,93.89
2023-09-16,1,P006,Sports,410.4,10,22,21,1,0,24.12,94.05
2023-09-17,1,P006,Sports,456.0,0,17,112,1,0,12.28,92.98
2023-09-18,1,P006,Sports,456.0,0,14,98,0,1,23.28,94.62
2023-09-19,1,P006,Sports,410.4,10,28,70,0,1,20.61,94.84
2023-09-20,1,P006,Sports,456.0,0,6,64,0,0,25.37,95.8
2023-09-21,1,P006,Sports,456.0,0,9,55,0,0,22.35,94.78
2023-09-22,1,P006,Sports,456.0,0,17,38,0,0,27.22,91.66
2023-09-23,1,P006,Sports,433.2,5,19,157,1,0,15.2,95.72
2023-09-24,1,P006,Sports,456.0,0,26,131,1,0,31.16,95.22
2023-09-25,1,P006,Sports,433.2,5,18,113,0,1,33.84,97.71
2023-09-26,1,P006,Sports,364.8,20,25,88,0,0,24.0,92.97
2023-09-27,1,P006,Sports,433.2,5,21,67,0,1,27.07,96.06
2023-09-28,1,P006,Sports,456.0,0,13,54,0,0,18.25,95.44
2023-09-29,1,P006,Sports,456.0,0,17,37,0,0,30.6,96.47
2023-09-30,1,P006,Sports,456.0,0,28,154,1,0,21.79,95.88
2023-10-01,1,P006,Sports,433.2,5,25,129,1,0,19.83,97.34
2023-10-02,1,P006,Sports,456.0,0,8,121,0,0,21.43,93.37
2023-10-03,1,P006,Sports,456.0,0,16,105,0,0,20.24,97.85
2023-10-04,1,P006,Sports,456.0,0,8,97,0,0,29.05,95.47
2023-10-05,1,P006,Sports,456.0,0,18,79,0,0,23.98,93.42
2023-10-06,1,P006,Sports,433.2,5,22,57,0,1,29.37,93.61
2023-10-07,1,P006,Sports,433.2,5,18,39,1,0,28.66,95.19
2023-10-08,1,P006,Sports,433.2,5,17,22,1,0,12.4,94.14
2023-10-09,1,P006,Sports,364.8,20,19,152,0,0,23.45,96.26
2023-10-10,1,P006,Sports,433.2,5,18,134,0,0,26.0,92.57
2023-10-11,1,P006,Sports,456.0,0,14,120,0,0,24.88,97.29
2023-10-12,1,P006,Sports,364.8,20,30,90,0,1,30.89,95.84
2023-10-13,1,P006,Sports,456.0,0,20,70,0,1,26.4,92.16
2023-10-14,1,P006,Sports,456.0,0,28,42,1,1,21.96,96.97
2023-10-15,1,P006,Sports,410.4,10,18,24,1,1,21.45,98.39
2023-10-16,1,P006,Sports,456.0,0,12,112,0,0,23.53,96.65
2023-10-17,1,P006,Sports,456.0,0,16,96,0,1,19.85,95.41
2023-10-18,1,P006,Sports,364.8,20,26,70,0,0,25.19,92.87
2023-10-19,1,P006,Sports,456.0,0,4,66,0,0,25.11,92.52
2023-10-20,1,P006,Sports,456.0,0,16,50,0,0,25.65,95.46
2023-10-21,1,P006,Sports,456.0,0,17,33,1,0,24.94,95.36
2023-10-22,1,P006,Sports,433.2,5,26,124,1,0,17.62,96.09
2023-10-23,1,P006,Sports,456.0,0,13,111,0,0,36.89,94.85
2023-10-24,1,P006,Sports,456.0,0,10,101,0,0,22.95,94.45
2023-10-25,1,P006,Sports,387.6,15,32,69,0,1,32.63,94.06
2023-10-26,1,P006,Sports,364.8,20,21,48,0,1,31.97,97.59
2023-10-27,1,P006,Sports,456.0,0,17,31,0,0,15.8,98.55
2023-10-28,1,P006,Sports,364.8,20,29,118,1,0,21.88,92.36
2023-10-29,1,P006,Sports,456.0,0,20,98,1,0,21.37,93.46
2023-10-30,1,P006,Sports,433.2,5,10,88,0,0,28.92,95.54
2023-10-31,1,P006,Sports,433.2,5,19,69,0,1,32.26,95.51
2023-11-01,1,P006,Sports,433.2,5,11,58,0,0,21.87,93.91
2023-11-02,1,P006,Sports,456.0,0,12,46,0,0,26.31,95.49
2023-11-03,1,P006,Sports,410.4,10,20,26,0,0,28.72,95.75
2023-11-04,1,P006,Sports,456.0,0,14,104,1,1,20.71,93.97
2023-11-05,1,P006,Sports,456.0,0,19,85,1,0,30.7,93.58
2023-11-06,1,P006,Sports,456.0,0,17,68,0,0,25.98,94.0
2023-11-07,1,P006,Sports,456.0,0,22,46,0,0,21.19,94.02
2023-11-08,1,P006,Sports,410.4,10,25,21,0,0,20.56,95.06
2023-11-09,1,P006,Sports,410.4,10,18,121,0,0,19.02,93.21
2023-11-10,1,P006,Sports,364.8,20,23,98,0,0,21.53,95.03
2023-11-11,1,P006,Sports,433.2,5,14,84,1,0,23.19,95.13
2023-11-12,1,P006,Sports,433.2,5,22,62,1,1,26.2,93.81
2023-11-13,1,P006,Sports,456.0,0,15,47,0,0,27.3,96.99
2023-11-14,1,P006,Sports,456.0,0,17,30,0,0,21.41,94.36
2023-11-15,1,P006,Sports,410.4,10,19,119,0,0,19.26,93.81
2023-11-16,1,P006,Sports,456.0,0,9,110,0,0,19.11,95.7
2023-11-17,1,P006,Sports,456.0,0,17,93,0,0,32.64,95.91
2023-11-18,1,P006,Sports,456.0,0,19,74,1,0,21.74,99.64
2023-11-19,1,P006,Sports,364.8,20,22,52,1,0,28.59,96.08
2023-11-20,1,P006,Sports,456.0,0,12,40,0,0,21.05,94.44
2023-11-21,1,P006,Sports,456.0,0,25,105,0,1,27.01,97.67
2023-11-22,1,P006,Sports,433.2,5,19,86,0,0,13.72,96.28
2023-11-23,1,P006,Sports,364.8,20,25,61,0,0,27.58,92.99
2023-11-24,1,P006,Sports,456.0,0,20,41,0,1,26.31,95.08
2023-11-25,1,P006,Sports,433.2,5,24,134,1,0,29.9,94.84
2023-11-26,1,P006,Sports,410.4,10,24,110,1,1,29.47,95.54
2023-11-27,1,P006,Sports,456.0,0,13,97,0,1,29.27,97.2
2023-11-28,1,P006,Sports,433.2,5,19,78,0,0,21.52,94.54
2023-11-29,1,P006,Sports,456.0,0,22,56,0,0,21.1,94.5
2023-11-30,1,P006,Sports,456.0,0,23,33,0,1,31.48,95.87
2023-12-01,1,P006,Sports,387.6,15,22,143,0,0,26.01,96.58
2023-12-02,1,P006,Sports,456.0,0,32,111,1,1,26.95,93.9
2023-12-03,1,P006,Sports,456.0,0,20,91,1,1,28.3,97.73
2023-12-04,1,P006,Sports,410.4,10,23,68,0,1,30.58,96.21
2023-12-05,1,P006,Sports,364.8,20,23,45,0,0,21.38,93.37
2023-12-06,1,P006,Sports,456.0,0,12,33,0,0,24.63,95.92
2023-12-07,1,P006,Sports,456.0,0,16,146,0,0,27.1,92.71
2023-12-08,1,P006,Sports,387.6,15,25,121,0,1,32.21,93.35
2023-12-09,1,P006,Sports,456.0,0,24,97,1,0,23.97,94.81
2023-12-10,1,P006,Sports,456.0,0,16,81,1,0,23.5,95.23
2023-12-11,1,P006,Sports,433.2,5,28,53,0,0,20.14,94.37
2023-12-12,1,P006,Sports,433.2,5,16,37,0,0,22.98,98.94
2023-12-13,1,P006,Sports,456.0,0,23,109,0,0,30.92,98.4
2023-12-14,1,P006,Sports,410.4,10,30,79,0,1,31.8,95.06
2023-12-15,1,P006,Sports,433.2,5,25,54,0,1,23.84,97.55
2023-12-16,1,P006,Sports,433.2,5,22,32,1,1,29.73,95.85
2023-12-17,1,P006,Sports,456.0,0,14,144,1,0,21.73,93.95
2023-12-18,1,P006,Sports,410.4,10,23,121,0,1,19.65,96.93
2023-12-19,1,P006,Sports,456.0,0,22,99,0,0,21.14,94.29
2023-12-20,1,P006,Sports,387.6,15,27,72,0,0,17.41,98.3
2023-12-21,1,P006,Sports,456.0,0,16,56,0,0,24.94,98.18
2023-12-22,1,P006,Sports,364.8,20,37,124,0,1,23.94,94.42
2023-12-23,1,P006,Sports,456.0,0,28,96,1,1,29.95,95.24
2023-12-24,1,P006,Sports,456.0,0,21,75,1,0,32.0,93.7
2023-12-25,1,P006,Sports,410.4,10,26,49,0,1,21.98,96.33
2023-12-26,1,P006,Sports,456.0,0,10,39,0,0,24.64,94.28
2023-12-27,1,P006,Sports,456.0,0,17,22,0,0,31.1,91.75
2023-12-28,1,P006,Sports,410.4,10,26,143,0,1,23.33,96.32
2023-12-29,1,P006,Sports,387.6,15,19,124,0,1,26.61,96.58
2023-12-30,1,P006,Sports,410.4,10,32,92,1,1,28.22,94.11
2023-12-31,1,P006,Sports,456.0,0,18,74,1,0,20.8,95.24
2023-01-01,1,P007,Electronics,336.8,20,28,112,1,0,27.73,96.77
2023-01-02,1,P007,Electronics,357.85,15,24,88,0,1,24.26,95.04
2023-01-03,1,P007,Electronics,421.0,0,16,72,0,0,24.0,96.49
2023-01-04,1,P007,Electronics,421.0,0,17,55,0,0,21.69,93.54
2023-01-05,1,P007,Electronics,421.0,0,14,41,0,0,33.84,96.92
2023-01-06,1,P007,Electronics,399.95,5,19,22,0,0,26.62,96.65
2023-01-07,1,P007,Electronics,378.9,10,20,102,1,0,30.51,93.32
2023-01-08,1,P007,Electronics,421.0,0,20,82,1,0,27.38,96.02
2023-01-09,1,P007,Electronics,357.85,15,33,49,0,1,34.89,92.22
2023-01-10,1,P007,Electronics,357.85,15,32,143,0,1,28.63,95.02
2023-01-11,1,P007,Electronics,421.0,0,17,126,0,1,31.98,96.56
2023-01-12,1,P007,Electronics,399.95,5,23,103,0,1,22.2,94.61
2023-01-13,1,P007,Electronics,421.0,0,11,92,0,1,9.48,95.68
2023-01-14,1,P007,Electronics,421.0,0,20,72,1,0,21.61,91.07
2023-01-15,1,P007,Electronics,421.0,0,15,57,1,0,29.4,93.13
2023-01-16,1,P007,Electronics,357.85,15,22,35,0,0,32.68,96.87
2023-01-17,1,P007,Electronics,399.95,5,29,128,0,1,22.44,95.08
2023-01-18,1,P007,Electronics,421.0,0,12,116,0,0,32.13,93.9
2023-01-19,1,P007,Electronics,421.0,0,21,95,0,0,17.68,97.27
2023-01-20,1,P007,Electronics,357.85,15,18,77,0,0,20.87,94.28
2023-01-21,1,P007,Electronics,421.0,0,11,66,1,0,29.98,98.72
