retail_demand_dataset.csv
date,store_id,product_id,category,price,discount,units_sold,inventory_level,holiday,promotion,temperature,fuel_price
2023-01-22,1,P007,Electronics,357.85,15,24,42,1,0,13.87,94.93
2023-01-23,1,P007,Electronics,421.0,0,13,29,0,0,24.57,98.88
2023-01-24,1,P007,Electronics,421.0,0,12,146,0,0,24.99,94.44
2023-01-25,1,P007,Electronics,421.0,0,16,130,0,0,28.77,94.68
2023-01-26,1,P007,Electronics,378.9,10,25,105,0,1,21.23,94.89
2023-01-27,1,P007,Electronics,421.0,0,21,84,0,1,26.44,94.92
2023-01-28,1,P007,Electronics,421.0,0,21,63,1,1,28.23,97.59
2023-01-29,1,P007,Electronics,399.95,5,16,47,1,0,19.48,96.07
2023-01-30,1,P007,Electronics,399.95,5,17,30,0,0,39.12,97.29
2023-01-31,1,P007,Electronics,399.95,5,19,124,0,1,26.06,95.48
2023-02-01,1,P007,Electronics,336.8,20,28,96,0,0,31.56,93.28
2023-02-02,1,P007,Electronics,357.85,15,26,70,0,1,29.89,95.83
2023-02-03,1,P007,Electronics,357.85,15,22,48,0,0,25.28,94.18
2023-02-04,1,P007,Electronics,357.85,15,26,22,1,0,32.22,97.61
2023-02-05,1,P007,Electronics,357.85,15,24,141,1,0,21.39,95.01
2023-02-06,1,P007,Electronics,357.85,15,21,120,0,0,23.93,96.1
2023-02-07,1,P007,Electronics,357.85,15,20,100,0,0,33.72,93.01
2023-02-08,1,P007,Electronics,399.95,5,16,84,0,0,22.98,92.37
2023-02-09,1,P007,Electronics,399.95,5,24,60,0,0,24.97,97.08
2023-02-10,1,P007,Electronics,421.0,0,10,50,0,0,20.2,94.55
2023-02-11,1,P007,Electronics,421.0,0,25,25,1,0,14.63,98.17
2023-02-12,1,P007,Electronics,421.0,0,14,126,1,1,28.32,96.55
2023-02-13,1,P007,Electronics,399.95,5,22,104,0,1,27.62,93.15
2023-02-14,1,P007,Electronics,357.85,15,20,84,0,0,25.9,94.88
2023-02-15,1,P007,Electronics,378.9,10,21,63,0,0,32.41,97.25
2023-02-16,1,P007,Electronics,421.0,0,18,45,0,0,27.82,96.01
2023-02-17,1,P007,Electronics,421.0,0,13,32,0,0,26.51,91.29
2023-02-18,1,P007,Electronics,399.95,5,19,120,1,0,17.41,96.31
2023-02-19,1,P007,Electronics,421.0,0,17,103,1,0,27.58,96.22
2023-02-20,1,P007,Electronics,421.0,0,8,95,0,0,20.34,93.74
2023-02-21,1,P007,Electronics,399.95,5,11,84,0,0,35.49,96.19
2023-02-22,1,P007,Electronics,378.9,10,19,65,0,1,23.71,91.88
2023-02-23,1,P007,Electronics,378.9,10,25,40,0,0,25.17,93.93
2023-02-24,1,P007,Electronics,421.0,0,8,32,0,0,16.38,95.62
2023-02-25,1,P007,Electronics,421.0,0,16,127,1,0,25.8,98.02
2023-02-26,1,P007,Electronics,399.95,5,18,109,1,0,25.73,97.72
2023-02-27,1,P007,Electronics,421.0,0,17,92,0,0,29.68,97.0
2023-02-28,1,P007,Electronics,421.0,0,17,75,0,0,25.57,96.06
2023-03-01,1,P007,Electronics,378.9,10,28,47,0,1,29.79,93.73
2023-03-02,1,P007,Electronics,378.9,10,30,161,0,1,25.83,99.23
2023-03-03,1,P007,Electronics,421.0,0,17,144,0,1,29.13,96.91
2023-03-04,1,P007,Electronics,399.95,5,20,124,1,0,34.42,96.1
2023-03-05,1,P007,Electronics,421.0,0,28,96,1,0,22.81,93.63
2023-03-06,1,P007,Electronics,421.0,0,16,80,0,1,16.5,91.5
2023-03-07,1,P007,Electronics,357.85,15,17,63,0,0,20.13,95.57
2023-03-08,1,P007,Electronics,378.9,10,20,43,0,1,21.7,96.45
2023-03-09,1,P007,Electronics,399.95,5,19,24,0,1,26.1,96.76
2023-03-10,1,P007,Electronics,421.0,0,13,147,0,0,30.31,94.11
2023-03-11,1,P007,Electronics,421.0,0,28,119,1,0,22.76,94.98
2023-03-12,1,P007,Electronics,421.0,0,15,104,1,0,21.05,95.17
2023-03-13,1,P007,Electronics,357.85,15,25,79,0,0,30.3,95.02
2023-03-14,1,P007,Electronics,421.0,0,21,58,0,1,30.72,96.1
2023-03-15,1,P007,Electronics,399.95,5,22,36,0,0,27.82,97.39
2023-03-16,1,P007,Electronics,421.0,0,17,142,0,0,27.27,96.39
2023-03-17,1,P007,Electronics,378.9,10,20,122,0,0,24.41,97.43
2023-03-18,1,P007,Electronics,378.9,10,24,98,1,0,29.99,93.18
2023-03-19,1,P007,Electronics,357.85,15,23,75,1,1,29.58,95.82
2023-03-20,1,P007,Electronics,357.85,15,25,50,0,1,26.42,93.08
2023-03-21,1,P007,Electronics,399.95,5,19,31,0,1,33.96,93.54
2023-03-22,1,P007,Electronics,399.95,5,12,103,0,0,21.85,95.19
2023-03-23,1,P007,Electronics,357.85,15,20,83,0,1,30.44,101.43
2023-03-24,1,P007,Electronics,378.9,10,22,61,0,1,27.74,95.93
2023-03-25,1,P007,Electronics,357.85,15,22,39,1,0,24.94,94.17
2023-03-26,1,P007,Electronics,421.0,0,15,24,1,0,27.97,94.58
2023-03-27,1,P007,Electronics,421.0,0,19,149,0,1,22.82,94.97
2023-03-28,1,P007,Electronics,421.0,0,13,136,0,0,28.62,98.58
2023-03-29,1,P007,Electronics,357.85,15,26,110,0,1,37.04,94.34
2023-03-30,1,P007,Electronics,336.8,20,23,87,0,0,24.72,94.03
2023-03-31,1,P007,Electronics,399.95,5,17,70,0,0,29.92,94.17
2023-04-01,1,P007,Electronics,399.95,5,30,40,1,1,33.76,91.12
2023-04-02,1,P007,Electronics,399.95,5,21,122,1,0,19.34,92.54
2023-04-03,1,P007,Electronics,421.0,0,22,100,0,1,26.94,98.49
2023-04-04,1,P007,Electronics,421.0,0,17,83,0,0,27.32,96.45
2023-04-05,1,P007,Electronics,421.0,0,19,64,0,1,28.24,97.92
2023-04-06,1,P007,Electronics,357.85,15,29,35,0,0,19.25,89.14
2023-04-07,1,P007,Electronics,421.0,0,17,123,0,1,20.4,95.33
2023-04-08,1,P007,Electronics,378.9,10,25,98,1,0,24.01,96.32
2023-04-09,1,P007,Electronics,421.0,0,17,81,1,0,33.02,92.11
2023-04-10,1,P007,Electronics,378.9,10,28,53,0,1,19.35,94.34
2023-04-11,1,P007,Electronics,399.95,5,11,42,0,0,20.46,93.44
2023-04-12,1,P007,Electronics,357.85,15,18,24,0,0,23.64,96.22
2023-04-13,1,P007,Electronics,378.9,10,20,120,0,0,25.72,96.85
2023-04-14,1,P007,Electronics,378.9,10,26,94,0,0,31.0,98.68
2023-04-15,1,P007,Electronics,399.95,5,20,74,1,0,24.78,94.67
2023-04-16,1,P007,Electronics,378.9,10,28,46,1,1,28.88,95.28
2023-04-17,1,P007,Electronics,421.0,0,15,31,0,0,27.76,93.0
2023-04-18,1,P007,Electronics,357.85,15,15,128,0,0,24.07,98.22
2023-04-19,1,P007,Electronics,357.85,15,29,99,0,0,21.84,94.38
2023-04-20,1,P007,Electronics,421.0,0,17,82,0,1,25.81,98.49
2023-04-21,1,P007,Electronics,336.8,20,20,62,0,0,18.24,93.52
2023-04-22,1,P007,Electronics,378.9,10,21,41,1,0,17.72,95.44
2023-04-23,1,P007,Electronics,421.0,0,12,29,1,0,28.01,92.72
2023-04-24,1,P007,Electronics,421.0,0,16,114,0,0,23.76,95.54
2023-04-25,1,P007,Electronics,421.0,0,6,108,0,0,23.05,97.19
2023-04-26,1,P007,Electronics,378.9,10,19,89,0,0,22.4,97.72
2023-04-27,1,P007,Electronics,399.95,5,16,73,0,0,30.61,91.92
2023-04-28,1,P007,Electronics,421.0,0,13,60,0,0,21.06,94.73
2023-04-29,1,P007,Electronics,421.0,0,24,36,1,1,16.21,95.62
2023-04-30,1,P007,Electronics,421.0,0,20,159,1,0,19.7,96.43
2023-05-01,1,P007,Electronics,421.0,0,13,146,0,0,21.78,91.6
2023-05-02,1,P007,Electronics,421.0,0,10,136,0,0,22.5,97.47
2023-05-03,1,P007,Electronics,421.0,0,13,123,0,1,18.06,92.7
2023-05-04,1,P007,Electronics,421.0,0,9,114,0,0,38.23,93.52
2023-05-05,1,P007,Electronics,421.0,0,12,102,0,0,16.54,94.89
2023-05-06,1,P007,Electronics,357.85,15,33,69,1,0,26.83,98.4
2023-05-07,1,P007,Electronics,421.0,0,15,54,1,0,28.16,93.01
2023-05-08,1,P007,Electronics,421.0,0,19,35,0,1,26.4,94.39
2023-05-09,1,P007,Electronics,399.95,5,18,113,0,1,29.41,92.05
2023-05-10,1,P007,Electronics,399.95,5,20,93,0,0,24.48,96.21
2023-05-11,1,P007,Electronics,336.8,20,27,66,0,1,26.8,91.36
2023-05-12,1,P007,Electronics,378.9,10,19,47,0,0,27.99,96.26
2023-05-13,1,P007,Electronics,399.95,5,23,24,1,0,27.45,94.6
2023-05-14,1,P007,Electronics,336.8,20,24,134,1,0,16.42,95.08
2023-05-15,1,P007,Electronics,336.8,20,24,110,0,0,27.52,95.77
2023-05-16,1,P007,Electronics,421.0,0,22,88,0,0,22.08,96.72
2023-05-17,1,P007,Electronics,378.9,10,25,63,0,1,28.73,96.8
2023-05-18,1,P007,Electronics,378.9,10,13,50,0,0,32.64,93.22
2023-05-19,1,P007,Electronics,421.0,0,21,29,0,0,21.33,94.98
2023-05-20,1,P007,Electronics,399.95,5,15,129,1,0,27.72,97.25
2023-05-21,1,P007,Electronics,378.9,10,22,107,1,1,25.05,92.86
2023-05-22,1,P007,Electronics,378.9,10,23,84,0,1,25.23,94.8
2023-05-23,1,P007,Electronics,421.0,0,6,78,0,0,23.2,94.58
2023-05-24,1,P007,Electronics,421.0,0,17,61,0,0,26.93,92.22
2023-05-25,1,P007,Electronics,357.85,15,29,32,0,0,23.21,93.79
2023-05-26,1,P007,Electronics,421.0,0,12,20,0,1,29.14,92.78
2023-05-27,1,P007,Electronics,399.95,5,20,91,1,0,22.49,95.74
2023-05-28,1,P007,Electronics,399.95,5,16,75,1,1,19.88,93.96
2023-05-29,1,P007,Electronics,336.8,20,33,42,0,0,21.83,94.2
2023-05-30,1,P007,Electronics,399.95,5,23,102,0,0,22.84,96.46
2023-05-31,1,P007,Electronics,421.0,0,17,85,0,1,30.92,94.78
2023-06-01,1,P007,Electronics,378.9,10,24,61,0,0,29.58,95.2
2023-06-02,1,P007,Electronics,421.0,0,14,47,0,1,22.38,91.36
2023-06-03,1,P007,Electronics,399.95,5,16,31,1,0,19.65,95.7
2023-06-04,1,P007,Electronics,421.0,0,12,164,1,0,19.35,92.42
2023-06-05,1,P007,Electronics,421.0,0,9,155,0,0,19.01,94.06
2023-06-06,1,P007,Electronics,399.95,5,10,145,0,0,27.92,91.44
2023-06-07,1,P007,Electronics,399.95,5,17,128,0,0,28.52,94.77
2023-06-08,1,P007,Electronics,421.0,0,18,110,0,0,23.36,96.32
2023-06-09,1,P007,Electronics,357.85,15,18,92,0,1,30.48,96.24
2023-06-10,1,P007,Electronics,421.0,0,27,65,1,1,31.31,93.09
2023-06-11,1,P007,Electronics,357.85,15,19,46,1,0,28.67,97.08
2023-06-12,1,P007,Electronics,421.0,0,9,37,0,0,23.3,90.89
2023-06-13,1,P007,Electronics,399.95,5,24,111,0,1,17.88,94.06
2023-06-14,1,P007,Electronics,357.85,15,22,89,0,0,19.45,92.99
2023-06-15,1,P007,Electronics,357.85,15,28,61,0,1,35.36,98.81
2023-06-16,1,P007,Electronics,421.0,0,22,39,0,0,23.91,93.71
2023-06-17,1,P007,Electronics,399.95,5,16,23,1,0,27.06,96.91
2023-06-18,1,P007,Electronics,378.9,10,25,91,1,0,21.4,93.89
2023-06-19,1,P007,Electronics,378.9,10,23,68,0,0,27.3,92.54
2023-06-20,1,P007,Electronics,421.0,0,23,45,0,1,24.81,95.27
2023-06-21,1,P007,Electronics,421.0,0,17,28,0,0,18.27,90.74
2023-06-22,1,P007,Electronics,399.95,5,13,125,0,1,26.85,94.89
2023-06-23,1,P007,Electronics,357.85,15,25,100,0,0,25.43,91.02
2023-06-24,1,P007,Electronics,357.85,15,28,72,1,0,19.23,95.2
2023-06-25,1,P007,Electronics,421.0,0,20,52,1,0,25.14,97.16
2023-06-26,1,P007,Electronics,336.8,20,39,107,0,1,36.43,99.35
2023-06-27,1,P007,Electronics,399.95,5,7,100,0,0,26.21,93.84
2023-06-28,1,P007,Electronics,421.0,0,19,81,0,1,31.59,93.62
2023-06-29,1,P007,Electronics,378.9,10,12,69,0,0,29.91,92.09
2023-06-30,1,P007,Electronics,336.8,20,30,39,0,1,29.85,93.98
2023-07-01,1,P007,Electronics,378.9,10,27,129,1,1,20.02,96.02
2023-07-02,1,P007,Electronics,421.0,0,22,107,1,1,19.92,93.57
2023-07-03,1,P007,Electronics,357.85,15,21,86,0,0,28.62,97.84
2023-07-04,1,P007,Electronics,357.85,15,20,66,0,0,26.12,96.96
2023-07-05,1,P007,Electronics,378.9,10,11,55,0,0,24.07,94.54
2023-07-06,1,P007,Electronics,399.95,5,20,35,0,0,21.61,91.87
2023-07-07,1,P007,Electronics,399.95,5,15,20,0,0,25.78,92.48
2023-07-08,1,P007,Electronics,421.0,0,18,98,1,0,26.51,95.03
2023-07-09,1,P007,Electronics,378.9,10,29,69,1,0,26.16,93.29
2023-07-10,1,P007,Electronics,421.0,0,19,50,0,1,21.36,95.78
2023-07-11,1,P007,Electronics,421.0,0,18,32,0,0,26.95,96.07
2023-07-12,1,P007,Electronics,399.95,5,20,100,0,1,30.76,93.91
2023-07-13,1,P007,Electronics,421.0,0,21,79,0,1,22.49,94.29
2023-07-14,1,P007,Electronics,421.0,0,8,71,0,0,25.86,93.54
2023-07-15,1,P007,Electronics,421.0,0,16,55,1,0,33.05,94.76
2023-07-16,1,P007,Electronics,421.0,0,18,37,1,0,22.09,90.99
2023-07-17,1,P007,Electronics,421.0,0,15,22,0,1,21.41,93.46
2023-07-18,1,P007,Electronics,378.9,10,19,114,0,0,33.05,96.09
2023-07-19,1,P007,Electronics,421.0,0,20,94,0,0,23.54,95.78
2023-07-20,1,P007,Electronics,357.85,15,33,61,0,1,16.5,91.39
2023-07-21,1,P007,Electronics,421.0,0,25,36,0,1,33.35,95.06
2023-07-22,1,P007,Electronics,378.9,10,29,113,1,1,23.39,96.41
2023-07-23,1,P007,Electronics,399.95,5,20,93,1,0,36.11,93.34
2023-07-24,1,P007,Electronics,399.95,5,7,86,0,0,23.31,95.67
2023-07-25,1,P007,Electronics,399.95,5,13,73,0,0,20.1,93.75
2023-07-26,1,P007,Electronics,357.85,15,27,46,0,1,25.38,95.47
2023-07-27,1,P007,Electronics,399.95,5,7,39,0,0,26.77,97.19
2023-07-28,1,P007,Electronics,421.0,0,25,163,0,1,23.29,93.92
2023-07-29,1,P007,Electronics,357.85,15,28,135,1,0,20.06,95.89
2023-07-30,1,P007,Electronics,421.0,0,19,116,1,1,30.18,93.66
2023-07-31,1,P007,Electronics,421.0,0,19,97,0,0,22.02,95.76
2023-08-01,1,P007,Electronics,378.9,10,24,73,0,1,26.87,93.3
2023-08-02,1,P007,Electronics,421.0,0,17,56,0,0,25.52,98.15
2023-08-03,1,P007,Electronics,421.0,0,19,37,0,0,15.41,94.43
2023-08-04,1,P007,Electronics,399.95,5,27,120,0,1,25.89,92.71
2023-08-05,1,P007,Electronics,336.8,20,27,93,1,1,24.97,96.47
2023-08-06,1,P007,Electronics,421.0,0,18,75,1,0,23.15,94.58
2023-08-07,1,P007,Electronics,336.8,20,27,48,0,0,32.0,95.91
2023-08-08,1,P007,Electronics,421.0,0,13,35,0,0,38.77,97.82
2023-08-09,1,P007,Electronics,421.0,0,13,22,0,0,32.15,95.4
2023-08-10,1,P007,Electronics,421.0,0,24,115,0,0,31.38,93.39
2023-08-11,1,P007,Electronics,421.0,0,10,105,0,0,26.93,94.94
2023-08-12,1,P007,Electronics,378.9,10,18,87,1,0,12.35,98.39
2023-08-13,1,P007,Electronics,421.0,0,31,56,1,1,34.77,94.34
2023-08-14,1,P007,Electronics,421.0,0,12,44,0,0,23.17,95.45
2023-08-15,1,P007,Electronics,421.0,0,9,35,0,0,27.08,94.05
2023-08-16,1,P007,Electronics,399.95,5,17,114,0,1,20.79,94.47
2023-08-17,1,P007,Electronics,357.85,15,31,83,0,1,27.83,96.93
2023-08-18,1,P007,Electronics,336.8,20,14,69,0,0,20.01,92.6
2023-08-19,1,P007,Electronics,421.0,0,21,48,1,1,24.17,94.28
2023-08-20,1,P007,Electronics,378.9,10,22,26,1,1,22.34,94.92
2023-08-21,1,P007,Electronics,378.9,10,22,111,0,0,21.57,92.95
2023-08-22,1,P007,Electronics,378.9,10,18,93,0,0,32.27,95.87
2023-08-23,1,P007,Electronics,421.0,0,16,77,0,0,20.97,93.4
2023-08-24,1,P007,Electronics,399.95,5,15,62,0,0,25.58,95.77
2023-08-25,1,P007,Electronics,378.9,10,24,38,0,1,28.98,95.25
2023-08-26,1,P007,Electronics,421.0,0,26,126,1,0,22.05,94.62
2023-08-27,1,P007,Electronics,399.95,5,14,112,1,0,28.49,89.49
2023-08-28,1,P007,Electronics,378.9,10,30,82,0,0,20.46,94.11
2023-08-29,1,P007,Electronics,421.0,0,23,59,0,1,20.97,96.52
2023-08-30,1,P007,Electronics,421.0,0,11,48,0,0,17.9,93.94
2023-08-31,1,P007,Electronics,357.85,15,21,27,0,0,20.21,93.85
2023-09-01,1,P007,Electronics,421.0,0,25,137,0,1,29.67,92.5
2023-09-02,1,P007,Electronics,421.0,0,19,118,1,0,17.32,100.32
2023-09-03,1,P007,Electronics,336.8,20,23,95,1,0,22.17,94.5
2023-09-04,1,P007,Electronics,421.0,0,20,75,0,1,18.34,94.14
2023-09-05,1,P007,Electronics,378.9,10,16,59,0,0,23.01,94.47
2023-09-06,1,P007,Electronics,421.0,0,16,43,0,0,20.02,94.95
2023-09-07,1,P007,Electronics,421.0,0,20,23,0,1,28.95,94.53
2023-09-08,1,P007,Electronics,421.0,0,24,94,0,1,24.57,94.77
2023-09-09,1,P007,Electronics,421.0,0,17,77,1,0,30.82,94.71
2023-09-10,1,P007,Electronics,421.0,0,15,62,1,0,16.93,97.21
2023-09-11,1,P007,Electronics,421.0,0,22,40,0,0,29.38,92.74
2023-09-12,1,P007,Electronics,399.95,5,34,135,0,1,27.1,93.86
2023-09-13,1,P007,Electronics,357.85,15,30,105,0,0,20.88,89.13
2023-09-14,1,P007,Electronics,421.0,0,11,94,0,0,27.67,94.83
2023-09-15,1,P007,Electronics,399.95,5,23,71,0,0,30.44,95.31
2023-09-16,1,P007,Electronics,357.85,15,28,43,1,0,30.08,92.07
2023-09-17,1,P007,Electronics,378.9,10,25,113,1,0,29.66,93.38
2023-09-18,1,P007,Electronics,378.9,10,22,91,0,0,33.92,95.81
2023-09-19,1,P007,Electronics,378.9,10,26,65,0,1,24.17,99.85
2023-09-20,1,P007,Electronics,399.95,5,13,52,0,0,25.73,95.66
2023-09-21,1,P007,Electronics,421.0,0,20,32,0,0,24.51,97.37
2023-09-22,1,P007,Electronics,421.0,0,9,23,0,0,19.98,94.18
2023-09-23,1,P007,Electronics,378.9,10,20,147,1,0,28.6,93.19
2023-09-24,1,P007,Electronics,378.9,10,19,128,1,0,26.26,93.7
2023-09-25,1,P007,Electronics,421.0,0,13,115,0,0,19.73,96.67
2023-09-26,1,P007,Electronics,421.0,0,16,99,0,0,19.59,94.51
2023-09-27,1,P007,Electronics,421.0,0,14,85,0,0,33.29,96.55
2023-09-28,1,P007,Electronics,399.95,5,14,71,0,0,13.61,95.75
2023-09-29,1,P007,Electronics,357.85,15,18,53,0,0,16.31,96.77
2023-09-30,1,P007,Electronics,399.95,5,22,31,1,1,29.21,93.44
2023-10-01,1,P007,Electronics,421.0,0,35,100,1,1,12.36,95.39
2023-10-02,1,P007,Electronics,421.0,0,18,82,0,1,23.03,97.41
2023-10-03,1,P007,Electronics,378.9,10,13,69,0,0,30.55,95.07
2023-10-04,1,P007,Electronics,421.0,0,23,46,0,1,26.21,95.08
2023-10-05,1,P007,Electronics,421.0,0,13,33,0,0,22.89,99.9
2023-10-06,1,P007,Electronics,421.0,0,17,156,0,0,16.1,94.52
2023-10-07,1,P007,Electronics,421.0,0,25,131,1,1,30.43,97.29
2023-10-08,1,P007,Electronics,336.8,20,37,94,1,0,31.06,96.04
2023-10-09,1,P007,Electronics,421.0,0,9,85,0,0,22.47,95.31
2023-10-10,1,P007,Electronics,421.0,0,19,66,0,0,26.4,94.22
2023-10-11,1,P007,Electronics,421.0,0,15,51,0,0,20.88,94.8
2023-10-12,1,P007,Electronics,399.95,5,12,39,0,0,29.49,96.88
2023-10-13,1,P007,Electronics,399.95,5,11,28,0,0,20.78,93.03
2023-10-14,1,P007,Electronics,421.0,0,15,146,1,0,21.03,93.89
2023-10-15,1,P007,Electronics,378.9,10,18,128,1,0,18.87,95.16
2023-10-16,1,P007,Electronics,378.9,10,23,105,0,0,26.14,92.82
2023-10-17,1,P007,Electronics,336.8,20,27,78,0,0,22.36,95.83
2023-10-18,1,P007,Electronics,421.0,0,6,72,0,0,33.9,96.11
2023-10-19,1,P007,Electronics,399.95,5,22,50,0,0,27.03,92.06
2023-10-20,1,P007,Electronics,357.85,15,21,29,0,0,24.86,94.94
2023-10-21,1,P007,Electronics,421.0,0,17,125,1,0,23.75,93.27
2023-10-22,1,P007,Electronics,357.85,15,37,88,1,1,28.17,97.93
2023-10-23,1,P007,Electronics,421.0,0,13,75,0,0,19.51,94.06
2023-10-24,1,P007,Electronics,421.0,0,16,59,0,0,32.38,94.02
2023-10-25,1,P007,Electronics,421.0,0,16,43,0,1,25.89,92.42
2023-10-26,1,P007,Electronics,421.0,0,7,36,0,0,29.11,98.32
2023-10-27,1,P007,Electronics,421.0,0,19,125,0,0,30.44,95.87
2023-10-28,1,P007,Electronics,421.0,0,16,109,1,0,30.71,94.31
2023-10-29,1,P007,Electronics,357.85,15,29,80,1,1,13.96,94.07
2023-10-30,1,P007,Electronics,421.0,0,18,62,0,0,25.44,91.44
2023-10-31,1,P007,Electronics,378.9,10,27,35,0,1,26.29,94.74
2023-11-01,1,P007,Electronics,399.95,5,17,134,0,0,25.22,94.13
2023-11-02,1,P007,Electronics,399.95,5,21,113,0,1,20.6,96.39
2023-11-03,1,P007,Electronics,421.0,0,9,104,0,0,20.11,94.05
2023-11-04,1,P007,Electronics,378.9,10,22,82,1,1,26.12,93.1
2023-11-05,1,P007,Electronics,378.9,10,24,58,1,0,23.32,95.24
2023-11-06,1,P007,Electronics,378.9,10,20,38,0,0,28.27,96.15
2023-11-07,1,P007,Electronics,399.95,5,24,130,0,1,22.97,94.82
2023-11-08,1,P007,Electronics,399.95,5,19,111,0,0,23.97,92.26
2023-11-09,1,P007,Electronics,399.95,5,19,92,0,0,30.32,95.9
2023-11-10,1,P007,Electronics,421.0,0,12,80,0,0,25.89,95.91
