retail_demand_dataset.csv
date,store_id,product_id,category,price,discount,units_sold,inventory_level,holiday,promotion,temperature,fuel_price
2023-11-11,1,P007,Electronics,357.85,15,23,57,1,0,19.02,92.41
2023-11-12,1,P007,Electronics,378.9,10,23,34,1,0,15.03,95.52
2023-11-13,1,P007,Electronics,421.0,0,17,99,0,0,18.99,96.16
2023-11-14,1,P007,Electronics,399.95,5,20,79,0,0,25.86,92.0
2023-11-15,1,P007,Electronics,378.9,10,26,53,0,1,23.58,95.54
2023-11-16,1,P007,Electronics,399.95,5,27,26,0,1,28.67,95.13
2023-11-17,1,P007,Electronics,357.85,15,16,92,0,0,29.56,96.8
2023-11-18,1,P007,Electronics,421.0,0,20,72,1,0,27.98,95.54
2023-11-19,1,P007,Electronics,421.0,0,16,56,1,1,23.07,95.75
2023-11-20,1,P007,Electronics,421.0,0,8,48,0,0,25.21,93.79
2023-11-21,1,P007,Electronics,421.0,0,21,27,0,0,21.17,95.03
2023-11-22,1,P007,Electronics,357.85,15,17,157,0,0,30.07,95.64
2023-11-23,1,P007,Electronics,421.0,0,13,144,0,0,26.48,95.19
2023-11-24,1,P007,Electronics,421.0,0,8,136,0,0,20.77,92.24
2023-11-25,1,P007,Electronics,357.85,15,35,101,1,1,22.3,95.28
2023-11-26,1,P007,Electronics,378.9,10,28,73,1,1,28.39,96.76
2023-11-27,1,P007,Electronics,378.9,10,22,51,0,0,22.38,96.46
2023-11-28,1,P007,Electronics,421.0,0,18,33,0,1,32.16,94.15
2023-11-29,1,P007,Electronics,421.0,0,18,136,0,0,24.04,94.7
2023-11-30,1,P007,Electronics,421.0,0,15,121,0,0,26.57,93.9
2023-12-01,1,P007,Electronics,378.9,10,16,105,0,0,29.38,96.15
2023-12-02,1,P007,Electronics,399.95,5,14,91,1,0,29.16,91.57
2023-12-03,1,P007,Electronics,357.85,15,25,66,1,0,21.43,96.09
2023-12-04,1,P007,Electronics,399.95,5,13,53,0,0,20.02,97.25
2023-12-05,1,P007,Electronics,399.95,5,15,38,0,0,25.28,95.49
2023-12-06,1,P007,Electronics,357.85,15,14,24,0,0,25.75,95.52
2023-12-07,1,P007,Electronics,399.95,5,20,87,0,0,18.71,95.67
2023-12-08,1,P007,Electronics,357.85,15,21,66,0,1,35.65,95.81
2023-12-09,1,P007,Electronics,378.9,10,22,44,1,0,22.15,96.92
2023-12-10,1,P007,Electronics,421.0,0,18,26,1,0,27.08,93.17
2023-12-11,1,P007,Electronics,421.0,0,27,103,0,1,25.35,97.2
2023-12-12,1,P007,Electronics,399.95,5,14,89,0,0,29.55,92.65
2023-12-13,1,P007,Electronics,357.85,15,24,65,0,0,24.69,95.31
2023-12-14,1,P007,Electronics,421.0,0,16,49,0,0,33.42,97.47
2023-12-15,1,P007,Electronics,399.95,5,13,36,0,0,30.27,93.68
2023-12-16,1,P007,Electronics,421.0,0,22,140,1,1,14.71,95.79
2023-12-17,1,P007,Electronics,399.95,5,15,125,1,0,28.95,94.4
2023-12-18,1,P007,Electronics,399.95,5,17,108,0,0,27.83,93.97
2023-12-19,1,P007,Electronics,357.85,15,29,79,0,1,20.89,92.07
2023-12-20,1,P007,Electronics,421.0,0,24,55,0,1,23.07,94.53
2023-12-21,1,P007,Electronics,357.85,15,24,31,0,0,30.55,94.79
2023-12-22,1,P007,Electronics,421.0,0,9,22,0,0,28.15,97.26
2023-12-23,1,P007,Electronics,421.0,0,25,90,1,1,25.74,89.94
2023-12-24,1,P007,Electronics,421.0,0,30,60,1,1,24.86,92.82
2023-12-25,1,P007,Electronics,421.0,0,16,44,0,0,23.37,94.88
2023-12-26,1,P007,Electronics,336.8,20,18,26,0,0,15.67,97.52
2023-12-27,1,P007,Electronics,357.85,15,20,153,0,0,27.19,91.21
2023-12-28,1,P007,Electronics,421.0,0,14,139,0,0,28.07,94.45
2023-12-29,1,P007,Electronics,421.0,0,18,121,0,0,35.43,97.67
2023-12-30,1,P007,Electronics,421.0,0,25,96,1,0,20.72,94.01
2023-12-31,1,P007,Electronics,421.0,0,21,75,1,0,18.97,90.12
2023-01-01,1,P008,Groceries,50.4,10,24,131,1,0,22.78,98.26
2023-01-02,1,P008,Groceries,50.4,10,20,111,0,0,29.69,95.87
2023-01-03,1,P008,Groceries,44.8,20,28,83,0,0,24.15,98.48
2023-01-04,1,P008,Groceries,56.0,0,15,68,0,0,21.74,95.36
2023-01-05,1,P008,Groceries,56.0,0,24,44,0,1,27.97,96.91
2023-01-06,1,P008,Groceries,56.0,0,8,36,0,0,24.89,96.49
2023-01-07,1,P008,Groceries,53.2,5,23,148,1,0,29.14,96.02
2023-01-08,1,P008,Groceries,44.8,20,23,125,1,0,24.61,92.96
2023-01-09,1,P008,Groceries,56.0,0,8,117,0,0,34.56,95.48
2023-01-10,1,P008,Groceries,53.2,5,23,94,0,1,19.99,95.72
2023-01-11,1,P008,Groceries,56.0,0,24,70,0,1,27.09,95.81
2023-01-12,1,P008,Groceries,56.0,0,11,59,0,0,25.49,93.29
2023-01-13,1,P008,Groceries,56.0,0,14,45,0,0,30.6,95.78
2023-01-14,1,P008,Groceries,56.0,0,22,23,1,0,33.3,94.13
2023-01-15,1,P008,Groceries,50.4,10,19,150,1,0,24.04,95.39
2023-01-16,1,P008,Groceries,44.8,20,30,120,0,0,22.78,92.87
2023-01-17,1,P008,Groceries,56.0,0,16,104,0,0,27.95,92.06
2023-01-18,1,P008,Groceries,56.0,0,9,95,0,0,21.58,94.58
2023-01-19,1,P008,Groceries,56.0,0,15,80,0,0,28.4,96.89
2023-01-20,1,P008,Groceries,53.2,5,19,61,0,0,25.86,92.55
2023-01-21,1,P008,Groceries,56.0,0,13,48,1,0,32.15,93.65
2023-01-22,1,P008,Groceries,56.0,0,16,32,1,0,17.02,93.94
2023-01-23,1,P008,Groceries,53.2,5,17,129,0,0,28.96,98.34
2023-01-24,1,P008,Groceries,53.2,5,16,113,0,0,16.06,92.98
2023-01-25,1,P008,Groceries,50.4,10,20,93,0,0,29.28,97.9
2023-01-26,1,P008,Groceries,53.2,5,25,68,0,1,31.82,95.6
2023-01-27,1,P008,Groceries,50.4,10,23,45,0,0,15.04,93.98
2023-01-28,1,P008,Groceries,56.0,0,10,35,1,0,38.32,98.75
2023-01-29,1,P008,Groceries,53.2,5,19,159,1,0,26.22,97.64
2023-01-30,1,P008,Groceries,56.0,0,17,142,0,1,24.06,94.6
2023-01-31,1,P008,Groceries,56.0,0,17,125,0,0,28.96,94.73
2023-02-01,1,P008,Groceries,56.0,0,11,114,0,0,30.67,96.94
2023-02-02,1,P008,Groceries,47.6,15,18,96,0,0,20.72,93.28
2023-02-03,1,P008,Groceries,56.0,0,16,80,0,1,27.71,99.65
2023-02-04,1,P008,Groceries,47.6,15,30,50,1,0,35.52,89.71
2023-02-05,1,P008,Groceries,56.0,0,23,27,1,1,32.9,98.34
2023-02-06,1,P008,Groceries,50.4,10,19,95,0,0,26.16,93.81
2023-02-07,1,P008,Groceries,56.0,0,23,72,0,1,23.49,96.32
2023-02-08,1,P008,Groceries,56.0,0,24,48,0,1,25.42,89.96
2023-02-09,1,P008,Groceries,56.0,0,12,36,0,0,18.32,92.91
2023-02-10,1,P008,Groceries,53.2,5,13,23,0,0,26.11,95.64
2023-02-11,1,P008,Groceries,50.4,10,34,86,1,0,32.08,96.7
2023-02-12,1,P008,Groceries,56.0,0,17,69,1,1,33.27,92.76
2023-02-13,1,P008,Groceries,56.0,0,15,54,0,0,29.33,94.87
2023-02-14,1,P008,Groceries,50.4,10,24,30,0,0,17.91,97.17
2023-02-15,1,P008,Groceries,50.4,10,31,103,0,1,23.8,95.78
2023-02-16,1,P008,Groceries,56.0,0,6,97,0,0,31.97,96.39
2023-02-17,1,P008,Groceries,53.2,5,18,79,0,0,22.4,95.38
2023-02-18,1,P008,Groceries,56.0,0,13,66,1,0,37.94,95.82
2023-02-19,1,P008,Groceries,56.0,0,20,46,1,0,31.1,93.65
2023-02-20,1,P008,Groceries,56.0,0,17,29,0,0,25.34,95.76
2023-02-21,1,P008,Groceries,50.4,10,26,95,0,0,26.08,95.87
2023-02-22,1,P008,Groceries,56.0,0,21,74,0,1,26.6,95.24
2023-02-23,1,P008,Groceries,56.0,0,25,49,0,1,20.71,94.5
2023-02-24,1,P008,Groceries,50.4,10,22,27,0,0,28.38,99.4
2023-02-25,1,P008,Groceries,44.8,20,29,114,1,0,31.74,90.87
2023-02-26,1,P008,Groceries,50.4,10,22,92,1,0,24.64,96.1
2023-02-27,1,P008,Groceries,56.0,0,15,77,0,1,30.56,96.76
2023-02-28,1,P008,Groceries,44.8,20,16,61,0,0,27.44,92.77
2023-03-01,1,P008,Groceries,56.0,0,19,42,0,1,20.56,90.47
2023-03-02,1,P008,Groceries,50.4,10,16,26,0,0,15.01,93.95
2023-03-03,1,P008,Groceries,53.2,5,12,113,0,0,23.6,93.25
2023-03-04,1,P008,Groceries,56.0,0,19,94,1,0,25.05,94.78
2023-03-05,1,P008,Groceries,53.2,5,24,70,1,0,26.34,94.46
2023-03-06,1,P008,Groceries,53.2,5,14,56,0,0,27.27,93.22
2023-03-07,1,P008,Groceries,56.0,0,18,38,0,1,23.02,94.27
2023-03-08,1,P008,Groceries,56.0,0,14,24,0,1,12.2,93.03
2023-03-09,1,P008,Groceries,56.0,0,10,111,0,0,28.82,96.18
2023-03-10,1,P008,Groceries,56.0,0,17,94,0,1,28.82,87.92
2023-03-11,1,P008,Groceries,56.0,0,21,73,1,1,19.83,95.74
2023-03-12,1,P008,Groceries,53.2,5,22,51,1,0,18.76,97.92
2023-03-13,1,P008,Groceries,53.2,5,11,40,0,0,25.87,96.06
2023-03-14,1,P008,Groceries,53.2,5,13,27,0,0,22.28,95.63
2023-03-15,1,P008,Groceries,56.0,0,17,154,0,0,26.43,96.02
2023-03-16,1,P008,Groceries,50.4,10,22,132,0,0,23.74,91.69
2023-03-17,1,P008,Groceries,50.4,10,19,113,0,0,18.52,91.88
2023-03-18,1,P008,Groceries,56.0,0,17,96,1,0,26.02,95.41
2023-03-19,1,P008,Groceries,53.2,5,21,75,1,0,25.31,95.3
2023-03-20,1,P008,Groceries,56.0,0,14,61,0,0,31.44,95.8
2023-03-21,1,P008,Groceries,56.0,0,18,43,0,0,25.78,95.51
2023-03-22,1,P008,Groceries,56.0,0,22,21,0,1,26.71,93.14
2023-03-23,1,P008,Groceries,56.0,0,26,137,0,1,20.66,96.71
2023-03-24,1,P008,Groceries,44.8,20,27,110,0,1,23.57,97.09
2023-03-25,1,P008,Groceries,56.0,0,19,91,1,1,20.17,94.79
2023-03-26,1,P008,Groceries,53.2,5,22,69,1,1,25.53,97.44
2023-03-27,1,P008,Groceries,47.6,15,19,50,0,0,32.29,96.37
2023-03-28,1,P008,Groceries,56.0,0,23,27,0,1,27.15,94.84
2023-03-29,1,P008,Groceries,56.0,0,14,138,0,0,25.05,98.4
2023-03-30,1,P008,Groceries,56.0,0,11,127,0,0,31.56,99.78
2023-03-31,1,P008,Groceries,53.2,5,25,102,0,0,19.56,91.09
2023-04-01,1,P008,Groceries,56.0,0,16,86,1,1,27.49,93.71
2023-04-02,1,P008,Groceries,53.2,5,22,64,1,0,26.57,93.65
2023-04-03,1,P008,Groceries,50.4,10,17,47,0,0,18.6,93.61
2023-04-04,1,P008,Groceries,44.8,20,24,23,0,0,20.39,91.95
2023-04-05,1,P008,Groceries,53.2,5,25,125,0,1,23.38,96.3
2023-04-06,1,P008,Groceries,56.0,0,17,108,0,0,20.73,98.23
2023-04-07,1,P008,Groceries,56.0,0,23,85,0,0,26.8,94.96
2023-04-08,1,P008,Groceries,47.6,15,22,63,1,1,28.84,92.89
2023-04-09,1,P008,Groceries,50.4,10,28,35,1,0,25.85,95.75
2023-04-10,1,P008,Groceries,56.0,0,9,26,0,0,19.09,93.95
2023-04-11,1,P008,Groceries,53.2,5,29,145,0,1,26.05,93.85
2023-04-12,1,P008,Groceries,50.4,10,27,118,0,1,21.89,94.99
2023-04-13,1,P008,Groceries,56.0,0,11,107,0,0,18.91,91.94
2023-04-14,1,P008,Groceries,53.2,5,19,88,0,1,27.14,98.85
2023-04-15,1,P008,Groceries,56.0,0,15,73,1,0,22.96,93.34
2023-04-16,1,P008,Groceries,56.0,0,19,54,1,0,33.0,98.41
2023-04-17,1,P008,Groceries,53.2,5,26,28,0,1,21.98,93.96
2023-04-18,1,P008,Groceries,47.6,15,19,120,0,0,21.32,95.04
2023-04-19,1,P008,Groceries,50.4,10,15,105,0,0,16.54,96.76
2023-04-20,1,P008,Groceries,53.2,5,19,86,0,0,27.57,93.9
2023-04-21,1,P008,Groceries,56.0,0,9,77,0,0,24.0,95.95
2023-04-22,1,P008,Groceries,53.2,5,19,58,1,0,24.33,95.73
2023-04-23,1,P008,Groceries,50.4,10,24,34,1,0,30.5,95.16
2023-04-24,1,P008,Groceries,44.8,20,27,107,0,1,32.71,94.99
2023-04-25,1,P008,Groceries,47.6,15,19,88,0,0,28.75,91.51
2023-04-26,1,P008,Groceries,56.0,0,10,78,0,0,21.03,96.3
2023-04-27,1,P008,Groceries,56.0,0,13,65,0,0,27.68,93.15
2023-04-28,1,P008,Groceries,50.4,10,14,51,0,0,26.14,97.19
2023-04-29,1,P008,Groceries,56.0,0,25,26,1,0,22.39,95.32
2023-04-30,1,P008,Groceries,53.2,5,17,143,1,0,37.62,92.6
2023-05-01,1,P008,Groceries,56.0,0,21,122,0,1,25.08,94.02
2023-05-02,1,P008,Groceries,56.0,0,20,102,0,1,21.51,95.57
2023-05-03,1,P008,Groceries,50.4,10,18,84,0,0,27.57,97.79
2023-05-04,1,P008,Groceries,56.0,0,17,67,0,0,31.14,93.73
2023-05-05,1,P008,Groceries,56.0,0,6,61,0,0,20.0,92.59
2023-05-06,1,P008,Groceries,50.4,10,24,37,1,0,24.26,95.26
2023-05-07,1,P008,Groceries,50.4,10,23,160,1,0,30.35,95.56
2023-05-08,1,P008,Groceries,56.0,0,12,148,0,1,24.9,96.4
2023-05-09,1,P008,Groceries,47.6,15,18,130,0,0,29.01,96.17
2023-05-10,1,P008,Groceries,50.4,10,19,111,0,0,16.62,99.77
2023-05-11,1,P008,Groceries,56.0,0,8,103,0,0,26.25,93.52
2023-05-12,1,P008,Groceries,56.0,0,10,93,0,0,29.88,101.12
2023-05-13,1,P008,Groceries,53.2,5,23,70,1,1,19.38,91.38
2023-05-14,1,P008,Groceries,50.4,10,26,44,1,0,22.21,96.58
2023-05-15,1,P008,Groceries,47.6,15,31,101,0,0,21.33,92.84
2023-05-16,1,P008,Groceries,56.0,0,9,92,0,0,17.56,94.74
2023-05-17,1,P008,Groceries,44.8,20,24,68,0,0,19.13,92.63
2023-05-18,1,P008,Groceries,50.4,10,18,50,0,0,32.88,96.4
2023-05-19,1,P008,Groceries,50.4,10,18,32,0,1,29.51,93.7
2023-05-20,1,P008,Groceries,50.4,10,18,139,1,0,23.49,93.42
2023-05-21,1,P008,Groceries,44.8,20,24,115,1,0,20.78,95.67
2023-05-22,1,P008,Groceries,53.2,5,21,94,0,0,27.39,91.48
2023-05-23,1,P008,Groceries,53.2,5,17,77,0,0,23.3,92.39
2023-05-24,1,P008,Groceries,50.4,10,25,52,0,1,23.79,93.94
2023-05-25,1,P008,Groceries,50.4,10,12,40,0,0,21.89,96.79
2023-05-26,1,P008,Groceries,50.4,10,24,153,0,0,26.33,95.59
2023-05-27,1,P008,Groceries,56.0,0,15,138,1,0,20.49,95.29
2023-05-28,1,P008,Groceries,53.2,5,12,126,1,0,30.75,92.08
2023-05-29,1,P008,Groceries,47.6,15,24,102,0,0,25.37,93.0
2023-05-30,1,P008,Groceries,56.0,0,25,77,0,1,37.95,95.29
2023-05-31,1,P008,Groceries,47.6,15,20,57,0,0,27.55,93.37
2023-06-01,1,P008,Groceries,50.4,10,19,38,0,0,29.63,94.84
2023-06-02,1,P008,Groceries,56.0,0,19,145,0,0,22.15,92.64
2023-06-03,1,P008,Groceries,47.6,15,28,117,1,0,24.9,94.37
2023-06-04,1,P008,Groceries,53.2,5,19,98,1,0,23.52,96.25
2023-06-05,1,P008,Groceries,53.2,5,20,78,0,0,23.22,90.05
2023-06-06,1,P008,Groceries,56.0,0,23,55,0,0,26.51,97.62
2023-06-07,1,P008,Groceries,56.0,0,15,40,0,1,26.65,95.31
2023-06-08,1,P008,Groceries,56.0,0,13,27,0,0,21.23,93.91
2023-06-09,1,P008,Groceries,56.0,0,12,147,0,0,30.2,93.71
2023-06-10,1,P008,Groceries,56.0,0,31,116,1,1,32.89,96.83
2023-06-11,1,P008,Groceries,47.6,15,23,93,1,0,31.47,96.21
2023-06-12,1,P008,Groceries,56.0,0,12,81,0,0,27.45,97.15
2023-06-13,1,P008,Groceries,56.0,0,13,68,0,0,30.24,95.71
2023-06-14,1,P008,Groceries,56.0,0,15,53,0,0,21.33,93.7
2023-06-15,1,P008,Groceries,56.0,0,10,43,0,0,28.72,94.92
2023-06-16,1,P008,Groceries,47.6,15,20,23,0,0,28.63,93.28
2023-06-17,1,P008,Groceries,56.0,0,16,106,1,0,32.35,92.36
2023-06-18,1,P008,Groceries,56.0,0,10,96,1,0,34.25,94.78
2023-06-19,1,P008,Groceries,56.0,0,12,84,0,0,24.97,92.27
2023-06-20,1,P008,Groceries,50.4,10,21,63,0,0,15.27,96.22
2023-06-21,1,P008,Groceries,44.8,20,23,40,0,0,29.48,94.93
2023-06-22,1,P008,Groceries,56.0,0,9,31,0,0,27.62,94.81
2023-06-23,1,P008,Groceries,56.0,0,20,100,0,0,26.19,92.26
2023-06-24,1,P008,Groceries,53.2,5,14,86,1,0,21.66,95.63
2023-06-25,1,P008,Groceries,44.8,20,36,50,1,1,21.88,93.98
2023-06-26,1,P008,Groceries,53.2,5,17,33,0,0,29.1,98.68
2023-06-27,1,P008,Groceries,56.0,0,19,158,0,0,28.61,92.89
2023-06-28,1,P008,Groceries,56.0,0,18,140,0,1,29.08,96.36
2023-06-29,1,P008,Groceries,53.2,5,15,125,0,0,40.15,93.59
2023-06-30,1,P008,Groceries,50.4,10,27,98,0,1,21.47,95.28
2023-07-01,1,P008,Groceries,56.0,0,17,81,1,1,23.79,97.81
2023-07-02,1,P008,Groceries,56.0,0,21,60,1,0,12.77,96.79
2023-07-03,1,P008,Groceries,56.0,0,16,44,0,0,27.35,94.9
2023-07-04,1,P008,Groceries,56.0,0,8,36,0,0,24.45,92.75
2023-07-05,1,P008,Groceries,53.2,5,22,127,0,1,26.82,94.34
2023-07-06,1,P008,Groceries,53.2,5,18,109,0,0,17.54,93.43
2023-07-07,1,P008,Groceries,50.4,10,25,84,0,0,29.03,95.18
2023-07-08,1,P008,Groceries,56.0,0,25,59,1,1,26.57,96.81
2023-07-09,1,P008,Groceries,56.0,0,20,39,1,0,23.68,89.74
2023-07-10,1,P008,Groceries,50.4,10,21,102,0,0,30.29,96.41
2023-07-11,1,P008,Groceries,56.0,0,21,81,0,1,25.76,96.66
2023-07-12,1,P008,Groceries,53.2,5,22,59,0,0,27.94,94.73
2023-07-13,1,P008,Groceries,53.2,5,17,42,0,0,25.19,94.94
2023-07-14,1,P008,Groceries,53.2,5,18,24,0,0,21.6,94.06
2023-07-15,1,P008,Groceries,56.0,0,28,82,1,1,31.08,92.89
2023-07-16,1,P008,Groceries,56.0,0,17,65,1,0,28.01,95.2
2023-07-17,1,P008,Groceries,56.0,0,28,37,0,1,15.49,90.51
2023-07-18,1,P008,Groceries,53.2,5,27,94,0,1,16.89,96.94
2023-07-19,1,P008,Groceries,56.0,0,18,76,0,1,31.37,96.39
2023-07-20,1,P008,Groceries,56.0,0,23,53,0,1,25.72,95.29
2023-07-21,1,P008,Groceries,56.0,0,17,36,0,1,27.88,98.62
2023-07-22,1,P008,Groceries,56.0,0,15,21,1,0,13.42,100.28
2023-07-23,1,P008,Groceries,47.6,15,22,142,1,0,37.58,93.63
2023-07-24,1,P008,Groceries,53.2,5,24,118,0,1,21.19,92.74
2023-07-25,1,P008,Groceries,44.8,20,27,91,0,1,30.89,94.66
2023-07-26,1,P008,Groceries,53.2,5,19,72,0,0,22.39,93.98
2023-07-27,1,P008,Groceries,47.6,15,19,53,0,0,25.85,95.12
2023-07-28,1,P008,Groceries,53.2,5,28,25,0,1,20.46,96.42
2023-07-29,1,P008,Groceries,56.0,0,16,135,1,0,20.4,95.08
2023-07-30,1,P008,Groceries,56.0,0,21,114,1,0,20.61,92.93
2023-07-31,1,P008,Groceries,56.0,0,13,101,0,0,27.8,90.85
2023-08-01,1,P008,Groceries,53.2,5,24,77,0,1,24.97,94.31
2023-08-02,1,P008,Groceries,56.0,0,17,60,0,0,14.5,90.8
2023-08-03,1,P008,Groceries,53.2,5,25,35,0,1,22.06,94.9
2023-08-04,1,P008,Groceries,56.0,0,14,21,0,0,28.13,95.12
2023-08-05,1,P008,Groceries,56.0,0,19,143,1,0,23.45,95.52
2023-08-06,1,P008,Groceries,56.0,0,29,114,1,1,29.9,93.89
2023-08-07,1,P008,Groceries,56.0,0,21,93,0,1,20.4,96.6
2023-08-08,1,P008,Groceries,53.2,5,34,59,0,1,23.18,97.66
2023-08-09,1,P008,Groceries,56.0,0,12,47,0,0,21.59,96.67
2023-08-10,1,P008,Groceries,53.2,5,20,27,0,0,22.84,95.89
2023-08-11,1,P008,Groceries,56.0,0,16,123,0,0,33.99,94.97
2023-08-12,1,P008,Groceries,53.2,5,25,98,1,0,28.66,96.7
2023-08-13,1,P008,Groceries,47.6,15,25,73,1,0,28.89,95.32
2023-08-14,1,P008,Groceries,53.2,5,18,55,0,1,21.62,96.39
2023-08-15,1,P008,Groceries,56.0,0,15,40,0,1,27.46,96.43
2023-08-16,1,P008,Groceries,56.0,0,15,25,0,0,23.46,96.39
2023-08-17,1,P008,Groceries,44.8,20,29,86,0,1,28.18,97.44
2023-08-18,1,P008,Groceries,53.2,5,18,68,0,1,28.57,94.57
2023-08-19,1,P008,Groceries,56.0,0,22,46,1,0,30.97,95.06
2023-08-20,1,P008,Groceries,56.0,0,14,32,1,0,22.73,97.5
2023-08-21,1,P008,Groceries,50.4,10,20,119,0,0,21.47,95.24
2023-08-22,1,P008,Groceries,56.0,0,10,109,0,0,34.27,96.15
2023-08-23,1,P008,Groceries,44.8,20,24,85,0,0,28.88,92.59
2023-08-24,1,P008,Groceries,56.0,0,22,63,0,0,20.7,96.23
2023-08-25,1,P008,Groceries,53.2,5,16,47,0,0,23.46,91.92
2023-08-26,1,P008,Groceries,50.4,10,21,26,1,0,22.79,93.35
2023-08-27,1,P008,Groceries,50.4,10,21,93,1,0,41.88,94.69
2023-08-28,1,P008,Groceries,56.0,0,14,79,0,0,27.82,93.66
2023-08-29,1,P008,Groceries,56.0,0,15,64,0,0,26.66,96.6
2023-08-30,1,P008,Groceries,56.0,0,14,50,0,0,28.6,92.89
2023-08-31,1,P008,Groceries,56.0,0,9,41,0,0,20.95,91.72
2023-09-01,1,P008,Groceries,56.0,0,9,32,0,0,35.17,95.53
2023-09-02,1,P008,Groceries,50.4,10,28,87,1,1,19.24,97.04
2023-09-03,1,P008,Groceries,50.4,10,15,72,1,0,34.25,94.17
2023-09-04,1,P008,Groceries,56.0,0,11,61,0,0,18.71,93.9
2023-09-05,1,P008,Groceries,56.0,0,18,43,0,0,19.37,97.2
2023-09-06,1,P008,Groceries,50.4,10,21,22,0,0,20.33,96.17
2023-09-07,1,P008,Groceries,56.0,0,27,124,0,0,21.95,92.92
2023-09-08,1,P008,Groceries,53.2,5,7,117,0,0,27.72,103.3
2023-09-09,1,P008,Groceries,50.4,10,26,91,1,0,33.87,93.83
2023-09-10,1,P008,Groceries,47.6,15,26,65,1,0,21.87,98.44
2023-09-11,1,P008,Groceries,56.0,0,14,51,0,0,27.58,95.59
2023-09-12,1,P008,Groceries,56.0,0,12,39,0,0,24.51,91.11
2023-09-13,1,P008,Groceries,53.2,5,27,127,0,1,28.09,97.35
2023-09-14,1,P008,Groceries,56.0,0,17,110,0,0,23.9,91.36
