retail_demand_dataset.csv
date,store_id,product_id,category,price,discount,units_sold,inventory_level,holiday,promotion,temperature,fuel_price
2023-09-15,1,P008,Groceries,50.4,10,27,83,0,0,25.07,95.13
2023-09-16,1,P008,Groceries,53.2,5,19,64,1,0,20.92,92.37
2023-09-17,1,P008,Groceries,56.0,0,27,37,1,0,18.55,94.23
2023-09-18,1,P008,Groceries,56.0,0,17,20,0,0,29.13,97.85
2023-09-19,1,P008,Groceries,47.6,15,26,83,0,1,34.84,92.61
2023-09-20,1,P008,Groceries,56.0,0,17,66,0,0,20.99,92.84
2023-09-21,1,P008,Groceries,56.0,0,16,50,0,0,16.15,93.4
2023-09-22,1,P008,Groceries,56.0,0,9,41,0,0,15.64,93.0
2023-09-23,1,P008,Groceries,50.4,10,30,156,1,0,21.5,94.0
2023-09-24,1,P008,Groceries,56.0,0,23,133,1,1,21.74,90.49
2023-09-25,1,P008,Groceries,53.2,5,15,118,0,0,21.3,94.0
2023-09-26,1,P008,Groceries,56.0,0,17,101,0,0,28.24,95.08
2023-09-27,1,P008,Groceries,50.4,10,14,87,0,0,21.66,95.83
2023-09-28,1,P008,Groceries,56.0,0,8,79,0,0,22.11,96.74
2023-09-29,1,P008,Groceries,56.0,0,19,60,0,1,20.91,97.19
2023-09-30,1,P008,Groceries,56.0,0,33,27,1,1,23.56,95.19
2023-10-01,1,P008,Groceries,56.0,0,20,98,1,0,22.57,95.26
2023-10-02,1,P008,Groceries,56.0,0,13,85,0,0,28.04,93.33
2023-10-03,1,P008,Groceries,56.0,0,15,70,0,0,25.65,96.08
2023-10-04,1,P008,Groceries,56.0,0,8,62,0,0,33.48,94.34
2023-10-05,1,P008,Groceries,56.0,0,19,43,0,0,34.59,97.93
2023-10-06,1,P008,Groceries,56.0,0,15,28,0,0,25.91,94.33
2023-10-07,1,P008,Groceries,56.0,0,12,122,1,0,17.57,95.99
2023-10-08,1,P008,Groceries,56.0,0,23,99,1,1,30.81,96.73
2023-10-09,1,P008,Groceries,47.6,15,25,74,0,1,25.62,94.63
2023-10-10,1,P008,Groceries,50.4,10,27,47,0,1,23.94,93.37
2023-10-11,1,P008,Groceries,50.4,10,16,31,0,0,26.63,95.57
2023-10-12,1,P008,Groceries,56.0,0,16,115,0,0,28.07,97.68
2023-10-13,1,P008,Groceries,56.0,0,19,96,0,1,24.0,98.42
2023-10-14,1,P008,Groceries,53.2,5,18,78,1,0,25.54,95.76
2023-10-15,1,P008,Groceries,53.2,5,27,51,1,0,26.17,94.57
2023-10-16,1,P008,Groceries,47.6,15,22,29,0,0,26.69,95.96
2023-10-17,1,P008,Groceries,56.0,0,11,144,0,0,19.22,94.3
2023-10-18,1,P008,Groceries,53.2,5,26,118,0,0,24.38,93.12
2023-10-19,1,P008,Groceries,56.0,0,21,97,0,0,19.39,93.87
2023-10-20,1,P008,Groceries,56.0,0,21,76,0,0,29.73,99.16
2023-10-21,1,P008,Groceries,56.0,0,17,59,1,0,23.39,94.83
2023-10-22,1,P008,Groceries,56.0,0,18,41,1,0,26.97,97.63
2023-10-23,1,P008,Groceries,53.2,5,6,35,0,0,18.65,89.62
2023-10-24,1,P008,Groceries,56.0,0,18,165,0,0,30.14,97.57
2023-10-25,1,P008,Groceries,53.2,5,19,146,0,0,30.31,96.18
2023-10-26,1,P008,Groceries,56.0,0,20,126,0,0,25.79,93.92
2023-10-27,1,P008,Groceries,56.0,0,17,109,0,0,17.26,92.58
2023-10-28,1,P008,Groceries,53.2,5,20,89,1,0,21.6,94.43
2023-10-29,1,P008,Groceries,53.2,5,26,63,1,0,20.02,93.79
2023-10-30,1,P008,Groceries,56.0,0,21,42,0,0,30.28,97.81
2023-10-31,1,P008,Groceries,50.4,10,29,96,0,0,22.43,98.96
2023-11-01,1,P008,Groceries,56.0,0,13,83,0,0,33.99,93.22
2023-11-02,1,P008,Groceries,50.4,10,23,60,0,1,15.42,93.88
2023-11-03,1,P008,Groceries,56.0,0,11,49,0,0,30.15,95.82
2023-11-04,1,P008,Groceries,50.4,10,29,20,1,0,27.69,96.58
2023-11-05,1,P008,Groceries,50.4,10,16,89,1,0,20.38,97.26
2023-11-06,1,P008,Groceries,50.4,10,21,68,0,1,21.37,95.6
2023-11-07,1,P008,Groceries,56.0,0,17,51,0,1,19.53,96.43
2023-11-08,1,P008,Groceries,50.4,10,29,22,0,0,25.77,97.76
2023-11-09,1,P008,Groceries,47.6,15,24,86,0,0,26.78,96.72
2023-11-10,1,P008,Groceries,56.0,0,12,74,0,0,24.24,93.2
2023-11-11,1,P008,Groceries,56.0,0,20,54,1,0,28.85,94.51
2023-11-12,1,P008,Groceries,56.0,0,24,30,1,1,29.26,95.21
2023-11-13,1,P008,Groceries,47.6,15,25,137,0,0,28.03,96.89
2023-11-14,1,P008,Groceries,53.2,5,23,114,0,0,33.49,94.1
2023-11-15,1,P008,Groceries,56.0,0,22,92,0,0,24.07,96.91
2023-11-16,1,P008,Groceries,47.6,15,16,76,0,0,25.4,95.78
2023-11-17,1,P008,Groceries,44.8,20,32,44,0,0,28.54,92.96
2023-11-18,1,P008,Groceries,47.6,15,28,151,1,1,26.73,95.57
2023-11-19,1,P008,Groceries,44.8,20,38,113,1,1,30.19,92.2
2023-11-20,1,P008,Groceries,53.2,5,16,97,0,0,27.41,95.27
2023-11-21,1,P008,Groceries,53.2,5,17,80,0,0,19.85,97.1
2023-11-22,1,P008,Groceries,53.2,5,18,62,0,0,25.61,96.61
2023-11-23,1,P008,Groceries,53.2,5,36,26,0,1,23.99,94.43
2023-11-24,1,P008,Groceries,53.2,5,17,96,0,0,27.21,93.86
2023-11-25,1,P008,Groceries,50.4,10,21,75,1,0,25.78,97.01
2023-11-26,1,P008,Groceries,47.6,15,26,49,1,0,24.35,94.51
2023-11-27,1,P008,Groceries,56.0,0,19,30,0,1,26.22,93.57
2023-11-28,1,P008,Groceries,56.0,0,24,133,0,1,24.19,94.86
2023-11-29,1,P008,Groceries,50.4,10,27,106,0,1,18.26,92.95
2023-11-30,1,P008,Groceries,56.0,0,10,96,0,0,21.75,90.6
2023-12-01,1,P008,Groceries,56.0,0,17,79,0,0,23.32,93.46
2023-12-02,1,P008,Groceries,47.6,15,26,53,1,0,23.89,95.74
2023-12-03,1,P008,Groceries,47.6,15,24,29,1,0,28.91,96.26
2023-12-04,1,P008,Groceries,56.0,0,15,110,0,0,25.56,93.77
2023-12-05,1,P008,Groceries,56.0,0,11,99,0,0,30.14,91.55
2023-12-06,1,P008,Groceries,56.0,0,14,85,0,0,22.92,94.18
2023-12-07,1,P008,Groceries,56.0,0,23,62,0,0,24.15,95.11
2023-12-08,1,P008,Groceries,56.0,0,21,41,0,0,20.2,97.86
2023-12-09,1,P008,Groceries,53.2,5,17,24,1,0,10.74,93.85
2023-12-10,1,P008,Groceries,50.4,10,21,98,1,0,21.04,93.75
2023-12-11,1,P008,Groceries,53.2,5,25,73,0,0,27.6,95.3
2023-12-12,1,P008,Groceries,56.0,0,23,50,0,0,22.47,96.92
2023-12-13,1,P008,Groceries,53.2,5,27,23,0,1,32.8,98.35
2023-12-14,1,P008,Groceries,53.2,5,20,103,0,0,26.77,94.55
2023-12-15,1,P008,Groceries,56.0,0,25,78,0,0,24.64,96.71
2023-12-16,1,P008,Groceries,53.2,5,30,48,1,0,19.63,95.0
2023-12-17,1,P008,Groceries,44.8,20,21,27,1,0,34.23,93.04
2023-12-18,1,P008,Groceries,53.2,5,16,131,0,0,26.66,95.2
2023-12-19,1,P008,Groceries,50.4,10,18,113,0,0,22.91,94.71
2023-12-20,1,P008,Groceries,56.0,0,22,91,0,1,23.98,95.47
2023-12-21,1,P008,Groceries,56.0,0,15,76,0,0,23.82,97.14
2023-12-22,1,P008,Groceries,53.2,5,9,67,0,0,33.45,96.97
2023-12-23,1,P008,Groceries,50.4,10,17,50,1,0,14.95,94.0
2023-12-24,1,P008,Groceries,56.0,0,28,22,1,1,29.65,94.6
2023-12-25,1,P008,Groceries,56.0,0,16,145,0,0,32.47,91.5
2023-12-26,1,P008,Groceries,53.2,5,11,134,0,0,12.55,93.67
2023-12-27,1,P008,Groceries,53.2,5,19,115,0,0,27.02,93.76
2023-12-28,1,P008,Groceries,53.2,5,20,95,0,1,29.66,95.34
2023-12-29,1,P008,Groceries,56.0,0,14,81,0,0,29.71,100.57
2023-12-30,1,P008,Groceries,50.4,10,20,61,1,0,36.39,94.57
2023-12-31,1,P008,Groceries,56.0,0,12,49,1,0,27.5,95.61
2023-01-01,1,P009,Groceries,19.95,5,16,101,1,0,22.45,94.23
2023-01-02,1,P009,Groceries,21.0,0,17,84,0,1,24.05,96.2
2023-01-03,1,P009,Groceries,21.0,0,20,64,0,0,22.31,94.44
2023-01-04,1,P009,Groceries,21.0,0,16,48,0,1,17.52,94.51
2023-01-05,1,P009,Groceries,21.0,0,13,35,0,0,29.9,97.31
2023-01-06,1,P009,Groceries,17.85,15,26,94,0,0,21.65,92.81
2023-01-07,1,P009,Groceries,18.9,10,17,77,1,0,24.85,95.66
2023-01-08,1,P009,Groceries,19.95,5,19,58,1,1,26.75,93.56
2023-01-09,1,P009,Groceries,18.9,10,16,42,0,1,27.39,95.07
2023-01-10,1,P009,Groceries,19.95,5,17,25,0,1,24.09,98.04
2023-01-11,1,P009,Groceries,21.0,0,14,132,0,1,32.87,93.04
2023-01-12,1,P009,Groceries,21.0,0,21,111,0,1,20.31,90.89
2023-01-13,1,P009,Groceries,21.0,0,15,96,0,0,27.25,96.3
2023-01-14,1,P009,Groceries,19.95,5,22,74,1,1,16.56,95.82
2023-01-15,1,P009,Groceries,19.95,5,16,58,1,0,20.23,95.35
2023-01-16,1,P009,Groceries,21.0,0,21,37,0,0,27.14,95.18
2023-01-17,1,P009,Groceries,21.0,0,19,110,0,1,23.47,94.65
2023-01-18,1,P009,Groceries,19.95,5,19,91,0,1,34.62,96.17
2023-01-19,1,P009,Groceries,21.0,0,14,77,0,0,26.51,91.46
2023-01-20,1,P009,Groceries,21.0,0,14,63,0,0,26.44,96.22
2023-01-21,1,P009,Groceries,21.0,0,19,44,1,0,27.82,99.34
2023-01-22,1,P009,Groceries,21.0,0,14,30,1,0,15.16,98.18
2023-01-23,1,P009,Groceries,21.0,0,8,22,0,0,16.99,95.2
2023-01-24,1,P009,Groceries,19.95,5,25,146,0,1,18.62,95.78
2023-01-25,1,P009,Groceries,21.0,0,19,127,0,1,25.93,95.67
2023-01-26,1,P009,Groceries,21.0,0,16,111,0,0,21.17,97.24
2023-01-27,1,P009,Groceries,21.0,0,8,103,0,0,24.07,96.5
2023-01-28,1,P009,Groceries,17.85,15,26,77,1,0,19.68,92.46
2023-01-29,1,P009,Groceries,18.9,10,24,53,1,0,22.89,96.35
2023-01-30,1,P009,Groceries,19.95,5,17,36,0,0,25.31,97.96
2023-01-31,1,P009,Groceries,21.0,0,26,141,0,0,26.69,99.09
2023-02-01,1,P009,Groceries,18.9,10,15,126,0,0,21.5,98.86
2023-02-02,1,P009,Groceries,16.8,20,33,93,0,1,23.03,94.27
2023-02-03,1,P009,Groceries,21.0,0,12,81,0,0,28.7,94.2
2023-02-04,1,P009,Groceries,21.0,0,18,63,1,1,25.23,95.0
2023-02-05,1,P009,Groceries,21.0,0,14,49,1,0,25.08,96.3
2023-02-06,1,P009,Groceries,19.95,5,18,31,0,1,29.22,96.89
2023-02-07,1,P009,Groceries,16.8,20,29,144,0,1,19.99,96.29
2023-02-08,1,P009,Groceries,21.0,0,16,128,0,0,26.83,94.65
2023-02-09,1,P009,Groceries,19.95,5,19,109,0,1,20.95,92.99
2023-02-10,1,P009,Groceries,19.95,5,17,92,0,0,19.08,93.22
2023-02-11,1,P009,Groceries,19.95,5,23,69,1,0,27.32,96.23
2023-02-12,1,P009,Groceries,16.8,20,33,36,1,1,24.14,95.19
2023-02-13,1,P009,Groceries,17.85,15,26,113,0,0,15.37,92.82
2023-02-14,1,P009,Groceries,19.95,5,17,96,0,0,27.65,91.85
2023-02-15,1,P009,Groceries,21.0,0,9,87,0,0,26.26,93.85
2023-02-16,1,P009,Groceries,21.0,0,13,74,0,1,31.45,93.42
2023-02-17,1,P009,Groceries,21.0,0,13,61,0,0,27.98,97.02
2023-02-18,1,P009,Groceries,21.0,0,12,49,1,0,27.55,97.68
2023-02-19,1,P009,Groceries,21.0,0,28,21,1,0,27.86,92.0
2023-02-20,1,P009,Groceries,18.9,10,18,117,0,0,29.8,95.6
2023-02-21,1,P009,Groceries,17.85,15,19,98,0,0,26.16,94.51
2023-02-22,1,P009,Groceries,19.95,5,17,81,0,0,23.4,92.05
2023-02-23,1,P009,Groceries,21.0,0,17,64,0,0,25.31,93.93
2023-02-24,1,P009,Groceries,17.85,15,25,39,0,0,32.35,94.44
2023-02-25,1,P009,Groceries,18.9,10,21,164,1,0,28.46,94.0
2023-02-26,1,P009,Groceries,21.0,0,19,145,1,0,20.78,95.07
2023-02-27,1,P009,Groceries,21.0,0,19,126,0,1,28.61,91.51
2023-02-28,1,P009,Groceries,21.0,0,18,108,0,1,27.91,96.15
2023-03-01,1,P009,Groceries,18.9,10,35,73,0,1,29.66,93.88
2023-03-02,1,P009,Groceries,19.95,5,19,54,0,0,24.4,94.0
2023-03-03,1,P009,Groceries,21.0,0,17,37,0,0,17.17,97.02
2023-03-04,1,P009,Groceries,19.95,5,18,161,1,1,31.16,92.22
2023-03-05,1,P009,Groceries,17.85,15,24,137,1,0,19.2,94.5
2023-03-06,1,P009,Groceries,21.0,0,21,116,0,0,23.04,92.27
2023-03-07,1,P009,Groceries,19.95,5,15,101,0,0,22.63,94.96
2023-03-08,1,P009,Groceries,21.0,0,13,88,0,0,20.71,92.87
2023-03-09,1,P009,Groceries,21.0,0,20,68,0,1,17.54,96.32
2023-03-10,1,P009,Groceries,16.8,20,32,36,0,1,20.66,98.35
2023-03-11,1,P009,Groceries,21.0,0,21,95,1,0,29.11,98.0
2023-03-12,1,P009,Groceries,19.95,5,17,78,1,0,16.95,97.59
2023-03-13,1,P009,Groceries,21.0,0,14,64,0,0,23.33,92.31
2023-03-14,1,P009,Groceries,21.0,0,16,48,0,0,18.38,96.11
2023-03-15,1,P009,Groceries,21.0,0,12,36,0,0,19.88,93.24
2023-03-16,1,P009,Groceries,21.0,0,17,146,0,0,21.01,93.97
2023-03-17,1,P009,Groceries,21.0,0,16,130,0,1,32.01,93.94
2023-03-18,1,P009,Groceries,17.85,15,24,106,1,0,16.99,94.82
2023-03-19,1,P009,Groceries,19.95,5,20,86,1,0,23.91,94.33
2023-03-20,1,P009,Groceries,18.9,10,23,63,0,1,18.05,97.41
2023-03-21,1,P009,Groceries,21.0,0,16,47,0,1,18.31,91.88
2023-03-22,1,P009,Groceries,19.95,5,20,27,0,0,20.23,98.75
2023-03-23,1,P009,Groceries,18.9,10,29,144,0,1,22.08,95.65
2023-03-24,1,P009,Groceries,21.0,0,15,129,0,1,33.26,97.23
2023-03-25,1,P009,Groceries,19.95,5,17,112,1,1,24.48,95.69
2023-03-26,1,P009,Groceries,21.0,0,20,92,1,0,25.29,95.17
2023-03-27,1,P009,Groceries,21.0,0,14,78,0,1,30.02,94.76
2023-03-28,1,P009,Groceries,19.95,5,25,53,0,0,29.49,96.49
2023-03-29,1,P009,Groceries,21.0,0,11,42,0,0,28.94,94.22
2023-03-30,1,P009,Groceries,21.0,0,14,28,0,0,33.61,94.45
2023-03-31,1,P009,Groceries,21.0,0,13,125,0,0,22.44,94.65
2023-04-01,1,P009,Groceries,21.0,0,20,105,1,0,22.98,91.71
2023-04-02,1,P009,Groceries,21.0,0,23,82,1,0,23.91,94.73
2023-04-03,1,P009,Groceries,17.85,15,21,61,0,1,20.47,95.08
2023-04-04,1,P009,Groceries,21.0,0,13,48,0,0,27.7,101.33
2023-04-05,1,P009,Groceries,18.9,10,15,33,0,0,25.4,94.64
2023-04-06,1,P009,Groceries,21.0,0,14,158,0,0,18.96,97.0
2023-04-07,1,P009,Groceries,19.95,5,22,136,0,1,27.71,95.04
2023-04-08,1,P009,Groceries,21.0,0,25,111,1,1,25.43,93.83
2023-04-09,1,P009,Groceries,17.85,15,26,85,1,1,28.37,96.6
2023-04-10,1,P009,Groceries,21.0,0,18,67,0,0,25.19,94.16
2023-04-11,1,P009,Groceries,21.0,0,18,49,0,0,29.4,91.87
2023-04-12,1,P009,Groceries,21.0,0,9,40,0,0,22.6,93.43
2023-04-13,1,P009,Groceries,16.8,20,36,125,0,1,19.52,92.59
2023-04-14,1,P009,Groceries,21.0,0,22,103,0,1,30.53,96.19
2023-04-15,1,P009,Groceries,18.9,10,24,79,1,0,19.04,97.95
2023-04-16,1,P009,Groceries,18.9,10,23,56,1,0,19.28,94.99
2023-04-17,1,P009,Groceries,21.0,0,10,46,0,0,20.5,97.21
2023-04-18,1,P009,Groceries,19.95,5,19,27,0,0,32.02,89.68
2023-04-19,1,P009,Groceries,19.95,5,25,110,0,1,18.83,93.23
2023-04-20,1,P009,Groceries,21.0,0,19,91,0,0,27.28,97.11
2023-04-21,1,P009,Groceries,21.0,0,13,78,0,0,23.77,95.04
2023-04-22,1,P009,Groceries,21.0,0,17,61,1,0,25.69,95.21
2023-04-23,1,P009,Groceries,17.85,15,23,38,1,0,31.12,94.3
2023-04-24,1,P009,Groceries,21.0,0,22,148,0,1,15.91,94.68
2023-04-25,1,P009,Groceries,18.9,10,25,123,0,0,27.14,94.97
2023-04-26,1,P009,Groceries,21.0,0,21,102,0,0,21.66,98.07
2023-04-27,1,P009,Groceries,21.0,0,13,89,0,0,18.73,97.02
2023-04-28,1,P009,Groceries,21.0,0,21,68,0,0,24.81,94.53
2023-04-29,1,P009,Groceries,21.0,0,12,56,1,0,29.77,94.15
2023-04-30,1,P009,Groceries,21.0,0,23,33,1,0,32.65,94.26
2023-05-01,1,P009,Groceries,19.95,5,29,101,0,1,13.84,97.65
2023-05-02,1,P009,Groceries,21.0,0,13,88,0,1,21.15,92.72
2023-05-03,1,P009,Groceries,21.0,0,18,70,0,0,24.15,95.75
2023-05-04,1,P009,Groceries,18.9,10,23,47,0,1,29.98,92.79
2023-05-05,1,P009,Groceries,19.95,5,20,27,0,0,28.66,92.31
2023-05-06,1,P009,Groceries,21.0,0,19,124,1,0,28.38,92.76
2023-05-07,1,P009,Groceries,21.0,0,21,103,1,1,31.32,94.36
2023-05-08,1,P009,Groceries,18.9,10,19,84,0,1,25.15,90.96
2023-05-09,1,P009,Groceries,16.8,20,23,61,0,0,22.9,97.0
2023-05-10,1,P009,Groceries,16.8,20,18,43,0,0,21.47,96.61
2023-05-11,1,P009,Groceries,21.0,0,14,29,0,0,31.92,94.12
2023-05-12,1,P009,Groceries,19.95,5,17,114,0,0,19.32,96.76
2023-05-13,1,P009,Groceries,19.95,5,18,96,1,0,17.41,96.89
2023-05-14,1,P009,Groceries,16.8,20,36,60,1,1,21.16,93.8
2023-05-15,1,P009,Groceries,21.0,0,4,56,0,0,27.04,95.02
2023-05-16,1,P009,Groceries,17.85,15,25,31,0,0,29.76,97.1
2023-05-17,1,P009,Groceries,21.0,0,9,22,0,0,14.11,96.27
2023-05-18,1,P009,Groceries,19.95,5,24,112,0,0,23.16,95.51
2023-05-19,1,P009,Groceries,21.0,0,10,102,0,0,24.16,96.25
2023-05-20,1,P009,Groceries,21.0,0,30,72,1,0,27.62,95.27
2023-05-21,1,P009,Groceries,19.95,5,17,55,1,0,24.31,96.21
2023-05-22,1,P009,Groceries,21.0,0,18,37,0,0,30.91,96.47
2023-05-23,1,P009,Groceries,18.9,10,18,131,0,0,17.81,94.49
2023-05-24,1,P009,Groceries,19.95,5,25,106,0,1,14.91,96.55
2023-05-25,1,P009,Groceries,21.0,0,7,99,0,0,24.19,94.19
2023-05-26,1,P009,Groceries,21.0,0,24,75,0,1,12.11,98.35
2023-05-27,1,P009,Groceries,17.85,15,23,52,1,0,22.7,94.48
2023-05-28,1,P009,Groceries,19.95,5,14,38,1,0,24.93,94.5
2023-05-29,1,P009,Groceries,21.0,0,19,137,0,0,25.79,96.6
2023-05-30,1,P009,Groceries,19.95,5,15,122,0,0,24.78,96.42
2023-05-31,1,P009,Groceries,18.9,10,18,104,0,0,32.47,96.25
2023-06-01,1,P009,Groceries,21.0,0,18,86,0,0,22.57,95.39
2023-06-02,1,P009,Groceries,17.85,15,22,64,0,0,28.6,95.37
2023-06-03,1,P009,Groceries,21.0,0,20,44,1,0,25.44,99.39
2023-06-04,1,P009,Groceries,19.95,5,23,21,1,1,15.43,93.86
2023-06-05,1,P009,Groceries,18.9,10,25,149,0,1,14.44,98.24
2023-06-06,1,P009,Groceries,21.0,0,17,132,0,0,28.77,91.36
2023-06-07,1,P009,Groceries,17.85,15,21,111,0,0,26.21,95.21
2023-06-08,1,P009,Groceries,18.9,10,21,90,0,1,24.65,90.93
2023-06-09,1,P009,Groceries,21.0,0,16,74,0,0,24.86,99.52
2023-06-10,1,P009,Groceries,21.0,0,19,55,1,0,31.07,91.31
2023-06-11,1,P009,Groceries,16.8,20,33,22,1,1,29.29,95.89
2023-06-12,1,P009,Groceries,21.0,0,22,89,0,0,18.83,94.9
2023-06-13,1,P009,Groceries,21.0,0,13,76,0,1,19.68,96.69
2023-06-14,1,P009,Groceries,18.9,10,19,57,0,0,30.81,97.07
2023-06-15,1,P009,Groceries,19.95,5,12,45,0,0,25.71,97.21
2023-06-16,1,P009,Groceries,21.0,0,10,35,0,1,29.39,92.54
2023-06-17,1,P009,Groceries,19.95,5,20,137,1,1,28.92,94.63
2023-06-18,1,P009,Groceries,18.9,10,23,114,1,1,28.44,92.98
2023-06-19,1,P009,Groceries,21.0,0,14,100,0,0,16.77,94.4
2023-06-20,1,P009,Groceries,19.95,5,25,75,0,1,20.44,95.02
2023-06-21,1,P009,Groceries,18.9,10,16,59,0,0,27.52,96.12
2023-06-22,1,P009,Groceries,18.9,10,24,35,0,0,29.04,96.11
2023-06-23,1,P009,Groceries,21.0,0,13,22,0,1,16.09,95.58
2023-06-24,1,P009,Groceries,18.9,10,22,114,1,0,21.22,95.86
2023-06-25,1,P009,Groceries,19.95,5,17,97,1,0,23.32,93.67
2023-06-26,1,P009,Groceries,16.8,20,27,70,0,0,32.89,93.99
2023-06-27,1,P009,Groceries,19.95,5,15,55,0,0,14.4,89.8
2023-06-28,1,P009,Groceries,19.95,5,22,33,0,1,31.96,96.66
2023-06-29,1,P009,Groceries,16.8,20,18,152,0,0,25.33,93.26
2023-06-30,1,P009,Groceries,21.0,0,8,144,0,0,21.14,93.21
2023-07-01,1,P009,Groceries,18.9,10,31,113,1,0,17.29,94.1
2023-07-02,1,P009,Groceries,18.9,10,25,88,1,0,18.72,96.16
2023-07-03,1,P009,Groceries,21.0,0,19,69,0,0,28.36,93.4
2023-07-04,1,P009,Groceries,19.95,5,14,55,0,0,32.06,92.63
2023-07-05,1,P009,Groceries,18.9,10,20,35,0,0,26.08,93.51
2023-07-06,1,P009,Groceries,21.0,0,16,110,0,1,26.98,93.87
2023-07-07,1,P009,Groceries,21.0,0,21,89,0,1,18.54,93.38
2023-07-08,1,P009,Groceries,16.8,20,28,61,1,0,23.72,94.2
2023-07-09,1,P009,Groceries,21.0,0,16,45,1,1,27.55,90.32
2023-07-10,1,P009,Groceries,17.85,15,21,24,0,0,20.27,94.4
2023-07-11,1,P009,Groceries,18.9,10,18,151,0,0,11.88,92.04
2023-07-12,1,P009,Groceries,19.95,5,22,129,0,0,20.65,95.82
2023-07-13,1,P009,Groceries,21.0,0,21,108,0,0,33.28,96.63
2023-07-14,1,P009,Groceries,21.0,0,18,90,0,0,33.15,94.6
2023-07-15,1,P009,Groceries,17.85,15,22,68,1,0,21.03,97.27
2023-07-16,1,P009,Groceries,21.0,0,17,51,1,1,28.08,96.0
2023-07-17,1,P009,Groceries,21.0,0,17,34,0,0,24.73,96.89
2023-07-18,1,P009,Groceries,19.95,5,23,146,0,0,34.41,92.66
2023-07-19,1,P009,Groceries,21.0,0,22,124,0,0,28.11,92.86
2023-07-20,1,P009,Groceries,19.95,5,16,108,0,0,30.29,91.08
2023-07-21,1,P009,Groceries,21.0,0,18,90,0,0,33.12,97.78
