retail_demand_dataset.csv
date,store_id,product_id,category,price,discount,units_sold,inventory_level,holiday,promotion,temperature,fuel_price
2023-07-22,1,P009,Groceries,21.0,0,15,75,1,0,30.85,96.55
2023-07-23,1,P009,Groceries,21.0,0,12,63,1,0,28.64,94.16
2023-07-24,1,P009,Groceries,21.0,0,6,57,0,0,22.54,98.93
2023-07-25,1,P009,Groceries,18.9,10,16,41,0,0,20.65,95.5
2023-07-26,1,P009,Groceries,18.9,10,24,121,0,1,26.34,93.89
2023-07-27,1,P009,Groceries,21.0,0,15,106,0,0,24.72,93.49
2023-07-28,1,P009,Groceries,17.85,15,26,80,0,1,26.04,90.53
2023-07-29,1,P009,Groceries,18.9,10,28,52,1,1,22.39,96.9
2023-07-30,1,P009,Groceries,21.0,0,24,28,1,1,20.29,96.01
2023-07-31,1,P009,Groceries,16.8,20,26,117,0,0,26.81,98.34
2023-08-01,1,P009,Groceries,21.0,0,11,106,0,0,34.34,93.32
2023-08-02,1,P009,Groceries,21.0,0,18,88,0,0,24.42,98.59
2023-08-03,1,P009,Groceries,16.8,20,22,66,0,0,23.38,97.82
2023-08-04,1,P009,Groceries,19.95,5,23,43,0,0,25.15,96.44
2023-08-05,1,P009,Groceries,21.0,0,23,20,1,0,28.4,94.56
2023-08-06,1,P009,Groceries,17.85,15,34,121,1,1,33.77,96.66
2023-08-07,1,P009,Groceries,21.0,0,24,97,0,0,28.14,95.48
2023-08-08,1,P009,Groceries,19.95,5,20,77,0,0,22.01,96.52
2023-08-09,1,P009,Groceries,18.9,10,23,54,0,0,26.06,95.13
2023-08-10,1,P009,Groceries,21.0,0,21,33,0,0,31.41,94.99
2023-08-11,1,P009,Groceries,16.8,20,26,110,0,0,24.26,93.29
2023-08-12,1,P009,Groceries,19.95,5,29,81,1,1,19.25,93.72
2023-08-13,1,P009,Groceries,17.85,15,30,51,1,1,21.58,94.48
2023-08-14,1,P009,Groceries,21.0,0,11,40,0,0,28.94,95.36
2023-08-15,1,P009,Groceries,19.95,5,21,166,0,1,20.23,91.29
2023-08-16,1,P009,Groceries,21.0,0,16,150,0,0,25.85,96.92
2023-08-17,1,P009,Groceries,21.0,0,16,134,0,0,24.31,92.29
2023-08-18,1,P009,Groceries,19.95,5,12,122,0,0,27.6,94.75
2023-08-19,1,P009,Groceries,21.0,0,20,102,1,1,23.25,92.4
2023-08-20,1,P009,Groceries,21.0,0,16,86,1,0,28.45,96.17
2023-08-21,1,P009,Groceries,19.95,5,18,68,0,1,21.71,96.9
2023-08-22,1,P009,Groceries,17.85,15,28,40,0,1,26.14,94.49
2023-08-23,1,P009,Groceries,18.9,10,25,108,0,1,22.87,99.07
2023-08-24,1,P009,Groceries,18.9,10,21,87,0,0,24.74,96.08
2023-08-25,1,P009,Groceries,19.95,5,15,72,0,0,21.82,95.89
2023-08-26,1,P009,Groceries,21.0,0,20,52,1,0,29.76,94.47
2023-08-27,1,P009,Groceries,21.0,0,25,27,1,0,24.46,96.14
2023-08-28,1,P009,Groceries,19.95,5,20,113,0,0,30.43,92.81
2023-08-29,1,P009,Groceries,21.0,0,18,95,0,0,29.9,94.86
2023-08-30,1,P009,Groceries,21.0,0,17,78,0,1,25.46,97.49
2023-08-31,1,P009,Groceries,21.0,0,17,61,0,0,26.08,90.79
2023-09-01,1,P009,Groceries,18.9,10,19,42,0,0,17.99,96.05
2023-09-02,1,P009,Groceries,21.0,0,21,21,1,0,21.19,95.63
2023-09-03,1,P009,Groceries,21.0,0,21,132,1,0,32.36,91.21
2023-09-04,1,P009,Groceries,21.0,0,21,111,0,0,25.75,97.78
2023-09-05,1,P009,Groceries,21.0,0,18,93,0,0,34.27,96.85
2023-09-06,1,P009,Groceries,19.95,5,30,63,0,1,16.89,97.89
2023-09-07,1,P009,Groceries,18.9,10,29,34,0,1,27.28,95.29
2023-09-08,1,P009,Groceries,21.0,0,24,158,0,0,31.67,98.38
2023-09-09,1,P009,Groceries,17.85,15,31,127,1,0,14.1,92.78
2023-09-10,1,P009,Groceries,17.85,15,25,102,1,0,22.14,93.12
2023-09-11,1,P009,Groceries,18.9,10,20,82,0,1,28.39,98.19
2023-09-12,1,P009,Groceries,21.0,0,11,71,0,1,32.97,92.92
2023-09-13,1,P009,Groceries,21.0,0,18,53,0,1,23.54,93.12
2023-09-14,1,P009,Groceries,18.9,10,24,29,0,1,24.5,94.12
2023-09-15,1,P009,Groceries,18.9,10,16,149,0,0,24.14,94.33
2023-09-16,1,P009,Groceries,21.0,0,22,127,1,0,19.52,94.63
2023-09-17,1,P009,Groceries,21.0,0,25,102,1,1,29.24,93.93
2023-09-18,1,P009,Groceries,21.0,0,11,91,0,0,25.57,96.54
2023-09-19,1,P009,Groceries,18.9,10,25,66,0,0,29.69,95.24
2023-09-20,1,P009,Groceries,21.0,0,25,41,0,1,25.23,95.66
2023-09-21,1,P009,Groceries,18.9,10,14,27,0,0,19.99,95.82
2023-09-22,1,P009,Groceries,18.9,10,26,86,0,1,24.87,95.27
2023-09-23,1,P009,Groceries,21.0,0,20,66,1,0,12.38,96.29
2023-09-24,1,P009,Groceries,19.95,5,31,35,1,1,20.83,93.64
2023-09-25,1,P009,Groceries,21.0,0,11,24,0,0,35.08,94.75
2023-09-26,1,P009,Groceries,19.95,5,19,141,0,1,29.07,95.65
2023-09-27,1,P009,Groceries,21.0,0,11,130,0,0,32.02,97.25
2023-09-28,1,P009,Groceries,21.0,0,14,116,0,0,30.36,96.25
2023-09-29,1,P009,Groceries,16.8,20,19,97,0,0,25.37,92.36
2023-09-30,1,P009,Groceries,21.0,0,20,77,1,0,26.07,94.25
2023-10-01,1,P009,Groceries,21.0,0,16,61,1,0,22.87,94.27
2023-10-02,1,P009,Groceries,17.85,15,24,37,0,0,21.63,93.64
2023-10-03,1,P009,Groceries,21.0,0,11,26,0,0,22.15,95.31
2023-10-04,1,P009,Groceries,21.0,0,26,90,0,1,18.86,95.13
2023-10-05,1,P009,Groceries,21.0,0,18,72,0,1,15.31,92.42
2023-10-06,1,P009,Groceries,19.95,5,7,65,0,0,22.35,94.56
2023-10-07,1,P009,Groceries,17.85,15,20,45,1,0,16.94,91.71
2023-10-08,1,P009,Groceries,16.8,20,17,28,1,0,32.11,94.23
2023-10-09,1,P009,Groceries,21.0,0,15,117,0,0,30.04,96.2
2023-10-10,1,P009,Groceries,21.0,0,17,100,0,1,27.74,95.45
2023-10-11,1,P009,Groceries,19.95,5,25,75,0,1,26.57,94.6
2023-10-12,1,P009,Groceries,21.0,0,11,64,0,0,22.75,93.37
2023-10-13,1,P009,Groceries,21.0,0,18,46,0,1,24.97,94.95
2023-10-14,1,P009,Groceries,19.95,5,24,22,1,1,18.35,94.23
2023-10-15,1,P009,Groceries,18.9,10,26,122,1,0,23.51,92.72
2023-10-16,1,P009,Groceries,21.0,0,19,103,0,0,23.35,96.57
2023-10-17,1,P009,Groceries,21.0,0,15,88,0,1,25.0,95.12
2023-10-18,1,P009,Groceries,18.9,10,22,66,0,0,32.21,94.86
2023-10-19,1,P009,Groceries,19.95,5,18,48,0,1,24.87,92.9
2023-10-20,1,P009,Groceries,21.0,0,17,31,0,0,30.12,96.81
2023-10-21,1,P009,Groceries,21.0,0,19,113,1,0,22.43,96.4
2023-10-22,1,P009,Groceries,17.85,15,26,87,1,1,29.12,96.56
2023-10-23,1,P009,Groceries,21.0,0,22,65,0,1,24.22,96.75
2023-10-24,1,P009,Groceries,21.0,0,14,51,0,1,25.87,93.65
2023-10-25,1,P009,Groceries,17.85,15,22,29,0,0,18.39,96.32
2023-10-26,1,P009,Groceries,19.95,5,20,153,0,0,30.42,94.22
2023-10-27,1,P009,Groceries,21.0,0,31,122,0,1,19.19,90.43
2023-10-28,1,P009,Groceries,19.95,5,17,105,1,0,37.94,97.72
2023-10-29,1,P009,Groceries,21.0,0,20,85,1,0,28.18,93.19
2023-10-30,1,P009,Groceries,21.0,0,25,60,0,1,28.23,97.44
2023-10-31,1,P009,Groceries,19.95,5,14,46,0,0,25.08,96.71
2023-11-01,1,P009,Groceries,21.0,0,17,29,0,0,29.74,93.95
2023-11-02,1,P009,Groceries,19.95,5,13,107,0,0,32.41,94.19
2023-11-03,1,P009,Groceries,19.95,5,20,87,0,0,26.6,93.46
2023-11-04,1,P009,Groceries,21.0,0,16,71,1,1,18.18,92.41
2023-11-05,1,P009,Groceries,21.0,0,23,48,1,0,26.12,97.85
2023-11-06,1,P009,Groceries,19.95,5,15,33,0,1,28.05,93.44
2023-11-07,1,P009,Groceries,21.0,0,17,108,0,0,23.41,96.45
2023-11-08,1,P009,Groceries,19.95,5,20,88,0,1,25.78,93.91
2023-11-09,1,P009,Groceries,19.95,5,22,66,0,0,16.14,97.01
2023-11-10,1,P009,Groceries,16.8,20,31,35,0,1,27.45,87.62
2023-11-11,1,P009,Groceries,21.0,0,17,127,1,0,21.28,98.36
2023-11-12,1,P009,Groceries,18.9,10,35,92,1,0,26.67,92.96
2023-11-13,1,P009,Groceries,19.95,5,18,74,0,0,25.57,95.93
2023-11-14,1,P009,Groceries,19.95,5,18,56,0,0,23.16,97.8
2023-11-15,1,P009,Groceries,21.0,0,22,34,0,0,21.61,91.91
2023-11-16,1,P009,Groceries,19.95,5,26,151,0,1,25.14,95.01
2023-11-17,1,P009,Groceries,18.9,10,22,129,0,0,24.04,95.9
2023-11-18,1,P009,Groceries,17.85,15,30,99,1,1,25.95,93.86
2023-11-19,1,P009,Groceries,19.95,5,12,87,1,0,18.04,94.04
2023-11-20,1,P009,Groceries,19.95,5,27,60,0,1,29.75,94.66
2023-11-21,1,P009,Groceries,21.0,0,10,50,0,0,23.34,94.8
2023-11-22,1,P009,Groceries,21.0,0,14,36,0,0,26.05,93.42
2023-11-23,1,P009,Groceries,21.0,0,19,147,0,0,27.51,90.42
2023-11-24,1,P009,Groceries,19.95,5,15,132,0,0,22.45,93.81
2023-11-25,1,P009,Groceries,21.0,0,15,117,1,1,18.87,95.09
2023-11-26,1,P009,Groceries,17.85,15,34,83,1,1,16.49,94.01
2023-11-27,1,P009,Groceries,21.0,0,8,75,0,0,29.1,95.5
2023-11-28,1,P009,Groceries,19.95,5,13,62,0,0,22.29,97.23
2023-11-29,1,P009,Groceries,19.95,5,17,45,0,0,18.34,98.04
2023-11-30,1,P009,Groceries,21.0,0,4,41,0,0,21.9,94.45
2023-12-01,1,P009,Groceries,21.0,0,14,27,0,0,20.77,97.05
2023-12-02,1,P009,Groceries,21.0,0,15,136,1,0,21.15,98.09
2023-12-03,1,P009,Groceries,18.9,10,31,105,1,1,23.48,95.56
2023-12-04,1,P009,Groceries,19.95,5,21,84,0,0,30.49,95.06
2023-12-05,1,P009,Groceries,18.9,10,10,74,0,0,31.97,95.9
2023-12-06,1,P009,Groceries,21.0,0,21,53,0,0,27.7,96.1
2023-12-07,1,P009,Groceries,21.0,0,17,36,0,1,33.02,95.4
2023-12-08,1,P009,Groceries,17.85,15,25,142,0,1,34.4,97.71
2023-12-09,1,P009,Groceries,21.0,0,8,134,1,0,21.15,93.66
2023-12-10,1,P009,Groceries,16.8,20,28,106,1,0,23.39,94.97
2023-12-11,1,P009,Groceries,19.95,5,23,83,0,1,28.68,92.76
2023-12-12,1,P009,Groceries,19.95,5,10,73,0,0,29.69,90.31
2023-12-13,1,P009,Groceries,16.8,20,27,46,0,0,21.52,94.9
2023-12-14,1,P009,Groceries,18.9,10,18,28,0,0,33.9,94.2
2023-12-15,1,P009,Groceries,21.0,0,20,116,0,0,22.03,96.46
2023-12-16,1,P009,Groceries,17.85,15,21,95,1,0,27.7,94.4
2023-12-17,1,P009,Groceries,17.85,15,31,64,1,0,27.5,95.57
2023-12-18,1,P009,Groceries,21.0,0,25,39,0,0,31.54,92.96
2023-12-19,1,P009,Groceries,21.0,0,15,24,0,0,16.53,93.57
2023-12-20,1,P009,Groceries,18.9,10,15,100,0,0,30.04,94.76
2023-12-21,1,P009,Groceries,19.95,5,20,80,0,0,26.92,94.2
2023-12-22,1,P009,Groceries,21.0,0,8,72,0,0,24.73,96.56
2023-12-23,1,P009,Groceries,21.0,0,20,52,1,1,24.07,97.19
2023-12-24,1,P009,Groceries,17.85,15,21,31,1,1,18.72,93.12
2023-12-25,1,P009,Groceries,21.0,0,5,26,0,0,30.03,96.67
2023-12-26,1,P009,Groceries,21.0,0,14,94,0,0,23.45,96.72
2023-12-27,1,P009,Groceries,17.85,15,22,72,0,0,24.8,94.94
2023-12-28,1,P009,Groceries,19.95,5,27,45,0,1,15.52,95.95
2023-12-29,1,P009,Groceries,21.0,0,12,33,0,0,29.21,95.91
2023-12-30,1,P009,Groceries,21.0,0,20,129,1,0,24.09,95.19
2023-12-31,1,P009,Groceries,18.9,10,28,101,1,0,27.94,92.88
2023-01-01,1,P010,Electronics,214.0,0,17,164,1,0,25.52,94.94
2023-01-02,1,P010,Electronics,214.0,0,18,146,0,1,28.4,91.6
2023-01-03,1,P010,Electronics,214.0,0,10,136,0,0,18.95,94.94
2023-01-04,1,P010,Electronics,214.0,0,18,118,0,0,25.2,96.25
2023-01-05,1,P010,Electronics,171.2,20,21,97,0,0,20.41,97.51
2023-01-06,1,P010,Electronics,203.3,5,18,79,0,0,24.15,97.57
2023-01-07,1,P010,Electronics,214.0,0,18,61,1,1,26.78,96.23
2023-01-08,1,P010,Electronics,214.0,0,20,41,1,1,29.1,92.47
2023-01-09,1,P010,Electronics,181.9,15,22,143,0,0,21.79,94.04
2023-01-10,1,P010,Electronics,214.0,0,19,124,0,0,23.25,94.38
2023-01-11,1,P010,Electronics,192.6,10,26,98,0,1,26.6,96.76
2023-01-12,1,P010,Electronics,214.0,0,13,85,0,0,20.72,96.78
2023-01-13,1,P010,Electronics,214.0,0,13,72,0,0,25.07,95.96
2023-01-14,1,P010,Electronics,214.0,0,18,54,1,1,23.97,94.99
2023-01-15,1,P010,Electronics,214.0,0,17,37,1,0,33.22,94.2
2023-01-16,1,P010,Electronics,203.3,5,19,157,0,0,20.0,93.91
2023-01-17,1,P010,Electronics,214.0,0,9,148,0,0,25.16,96.27
2023-01-18,1,P010,Electronics,214.0,0,13,135,0,1,27.38,96.81
2023-01-19,1,P010,Electronics,214.0,0,12,123,0,0,19.0,91.21
2023-01-20,1,P010,Electronics,214.0,0,18,105,0,1,26.25,93.35
2023-01-21,1,P010,Electronics,203.3,5,30,75,1,1,29.49,90.98
2023-01-22,1,P010,Electronics,214.0,0,24,51,1,1,19.98,96.98
2023-01-23,1,P010,Electronics,214.0,0,13,38,0,0,19.7,95.28
2023-01-24,1,P010,Electronics,203.3,5,15,23,0,0,24.73,94.24
2023-01-25,1,P010,Electronics,181.9,15,15,153,0,0,26.59,94.03
2023-01-26,1,P010,Electronics,214.0,0,8,145,0,0,20.4,96.58
2023-01-27,1,P010,Electronics,214.0,0,9,136,0,1,29.33,95.69
2023-01-28,1,P010,Electronics,214.0,0,19,117,1,1,29.66,95.93
2023-01-29,1,P010,Electronics,181.9,15,28,89,1,1,24.19,94.44
2023-01-30,1,P010,Electronics,203.3,5,12,77,0,0,20.77,95.39
2023-01-31,1,P010,Electronics,203.3,5,19,58,0,0,15.81,94.34
2023-02-01,1,P010,Electronics,192.6,10,13,45,0,0,22.09,96.57
2023-02-02,1,P010,Electronics,203.3,5,16,29,0,0,24.91,92.71
2023-02-03,1,P010,Electronics,214.0,0,13,141,0,0,19.8,93.42
2023-02-04,1,P010,Electronics,192.6,10,24,117,1,0,27.0,94.0
2023-02-05,1,P010,Electronics,214.0,0,24,93,1,0,26.61,90.42
2023-02-06,1,P010,Electronics,214.0,0,25,68,0,1,26.69,92.85
2023-02-07,1,P010,Electronics,203.3,5,15,53,0,0,33.04,89.68
2023-02-08,1,P010,Electronics,192.6,10,24,29,0,0,29.18,97.72
2023-02-09,1,P010,Electronics,214.0,0,12,132,0,0,30.54,92.42
2023-02-10,1,P010,Electronics,214.0,0,24,108,0,1,31.31,93.57
2023-02-11,1,P010,Electronics,203.3,5,20,88,1,0,29.57,96.91
2023-02-12,1,P010,Electronics,214.0,0,17,71,1,0,17.97,96.84
2023-02-13,1,P010,Electronics,192.6,10,27,44,0,1,23.1,94.86
2023-02-14,1,P010,Electronics,203.3,5,22,22,0,0,23.7,94.11
2023-02-15,1,P010,Electronics,214.0,0,21,145,0,0,21.93,94.66
2023-02-16,1,P010,Electronics,203.3,5,9,136,0,0,23.11,97.12
2023-02-17,1,P010,Electronics,192.6,10,28,108,0,1,20.9,94.4
2023-02-18,1,P010,Electronics,192.6,10,28,80,1,1,21.79,96.64
2023-02-19,1,P010,Electronics,214.0,0,17,63,1,0,21.33,96.55
2023-02-20,1,P010,Electronics,214.0,0,12,51,0,0,27.12,92.18
2023-02-21,1,P010,Electronics,214.0,0,17,34,0,1,22.72,95.69
2023-02-22,1,P010,Electronics,203.3,5,22,126,0,1,26.96,93.88
2023-02-23,1,P010,Electronics,214.0,0,14,112,0,0,24.3,93.19
2023-02-24,1,P010,Electronics,214.0,0,22,90,0,1,16.33,95.91
2023-02-25,1,P010,Electronics,214.0,0,16,74,1,0,22.68,93.45
2023-02-26,1,P010,Electronics,214.0,0,21,53,1,0,18.68,93.41
2023-02-27,1,P010,Electronics,192.6,10,21,32,0,0,22.61,91.85
2023-02-28,1,P010,Electronics,203.3,5,23,104,0,1,19.22,95.93
2023-03-01,1,P010,Electronics,203.3,5,18,86,0,0,33.42,98.63
2023-03-02,1,P010,Electronics,214.0,0,13,73,0,1,29.65,95.19
2023-03-03,1,P010,Electronics,214.0,0,11,62,0,0,10.64,94.17
2023-03-04,1,P010,Electronics,192.6,10,24,38,1,0,23.28,94.36
2023-03-05,1,P010,Electronics,192.6,10,24,94,1,0,18.88,92.74
2023-03-06,1,P010,Electronics,214.0,0,15,79,0,0,33.4,95.88
2023-03-07,1,P010,Electronics,192.6,10,11,68,0,0,24.32,93.73
2023-03-08,1,P010,Electronics,214.0,0,22,46,0,0,32.82,98.0
2023-03-09,1,P010,Electronics,214.0,0,19,27,0,0,22.3,94.85
2023-03-10,1,P010,Electronics,214.0,0,8,130,0,0,23.17,93.3
2023-03-11,1,P010,Electronics,181.9,15,28,102,1,0,26.31,97.16
2023-03-12,1,P010,Electronics,214.0,0,21,81,1,0,31.43,91.19
2023-03-13,1,P010,Electronics,203.3,5,19,62,0,0,27.73,92.8
2023-03-14,1,P010,Electronics,214.0,0,20,42,0,1,26.37,94.41
2023-03-15,1,P010,Electronics,214.0,0,20,22,0,1,17.18,97.74
2023-03-16,1,P010,Electronics,203.3,5,17,115,0,0,35.67,96.0
2023-03-17,1,P010,Electronics,214.0,0,20,95,0,0,28.76,95.82
2023-03-18,1,P010,Electronics,171.2,20,35,60,1,0,22.98,95.85
2023-03-19,1,P010,Electronics,181.9,15,32,28,1,0,23.56,97.35
2023-03-20,1,P010,Electronics,214.0,0,14,126,0,1,24.56,95.53
2023-03-21,1,P010,Electronics,181.9,15,26,100,0,1,31.46,97.53
2023-03-22,1,P010,Electronics,203.3,5,19,81,0,0,27.23,91.75
2023-03-23,1,P010,Electronics,214.0,0,18,63,0,0,22.38,94.7
2023-03-24,1,P010,Electronics,171.2,20,24,39,0,0,22.77,90.51
2023-03-25,1,P010,Electronics,214.0,0,23,135,1,0,22.65,95.93
2023-03-26,1,P010,Electronics,203.3,5,16,119,1,0,19.82,93.65
2023-03-27,1,P010,Electronics,192.6,10,21,98,0,1,26.42,90.76
2023-03-28,1,P010,Electronics,203.3,5,15,83,0,0,13.65,95.17
2023-03-29,1,P010,Electronics,214.0,0,24,59,0,1,27.65,98.71
2023-03-30,1,P010,Electronics,171.2,20,20,39,0,0,23.45,96.35
2023-03-31,1,P010,Electronics,214.0,0,22,145,0,0,26.66,95.15
2023-04-01,1,P010,Electronics,214.0,0,25,120,1,1,24.59,91.72
2023-04-02,1,P010,Electronics,203.3,5,21,99,1,0,15.06,96.53
2023-04-03,1,P010,Electronics,214.0,0,11,88,0,1,22.48,98.16
2023-04-04,1,P010,Electronics,203.3,5,24,64,0,1,32.85,100.83
2023-04-05,1,P010,Electronics,214.0,0,23,41,0,1,21.56,92.07
2023-04-06,1,P010,Electronics,214.0,0,15,26,0,1,28.11,91.38
2023-04-07,1,P010,Electronics,192.6,10,24,102,0,1,32.56,93.7
2023-04-08,1,P010,Electronics,214.0,0,16,86,1,0,19.73,98.84
2023-04-09,1,P010,Electronics,214.0,0,16,70,1,0,19.21,94.7
2023-04-10,1,P010,Electronics,214.0,0,13,57,0,0,28.37,91.8
2023-04-11,1,P010,Electronics,203.3,5,25,32,0,0,21.48,98.41
2023-04-12,1,P010,Electronics,214.0,0,15,107,0,0,23.82,96.53
2023-04-13,1,P010,Electronics,181.9,15,26,81,0,0,20.43,91.26
2023-04-14,1,P010,Electronics,181.9,15,24,57,0,0,28.51,93.53
2023-04-15,1,P010,Electronics,214.0,0,22,35,1,0,25.24,95.18
2023-04-16,1,P010,Electronics,192.6,10,23,116,1,0,29.26,94.88
2023-04-17,1,P010,Electronics,203.3,5,14,102,0,1,34.27,94.69
2023-04-18,1,P010,Electronics,203.3,5,18,84,0,0,23.61,97.28
2023-04-19,1,P010,Electronics,214.0,0,11,73,0,0,22.42,95.53
2023-04-20,1,P010,Electronics,203.3,5,20,53,0,0,22.48,91.45
2023-04-21,1,P010,Electronics,214.0,0,23,30,0,1,19.53,94.09
2023-04-22,1,P010,Electronics,214.0,0,24,134,1,0,32.76,96.5
2023-04-23,1,P010,Electronics,214.0,0,17,117,1,0,26.95,97.15
2023-04-24,1,P010,Electronics,214.0,0,9,108,0,1,26.96,95.97
2023-04-25,1,P010,Electronics,192.6,10,21,87,0,0,20.76,99.97
2023-04-26,1,P010,Electronics,171.2,20,29,58,0,0,20.94,96.17
2023-04-27,1,P010,Electronics,214.0,0,15,43,0,0,35.23,96.96
2023-04-28,1,P010,Electronics,214.0,0,13,30,0,0,30.23,95.26
2023-04-29,1,P010,Electronics,214.0,0,25,114,1,1,28.34,97.25
2023-04-30,1,P010,Electronics,214.0,0,16,98,1,0,26.05,95.1
2023-05-01,1,P010,Electronics,203.3,5,21,77,0,1,22.13,95.3
2023-05-02,1,P010,Electronics,214.0,0,11,66,0,0,28.15,96.1
2023-05-03,1,P010,Electronics,214.0,0,18,48,0,1,31.19,92.88
2023-05-04,1,P010,Electronics,214.0,0,5,43,0,0,23.71,94.85
2023-05-05,1,P010,Electronics,203.3,5,19,24,0,0,27.51,94.13
2023-05-06,1,P010,Electronics,214.0,0,26,130,1,1,20.49,96.91
2023-05-07,1,P010,Electronics,214.0,0,20,110,1,0,15.61,94.06
2023-05-08,1,P010,Electronics,181.9,15,12,98,0,0,27.2,95.06
2023-05-09,1,P010,Electronics,181.9,15,31,67,0,1,25.66,93.63
2023-05-10,1,P010,Electronics,214.0,0,16,51,0,0,23.38,91.82
2023-05-11,1,P010,Electronics,214.0,0,15,36,0,0,36.75,97.72
2023-05-12,1,P010,Electronics,203.3,5,18,102,0,0,27.55,91.15
2023-05-13,1,P010,Electronics,203.3,5,18,84,1,0,26.92,94.35
2023-05-14,1,P010,Electronics,192.6,10,33,51,1,1,23.65,92.09
2023-05-15,1,P010,Electronics,214.0,0,23,28,0,1,15.25,96.15
2023-05-16,1,P010,Electronics,214.0,0,21,146,0,1,23.24,94.85
2023-05-17,1,P010,Electronics,192.6,10,23,123,0,0,31.91,95.75
2023-05-18,1,P010,Electronics,214.0,0,17,106,0,1,28.03,94.68
2023-05-19,1,P010,Electronics,192.6,10,22,84,0,0,29.7,98.16
2023-05-20,1,P010,Electronics,192.6,10,29,55,1,0,35.99,95.69
