retail_demand_dataset.csv
date,store_id,product_id,category,price,discount,units_sold,inventory_level,holiday,promotion,temperature,fuel_price
2023-05-21,1,P010,Electronics,214.0,0,11,44,1,0,12.41,95.79
2023-05-22,1,P010,Electronics,181.9,15,24,20,0,1,28.67,98.31
2023-05-23,1,P010,Electronics,214.0,0,11,128,0,0,24.86,93.92
2023-05-24,1,P010,Electronics,214.0,0,16,112,0,0,21.01,92.34
2023-05-25,1,P010,Electronics,214.0,0,17,95,0,0,24.46,97.89
2023-05-26,1,P010,Electronics,192.6,10,16,79,0,0,22.34,96.57
2023-05-27,1,P010,Electronics,203.3,5,15,64,1,0,19.78,93.73
2023-05-28,1,P010,Electronics,214.0,0,13,51,1,0,22.7,98.0
2023-05-29,1,P010,Electronics,214.0,0,16,35,0,0,32.84,91.35
2023-05-30,1,P010,Electronics,203.3,5,16,119,0,1,25.06,89.72
2023-05-31,1,P010,Electronics,192.6,10,14,105,0,0,17.72,93.55
2023-06-01,1,P010,Electronics,192.6,10,16,89,0,0,31.71,92.79
2023-06-02,1,P010,Electronics,214.0,0,19,70,0,0,24.33,97.89
2023-06-03,1,P010,Electronics,214.0,0,20,50,1,0,29.16,92.28
2023-06-04,1,P010,Electronics,214.0,0,21,29,1,0,29.27,99.79
2023-06-05,1,P010,Electronics,203.3,5,19,154,0,0,20.71,95.19
2023-06-06,1,P010,Electronics,192.6,10,23,131,0,1,22.45,93.12
2023-06-07,1,P010,Electronics,214.0,0,9,122,0,0,25.46,97.3
2023-06-08,1,P010,Electronics,181.9,15,33,89,0,0,27.53,95.68
2023-06-09,1,P010,Electronics,214.0,0,13,76,0,0,26.16,95.83
2023-06-10,1,P010,Electronics,203.3,5,25,51,1,0,18.64,96.48
2023-06-11,1,P010,Electronics,203.3,5,18,33,1,1,23.0,98.2
2023-06-12,1,P010,Electronics,214.0,0,19,98,0,0,26.73,96.19
2023-06-13,1,P010,Electronics,214.0,0,18,80,0,0,33.37,97.29
2023-06-14,1,P010,Electronics,203.3,5,21,59,0,1,18.78,97.53
2023-06-15,1,P010,Electronics,214.0,0,13,46,0,1,24.55,93.88
2023-06-16,1,P010,Electronics,203.3,5,12,34,0,0,27.3,91.96
2023-06-17,1,P010,Electronics,214.0,0,29,117,1,1,31.23,96.95
2023-06-18,1,P010,Electronics,214.0,0,27,90,1,1,39.99,97.27
2023-06-19,1,P010,Electronics,214.0,0,25,65,0,1,25.47,97.72
2023-06-20,1,P010,Electronics,181.9,15,23,42,0,1,19.53,92.6
2023-06-21,1,P010,Electronics,203.3,5,15,27,0,0,27.57,96.63
2023-06-22,1,P010,Electronics,214.0,0,17,144,0,0,30.22,93.92
2023-06-23,1,P010,Electronics,203.3,5,20,124,0,0,16.92,93.29
2023-06-24,1,P010,Electronics,214.0,0,15,109,1,0,22.77,99.67
2023-06-25,1,P010,Electronics,214.0,0,18,91,1,0,16.6,91.19
2023-06-26,1,P010,Electronics,192.6,10,18,73,0,0,24.87,97.3
2023-06-27,1,P010,Electronics,214.0,0,16,57,0,1,19.99,96.52
2023-06-28,1,P010,Electronics,203.3,5,25,32,0,1,22.84,93.48
2023-06-29,1,P010,Electronics,203.3,5,18,147,0,0,30.47,92.31
2023-06-30,1,P010,Electronics,214.0,0,18,129,0,1,26.69,93.45
2023-07-01,1,P010,Electronics,214.0,0,19,110,1,0,27.32,95.73
2023-07-02,1,P010,Electronics,203.3,5,14,96,1,0,28.62,94.29
2023-07-03,1,P010,Electronics,203.3,5,13,83,0,0,23.07,95.67
2023-07-04,1,P010,Electronics,214.0,0,20,63,0,1,23.79,98.06
2023-07-05,1,P010,Electronics,181.9,15,18,45,0,0,34.1,96.82
2023-07-06,1,P010,Electronics,181.9,15,28,166,0,1,26.83,92.59
2023-07-07,1,P010,Electronics,171.2,20,24,142,0,0,27.66,96.27
2023-07-08,1,P010,Electronics,214.0,0,24,118,1,1,22.7,95.44
2023-07-09,1,P010,Electronics,214.0,0,14,104,1,0,26.08,89.83
2023-07-10,1,P010,Electronics,214.0,0,11,93,0,0,21.66,96.05
2023-07-11,1,P010,Electronics,214.0,0,17,76,0,1,30.25,89.54
2023-07-12,1,P010,Electronics,214.0,0,18,58,0,0,24.82,93.8
2023-07-13,1,P010,Electronics,203.3,5,16,42,0,0,24.22,92.56
2023-07-14,1,P010,Electronics,214.0,0,16,26,0,0,41.63,96.56
2023-07-15,1,P010,Electronics,214.0,0,20,120,1,1,27.73,94.57
2023-07-16,1,P010,Electronics,214.0,0,19,101,1,0,31.39,90.83
2023-07-17,1,P010,Electronics,192.6,10,17,84,0,0,34.05,98.46
2023-07-18,1,P010,Electronics,181.9,15,29,55,0,1,29.4,97.41
2023-07-19,1,P010,Electronics,171.2,20,25,30,0,0,22.61,93.44
2023-07-20,1,P010,Electronics,192.6,10,16,137,0,0,29.12,94.23
2023-07-21,1,P010,Electronics,203.3,5,12,125,0,0,25.91,94.73
2023-07-22,1,P010,Electronics,214.0,0,19,106,1,0,22.41,95.77
2023-07-23,1,P010,Electronics,214.0,0,26,80,1,1,28.39,95.4
2023-07-24,1,P010,Electronics,214.0,0,11,69,0,1,19.81,97.19
2023-07-25,1,P010,Electronics,203.3,5,17,52,0,0,30.56,96.02
2023-07-26,1,P010,Electronics,203.3,5,15,37,0,0,19.49,92.53
2023-07-27,1,P010,Electronics,214.0,0,20,147,0,1,24.18,94.56
2023-07-28,1,P010,Electronics,203.3,5,26,121,0,1,25.77,95.9
2023-07-29,1,P010,Electronics,214.0,0,14,107,1,0,18.61,95.14
2023-07-30,1,P010,Electronics,214.0,0,16,91,1,0,28.08,95.31
2023-07-31,1,P010,Electronics,214.0,0,19,72,0,0,21.21,95.56
2023-08-01,1,P010,Electronics,192.6,10,26,46,0,0,24.62,97.07
2023-08-02,1,P010,Electronics,214.0,0,20,26,0,1,32.05,95.91
2023-08-03,1,P010,Electronics,203.3,5,28,115,0,1,22.54,96.44
2023-08-04,1,P010,Electronics,214.0,0,9,106,0,0,24.81,90.3
2023-08-05,1,P010,Electronics,203.3,5,15,91,1,1,25.84,95.04
2023-08-06,1,P010,Electronics,203.3,5,31,60,1,1,23.61,98.45
2023-08-07,1,P010,Electronics,181.9,15,29,31,0,1,33.16,94.72
2023-08-08,1,P010,Electronics,192.6,10,21,139,0,0,29.36,94.12
2023-08-09,1,P010,Electronics,214.0,0,12,127,0,0,22.92,93.24
2023-08-10,1,P010,Electronics,214.0,0,15,112,0,0,26.28,93.75
2023-08-11,1,P010,Electronics,214.0,0,21,91,0,0,21.88,96.09
2023-08-12,1,P010,Electronics,214.0,0,12,79,1,0,19.59,95.35
2023-08-13,1,P010,Electronics,214.0,0,21,58,1,0,26.41,96.72
2023-08-14,1,P010,Electronics,181.9,15,20,38,0,0,19.74,94.7
2023-08-15,1,P010,Electronics,214.0,0,22,131,0,1,23.36,95.54
2023-08-16,1,P010,Electronics,192.6,10,18,113,0,0,23.08,93.07
2023-08-17,1,P010,Electronics,171.2,20,23,90,0,0,29.9,95.01
2023-08-18,1,P010,Electronics,203.3,5,12,78,0,0,24.03,98.59
2023-08-19,1,P010,Electronics,214.0,0,13,65,1,0,18.6,93.4
2023-08-20,1,P010,Electronics,214.0,0,17,48,1,0,25.65,95.31
2023-08-21,1,P010,Electronics,192.6,10,16,32,0,0,21.13,93.84
2023-08-22,1,P010,Electronics,214.0,0,15,109,0,0,21.95,96.01
2023-08-23,1,P010,Electronics,192.6,10,19,90,0,0,25.87,96.31
2023-08-24,1,P010,Electronics,214.0,0,20,70,0,0,31.69,93.31
2023-08-25,1,P010,Electronics,214.0,0,8,62,0,0,22.03,97.72
2023-08-26,1,P010,Electronics,203.3,5,22,40,1,1,26.07,96.12
2023-08-27,1,P010,Electronics,192.6,10,21,145,1,0,31.31,95.41
2023-08-28,1,P010,Electronics,203.3,5,15,130,0,0,18.63,96.19
2023-08-29,1,P010,Electronics,203.3,5,12,118,0,0,27.38,94.85
2023-08-30,1,P010,Electronics,192.6,10,18,100,0,0,23.16,93.8
2023-08-31,1,P010,Electronics,214.0,0,15,85,0,0,24.77,96.77
2023-09-01,1,P010,Electronics,214.0,0,19,66,0,0,20.88,97.87
2023-09-02,1,P010,Electronics,214.0,0,21,45,1,1,21.37,91.18
2023-09-03,1,P010,Electronics,214.0,0,14,31,1,0,21.42,97.18
2023-09-04,1,P010,Electronics,214.0,0,6,25,0,0,24.79,94.92
2023-09-05,1,P010,Electronics,214.0,0,17,150,0,0,19.75,95.84
2023-09-06,1,P010,Electronics,203.3,5,20,130,0,0,28.51,95.01
2023-09-07,1,P010,Electronics,214.0,0,11,119,0,0,28.08,93.81
2023-09-08,1,P010,Electronics,214.0,0,5,114,0,0,32.42,95.4
2023-09-09,1,P010,Electronics,203.3,5,27,87,1,0,23.12,94.92
2023-09-10,1,P010,Electronics,181.9,15,19,68,1,0,26.34,94.5
2023-09-11,1,P010,Electronics,214.0,0,11,57,0,0,27.34,94.97
2023-09-12,1,P010,Electronics,203.3,5,14,43,0,0,28.31,92.22
2023-09-13,1,P010,Electronics,203.3,5,21,22,0,1,24.6,96.76
2023-09-14,1,P010,Electronics,203.3,5,16,140,0,0,18.35,93.59
2023-09-15,1,P010,Electronics,214.0,0,15,125,0,0,20.13,97.14
2023-09-16,1,P010,Electronics,214.0,0,18,107,1,0,25.33,94.2
2023-09-17,1,P010,Electronics,214.0,0,28,79,1,0,25.08,94.5
2023-09-18,1,P010,Electronics,181.9,15,29,50,0,1,25.41,93.9
2023-09-19,1,P010,Electronics,214.0,0,13,37,0,0,27.62,92.45
2023-09-20,1,P010,Electronics,214.0,0,15,22,0,0,33.25,96.13
2023-09-21,1,P010,Electronics,203.3,5,22,126,0,1,30.51,96.03
2023-09-22,1,P010,Electronics,192.6,10,19,107,0,0,26.61,93.61
2023-09-23,1,P010,Electronics,203.3,5,19,88,1,0,23.4,92.6
2023-09-24,1,P010,Electronics,214.0,0,14,74,1,0,22.21,94.49
2023-09-25,1,P010,Electronics,214.0,0,20,54,0,0,18.61,96.23
2023-09-26,1,P010,Electronics,214.0,0,21,33,0,0,19.57,92.94
2023-09-27,1,P010,Electronics,171.2,20,24,94,0,1,31.04,95.19
2023-09-28,1,P010,Electronics,214.0,0,18,76,0,0,34.24,95.37
2023-09-29,1,P010,Electronics,214.0,0,20,56,0,0,19.13,96.43
2023-09-30,1,P010,Electronics,214.0,0,18,38,1,0,19.4,94.18
2023-10-01,1,P010,Electronics,214.0,0,12,26,1,0,30.72,92.67
2023-10-02,1,P010,Electronics,192.6,10,14,154,0,0,23.54,97.83
2023-10-03,1,P010,Electronics,171.2,20,22,132,0,0,23.34,97.49
2023-10-04,1,P010,Electronics,214.0,0,14,118,0,1,22.0,92.08
2023-10-05,1,P010,Electronics,192.6,10,19,99,0,0,23.01,95.2
2023-10-06,1,P010,Electronics,181.9,15,34,65,0,1,15.46,95.37
2023-10-07,1,P010,Electronics,171.2,20,30,35,1,0,20.27,92.21
2023-10-08,1,P010,Electronics,214.0,0,22,144,1,0,20.98,94.29
2023-10-09,1,P010,Electronics,214.0,0,10,134,0,0,21.12,97.2
2023-10-10,1,P010,Electronics,203.3,5,16,118,0,0,25.18,95.21
2023-10-11,1,P010,Electronics,181.9,15,18,100,0,0,23.34,93.46
2023-10-12,1,P010,Electronics,181.9,15,24,76,0,0,27.36,96.56
2023-10-13,1,P010,Electronics,203.3,5,18,58,0,0,31.0,94.55
2023-10-14,1,P010,Electronics,214.0,0,16,42,1,1,18.33,94.47
2023-10-15,1,P010,Electronics,214.0,0,28,148,1,1,29.76,97.7
2023-10-16,1,P010,Electronics,181.9,15,22,126,0,0,19.98,93.66
2023-10-17,1,P010,Electronics,214.0,0,21,105,0,0,30.71,96.07
2023-10-18,1,P010,Electronics,192.6,10,16,89,0,0,20.71,94.33
2023-10-19,1,P010,Electronics,181.9,15,21,68,0,1,28.38,93.64
2023-10-20,1,P010,Electronics,214.0,0,11,57,0,0,28.13,93.13
2023-10-21,1,P010,Electronics,203.3,5,23,34,1,1,16.14,93.95
2023-10-22,1,P010,Electronics,203.3,5,14,20,1,0,25.79,95.01
2023-10-23,1,P010,Electronics,214.0,0,20,149,0,1,15.35,95.97
2023-10-24,1,P010,Electronics,203.3,5,23,126,0,0,24.33,97.21
2023-10-25,1,P010,Electronics,203.3,5,24,102,0,1,23.17,98.13
2023-10-26,1,P010,Electronics,214.0,0,17,85,0,0,21.09,95.41
2023-10-27,1,P010,Electronics,171.2,20,28,57,0,1,29.81,92.03
2023-10-28,1,P010,Electronics,214.0,0,21,36,1,0,23.65,96.16
2023-10-29,1,P010,Electronics,214.0,0,16,20,1,0,34.16,94.34
2023-10-30,1,P010,Electronics,214.0,0,14,91,0,0,19.77,95.99
2023-10-31,1,P010,Electronics,214.0,0,19,72,0,0,39.53,93.13
2023-11-01,1,P010,Electronics,171.2,20,33,39,0,0,20.08,92.45
2023-11-02,1,P010,Electronics,192.6,10,15,24,0,0,33.03,94.27
2023-11-03,1,P010,Electronics,214.0,0,13,158,0,0,24.01,94.61
2023-11-04,1,P010,Electronics,214.0,0,21,137,1,0,29.25,96.59
2023-11-05,1,P010,Electronics,192.6,10,26,111,1,0,21.51,93.65
2023-11-06,1,P010,Electronics,203.3,5,20,91,0,1,22.52,95.82
2023-11-07,1,P010,Electronics,214.0,0,22,69,0,0,27.44,93.94
2023-11-08,1,P010,Electronics,214.0,0,15,54,0,0,30.27,95.86
2023-11-09,1,P010,Electronics,192.6,10,25,29,0,1,21.31,97.33
2023-11-10,1,P010,Electronics,214.0,0,16,118,0,0,25.48,92.27
2023-11-11,1,P010,Electronics,203.3,5,19,99,1,0,23.15,96.76
2023-11-12,1,P010,Electronics,214.0,0,17,82,1,1,33.07,97.39
2023-11-13,1,P010,Electronics,214.0,0,14,68,0,0,24.25,91.17
2023-11-14,1,P010,Electronics,214.0,0,17,51,0,0,28.22,93.07
2023-11-15,1,P010,Electronics,214.0,0,14,37,0,0,21.41,94.16
2023-11-16,1,P010,Electronics,203.3,5,17,20,0,1,11.66,96.27
2023-11-17,1,P010,Electronics,171.2,20,31,131,0,1,21.18,93.41
2023-11-18,1,P010,Electronics,192.6,10,34,97,1,1,23.53,93.26
2023-11-19,1,P010,Electronics,214.0,0,26,71,1,1,25.65,94.04
2023-11-20,1,P010,Electronics,181.9,15,18,53,0,0,30.43,96.31
2023-11-21,1,P010,Electronics,192.6,10,20,33,0,0,27.31,94.67
2023-11-22,1,P010,Electronics,203.3,5,14,133,0,0,28.97,93.4
2023-11-23,1,P010,Electronics,181.9,15,28,105,0,0,16.89,96.38
2023-11-24,1,P010,Electronics,192.6,10,15,90,0,0,24.21,95.03
2023-11-25,1,P010,Electronics,214.0,0,16,74,1,0,23.7,95.08
2023-11-26,1,P010,Electronics,214.0,0,17,57,1,0,20.23,91.71
2023-11-27,1,P010,Electronics,181.9,15,41,152,0,1,25.41,95.21
2023-11-28,1,P010,Electronics,214.0,0,11,141,0,0,19.51,97.19
2023-11-29,1,P010,Electronics,171.2,20,34,107,0,1,28.38,91.02
2023-11-30,1,P010,Electronics,214.0,0,11,96,0,1,24.61,96.23
2023-12-01,1,P010,Electronics,203.3,5,19,77,0,0,18.27,96.92
2023-12-02,1,P010,Electronics,203.3,5,24,53,1,0,15.13,96.24
2023-12-03,1,P010,Electronics,203.3,5,33,20,1,0,21.88,92.48
2023-12-04,1,P010,Electronics,192.6,10,15,134,0,0,22.08,96.93
2023-12-05,1,P010,Electronics,214.0,0,10,124,0,1,16.52,96.11
2023-12-06,1,P010,Electronics,214.0,0,8,116,0,0,35.12,90.01
2023-12-07,1,P010,Electronics,214.0,0,10,106,0,0,25.69,96.38
2023-12-08,1,P010,Electronics,214.0,0,18,88,0,0,31.44,92.69
2023-12-09,1,P010,Electronics,214.0,0,24,64,1,1,16.05,94.92
2023-12-10,1,P010,Electronics,203.3,5,23,41,1,1,26.43,97.0
2023-12-11,1,P010,Electronics,214.0,0,14,27,0,0,32.29,95.54
2023-12-12,1,P010,Electronics,181.9,15,32,137,0,1,21.72,96.28
2023-12-13,1,P010,Electronics,203.3,5,21,116,0,0,33.0,93.29
2023-12-14,1,P010,Electronics,203.3,5,22,94,0,1,28.82,97.45
2023-12-15,1,P010,Electronics,171.2,20,17,77,0,0,14.07,94.65
2023-12-16,1,P010,Electronics,192.6,10,12,65,1,0,30.19,96.02
2023-12-17,1,P010,Electronics,203.3,5,16,49,1,0,25.05,90.81
2023-12-18,1,P010,Electronics,203.3,5,24,25,0,1,26.9,96.4
2023-12-19,1,P010,Electronics,214.0,0,17,117,0,0,24.94,94.33
2023-12-20,1,P010,Electronics,171.2,20,26,91,0,0,24.02,95.25
2023-12-21,1,P010,Electronics,214.0,0,20,71,0,1,35.63,95.9
2023-12-22,1,P010,Electronics,214.0,0,8,63,0,0,29.05,94.65
2023-12-23,1,P010,Electronics,181.9,15,30,33,1,0,26.27,93.67
2023-12-24,1,P010,Electronics,214.0,0,18,151,1,0,24.9,90.93
2023-12-25,1,P010,Electronics,203.3,5,21,130,0,0,14.57,98.04
2023-12-26,1,P010,Electronics,214.0,0,11,119,0,0,27.77,91.73
2023-12-27,1,P010,Electronics,214.0,0,19,100,0,1,26.55,92.9
2023-12-28,1,P010,Electronics,214.0,0,27,73,0,1,28.03,94.56
2023-12-29,1,P010,Electronics,214.0,0,6,67,0,0,21.24,94.49
2023-12-30,1,P010,Electronics,203.3,5,27,40,1,1,24.09,91.66
2023-12-31,1,P010,Electronics,214.0,0,26,154,1,1,28.66,93.11
2023-01-01,1,P011,Sports,434.0,0,20,107,1,1,33.52,95.84
2023-01-02,1,P011,Sports,412.3,5,14,93,0,0,23.09,96.09
2023-01-03,1,P011,Sports,412.3,5,16,77,0,0,21.8,95.84
2023-01-04,1,P011,Sports,412.3,5,8,69,0,0,15.37,97.05
2023-01-05,1,P011,Sports,412.3,5,22,47,0,0,16.27,96.28
2023-01-06,1,P011,Sports,434.0,0,20,27,0,1,17.25,97.19
2023-01-07,1,P011,Sports,434.0,0,24,130,1,0,28.67,93.08
2023-01-08,1,P011,Sports,412.3,5,21,109,1,0,26.88,96.07
2023-01-09,1,P011,Sports,434.0,0,16,93,0,1,33.73,96.3
2023-01-10,1,P011,Sports,434.0,0,14,79,0,1,20.32,101.39
2023-01-11,1,P011,Sports,434.0,0,18,61,0,1,26.24,95.48
2023-01-12,1,P011,Sports,434.0,0,20,41,0,1,17.44,96.51
2023-01-13,1,P011,Sports,434.0,0,20,21,0,0,28.61,95.66
2023-01-14,1,P011,Sports,390.6,10,26,123,1,0,27.75,96.98
2023-01-15,1,P011,Sports,368.9,15,27,96,1,1,23.34,91.86
2023-01-16,1,P011,Sports,368.9,15,13,83,0,0,27.79,93.85
2023-01-17,1,P011,Sports,434.0,0,9,74,0,0,24.25,98.43
2023-01-18,1,P011,Sports,412.3,5,13,61,0,0,24.29,97.48
2023-01-19,1,P011,Sports,390.6,10,22,39,0,0,28.67,95.96
2023-01-20,1,P011,Sports,412.3,5,16,23,0,0,26.6,97.43
2023-01-21,1,P011,Sports,434.0,0,21,104,1,1,19.64,94.3
2023-01-22,1,P011,Sports,390.6,10,33,71,1,1,19.69,92.82
2023-01-23,1,P011,Sports,434.0,0,23,48,0,1,27.98,96.91
2023-01-24,1,P011,Sports,434.0,0,15,33,0,0,24.8,97.43
2023-01-25,1,P011,Sports,434.0,0,15,136,0,1,20.5,93.64
2023-01-26,1,P011,Sports,434.0,0,14,122,0,0,26.12,92.63
2023-01-27,1,P011,Sports,412.3,5,15,107,0,0,27.17,95.75
2023-01-28,1,P011,Sports,434.0,0,21,86,1,0,28.09,96.46
2023-01-29,1,P011,Sports,434.0,0,17,69,1,0,27.05,92.84
2023-01-30,1,P011,Sports,434.0,0,16,53,0,1,29.79,96.57
2023-01-31,1,P011,Sports,390.6,10,12,41,0,0,19.64,96.33
2023-02-01,1,P011,Sports,434.0,0,15,26,0,0,20.27,94.81
2023-02-02,1,P011,Sports,434.0,0,30,93,0,1,24.95,94.04
2023-02-03,1,P011,Sports,434.0,0,14,79,0,0,18.09,93.13
2023-02-04,1,P011,Sports,434.0,0,29,50,1,0,29.48,97.1
2023-02-05,1,P011,Sports,368.9,15,20,30,1,0,30.47,97.11
2023-02-06,1,P011,Sports,412.3,5,19,107,0,0,21.43,97.1
2023-02-07,1,P011,Sports,434.0,0,18,89,0,0,16.39,95.03
2023-02-08,1,P011,Sports,434.0,0,19,70,0,0,27.27,95.96
2023-02-09,1,P011,Sports,347.2,20,24,46,0,0,24.8,95.26
2023-02-10,1,P011,Sports,412.3,5,20,26,0,1,29.77,96.24
2023-02-11,1,P011,Sports,347.2,20,24,103,1,0,24.98,95.35
2023-02-12,1,P011,Sports,434.0,0,15,88,1,1,22.21,92.22
2023-02-13,1,P011,Sports,390.6,10,28,60,0,0,26.27,95.53
2023-02-14,1,P011,Sports,434.0,0,15,45,0,1,26.74,94.67
2023-02-15,1,P011,Sports,434.0,0,10,35,0,0,24.95,94.58
2023-02-16,1,P011,Sports,412.3,5,17,156,0,1,20.11,98.23
2023-02-17,1,P011,Sports,368.9,15,27,129,0,1,29.93,96.56
2023-02-18,1,P011,Sports,434.0,0,22,107,1,1,32.79,94.3
2023-02-19,1,P011,Sports,434.0,0,16,91,1,0,18.26,98.75
2023-02-20,1,P011,Sports,390.6,10,29,62,0,0,23.33,94.04
2023-02-21,1,P011,Sports,434.0,0,12,50,0,0,28.89,90.82
2023-02-22,1,P011,Sports,434.0,0,32,99,0,1,30.52,95.78
2023-02-23,1,P011,Sports,434.0,0,16,83,0,1,21.86,94.12
2023-02-24,1,P011,Sports,368.9,15,20,63,0,0,31.31,99.88
2023-02-25,1,P011,Sports,390.6,10,22,41,1,0,24.89,99.82
2023-02-26,1,P011,Sports,390.6,10,27,157,1,0,30.17,95.97
2023-02-27,1,P011,Sports,412.3,5,20,137,0,0,22.52,95.13
2023-02-28,1,P011,Sports,412.3,5,16,121,0,0,27.33,92.54
2023-03-01,1,P011,Sports,412.3,5,16,105,0,0,32.87,94.8
2023-03-02,1,P011,Sports,434.0,0,14,91,0,0,22.71,93.73
2023-03-03,1,P011,Sports,434.0,0,18,73,0,1,25.04,96.19
2023-03-04,1,P011,Sports,390.6,10,33,40,1,1,18.67,98.65
2023-03-05,1,P011,Sports,390.6,10,26,163,1,1,25.5,95.67
2023-03-06,1,P011,Sports,434.0,0,24,139,0,1,27.77,98.53
2023-03-07,1,P011,Sports,434.0,0,12,127,0,0,27.26,94.84
2023-03-08,1,P011,Sports,390.6,10,10,117,0,0,25.65,96.24
2023-03-09,1,P011,Sports,412.3,5,29,88,0,1,30.46,96.32
2023-03-10,1,P011,Sports,434.0,0,23,65,0,1,25.69,90.96
2023-03-11,1,P011,Sports,390.6,10,25,40,1,0,21.02,92.53
2023-03-12,1,P011,Sports,434.0,0,23,106,1,1,26.88,95.06
2023-03-13,1,P011,Sports,434.0,0,13,93,0,0,19.71,93.38
2023-03-14,1,P011,Sports,390.6,10,33,60,0,1,26.25,90.12
2023-03-15,1,P011,Sports,434.0,0,29,31,0,1,30.68,94.8
2023-03-16,1,P011,Sports,412.3,5,12,103,0,0,28.93,93.57
2023-03-17,1,P011,Sports,434.0,0,19,84,0,0,22.75,94.2
2023-03-18,1,P011,Sports,412.3,5,18,66,1,0,20.37,98.42
