retail_demand_dataset.csv
date,store_id,product_id,category,price,discount,units_sold,inventory_level,holiday,promotion,temperature,fuel_price
2023-03-19,1,P011,Sports,434.0,0,22,44,1,1,18.78,93.59
2023-03-20,1,P011,Sports,434.0,0,28,130,0,1,29.57,96.54
2023-03-21,1,P011,Sports,368.9,15,31,99,0,1,28.82,93.45
2023-03-22,1,P011,Sports,390.6,10,26,73,0,1,28.12,94.14
2023-03-23,1,P011,Sports,434.0,0,15,58,0,0,23.71,97.67
2023-03-24,1,P011,Sports,390.6,10,30,28,0,1,19.73,93.63
2023-03-25,1,P011,Sports,434.0,0,13,112,1,0,25.5,94.53
2023-03-26,1,P011,Sports,368.9,15,22,90,1,0,26.11,95.77
2023-03-27,1,P011,Sports,434.0,0,11,79,0,0,28.42,93.7
2023-03-28,1,P011,Sports,434.0,0,16,63,0,1,29.59,92.45
2023-03-29,1,P011,Sports,434.0,0,18,45,0,1,27.16,95.98
2023-03-30,1,P011,Sports,434.0,0,15,30,0,0,20.24,94.83
2023-03-31,1,P011,Sports,434.0,0,25,86,0,0,18.24,93.49
2023-04-01,1,P011,Sports,434.0,0,24,62,1,1,22.34,96.01
2023-04-02,1,P011,Sports,434.0,0,30,32,1,1,22.34,95.01
2023-04-03,1,P011,Sports,412.3,5,22,122,0,0,22.36,93.45
2023-04-04,1,P011,Sports,390.6,10,19,103,0,0,24.84,100.42
2023-04-05,1,P011,Sports,368.9,15,25,78,0,0,24.97,94.1
2023-04-06,1,P011,Sports,434.0,0,9,69,0,0,27.86,94.56
2023-04-07,1,P011,Sports,434.0,0,23,46,0,0,22.5,94.26
2023-04-08,1,P011,Sports,434.0,0,13,33,1,0,21.28,95.84
2023-04-09,1,P011,Sports,434.0,0,14,112,1,0,21.1,95.2
2023-04-10,1,P011,Sports,434.0,0,19,93,0,0,20.3,91.77
2023-04-11,1,P011,Sports,434.0,0,10,83,0,0,26.48,96.19
2023-04-12,1,P011,Sports,434.0,0,22,61,0,1,27.67,90.28
2023-04-13,1,P011,Sports,434.0,0,11,50,0,0,23.46,94.45
2023-04-14,1,P011,Sports,412.3,5,26,24,0,0,23.33,98.03
2023-04-15,1,P011,Sports,434.0,0,21,85,1,0,20.69,96.4
2023-04-16,1,P011,Sports,434.0,0,18,67,1,0,31.56,95.84
2023-04-17,1,P011,Sports,390.6,10,18,49,0,0,22.8,95.88
2023-04-18,1,P011,Sports,412.3,5,20,29,0,0,24.62,93.83
2023-04-19,1,P011,Sports,434.0,0,22,154,0,0,20.49,96.65
2023-04-20,1,P011,Sports,347.2,20,27,127,0,0,31.05,96.1
2023-04-21,1,P011,Sports,412.3,5,17,110,0,0,17.68,97.41
2023-04-22,1,P011,Sports,434.0,0,22,88,1,0,28.09,96.34
2023-04-23,1,P011,Sports,412.3,5,27,61,1,1,25.67,93.97
2023-04-24,1,P011,Sports,347.2,20,15,46,0,0,30.75,94.34
2023-04-25,1,P011,Sports,390.6,10,24,22,0,1,27.1,94.85
2023-04-26,1,P011,Sports,434.0,0,7,113,0,0,29.64,93.0
2023-04-27,1,P011,Sports,347.2,20,27,86,0,1,32.4,93.56
2023-04-28,1,P011,Sports,412.3,5,16,70,0,0,27.81,95.75
2023-04-29,1,P011,Sports,390.6,10,23,47,1,0,26.54,93.04
2023-04-30,1,P011,Sports,434.0,0,15,32,1,0,28.39,95.04
2023-05-01,1,P011,Sports,390.6,10,20,106,0,0,23.08,92.19
2023-05-02,1,P011,Sports,412.3,5,28,78,0,1,30.65,96.99
2023-05-03,1,P011,Sports,412.3,5,18,60,0,1,21.96,93.31
2023-05-04,1,P011,Sports,434.0,0,18,42,0,0,24.05,93.53
2023-05-05,1,P011,Sports,390.6,10,19,23,0,0,17.68,91.68
2023-05-06,1,P011,Sports,434.0,0,19,150,1,0,20.54,94.9
2023-05-07,1,P011,Sports,412.3,5,15,135,1,0,24.35,93.49
2023-05-08,1,P011,Sports,412.3,5,19,116,0,0,23.8,94.84
2023-05-09,1,P011,Sports,434.0,0,17,99,0,1,22.46,96.31
2023-05-10,1,P011,Sports,368.9,15,26,73,0,1,20.28,95.96
2023-05-11,1,P011,Sports,412.3,5,16,57,0,0,36.5,92.11
2023-05-12,1,P011,Sports,434.0,0,10,47,0,1,28.16,97.08
2023-05-13,1,P011,Sports,434.0,0,25,22,1,0,19.32,98.14
2023-05-14,1,P011,Sports,412.3,5,28,131,1,1,20.16,92.92
2023-05-15,1,P011,Sports,434.0,0,12,119,0,0,31.97,94.59
2023-05-16,1,P011,Sports,434.0,0,34,85,0,1,18.3,95.59
2023-05-17,1,P011,Sports,347.2,20,26,59,0,0,24.91,95.41
2023-05-18,1,P011,Sports,434.0,0,24,35,0,1,21.59,96.8
2023-05-19,1,P011,Sports,434.0,0,12,23,0,0,21.28,94.34
2023-05-20,1,P011,Sports,434.0,0,32,102,1,0,17.43,97.79
2023-05-21,1,P011,Sports,412.3,5,22,80,1,1,23.38,99.19
2023-05-22,1,P011,Sports,434.0,0,15,65,0,0,27.68,95.17
2023-05-23,1,P011,Sports,434.0,0,15,50,0,1,21.8,95.85
2023-05-24,1,P011,Sports,434.0,0,23,27,0,1,24.94,94.38
2023-05-25,1,P011,Sports,412.3,5,29,138,0,0,34.8,97.66
2023-05-26,1,P011,Sports,434.0,0,14,124,0,0,35.04,93.45
2023-05-27,1,P011,Sports,412.3,5,27,97,1,1,30.5,93.1
2023-05-28,1,P011,Sports,434.0,0,24,73,1,1,37.25,96.17
2023-05-29,1,P011,Sports,390.6,10,28,45,0,0,30.23,95.7
2023-05-30,1,P011,Sports,412.3,5,8,37,0,0,18.32,91.09
2023-05-31,1,P011,Sports,434.0,0,17,20,0,0,18.64,93.92
2023-06-01,1,P011,Sports,368.9,15,19,81,0,0,21.21,94.88
2023-06-02,1,P011,Sports,434.0,0,8,73,0,0,28.93,96.86
2023-06-03,1,P011,Sports,434.0,0,24,49,1,0,22.42,90.99
2023-06-04,1,P011,Sports,412.3,5,22,27,1,1,25.11,93.75
2023-06-05,1,P011,Sports,390.6,10,20,146,0,0,31.62,97.33
2023-06-06,1,P011,Sports,434.0,0,12,134,0,0,38.34,94.61
2023-06-07,1,P011,Sports,347.2,20,22,112,0,0,33.42,94.63
2023-06-08,1,P011,Sports,412.3,5,18,94,0,0,22.88,98.78
2023-06-09,1,P011,Sports,390.6,10,26,68,0,1,34.56,93.98
2023-06-10,1,P011,Sports,434.0,0,19,49,1,0,33.1,96.71
2023-06-11,1,P011,Sports,434.0,0,23,26,1,1,27.12,97.74
2023-06-12,1,P011,Sports,412.3,5,20,127,0,0,29.51,95.66
2023-06-13,1,P011,Sports,412.3,5,24,103,0,0,28.97,93.08
2023-06-14,1,P011,Sports,434.0,0,19,84,0,0,30.73,94.31
2023-06-15,1,P011,Sports,434.0,0,22,62,0,1,21.38,97.36
2023-06-16,1,P011,Sports,434.0,0,17,45,0,0,27.61,95.85
2023-06-17,1,P011,Sports,434.0,0,19,26,1,1,20.3,93.23
2023-06-18,1,P011,Sports,434.0,0,20,87,1,0,20.44,96.61
2023-06-19,1,P011,Sports,412.3,5,19,68,0,0,16.36,93.56
2023-06-20,1,P011,Sports,434.0,0,10,58,0,0,28.1,95.14
2023-06-21,1,P011,Sports,434.0,0,18,40,0,1,16.1,95.75
2023-06-22,1,P011,Sports,434.0,0,13,27,0,0,27.51,100.84
2023-06-23,1,P011,Sports,434.0,0,19,146,0,0,21.08,94.83
2023-06-24,1,P011,Sports,434.0,0,23,123,1,1,32.34,97.49
2023-06-25,1,P011,Sports,434.0,0,29,94,1,1,18.24,93.43
2023-06-26,1,P011,Sports,434.0,0,12,82,0,0,32.7,92.43
2023-06-27,1,P011,Sports,434.0,0,14,68,0,1,37.03,95.42
2023-06-28,1,P011,Sports,434.0,0,13,55,0,0,28.3,93.03
2023-06-29,1,P011,Sports,390.6,10,21,34,0,0,27.99,93.26
2023-06-30,1,P011,Sports,347.2,20,27,152,0,1,23.45,93.89
2023-07-01,1,P011,Sports,434.0,0,14,138,1,0,27.7,94.94
2023-07-02,1,P011,Sports,390.6,10,19,119,1,0,27.08,94.06
2023-07-03,1,P011,Sports,347.2,20,19,100,0,0,25.04,95.38
2023-07-04,1,P011,Sports,390.6,10,23,77,0,0,24.19,94.64
2023-07-05,1,P011,Sports,412.3,5,16,61,0,1,32.25,97.43
2023-07-06,1,P011,Sports,390.6,10,23,38,0,1,20.32,95.92
2023-07-07,1,P011,Sports,434.0,0,17,21,0,1,22.14,93.77
2023-07-08,1,P011,Sports,412.3,5,22,94,1,0,18.9,95.56
2023-07-09,1,P011,Sports,434.0,0,24,70,1,0,26.42,95.5
2023-07-10,1,P011,Sports,434.0,0,14,56,0,0,23.63,91.8
2023-07-11,1,P011,Sports,347.2,20,27,29,0,1,25.41,92.38
2023-07-12,1,P011,Sports,434.0,0,18,146,0,0,30.77,97.73
2023-07-13,1,P011,Sports,434.0,0,25,121,0,0,26.34,97.67
2023-07-14,1,P011,Sports,434.0,0,20,101,0,0,33.53,96.0
2023-07-15,1,P011,Sports,434.0,0,14,87,1,0,19.56,95.13
2023-07-16,1,P011,Sports,434.0,0,16,71,1,0,29.34,97.86
2023-07-17,1,P011,Sports,434.0,0,20,51,0,1,23.7,96.37
2023-07-18,1,P011,Sports,412.3,5,17,34,0,0,22.5,97.94
2023-07-19,1,P011,Sports,434.0,0,25,120,0,0,23.62,92.86
2023-07-20,1,P011,Sports,412.3,5,19,101,0,1,28.27,95.89
2023-07-21,1,P011,Sports,434.0,0,12,89,0,0,28.22,94.65
2023-07-22,1,P011,Sports,434.0,0,21,68,1,1,32.23,92.67
2023-07-23,1,P011,Sports,390.6,10,29,39,1,0,26.13,95.4
2023-07-24,1,P011,Sports,434.0,0,14,25,0,0,26.35,93.87
2023-07-25,1,P011,Sports,412.3,5,25,132,0,0,26.25,95.67
2023-07-26,1,P011,Sports,434.0,0,17,115,0,0,12.93,95.89
2023-07-27,1,P011,Sports,368.9,15,21,94,0,0,20.2,94.17
2023-07-28,1,P011,Sports,434.0,0,11,83,0,0,18.14,91.69
2023-07-29,1,P011,Sports,412.3,5,24,59,1,0,26.51,95.81
2023-07-30,1,P011,Sports,434.0,0,19,40,1,0,16.65,98.53
2023-07-31,1,P011,Sports,434.0,0,6,34,0,0,19.63,97.24
2023-08-01,1,P011,Sports,434.0,0,12,22,0,0,19.42,95.99
2023-08-02,1,P011,Sports,434.0,0,16,136,0,1,28.54,95.44
2023-08-03,1,P011,Sports,390.6,10,21,115,0,0,21.32,92.65
2023-08-04,1,P011,Sports,434.0,0,11,104,0,0,25.79,94.54
2023-08-05,1,P011,Sports,368.9,15,29,75,1,0,25.35,96.32
2023-08-06,1,P011,Sports,434.0,0,11,64,1,0,26.65,93.28
2023-08-07,1,P011,Sports,434.0,0,6,58,0,0,26.9,96.81
2023-08-08,1,P011,Sports,434.0,0,20,38,0,1,19.46,93.8
2023-08-09,1,P011,Sports,347.2,20,32,145,0,1,19.47,92.3
2023-08-10,1,P011,Sports,412.3,5,19,126,0,0,19.35,97.07
2023-08-11,1,P011,Sports,434.0,0,14,112,0,0,22.17,93.58
2023-08-12,1,P011,Sports,434.0,0,20,92,1,0,29.78,94.72
2023-08-13,1,P011,Sports,412.3,5,29,63,1,1,20.6,99.02
2023-08-14,1,P011,Sports,347.2,20,31,32,0,0,25.28,98.15
2023-08-15,1,P011,Sports,434.0,0,25,116,0,1,28.48,96.97
2023-08-16,1,P011,Sports,434.0,0,18,98,0,1,23.82,94.94
2023-08-17,1,P011,Sports,390.6,10,24,74,0,1,24.87,95.71
2023-08-18,1,P011,Sports,412.3,5,25,49,0,1,26.62,92.94
2023-08-19,1,P011,Sports,434.0,0,22,27,1,0,27.15,98.51
2023-08-20,1,P011,Sports,434.0,0,16,155,1,0,22.89,93.42
2023-08-21,1,P011,Sports,434.0,0,12,143,0,1,25.36,97.0
2023-08-22,1,P011,Sports,412.3,5,19,124,0,0,26.44,95.39
2023-08-23,1,P011,Sports,434.0,0,16,108,0,0,23.53,97.9
2023-08-24,1,P011,Sports,390.6,10,20,88,0,0,27.26,95.81
2023-08-25,1,P011,Sports,412.3,5,18,70,0,0,23.54,92.31
2023-08-26,1,P011,Sports,347.2,20,30,40,1,0,13.15,96.46
2023-08-27,1,P011,Sports,434.0,0,20,20,1,0,24.45,94.16
2023-08-28,1,P011,Sports,434.0,0,18,88,0,0,20.69,94.7
2023-08-29,1,P011,Sports,390.6,10,23,65,0,0,22.8,93.4
2023-08-30,1,P011,Sports,434.0,0,18,47,0,1,20.95,96.47
2023-08-31,1,P011,Sports,434.0,0,9,38,0,0,24.55,92.41
2023-09-01,1,P011,Sports,434.0,0,24,137,0,0,18.0,97.68
2023-09-02,1,P011,Sports,390.6,10,28,109,1,0,29.06,97.16
2023-09-03,1,P011,Sports,434.0,0,27,82,1,1,19.82,94.85
2023-09-04,1,P011,Sports,347.2,20,24,58,0,0,26.49,96.37
2023-09-05,1,P011,Sports,368.9,15,28,30,0,0,18.42,92.11
2023-09-06,1,P011,Sports,434.0,0,11,126,0,0,25.64,95.99
2023-09-07,1,P011,Sports,390.6,10,17,109,0,0,24.41,95.52
2023-09-08,1,P011,Sports,434.0,0,18,91,0,0,33.59,92.89
2023-09-09,1,P011,Sports,412.3,5,17,74,1,0,34.45,95.39
2023-09-10,1,P011,Sports,434.0,0,26,48,1,0,26.31,92.15
2023-09-11,1,P011,Sports,434.0,0,15,33,0,1,15.7,94.63
2023-09-12,1,P011,Sports,412.3,5,16,101,0,0,26.72,97.45
2023-09-13,1,P011,Sports,434.0,0,17,84,0,0,27.99,93.18
2023-09-14,1,P011,Sports,412.3,5,22,62,0,0,16.57,92.74
2023-09-15,1,P011,Sports,412.3,5,17,45,0,0,28.79,91.94
2023-09-16,1,P011,Sports,390.6,10,34,95,1,0,24.35,92.72
2023-09-17,1,P011,Sports,434.0,0,25,70,1,0,23.62,94.07
2023-09-18,1,P011,Sports,368.9,15,17,53,0,0,21.91,95.38
2023-09-19,1,P011,Sports,390.6,10,24,29,0,0,32.2,95.72
2023-09-20,1,P011,Sports,434.0,0,16,135,0,0,15.34,95.73
2023-09-21,1,P011,Sports,434.0,0,10,125,0,0,20.85,92.06
2023-09-22,1,P011,Sports,434.0,0,22,103,0,0,16.58,92.99
2023-09-23,1,P011,Sports,434.0,0,21,82,1,1,35.0,96.27
2023-09-24,1,P011,Sports,434.0,0,13,69,1,0,29.82,93.03
2023-09-25,1,P011,Sports,434.0,0,9,60,0,0,27.83,93.96
2023-09-26,1,P011,Sports,347.2,20,25,35,0,0,23.48,92.95
2023-09-27,1,P011,Sports,434.0,0,19,122,0,0,25.48,96.37
2023-09-28,1,P011,Sports,434.0,0,15,107,0,0,29.72,96.67
2023-09-29,1,P011,Sports,390.6,10,24,83,0,0,30.98,94.59
2023-09-30,1,P011,Sports,434.0,0,12,71,1,0,35.4,97.44
2023-10-01,1,P011,Sports,368.9,15,25,46,1,0,26.54,94.0
2023-10-02,1,P011,Sports,434.0,0,10,36,0,0,29.83,92.05
2023-10-03,1,P011,Sports,412.3,5,29,126,0,0,15.33,92.47
2023-10-04,1,P011,Sports,412.3,5,18,108,0,0,26.28,95.46
2023-10-05,1,P011,Sports,412.3,5,22,86,0,1,24.67,95.4
2023-10-06,1,P011,Sports,412.3,5,27,59,0,1,20.91,96.63
2023-10-07,1,P011,Sports,434.0,0,13,46,1,0,26.77,91.87
2023-10-08,1,P011,Sports,390.6,10,25,21,1,1,21.06,96.06
2023-10-09,1,P011,Sports,434.0,0,15,131,0,1,27.67,91.98
2023-10-10,1,P011,Sports,412.3,5,8,123,0,0,19.24,96.32
2023-10-11,1,P011,Sports,347.2,20,25,98,0,0,14.79,98.83
2023-10-12,1,P011,Sports,368.9,15,29,69,0,0,38.18,93.93
2023-10-13,1,P011,Sports,368.9,15,20,49,0,0,28.36,98.59
2023-10-14,1,P011,Sports,390.6,10,22,27,1,0,22.66,95.8
2023-10-15,1,P011,Sports,390.6,10,27,130,1,0,27.85,94.63
2023-10-16,1,P011,Sports,434.0,0,14,116,0,0,34.29,94.32
2023-10-17,1,P011,Sports,434.0,0,11,105,0,0,26.29,93.51
2023-10-18,1,P011,Sports,412.3,5,33,72,0,1,22.6,92.92
2023-10-19,1,P011,Sports,434.0,0,10,62,0,0,21.79,90.54
2023-10-20,1,P011,Sports,434.0,0,19,43,0,0,33.43,95.59
2023-10-21,1,P011,Sports,390.6,10,17,26,1,0,24.96,96.02
2023-10-22,1,P011,Sports,347.2,20,25,139,1,0,34.19,95.88
2023-10-23,1,P011,Sports,434.0,0,20,119,0,1,29.58,89.99
2023-10-24,1,P011,Sports,434.0,0,17,102,0,0,38.21,97.08
2023-10-25,1,P011,Sports,434.0,0,16,86,0,0,21.15,93.22
2023-10-26,1,P011,Sports,412.3,5,19,67,0,0,29.27,95.56
2023-10-27,1,P011,Sports,390.6,10,26,41,0,0,39.04,95.43
2023-10-28,1,P011,Sports,368.9,15,27,117,1,0,21.94,98.24
2023-10-29,1,P011,Sports,434.0,0,25,92,1,1,18.72,95.14
2023-10-30,1,P011,Sports,412.3,5,11,81,0,0,22.7,95.21
2023-10-31,1,P011,Sports,434.0,0,16,65,0,0,27.39,91.03
2023-11-01,1,P011,Sports,368.9,15,21,44,0,0,21.11,90.87
2023-11-02,1,P011,Sports,347.2,20,32,140,0,1,23.91,97.76
2023-11-03,1,P011,Sports,434.0,0,5,135,0,0,29.17,94.53
2023-11-04,1,P011,Sports,434.0,0,14,121,1,0,27.53,96.84
2023-11-05,1,P011,Sports,434.0,0,23,98,1,1,27.59,98.86
2023-11-06,1,P011,Sports,434.0,0,15,83,0,0,28.81,98.48
2023-11-07,1,P011,Sports,434.0,0,13,70,0,0,27.63,94.69
2023-11-08,1,P011,Sports,434.0,0,8,62,0,0,26.13,91.34
2023-11-09,1,P011,Sports,368.9,15,26,36,0,0,30.6,94.96
2023-11-10,1,P011,Sports,434.0,0,14,22,0,1,26.14,96.3
2023-11-11,1,P011,Sports,390.6,10,23,130,1,1,25.31,97.24
2023-11-12,1,P011,Sports,412.3,5,25,105,1,0,30.91,94.25
2023-11-13,1,P011,Sports,368.9,15,28,77,0,1,28.66,96.33
2023-11-14,1,P011,Sports,434.0,0,15,62,0,0,19.26,90.86
2023-11-15,1,P011,Sports,368.9,15,28,34,0,1,25.52,92.93
2023-11-16,1,P011,Sports,434.0,0,12,22,0,0,22.58,95.76
2023-11-17,1,P011,Sports,434.0,0,16,112,0,0,25.71,95.11
2023-11-18,1,P011,Sports,434.0,0,14,98,1,0,23.05,96.07
2023-11-19,1,P011,Sports,347.2,20,24,74,1,0,25.87,94.94
2023-11-20,1,P011,Sports,434.0,0,13,61,0,0,29.59,94.83
2023-11-21,1,P011,Sports,434.0,0,13,48,0,0,28.93,91.91
2023-11-22,1,P011,Sports,434.0,0,8,40,0,0,22.33,93.1
2023-11-23,1,P011,Sports,390.6,10,19,21,0,0,19.95,94.31
2023-11-24,1,P011,Sports,390.6,10,17,102,0,0,25.09,92.23
2023-11-25,1,P011,Sports,434.0,0,20,82,1,0,26.13,91.28
2023-11-26,1,P011,Sports,434.0,0,8,74,1,0,11.78,95.28
2023-11-27,1,P011,Sports,434.0,0,21,53,0,1,33.36,95.8
2023-11-28,1,P011,Sports,434.0,0,15,38,0,0,32.1,89.65
2023-11-29,1,P011,Sports,412.3,5,27,140,0,1,30.68,98.43
2023-11-30,1,P011,Sports,434.0,0,14,126,0,0,30.28,95.53
2023-12-01,1,P011,Sports,434.0,0,14,112,0,0,20.41,97.89
2023-12-02,1,P011,Sports,434.0,0,20,92,1,1,15.77,95.72
2023-12-03,1,P011,Sports,434.0,0,18,74,1,0,31.98,99.42
2023-12-04,1,P011,Sports,412.3,5,14,60,0,0,17.19,98.85
2023-12-05,1,P011,Sports,434.0,0,23,37,0,1,26.08,92.26
2023-12-06,1,P011,Sports,390.6,10,27,132,0,0,28.7,95.13
2023-12-07,1,P011,Sports,434.0,0,15,117,0,0,23.95,91.82
2023-12-08,1,P011,Sports,390.6,10,21,96,0,0,32.85,94.63
2023-12-09,1,P011,Sports,412.3,5,29,67,1,1,33.07,93.07
2023-12-10,1,P011,Sports,390.6,10,31,36,1,1,28.37,91.3
2023-12-11,1,P011,Sports,347.2,20,28,110,0,0,22.78,94.15
2023-12-12,1,P011,Sports,434.0,0,10,100,0,0,23.75,97.28
2023-12-13,1,P011,Sports,347.2,20,22,78,0,0,18.78,94.72
2023-12-14,1,P011,Sports,434.0,0,26,52,0,1,22.33,95.89
2023-12-15,1,P011,Sports,434.0,0,8,44,0,0,34.84,100.58
2023-12-16,1,P011,Sports,434.0,0,31,137,1,0,19.64,95.1
2023-12-17,1,P011,Sports,434.0,0,11,126,1,0,24.71,96.81
2023-12-18,1,P011,Sports,434.0,0,16,110,0,1,26.64,93.03
2023-12-19,1,P011,Sports,390.6,10,15,95,0,0,26.26,95.08
2023-12-20,1,P011,Sports,434.0,0,19,76,0,0,28.72,92.04
2023-12-21,1,P011,Sports,434.0,0,21,55,0,0,22.68,95.86
2023-12-22,1,P011,Sports,434.0,0,25,30,0,0,22.09,92.93
2023-12-23,1,P011,Sports,390.6,10,31,98,1,1,19.75,94.23
2023-12-24,1,P011,Sports,412.3,5,20,78,1,1,25.55,93.22
2023-12-25,1,P011,Sports,412.3,5,17,61,0,0,28.85,95.01
2023-12-26,1,P011,Sports,434.0,0,14,47,0,0,28.35,92.76
2023-12-27,1,P011,Sports,368.9,15,18,29,0,0,29.88,95.34
2023-12-28,1,P011,Sports,434.0,0,18,148,0,0,30.81,92.35
2023-12-29,1,P011,Sports,434.0,0,22,126,0,0,25.37,97.44
2023-12-30,1,P011,Sports,390.6,10,19,107,1,0,20.93,94.93
2023-12-31,1,P011,Sports,412.3,5,20,87,1,1,19.5,96.48
2023-01-01,1,P012,Home,278.35,5,23,64,1,0,27.29,96.71
2023-01-02,1,P012,Home,234.4,20,22,42,0,1,14.94,96.45
2023-01-03,1,P012,Home,263.7,10,21,21,0,0,28.79,93.87
2023-01-04,1,P012,Home,293.0,0,9,137,0,0,19.8,95.68
2023-01-05,1,P012,Home,249.05,15,18,119,0,0,25.16,93.09
2023-01-06,1,P012,Home,293.0,0,17,102,0,1,19.69,94.78
2023-01-07,1,P012,Home,293.0,0,19,83,1,0,27.55,93.72
2023-01-08,1,P012,Home,293.0,0,18,65,1,0,24.74,96.55
2023-01-09,1,P012,Home,249.05,15,18,47,0,0,22.98,94.47
2023-01-10,1,P012,Home,278.35,5,17,30,0,1,28.73,94.59
2023-01-11,1,P012,Home,293.0,0,17,109,0,0,29.71,93.16
2023-01-12,1,P012,Home,263.7,10,23,86,0,0,24.9,92.69
2023-01-13,1,P012,Home,293.0,0,17,69,0,0,24.7,92.25
2023-01-14,1,P012,Home,234.4,20,26,43,1,0,15.27,91.21
2023-01-15,1,P012,Home,249.05,15,27,104,1,1,28.45,94.01
2023-01-16,1,P012,Home,293.0,0,19,85,0,0,17.05,95.12
2023-01-17,1,P012,Home,234.4,20,26,59,0,0,23.14,92.09
2023-01-18,1,P012,Home,293.0,0,17,42,0,0,27.5,97.99
2023-01-19,1,P012,Home,293.0,0,20,22,0,0,26.65,93.95
2023-01-20,1,P012,Home,293.0,0,19,143,0,1,36.0,95.27
2023-01-21,1,P012,Home,263.7,10,13,130,1,0,28.98,96.12
2023-01-22,1,P012,Home,293.0,0,19,111,1,0,25.37,94.46
2023-01-23,1,P012,Home,278.35,5,18,93,0,0,15.33,97.03
2023-01-24,1,P012,Home,263.7,10,29,64,0,1,24.98,95.04
2023-01-25,1,P012,Home,293.0,0,13,51,0,0,13.0,95.35
2023-01-26,1,P012,Home,263.7,10,14,37,0,0,28.27,93.1
2023-01-27,1,P012,Home,278.35,5,19,100,0,0,19.26,98.52
2023-01-28,1,P012,Home,278.35,5,28,72,1,1,19.18,98.33
2023-01-29,1,P012,Home,293.0,0,13,59,1,0,17.16,94.05
2023-01-30,1,P012,Home,293.0,0,13,46,0,0,29.97,97.78
2023-01-31,1,P012,Home,278.35,5,16,30,0,0,28.88,97.96
2023-02-01,1,P012,Home,293.0,0,14,117,0,0,36.99,93.23
2023-02-02,1,P012,Home,278.35,5,25,92,0,0,24.96,96.47
2023-02-03,1,P012,Home,293.0,0,16,76,0,0,28.54,96.46
2023-02-04,1,P012,Home,293.0,0,22,54,1,0,30.4,94.03
