retail_demand_dataset.csv
date,store_id,product_id,category,price,discount,units_sold,inventory_level,holiday,promotion,temperature,fuel_price
2023-02-05,1,P012,Home,249.05,15,24,30,1,0,23.81,95.79
2023-02-06,1,P012,Home,278.35,5,15,118,0,0,23.99,94.39
2023-02-07,1,P012,Home,278.35,5,18,100,0,0,29.54,98.28
2023-02-08,1,P012,Home,263.7,10,23,77,0,1,25.13,97.02
2023-02-09,1,P012,Home,249.05,15,23,54,0,0,25.72,91.84
2023-02-10,1,P012,Home,293.0,0,18,36,0,0,25.59,94.17
2023-02-11,1,P012,Home,293.0,0,11,25,1,0,29.35,91.29
2023-02-12,1,P012,Home,293.0,0,19,103,1,0,12.47,97.79
2023-02-13,1,P012,Home,293.0,0,16,87,0,0,28.79,95.29
2023-02-14,1,P012,Home,293.0,0,20,67,0,1,28.36,95.16
2023-02-15,1,P012,Home,293.0,0,16,51,0,0,27.39,96.42
2023-02-16,1,P012,Home,278.35,5,13,38,0,0,17.89,95.91
2023-02-17,1,P012,Home,293.0,0,19,123,0,0,17.22,97.26
2023-02-18,1,P012,Home,263.7,10,23,100,1,1,24.81,96.57
2023-02-19,1,P012,Home,293.0,0,17,83,1,0,22.78,94.26
2023-02-20,1,P012,Home,293.0,0,9,74,0,0,24.0,93.94
2023-02-21,1,P012,Home,293.0,0,18,56,0,1,23.51,95.62
2023-02-22,1,P012,Home,278.35,5,16,40,0,0,19.88,95.68
2023-02-23,1,P012,Home,293.0,0,15,25,0,0,30.1,95.48
2023-02-24,1,P012,Home,293.0,0,12,108,0,0,25.68,97.5
2023-02-25,1,P012,Home,249.05,15,27,81,1,0,23.93,96.26
2023-02-26,1,P012,Home,293.0,0,24,57,1,0,31.42,91.44
2023-02-27,1,P012,Home,278.35,5,17,40,0,0,22.56,96.44
2023-02-28,1,P012,Home,293.0,0,30,142,0,1,23.85,95.97
2023-03-01,1,P012,Home,293.0,0,12,130,0,1,28.01,94.27
2023-03-02,1,P012,Home,293.0,0,20,110,0,0,27.75,93.97
2023-03-03,1,P012,Home,278.35,5,11,99,0,0,24.42,94.19
2023-03-04,1,P012,Home,263.7,10,21,78,1,0,18.92,95.11
2023-03-05,1,P012,Home,293.0,0,11,67,1,0,23.51,94.92
2023-03-06,1,P012,Home,293.0,0,10,57,0,0,22.39,93.65
2023-03-07,1,P012,Home,263.7,10,30,27,0,1,23.66,94.56
2023-03-08,1,P012,Home,263.7,10,14,161,0,0,22.11,92.67
2023-03-09,1,P012,Home,293.0,0,14,147,0,0,18.04,96.16
2023-03-10,1,P012,Home,263.7,10,16,131,0,0,19.9,94.47
2023-03-11,1,P012,Home,293.0,0,18,113,1,0,17.3,95.73
2023-03-12,1,P012,Home,293.0,0,24,89,1,1,27.35,91.22
2023-03-13,1,P012,Home,293.0,0,16,73,0,1,22.69,92.21
2023-03-14,1,P012,Home,263.7,10,23,50,0,0,25.65,94.03
2023-03-15,1,P012,Home,293.0,0,23,27,0,1,21.04,96.81
2023-03-16,1,P012,Home,293.0,0,8,111,0,0,21.09,94.04
2023-03-17,1,P012,Home,278.35,5,17,94,0,0,28.68,93.62
2023-03-18,1,P012,Home,293.0,0,12,82,1,0,22.57,96.77
2023-03-19,1,P012,Home,278.35,5,11,71,1,0,29.6,95.02
2023-03-20,1,P012,Home,234.4,20,29,42,0,1,20.6,97.29
2023-03-21,1,P012,Home,293.0,0,13,29,0,0,26.23,91.76
2023-03-22,1,P012,Home,249.05,15,23,134,0,0,26.41,97.07
2023-03-23,1,P012,Home,293.0,0,19,115,0,0,30.69,94.5
2023-03-24,1,P012,Home,278.35,5,12,103,0,0,23.96,93.88
2023-03-25,1,P012,Home,293.0,0,30,73,1,0,29.01,93.28
2023-03-26,1,P012,Home,234.4,20,40,33,1,1,19.8,94.42
2023-03-27,1,P012,Home,263.7,10,19,95,0,0,24.53,99.61
2023-03-28,1,P012,Home,293.0,0,17,78,0,0,21.47,95.83
2023-03-29,1,P012,Home,263.7,10,21,57,0,1,19.5,95.65
2023-03-30,1,P012,Home,278.35,5,16,41,0,0,23.69,95.0
2023-03-31,1,P012,Home,293.0,0,15,26,0,1,30.97,97.54
2023-04-01,1,P012,Home,293.0,0,18,117,1,0,18.85,99.48
2023-04-02,1,P012,Home,263.7,10,19,98,1,0,25.89,91.71
2023-04-03,1,P012,Home,293.0,0,21,77,0,1,29.24,95.94
2023-04-04,1,P012,Home,278.35,5,18,59,0,0,20.57,91.49
2023-04-05,1,P012,Home,278.35,5,14,45,0,0,23.55,94.46
2023-04-06,1,P012,Home,293.0,0,8,37,0,0,28.73,94.32
2023-04-07,1,P012,Home,293.0,0,24,151,0,1,19.75,93.11
2023-04-08,1,P012,Home,293.0,0,18,133,1,0,27.27,95.67
2023-04-09,1,P012,Home,293.0,0,17,116,1,0,20.31,93.32
2023-04-10,1,P012,Home,293.0,0,10,106,0,0,21.28,97.15
2023-04-11,1,P012,Home,278.35,5,18,88,0,1,12.96,95.44
2023-04-12,1,P012,Home,293.0,0,16,72,0,1,24.4,96.27
2023-04-13,1,P012,Home,263.7,10,19,53,0,0,23.77,95.39
2023-04-14,1,P012,Home,278.35,5,30,23,0,0,14.03,94.26
2023-04-15,1,P012,Home,234.4,20,30,141,1,1,24.29,95.23
2023-04-16,1,P012,Home,293.0,0,24,117,1,0,27.41,93.29
2023-04-17,1,P012,Home,293.0,0,8,109,0,0,24.2,93.55
2023-04-18,1,P012,Home,249.05,15,25,84,0,1,19.28,94.78
2023-04-19,1,P012,Home,293.0,0,25,59,0,1,33.86,94.9
2023-04-20,1,P012,Home,278.35,5,16,43,0,0,22.85,99.46
2023-04-21,1,P012,Home,293.0,0,15,28,0,0,25.97,91.68
2023-04-22,1,P012,Home,263.7,10,38,143,1,1,26.71,93.29
2023-04-23,1,P012,Home,293.0,0,12,131,1,0,28.96,94.89
2023-04-24,1,P012,Home,293.0,0,25,106,0,1,23.95,94.55
2023-04-25,1,P012,Home,293.0,0,14,92,0,0,16.36,94.6
2023-04-26,1,P012,Home,263.7,10,20,72,0,1,25.58,97.16
2023-04-27,1,P012,Home,278.35,5,10,62,0,0,23.07,93.88
2023-04-28,1,P012,Home,293.0,0,6,56,0,0,29.44,93.25
2023-04-29,1,P012,Home,293.0,0,30,26,1,1,28.84,97.27
2023-04-30,1,P012,Home,278.35,5,32,135,1,1,26.37,91.16
2023-05-01,1,P012,Home,293.0,0,13,122,0,0,27.32,97.49
2023-05-02,1,P012,Home,293.0,0,16,106,0,0,30.98,92.28
2023-05-03,1,P012,Home,293.0,0,18,88,0,0,17.92,91.21
2023-05-04,1,P012,Home,293.0,0,15,73,0,0,19.86,92.42
2023-05-05,1,P012,Home,263.7,10,20,53,0,0,31.91,92.34
2023-05-06,1,P012,Home,293.0,0,20,33,1,1,32.94,94.75
2023-05-07,1,P012,Home,234.4,20,31,147,1,0,22.17,95.23
2023-05-08,1,P012,Home,278.35,5,19,128,0,1,13.9,95.95
2023-05-09,1,P012,Home,293.0,0,16,112,0,1,25.58,97.43
2023-05-10,1,P012,Home,278.35,5,11,101,0,0,26.97,94.52
2023-05-11,1,P012,Home,278.35,5,4,97,0,0,23.81,97.28
2023-05-12,1,P012,Home,293.0,0,16,81,0,0,34.22,97.41
2023-05-13,1,P012,Home,293.0,0,23,58,1,0,20.94,91.88
2023-05-14,1,P012,Home,293.0,0,19,39,1,0,30.13,95.52
2023-05-15,1,P012,Home,278.35,5,19,20,0,1,29.91,92.04
2023-05-16,1,P012,Home,293.0,0,10,97,0,0,17.12,91.92
2023-05-17,1,P012,Home,278.35,5,24,73,0,1,25.33,93.05
2023-05-18,1,P012,Home,249.05,15,23,50,0,0,22.37,95.4
2023-05-19,1,P012,Home,293.0,0,16,34,0,1,24.35,97.8
2023-05-20,1,P012,Home,234.4,20,31,91,1,0,26.53,96.22
2023-05-21,1,P012,Home,249.05,15,22,69,1,0,27.24,93.88
2023-05-22,1,P012,Home,278.35,5,18,51,0,0,35.41,96.32
2023-05-23,1,P012,Home,278.35,5,14,37,0,0,22.62,95.63
2023-05-24,1,P012,Home,263.7,10,20,98,0,1,29.88,97.73
2023-05-25,1,P012,Home,278.35,5,18,80,0,0,28.09,89.52
2023-05-26,1,P012,Home,234.4,20,24,56,0,0,25.0,94.73
2023-05-27,1,P012,Home,293.0,0,17,39,1,1,28.7,96.58
2023-05-28,1,P012,Home,293.0,0,19,20,1,0,28.57,94.96
2023-05-29,1,P012,Home,293.0,0,7,128,0,0,18.89,96.76
2023-05-30,1,P012,Home,263.7,10,24,104,0,1,27.29,97.91
2023-05-31,1,P012,Home,234.4,20,24,80,0,0,18.28,97.19
2023-06-01,1,P012,Home,263.7,10,23,57,0,0,20.77,97.56
2023-06-02,1,P012,Home,293.0,0,17,40,0,1,19.97,97.38
2023-06-03,1,P012,Home,263.7,10,29,105,1,1,24.39,95.39
2023-06-04,1,P012,Home,293.0,0,17,88,1,0,33.91,95.91
2023-06-05,1,P012,Home,293.0,0,19,69,0,1,32.81,93.99
2023-06-06,1,P012,Home,293.0,0,10,59,0,0,22.69,95.41
2023-06-07,1,P012,Home,293.0,0,19,40,0,0,20.85,96.86
2023-06-08,1,P012,Home,293.0,0,15,25,0,0,26.01,94.74
2023-06-09,1,P012,Home,278.35,5,21,122,0,0,21.64,94.14
2023-06-10,1,P012,Home,263.7,10,25,97,1,0,33.79,92.21
2023-06-11,1,P012,Home,293.0,0,18,79,1,0,24.81,89.9
2023-06-12,1,P012,Home,293.0,0,17,62,0,0,23.12,95.95
2023-06-13,1,P012,Home,234.4,20,28,34,0,0,25.88,94.9
2023-06-14,1,P012,Home,278.35,5,22,107,0,0,37.65,97.55
2023-06-15,1,P012,Home,278.35,5,20,87,0,0,28.84,93.68
2023-06-16,1,P012,Home,293.0,0,18,69,0,0,27.01,96.05
2023-06-17,1,P012,Home,293.0,0,22,47,1,0,24.43,92.84
2023-06-18,1,P012,Home,278.35,5,22,25,1,0,23.85,96.27
2023-06-19,1,P012,Home,263.7,10,16,146,0,0,23.87,93.31
2023-06-20,1,P012,Home,293.0,0,11,135,0,0,16.99,95.12
2023-06-21,1,P012,Home,293.0,0,13,122,0,0,15.65,93.34
2023-06-22,1,P012,Home,293.0,0,11,111,0,0,17.39,94.33
2023-06-23,1,P012,Home,293.0,0,13,98,0,0,16.6,93.95
2023-06-24,1,P012,Home,234.4,20,37,61,1,1,33.28,94.47
2023-06-25,1,P012,Home,278.35,5,28,33,1,1,21.89,95.55
2023-06-26,1,P012,Home,293.0,0,25,137,0,1,27.12,93.5
2023-06-27,1,P012,Home,293.0,0,16,121,0,0,29.28,90.21
2023-06-28,1,P012,Home,293.0,0,13,108,0,0,24.7,94.23
2023-06-29,1,P012,Home,293.0,0,23,85,0,0,20.47,91.96
2023-06-30,1,P012,Home,263.7,10,21,64,0,1,17.63,93.84
2023-07-01,1,P012,Home,293.0,0,14,50,1,0,26.01,97.72
2023-07-02,1,P012,Home,293.0,0,19,31,1,0,31.5,91.59
2023-07-03,1,P012,Home,278.35,5,17,154,0,0,23.55,94.91
2023-07-04,1,P012,Home,234.4,20,24,130,0,0,22.57,94.54
2023-07-05,1,P012,Home,249.05,15,22,108,0,1,21.88,95.39
2023-07-06,1,P012,Home,278.35,5,16,92,0,0,22.4,91.65
2023-07-07,1,P012,Home,263.7,10,18,74,0,0,22.64,98.63
2023-07-08,1,P012,Home,278.35,5,13,61,1,0,21.7,95.59
2023-07-09,1,P012,Home,293.0,0,15,46,1,1,23.08,95.64
2023-07-10,1,P012,Home,293.0,0,14,32,0,0,22.02,93.08
2023-07-11,1,P012,Home,293.0,0,6,26,0,0,32.81,94.44
2023-07-12,1,P012,Home,293.0,0,13,126,0,0,16.34,94.33
2023-07-13,1,P012,Home,293.0,0,16,110,0,1,29.4,93.08
2023-07-14,1,P012,Home,293.0,0,14,96,0,0,25.21,96.77
2023-07-15,1,P012,Home,293.0,0,25,71,1,0,30.33,95.97
2023-07-16,1,P012,Home,293.0,0,11,60,1,0,17.21,96.97
2023-07-17,1,P012,Home,278.35,5,12,48,0,0,18.49,96.02
2023-07-18,1,P012,Home,263.7,10,26,22,0,0,29.05,94.44
2023-07-19,1,P012,Home,293.0,0,19,145,0,0,21.06,95.25
2023-07-20,1,P012,Home,278.35,5,23,122,0,0,21.41,97.79
2023-07-21,1,P012,Home,293.0,0,11,111,0,0,23.26,93.91
2023-07-22,1,P012,Home,293.0,0,14,97,1,0,31.27,94.38
2023-07-23,1,P012,Home,293.0,0,17,80,1,0,20.72,94.71
2023-07-24,1,P012,Home,293.0,0,21,59,0,0,16.96,92.47
2023-07-25,1,P012,Home,249.05,15,18,41,0,0,20.34,96.99
2023-07-26,1,P012,Home,249.05,15,25,148,0,1,15.35,95.31
2023-07-27,1,P012,Home,263.7,10,11,137,0,0,25.16,94.3
2023-07-28,1,P012,Home,263.7,10,21,116,0,0,27.81,94.93
2023-07-29,1,P012,Home,293.0,0,17,99,1,0,22.66,97.19
2023-07-30,1,P012,Home,293.0,0,21,78,1,0,19.23,94.35
2023-07-31,1,P012,Home,278.35,5,24,54,0,1,21.11,94.21
2023-08-01,1,P012,Home,293.0,0,12,42,0,1,28.7,96.57
2023-08-02,1,P012,Home,293.0,0,7,35,0,0,27.71,93.43
2023-08-03,1,P012,Home,293.0,0,17,126,0,0,26.86,95.77
2023-08-04,1,P012,Home,293.0,0,23,103,0,1,24.76,95.34
2023-08-05,1,P012,Home,293.0,0,25,78,1,1,24.66,95.26
2023-08-06,1,P012,Home,293.0,0,34,44,1,1,36.26,94.51
2023-08-07,1,P012,Home,249.05,15,25,121,0,1,24.14,90.98
2023-08-08,1,P012,Home,263.7,10,21,100,0,0,30.48,93.65
2023-08-09,1,P012,Home,278.35,5,12,88,0,0,16.56,96.28
2023-08-10,1,P012,Home,249.05,15,16,72,0,0,28.6,94.4
2023-08-11,1,P012,Home,263.7,10,24,48,0,1,29.42,92.92
2023-08-12,1,P012,Home,293.0,0,21,27,1,0,23.46,97.06
2023-08-13,1,P012,Home,293.0,0,18,143,1,0,34.49,98.6
2023-08-14,1,P012,Home,293.0,0,16,127,0,0,25.4,92.56
2023-08-15,1,P012,Home,249.05,15,25,102,0,0,23.51,93.33
2023-08-16,1,P012,Home,263.7,10,20,82,0,0,28.98,95.16
2023-08-17,1,P012,Home,278.35,5,21,61,0,1,26.24,92.22
2023-08-18,1,P012,Home,278.35,5,14,47,0,0,34.16,97.86
2023-08-19,1,P012,Home,293.0,0,16,31,1,0,19.15,96.41
2023-08-20,1,P012,Home,293.0,0,12,120,1,0,26.78,94.78
2023-08-21,1,P012,Home,293.0,0,14,106,0,0,15.72,93.79
2023-08-22,1,P012,Home,293.0,0,18,88,0,0,21.27,91.81
2023-08-23,1,P012,Home,293.0,0,13,75,0,0,31.16,98.05
2023-08-24,1,P012,Home,293.0,0,16,59,0,0,20.85,96.98
2023-08-25,1,P012,Home,293.0,0,9,50,0,0,26.39,95.82
2023-08-26,1,P012,Home,234.4,20,27,23,1,0,22.76,95.98
2023-08-27,1,P012,Home,293.0,0,13,140,1,0,21.11,95.01
2023-08-28,1,P012,Home,263.7,10,24,116,0,0,17.85,96.19
2023-08-29,1,P012,Home,293.0,0,21,95,0,0,27.03,96.88
2023-08-30,1,P012,Home,293.0,0,18,77,0,0,30.95,94.74
2023-08-31,1,P012,Home,263.7,10,18,59,0,0,18.95,94.22
2023-09-01,1,P012,Home,293.0,0,20,39,0,0,19.93,94.14
2023-09-02,1,P012,Home,278.35,5,32,146,1,1,17.98,95.56
2023-09-03,1,P012,Home,278.35,5,15,131,1,0,32.99,95.49
2023-09-04,1,P012,Home,293.0,0,18,113,0,0,25.69,95.3
2023-09-05,1,P012,Home,278.35,5,16,97,0,0,17.47,93.0
2023-09-06,1,P012,Home,293.0,0,18,79,0,0,28.44,97.34
2023-09-07,1,P012,Home,293.0,0,17,62,0,1,35.28,98.63
2023-09-08,1,P012,Home,293.0,0,14,48,0,0,25.5,90.24
2023-09-09,1,P012,Home,278.35,5,17,31,1,0,30.49,93.96
2023-09-10,1,P012,Home,293.0,0,14,140,1,0,24.83,92.79
2023-09-11,1,P012,Home,278.35,5,21,119,0,1,28.19,97.34
2023-09-12,1,P012,Home,249.05,15,31,88,0,1,22.98,93.15
2023-09-13,1,P012,Home,278.35,5,18,70,0,1,26.88,96.3
2023-09-14,1,P012,Home,293.0,0,13,57,0,0,22.67,94.88
2023-09-15,1,P012,Home,293.0,0,23,34,0,0,27.04,98.16
2023-09-16,1,P012,Home,293.0,0,23,139,1,0,30.03,94.38
2023-09-17,1,P012,Home,293.0,0,16,123,1,0,29.4,96.76
2023-09-18,1,P012,Home,293.0,0,10,113,0,0,27.84,98.25
2023-09-19,1,P012,Home,249.05,15,18,95,0,0,20.49,95.42
2023-09-20,1,P012,Home,249.05,15,22,73,0,0,24.84,95.55
2023-09-21,1,P012,Home,278.35,5,13,60,0,0,31.11,94.38
2023-09-22,1,P012,Home,293.0,0,11,49,0,0,17.53,95.12
2023-09-23,1,P012,Home,263.7,10,23,26,1,0,25.33,91.78
2023-09-24,1,P012,Home,249.05,15,27,126,1,0,22.8,98.09
2023-09-25,1,P012,Home,293.0,0,11,115,0,0,23.76,92.79
2023-09-26,1,P012,Home,293.0,0,23,92,0,1,29.01,94.22
2023-09-27,1,P012,Home,263.7,10,29,63,0,1,26.71,95.24
2023-09-28,1,P012,Home,263.7,10,32,31,0,1,28.48,93.76
2023-09-29,1,P012,Home,293.0,0,13,99,0,0,25.95,96.51
2023-09-30,1,P012,Home,278.35,5,19,80,1,1,19.08,91.11
2023-10-01,1,P012,Home,249.05,15,23,57,1,1,28.35,96.4
2023-10-02,1,P012,Home,293.0,0,15,42,0,0,19.69,95.54
2023-10-03,1,P012,Home,293.0,0,16,26,0,0,28.43,93.88
2023-10-04,1,P012,Home,263.7,10,19,134,0,0,21.23,94.13
2023-10-05,1,P012,Home,293.0,0,19,115,0,0,23.64,98.37
2023-10-06,1,P012,Home,234.4,20,20,95,0,0,21.49,99.36
2023-10-07,1,P012,Home,278.35,5,14,81,1,0,27.16,94.56
2023-10-08,1,P012,Home,249.05,15,24,57,1,0,27.13,89.52
2023-10-09,1,P012,Home,293.0,0,19,38,0,0,31.48,95.14
2023-10-10,1,P012,Home,249.05,15,25,124,0,0,21.75,92.74
2023-10-11,1,P012,Home,249.05,15,26,98,0,1,26.88,92.33
2023-10-12,1,P012,Home,293.0,0,16,82,0,1,26.46,94.78
2023-10-13,1,P012,Home,293.0,0,9,73,0,0,27.9,90.4
2023-10-14,1,P012,Home,293.0,0,13,60,1,0,26.72,95.31
2023-10-15,1,P012,Home,293.0,0,14,46,1,0,27.77,94.77
2023-10-16,1,P012,Home,249.05,15,20,26,0,0,28.17,91.32
2023-10-17,1,P012,Home,234.4,20,28,135,0,0,20.5,95.76
2023-10-18,1,P012,Home,263.7,10,25,110,0,1,26.69,96.77
2023-10-19,1,P012,Home,293.0,0,19,91,0,1,19.74,94.89
2023-10-20,1,P012,Home,278.35,5,16,75,0,0,21.41,95.87
2023-10-21,1,P012,Home,249.05,15,28,47,1,0,20.05,97.42
2023-10-22,1,P012,Home,278.35,5,25,22,1,0,19.37,93.02
2023-10-23,1,P012,Home,293.0,0,19,128,0,0,23.27,96.4
2023-10-24,1,P012,Home,263.7,10,16,112,0,0,30.33,98.15
2023-10-25,1,P012,Home,278.35,5,14,98,0,0,25.28,91.98
2023-10-26,1,P012,Home,263.7,10,25,73,0,0,28.04,99.39
2023-10-27,1,P012,Home,263.7,10,20,53,0,0,25.36,96.33
2023-10-28,1,P012,Home,293.0,0,21,32,1,1,16.58,91.59
2023-10-29,1,P012,Home,249.05,15,27,86,1,0,23.1,94.28
2023-10-30,1,P012,Home,293.0,0,15,71,0,0,17.39,94.36
2023-10-31,1,P012,Home,278.35,5,15,56,0,0,18.46,94.71
2023-11-01,1,P012,Home,293.0,0,13,43,0,0,29.23,95.09
2023-11-02,1,P012,Home,278.35,5,18,25,0,0,18.27,96.32
2023-11-03,1,P012,Home,263.7,10,26,94,0,1,18.73,101.71
2023-11-04,1,P012,Home,234.4,20,36,58,1,1,29.79,94.47
2023-11-05,1,P012,Home,278.35,5,21,37,1,1,23.44,94.28
2023-11-06,1,P012,Home,293.0,0,7,30,0,0,26.96,93.98
2023-11-07,1,P012,Home,293.0,0,23,94,0,0,18.98,94.51
2023-11-08,1,P012,Home,293.0,0,14,80,0,0,28.44,97.83
2023-11-09,1,P012,Home,293.0,0,22,58,0,0,31.46,93.3
2023-11-10,1,P012,Home,293.0,0,15,43,0,1,14.81,96.42
2023-11-11,1,P012,Home,249.05,15,24,153,1,0,29.62,93.15
2023-11-12,1,P012,Home,278.35,5,16,137,1,0,27.41,99.13
2023-11-13,1,P012,Home,263.7,10,17,120,0,0,25.5,91.53
2023-11-14,1,P012,Home,293.0,0,8,112,0,0,17.46,96.26
2023-11-15,1,P012,Home,293.0,0,10,102,0,0,33.3,90.39
2023-11-16,1,P012,Home,293.0,0,11,91,0,0,21.04,93.94
2023-11-17,1,P012,Home,293.0,0,13,78,0,1,21.07,89.74
2023-11-18,1,P012,Home,293.0,0,21,57,1,1,28.56,91.83
2023-11-19,1,P012,Home,293.0,0,26,31,1,1,15.78,93.59
2023-11-20,1,P012,Home,293.0,0,15,157,0,0,29.13,99.04
2023-11-21,1,P012,Home,293.0,0,18,139,0,0,29.08,95.92
2023-11-22,1,P012,Home,293.0,0,12,127,0,0,23.32,91.07
2023-11-23,1,P012,Home,293.0,0,12,115,0,0,26.67,92.22
2023-11-24,1,P012,Home,293.0,0,9,106,0,0,22.47,94.55
2023-11-25,1,P012,Home,278.35,5,23,83,1,1,28.27,95.84
2023-11-26,1,P012,Home,293.0,0,22,61,1,1,24.28,95.04
2023-11-27,1,P012,Home,293.0,0,11,50,0,0,21.63,92.87
2023-11-28,1,P012,Home,293.0,0,19,31,0,1,28.81,93.18
2023-11-29,1,P012,Home,278.35,5,13,158,0,0,28.81,97.12
2023-11-30,1,P012,Home,278.35,5,9,149,0,0,20.64,95.54
2023-12-01,1,P012,Home,293.0,0,19,130,0,1,27.23,98.91
2023-12-02,1,P012,Home,263.7,10,30,100,1,1,27.57,98.18
2023-12-03,1,P012,Home,278.35,5,19,81,1,0,23.55,94.09
2023-12-04,1,P012,Home,293.0,0,20,61,0,1,25.67,93.37
2023-12-05,1,P012,Home,293.0,0,22,39,0,0,27.64,93.07
2023-12-06,1,P012,Home,293.0,0,13,26,0,0,23.44,93.76
2023-12-07,1,P012,Home,263.7,10,22,114,0,0,28.4,97.5
2023-12-08,1,P012,Home,293.0,0,14,100,0,0,31.85,95.69
2023-12-09,1,P012,Home,234.4,20,18,82,1,0,21.05,93.44
2023-12-10,1,P012,Home,278.35,5,29,53,1,1,30.89,99.23
2023-12-11,1,P012,Home,293.0,0,24,29,0,1,13.91,94.62
2023-12-12,1,P012,Home,293.0,0,28,135,0,0,27.95,92.14
2023-12-13,1,P012,Home,278.35,5,24,111,0,1,19.28,95.61
2023-12-14,1,P012,Home,263.7,10,20,91,0,1,23.91,95.49
2023-12-15,1,P012,Home,263.7,10,24,67,0,0,21.92,94.83
2023-12-16,1,P012,Home,263.7,10,29,38,1,1,19.59,92.57
2023-12-17,1,P012,Home,293.0,0,18,20,1,0,22.39,90.95
2023-12-18,1,P012,Home,278.35,5,25,114,0,0,28.92,93.79
2023-12-19,1,P012,Home,234.4,20,22,92,0,0,23.75,94.92
2023-12-20,1,P012,Home,278.35,5,14,78,0,0,22.6,99.55
2023-12-21,1,P012,Home,293.0,0,15,63,0,0,22.05,93.75
2023-12-22,1,P012,Home,263.7,10,15,48,0,0,32.32,93.01
2023-12-23,1,P012,Home,278.35,5,23,25,1,0,31.11,96.95
2023-12-24,1,P012,Home,263.7,10,29,111,1,0,29.57,92.01
2023-12-25,1,P012,Home,263.7,10,23,88,0,1,30.46,98.15
2023-12-26,1,P012,Home,293.0,0,20,68,0,1,24.64,95.08
2023-12-27,1,P012,Home,249.05,15,18,50,0,0,21.71,93.77
2023-12-28,1,P012,Home,293.0,0,16,34,0,0,31.31,92.52
2023-12-29,1,P012,Home,293.0,0,15,109,0,0,24.65,91.92
2023-12-30,1,P012,Home,278.35,5,25,84,1,0,27.76,96.88
2023-12-31,1,P012,Home,249.05,15,37,47,1,1,33.5,96.55
2023-01-01,1,P013,Sports,203.0,0,19,81,1,0,29.0,95.71
2023-01-02,1,P013,Sports,192.85,5,15,66,0,0,25.2,94.03
