retail_demand_dataset.csv
date,store_id,product_id,category,price,discount,units_sold,inventory_level,holiday,promotion,temperature,fuel_price
2023-01-03,1,P013,Sports,162.4,20,27,39,0,0,18.42,92.93
2023-01-04,1,P013,Sports,192.85,5,16,23,0,1,25.72,97.2
2023-01-05,1,P013,Sports,203.0,0,11,114,0,0,31.17,94.71
2023-01-06,1,P013,Sports,182.7,10,27,87,0,1,21.14,94.49
2023-01-07,1,P013,Sports,192.85,5,22,65,1,1,19.05,93.44
2023-01-08,1,P013,Sports,182.7,10,21,44,1,0,30.6,93.45
2023-01-09,1,P013,Sports,192.85,5,18,26,0,0,25.48,92.71
2023-01-10,1,P013,Sports,162.4,20,24,101,0,0,29.7,95.68
2023-01-11,1,P013,Sports,203.0,0,23,78,0,1,20.23,95.32
2023-01-12,1,P013,Sports,182.7,10,20,58,0,0,30.38,96.59
2023-01-13,1,P013,Sports,172.55,15,17,41,0,0,27.3,96.64
2023-01-14,1,P013,Sports,192.85,5,18,23,1,0,28.26,96.66
2023-01-15,1,P013,Sports,203.0,0,24,117,1,1,24.67,92.05
2023-01-16,1,P013,Sports,203.0,0,20,97,0,0,27.98,95.37
2023-01-17,1,P013,Sports,203.0,0,19,78,0,0,20.39,92.58
2023-01-18,1,P013,Sports,203.0,0,13,65,0,0,28.51,94.71
2023-01-19,1,P013,Sports,203.0,0,16,49,0,0,22.85,91.53
2023-01-20,1,P013,Sports,203.0,0,19,30,0,1,34.09,92.36
2023-01-21,1,P013,Sports,203.0,0,17,99,1,0,25.14,97.62
2023-01-22,1,P013,Sports,203.0,0,20,79,1,0,21.16,93.03
2023-01-23,1,P013,Sports,192.85,5,18,61,0,0,21.64,96.84
2023-01-24,1,P013,Sports,182.7,10,20,41,0,0,21.68,94.08
2023-01-25,1,P013,Sports,203.0,0,13,28,0,0,16.27,92.35
2023-01-26,1,P013,Sports,192.85,5,18,96,0,1,20.82,94.31
2023-01-27,1,P013,Sports,203.0,0,11,85,0,0,19.49,95.16
2023-01-28,1,P013,Sports,203.0,0,21,64,1,1,34.59,96.44
2023-01-29,1,P013,Sports,172.55,15,38,26,1,1,22.83,96.94
2023-01-30,1,P013,Sports,203.0,0,14,94,0,0,23.29,94.19
2023-01-31,1,P013,Sports,172.55,15,34,60,0,1,37.55,97.23
2023-02-01,1,P013,Sports,192.85,5,26,34,0,1,18.04,97.38
2023-02-02,1,P013,Sports,203.0,0,10,24,0,1,27.53,96.94
2023-02-03,1,P013,Sports,203.0,0,18,113,0,1,17.99,88.14
2023-02-04,1,P013,Sports,203.0,0,21,92,1,1,28.42,91.49
2023-02-05,1,P013,Sports,192.85,5,21,71,1,0,30.64,93.99
2023-02-06,1,P013,Sports,203.0,0,17,54,0,1,22.34,95.57
2023-02-07,1,P013,Sports,203.0,0,17,37,0,0,34.46,97.02
2023-02-08,1,P013,Sports,192.85,5,22,151,0,0,20.42,96.49
2023-02-09,1,P013,Sports,192.85,5,15,136,0,0,33.66,96.99
2023-02-10,1,P013,Sports,182.7,10,29,107,0,1,33.12,96.59
2023-02-11,1,P013,Sports,182.7,10,25,82,1,1,23.16,94.15
2023-02-12,1,P013,Sports,172.55,15,25,57,1,0,22.41,95.46
2023-02-13,1,P013,Sports,203.0,0,14,43,0,0,26.31,92.3
2023-02-14,1,P013,Sports,203.0,0,20,23,0,0,22.13,95.51
2023-02-15,1,P013,Sports,203.0,0,16,138,0,0,27.64,95.1
2023-02-16,1,P013,Sports,162.4,20,27,111,0,1,21.38,92.64
2023-02-17,1,P013,Sports,172.55,15,13,98,0,0,19.03,97.21
2023-02-18,1,P013,Sports,203.0,0,20,78,1,0,15.97,91.05
2023-02-19,1,P013,Sports,203.0,0,17,61,1,0,20.28,95.5
2023-02-20,1,P013,Sports,203.0,0,16,45,0,1,24.83,97.92
2023-02-21,1,P013,Sports,192.85,5,22,23,0,1,20.39,98.25
2023-02-22,1,P013,Sports,203.0,0,27,81,0,1,17.95,96.66
2023-02-23,1,P013,Sports,172.55,15,32,49,0,0,22.56,94.42
2023-02-24,1,P013,Sports,192.85,5,19,30,0,1,25.62,95.45
2023-02-25,1,P013,Sports,182.7,10,32,145,1,1,28.37,96.33
2023-02-26,1,P013,Sports,203.0,0,15,130,1,0,24.72,99.07
2023-02-27,1,P013,Sports,203.0,0,9,121,0,0,28.45,97.31
2023-02-28,1,P013,Sports,203.0,0,20,101,0,1,21.44,95.89
2023-03-01,1,P013,Sports,203.0,0,25,76,0,1,33.67,95.19
2023-03-02,1,P013,Sports,192.85,5,16,60,0,0,24.62,97.02
2023-03-03,1,P013,Sports,203.0,0,6,54,0,0,30.19,92.45
2023-03-04,1,P013,Sports,182.7,10,21,33,1,0,19.23,94.07
2023-03-05,1,P013,Sports,203.0,0,22,113,1,0,24.56,91.99
2023-03-06,1,P013,Sports,203.0,0,11,102,0,0,28.0,96.06
2023-03-07,1,P013,Sports,162.4,20,27,75,0,0,26.75,96.58
2023-03-08,1,P013,Sports,203.0,0,11,64,0,0,19.3,89.92
2023-03-09,1,P013,Sports,203.0,0,12,52,0,0,28.18,94.93
2023-03-10,1,P013,Sports,192.85,5,25,27,0,0,20.45,96.41
2023-03-11,1,P013,Sports,203.0,0,21,116,1,1,18.48,94.77
2023-03-12,1,P013,Sports,182.7,10,26,90,1,0,23.98,92.96
2023-03-13,1,P013,Sports,203.0,0,19,71,0,0,30.66,91.52
2023-03-14,1,P013,Sports,203.0,0,20,51,0,1,26.88,90.94
2023-03-15,1,P013,Sports,192.85,5,20,31,0,0,26.86,93.99
2023-03-16,1,P013,Sports,203.0,0,26,148,0,1,26.97,93.76
2023-03-17,1,P013,Sports,203.0,0,11,137,0,0,23.88,95.86
2023-03-18,1,P013,Sports,203.0,0,25,112,1,0,23.77,94.65
2023-03-19,1,P013,Sports,203.0,0,19,93,1,0,25.75,93.7
2023-03-20,1,P013,Sports,203.0,0,14,79,0,0,25.71,98.57
2023-03-21,1,P013,Sports,182.7,10,27,52,0,1,32.69,97.43
2023-03-22,1,P013,Sports,203.0,0,19,33,0,0,24.86,93.94
2023-03-23,1,P013,Sports,203.0,0,10,23,0,0,19.55,94.77
2023-03-24,1,P013,Sports,182.7,10,31,126,0,1,24.51,95.61
2023-03-25,1,P013,Sports,192.85,5,20,106,1,0,27.26,97.42
2023-03-26,1,P013,Sports,203.0,0,13,93,1,0,20.19,97.12
2023-03-27,1,P013,Sports,203.0,0,20,73,0,1,19.37,97.2
2023-03-28,1,P013,Sports,192.85,5,15,58,0,0,25.59,94.42
2023-03-29,1,P013,Sports,182.7,10,29,29,0,1,23.0,93.79
2023-03-30,1,P013,Sports,203.0,0,19,148,0,0,30.82,89.96
2023-03-31,1,P013,Sports,182.7,10,28,120,0,1,24.27,95.86
2023-04-01,1,P013,Sports,203.0,0,12,108,1,0,18.31,98.45
2023-04-02,1,P013,Sports,203.0,0,13,95,1,0,20.28,96.25
2023-04-03,1,P013,Sports,192.85,5,23,72,0,1,16.28,94.61
2023-04-04,1,P013,Sports,182.7,10,23,49,0,0,18.1,96.73
2023-04-05,1,P013,Sports,203.0,0,15,34,0,0,25.77,94.29
2023-04-06,1,P013,Sports,203.0,0,11,23,0,0,29.03,95.07
2023-04-07,1,P013,Sports,203.0,0,18,136,0,0,27.92,96.81
2023-04-08,1,P013,Sports,203.0,0,17,119,1,0,17.79,92.06
2023-04-09,1,P013,Sports,203.0,0,15,104,1,0,30.52,94.37
2023-04-10,1,P013,Sports,203.0,0,25,79,0,1,22.44,96.27
2023-04-11,1,P013,Sports,172.55,15,24,55,0,1,32.09,96.96
2023-04-12,1,P013,Sports,203.0,0,15,40,0,0,29.73,95.86
2023-04-13,1,P013,Sports,203.0,0,13,27,0,0,29.93,93.8
2023-04-14,1,P013,Sports,192.85,5,21,124,0,0,22.94,90.22
2023-04-15,1,P013,Sports,172.55,15,31,93,1,1,28.4,94.98
2023-04-16,1,P013,Sports,192.85,5,25,68,1,1,24.09,91.0
2023-04-17,1,P013,Sports,203.0,0,11,57,0,0,25.94,94.05
2023-04-18,1,P013,Sports,203.0,0,15,42,0,0,21.06,93.66
2023-04-19,1,P013,Sports,203.0,0,17,25,0,0,27.97,98.48
2023-04-20,1,P013,Sports,203.0,0,9,99,0,0,29.7,96.39
2023-04-21,1,P013,Sports,192.85,5,20,79,0,1,24.89,96.79
2023-04-22,1,P013,Sports,192.85,5,21,58,1,0,23.12,93.62
2023-04-23,1,P013,Sports,203.0,0,13,45,1,0,26.57,93.01
2023-04-24,1,P013,Sports,192.85,5,17,28,0,1,25.93,97.99
2023-04-25,1,P013,Sports,182.7,10,31,135,0,1,27.13,93.7
2023-04-26,1,P013,Sports,203.0,0,11,124,0,0,21.2,95.27
2023-04-27,1,P013,Sports,182.7,10,25,99,0,0,28.98,93.69
2023-04-28,1,P013,Sports,182.7,10,18,81,0,0,26.61,94.7
2023-04-29,1,P013,Sports,203.0,0,19,62,1,0,21.79,94.72
2023-04-30,1,P013,Sports,172.55,15,24,38,1,0,20.03,91.78
2023-05-01,1,P013,Sports,192.85,5,20,141,0,1,19.88,94.24
2023-05-02,1,P013,Sports,162.4,20,35,106,0,1,29.32,89.68
2023-05-03,1,P013,Sports,203.0,0,12,94,0,0,25.48,94.48
2023-05-04,1,P013,Sports,203.0,0,21,73,0,1,29.36,97.36
2023-05-05,1,P013,Sports,203.0,0,7,66,0,0,18.16,97.61
2023-05-06,1,P013,Sports,182.7,10,26,40,1,0,26.87,95.66
2023-05-07,1,P013,Sports,203.0,0,24,108,1,1,19.55,94.09
2023-05-08,1,P013,Sports,192.85,5,21,87,0,1,24.51,96.79
2023-05-09,1,P013,Sports,182.7,10,23,64,0,0,26.1,96.56
2023-05-10,1,P013,Sports,182.7,10,19,45,0,0,22.77,93.82
2023-05-11,1,P013,Sports,172.55,15,32,130,0,1,25.1,99.47
2023-05-12,1,P013,Sports,203.0,0,23,107,0,1,32.47,92.45
2023-05-13,1,P013,Sports,203.0,0,18,89,1,0,13.8,95.38
2023-05-14,1,P013,Sports,203.0,0,13,76,1,0,26.32,98.12
2023-05-15,1,P013,Sports,172.55,15,19,57,0,0,22.58,95.83
2023-05-16,1,P013,Sports,203.0,0,18,39,0,0,23.97,93.69
2023-05-17,1,P013,Sports,182.7,10,21,133,0,1,24.11,90.95
2023-05-18,1,P013,Sports,203.0,0,20,113,0,0,24.83,93.82
2023-05-19,1,P013,Sports,182.7,10,19,94,0,0,27.9,96.04
2023-05-20,1,P013,Sports,203.0,0,15,79,1,0,34.96,98.04
2023-05-21,1,P013,Sports,162.4,20,28,51,1,1,16.18,92.91
2023-05-22,1,P013,Sports,162.4,20,30,21,0,1,24.26,93.13
2023-05-23,1,P013,Sports,203.0,0,13,144,0,0,29.03,96.41
2023-05-24,1,P013,Sports,203.0,0,14,130,0,1,20.49,96.45
2023-05-25,1,P013,Sports,192.85,5,17,113,0,0,19.97,98.72
2023-05-26,1,P013,Sports,182.7,10,13,100,0,0,28.66,91.94
2023-05-27,1,P013,Sports,192.85,5,26,74,1,0,25.52,95.91
2023-05-28,1,P013,Sports,172.55,15,28,46,1,1,19.67,93.77
2023-05-29,1,P013,Sports,203.0,0,13,33,0,0,29.03,96.81
2023-05-30,1,P013,Sports,203.0,0,19,105,0,0,25.55,95.82
2023-05-31,1,P013,Sports,192.85,5,24,81,0,1,24.51,92.35
2023-06-01,1,P013,Sports,172.55,15,23,58,0,0,24.77,98.13
2023-06-02,1,P013,Sports,203.0,0,14,44,0,1,26.84,95.81
2023-06-03,1,P013,Sports,192.85,5,27,161,1,0,24.92,94.94
2023-06-04,1,P013,Sports,203.0,0,23,138,1,1,19.49,95.33
2023-06-05,1,P013,Sports,182.7,10,25,113,0,1,23.4,96.18
2023-06-06,1,P013,Sports,203.0,0,8,105,0,0,25.37,93.28
2023-06-07,1,P013,Sports,203.0,0,24,81,0,1,31.71,95.23
2023-06-08,1,P013,Sports,203.0,0,6,75,0,0,18.59,97.82
2023-06-09,1,P013,Sports,192.85,5,21,54,0,0,23.25,91.72
2023-06-10,1,P013,Sports,203.0,0,8,46,1,0,20.46,93.79
2023-06-11,1,P013,Sports,182.7,10,29,133,1,1,24.85,95.48
2023-06-12,1,P013,Sports,162.4,20,29,104,0,0,33.26,92.88
2023-06-13,1,P013,Sports,182.7,10,18,86,0,0,26.68,93.52
2023-06-14,1,P013,Sports,203.0,0,11,75,0,0,19.27,93.61
2023-06-15,1,P013,Sports,182.7,10,15,60,0,0,10.48,96.51
2023-06-16,1,P013,Sports,203.0,0,17,43,0,0,28.05,95.01
2023-06-17,1,P013,Sports,203.0,0,25,111,1,0,27.78,92.22
2023-06-18,1,P013,Sports,203.0,0,20,91,1,1,27.73,94.86
2023-06-19,1,P013,Sports,192.85,5,13,78,0,0,22.83,94.4
2023-06-20,1,P013,Sports,203.0,0,22,56,0,1,22.51,95.79
2023-06-21,1,P013,Sports,203.0,0,20,36,0,0,38.75,95.29
2023-06-22,1,P013,Sports,203.0,0,21,98,0,0,25.87,93.23
2023-06-23,1,P013,Sports,203.0,0,17,81,0,1,14.43,94.7
2023-06-24,1,P013,Sports,203.0,0,23,58,1,0,26.04,94.13
2023-06-25,1,P013,Sports,203.0,0,15,43,1,0,31.54,94.9
2023-06-26,1,P013,Sports,192.85,5,21,22,0,1,33.94,95.63
2023-06-27,1,P013,Sports,172.55,15,24,121,0,0,20.78,93.24
2023-06-28,1,P013,Sports,203.0,0,19,102,0,1,22.95,92.26
2023-06-29,1,P013,Sports,203.0,0,17,85,0,1,27.26,93.9
2023-06-30,1,P013,Sports,192.85,5,28,57,0,1,22.89,95.81
2023-07-01,1,P013,Sports,182.7,10,25,32,1,0,20.82,93.44
2023-07-02,1,P013,Sports,203.0,0,14,110,1,1,27.32,95.49
2023-07-03,1,P013,Sports,192.85,5,18,92,0,1,28.33,93.93
2023-07-04,1,P013,Sports,182.7,10,20,72,0,0,23.09,87.44
2023-07-05,1,P013,Sports,192.85,5,21,51,0,0,16.47,96.91
2023-07-06,1,P013,Sports,182.7,10,29,22,0,0,19.29,93.85
2023-07-07,1,P013,Sports,192.85,5,22,136,0,0,24.45,91.35
2023-07-08,1,P013,Sports,203.0,0,12,124,1,0,19.63,95.16
2023-07-09,1,P013,Sports,192.85,5,26,98,1,0,23.8,90.72
2023-07-10,1,P013,Sports,182.7,10,24,74,0,0,24.9,97.58
2023-07-11,1,P013,Sports,203.0,0,18,56,0,1,24.52,99.04
2023-07-12,1,P013,Sports,192.85,5,14,42,0,0,24.4,95.66
2023-07-13,1,P013,Sports,203.0,0,11,31,0,0,28.65,94.61
2023-07-14,1,P013,Sports,203.0,0,11,20,0,0,38.42,96.89
2023-07-15,1,P013,Sports,203.0,0,22,113,1,1,18.86,93.73
2023-07-16,1,P013,Sports,203.0,0,23,90,1,0,25.66,95.7
2023-07-17,1,P013,Sports,192.85,5,19,71,0,0,22.39,96.83
2023-07-18,1,P013,Sports,203.0,0,16,55,0,0,24.24,97.63
2023-07-19,1,P013,Sports,203.0,0,17,38,0,0,21.7,94.64
2023-07-20,1,P013,Sports,192.85,5,15,23,0,0,33.31,95.16
2023-07-21,1,P013,Sports,203.0,0,14,144,0,1,33.68,93.47
2023-07-22,1,P013,Sports,192.85,5,15,129,1,0,16.03,95.6
2023-07-23,1,P013,Sports,172.55,15,27,102,1,0,30.97,94.79
2023-07-24,1,P013,Sports,203.0,0,9,93,0,0,25.65,96.15
2023-07-25,1,P013,Sports,203.0,0,21,72,0,1,29.97,94.23
2023-07-26,1,P013,Sports,203.0,0,14,58,0,0,27.22,94.6
2023-07-27,1,P013,Sports,203.0,0,26,32,0,1,29.31,93.64
2023-07-28,1,P013,Sports,203.0,0,16,104,0,1,20.75,94.52
2023-07-29,1,P013,Sports,172.55,15,24,80,1,0,26.09,95.89
2023-07-30,1,P013,Sports,203.0,0,17,63,1,0,19.17,93.07
2023-07-31,1,P013,Sports,203.0,0,19,44,0,0,19.91,93.03
2023-08-01,1,P013,Sports,203.0,0,13,31,0,0,20.42,93.78
2023-08-02,1,P013,Sports,172.55,15,28,131,0,0,22.5,93.2
2023-08-03,1,P013,Sports,192.85,5,19,112,0,0,20.45,95.03
2023-08-04,1,P013,Sports,162.4,20,16,96,0,0,27.49,94.82
2023-08-05,1,P013,Sports,192.85,5,19,77,1,0,24.64,93.86
2023-08-06,1,P013,Sports,203.0,0,20,57,1,1,22.6,96.93
2023-08-07,1,P013,Sports,172.55,15,20,37,0,1,14.77,93.68
2023-08-08,1,P013,Sports,172.55,15,24,139,0,0,18.8,95.03
2023-08-09,1,P013,Sports,162.4,20,22,117,0,0,26.18,93.19
2023-08-10,1,P013,Sports,182.7,10,30,87,0,0,27.3,92.55
2023-08-11,1,P013,Sports,203.0,0,10,77,0,0,15.69,92.77
2023-08-12,1,P013,Sports,203.0,0,21,56,1,0,28.93,94.61
2023-08-13,1,P013,Sports,203.0,0,5,51,1,0,21.18,93.07
2023-08-14,1,P013,Sports,203.0,0,10,41,0,1,25.11,94.53
2023-08-15,1,P013,Sports,203.0,0,12,29,0,0,20.08,93.38
2023-08-16,1,P013,Sports,203.0,0,11,140,0,0,19.38,93.16
2023-08-17,1,P013,Sports,162.4,20,26,114,0,0,19.19,95.7
2023-08-18,1,P013,Sports,203.0,0,9,105,0,0,21.29,94.37
2023-08-19,1,P013,Sports,162.4,20,31,74,1,1,22.41,96.27
2023-08-20,1,P013,Sports,192.85,5,20,54,1,0,24.39,96.24
2023-08-21,1,P013,Sports,203.0,0,9,45,0,0,30.06,93.73
2023-08-22,1,P013,Sports,203.0,0,11,34,0,0,20.52,98.57
2023-08-23,1,P013,Sports,192.85,5,21,157,0,0,20.93,92.88
2023-08-24,1,P013,Sports,162.4,20,25,132,0,0,18.86,95.5
2023-08-25,1,P013,Sports,203.0,0,4,128,0,0,24.74,98.28
2023-08-26,1,P013,Sports,203.0,0,15,113,1,0,32.26,91.08
2023-08-27,1,P013,Sports,182.7,10,28,85,1,0,30.87,92.18
2023-08-28,1,P013,Sports,182.7,10,23,62,0,1,16.98,95.37
2023-08-29,1,P013,Sports,192.85,5,16,46,0,1,32.53,94.46
2023-08-30,1,P013,Sports,192.85,5,19,27,0,0,22.72,95.8
2023-08-31,1,P013,Sports,203.0,0,20,111,0,1,31.66,93.94
2023-09-01,1,P013,Sports,203.0,0,11,100,0,0,31.36,94.92
2023-09-02,1,P013,Sports,192.85,5,30,70,1,1,26.63,96.06
2023-09-03,1,P013,Sports,182.7,10,26,44,1,1,25.58,97.3
2023-09-04,1,P013,Sports,182.7,10,17,27,0,0,31.28,96.33
2023-09-05,1,P013,Sports,203.0,0,20,121,0,1,26.35,95.59
2023-09-06,1,P013,Sports,192.85,5,11,110,0,0,24.67,93.43
2023-09-07,1,P013,Sports,203.0,0,14,96,0,0,20.56,93.13
2023-09-08,1,P013,Sports,203.0,0,23,73,0,1,21.77,96.74
2023-09-09,1,P013,Sports,203.0,0,26,47,1,0,27.11,96.25
2023-09-10,1,P013,Sports,182.7,10,27,20,1,1,23.33,95.08
2023-09-11,1,P013,Sports,192.85,5,20,115,0,1,26.96,97.22
2023-09-12,1,P013,Sports,203.0,0,20,95,0,1,22.99,94.97
2023-09-13,1,P013,Sports,203.0,0,19,76,0,1,16.95,91.92
2023-09-14,1,P013,Sports,203.0,0,9,67,0,0,24.69,94.59
2023-09-15,1,P013,Sports,192.85,5,16,51,0,0,28.43,94.58
2023-09-16,1,P013,Sports,203.0,0,19,32,1,0,25.1,96.08
2023-09-17,1,P013,Sports,182.7,10,27,139,1,0,31.36,97.24
2023-09-18,1,P013,Sports,203.0,0,25,114,0,1,34.59,94.89
2023-09-19,1,P013,Sports,203.0,0,15,99,0,1,18.76,95.88
2023-09-20,1,P013,Sports,182.7,10,17,82,0,0,24.7,95.84
2023-09-21,1,P013,Sports,182.7,10,20,62,0,0,15.95,90.01
2023-09-22,1,P013,Sports,182.7,10,21,41,0,0,31.99,95.52
2023-09-23,1,P013,Sports,162.4,20,35,104,1,1,16.81,95.66
2023-09-24,1,P013,Sports,192.85,5,23,81,1,0,29.86,90.51
2023-09-25,1,P013,Sports,192.85,5,26,55,0,1,21.03,98.56
2023-09-26,1,P013,Sports,182.7,10,22,33,0,0,23.73,94.92
2023-09-27,1,P013,Sports,162.4,20,35,84,0,1,18.85,94.93
2023-09-28,1,P013,Sports,192.85,5,16,68,0,0,19.88,92.12
2023-09-29,1,P013,Sports,192.85,5,17,51,0,0,25.12,95.9
2023-09-30,1,P013,Sports,203.0,0,17,34,1,1,29.83,97.26
2023-10-01,1,P013,Sports,172.55,15,21,131,1,0,21.51,95.66
2023-10-02,1,P013,Sports,172.55,15,28,103,0,1,19.84,97.28
2023-10-03,1,P013,Sports,192.85,5,22,81,0,1,25.89,94.09
2023-10-04,1,P013,Sports,162.4,20,22,59,0,0,29.57,95.38
2023-10-05,1,P013,Sports,203.0,0,23,36,0,0,26.74,96.31
2023-10-06,1,P013,Sports,192.85,5,26,113,0,1,18.22,94.63
2023-10-07,1,P013,Sports,172.55,15,25,88,1,0,22.45,97.31
2023-10-08,1,P013,Sports,192.85,5,23,65,1,1,30.68,97.97
2023-10-09,1,P013,Sports,203.0,0,14,51,0,0,20.57,95.09
2023-10-10,1,P013,Sports,203.0,0,7,44,0,0,25.63,95.36
2023-10-11,1,P013,Sports,203.0,0,18,26,0,1,25.34,94.61
2023-10-12,1,P013,Sports,182.7,10,22,140,0,0,29.35,93.43
2023-10-13,1,P013,Sports,162.4,20,25,115,0,1,18.71,95.9
2023-10-14,1,P013,Sports,203.0,0,22,93,1,0,20.98,99.19
2023-10-15,1,P013,Sports,172.55,15,30,63,1,1,23.22,91.48
2023-10-16,1,P013,Sports,192.85,5,24,39,0,1,19.74,96.79
2023-10-17,1,P013,Sports,192.85,5,18,21,0,1,23.16,93.45
2023-10-18,1,P013,Sports,203.0,0,26,120,0,1,30.15,91.84
2023-10-19,1,P013,Sports,172.55,15,17,103,0,1,18.19,94.07
2023-10-20,1,P013,Sports,203.0,0,18,85,0,0,26.85,92.1
2023-10-21,1,P013,Sports,203.0,0,12,73,1,0,24.29,98.25
2023-10-22,1,P013,Sports,192.85,5,18,55,1,0,23.27,95.8
2023-10-23,1,P013,Sports,203.0,0,9,46,0,0,36.72,97.2
2023-10-24,1,P013,Sports,192.85,5,18,28,0,0,20.11,92.04
2023-10-25,1,P013,Sports,203.0,0,18,142,0,0,29.54,93.11
2023-10-26,1,P013,Sports,182.7,10,22,120,0,0,20.11,95.1
2023-10-27,1,P013,Sports,203.0,0,18,102,0,1,24.17,95.88
2023-10-28,1,P013,Sports,182.7,10,17,85,1,0,23.12,92.42
2023-10-29,1,P013,Sports,203.0,0,19,66,1,0,32.85,93.63
2023-10-30,1,P013,Sports,172.55,15,25,41,0,0,15.68,93.98
2023-10-31,1,P013,Sports,192.85,5,21,20,0,0,24.66,94.3
2023-11-01,1,P013,Sports,162.4,20,32,87,0,0,24.84,95.05
2023-11-02,1,P013,Sports,203.0,0,13,74,0,0,28.33,95.64
2023-11-03,1,P013,Sports,203.0,0,17,57,0,0,32.97,97.23
2023-11-04,1,P013,Sports,203.0,0,18,39,1,0,26.06,94.31
2023-11-05,1,P013,Sports,192.85,5,29,133,1,1,20.28,92.64
2023-11-06,1,P013,Sports,203.0,0,12,121,0,1,28.95,95.88
2023-11-07,1,P013,Sports,182.7,10,15,106,0,0,21.42,94.3
2023-11-08,1,P013,Sports,192.85,5,25,81,0,1,28.75,93.8
2023-11-09,1,P013,Sports,162.4,20,25,56,0,0,23.82,92.25
2023-11-10,1,P013,Sports,192.85,5,20,36,0,0,35.39,93.63
2023-11-11,1,P013,Sports,203.0,0,18,130,1,0,26.01,96.58
2023-11-12,1,P013,Sports,203.0,0,16,114,1,0,32.44,93.1
2023-11-13,1,P013,Sports,172.55,15,23,91,0,0,20.74,93.4
2023-11-14,1,P013,Sports,203.0,0,20,71,0,1,25.03,96.12
2023-11-15,1,P013,Sports,203.0,0,13,58,0,0,28.18,94.65
2023-11-16,1,P013,Sports,203.0,0,12,46,0,0,28.33,93.94
2023-11-17,1,P013,Sports,162.4,20,25,21,0,0,26.41,93.75
2023-11-18,1,P013,Sports,182.7,10,25,121,1,0,28.01,96.35
