retail_demand_dataset.csv
date,store_id,product_id,category,price,discount,units_sold,inventory_level,holiday,promotion,temperature,fuel_price
2023-11-19,1,P013,Sports,192.85,5,12,109,1,0,23.93,94.07
2023-11-20,1,P013,Sports,172.55,15,28,81,0,1,35.69,93.44
2023-11-21,1,P013,Sports,203.0,0,10,71,0,0,24.15,94.6
2023-11-22,1,P013,Sports,192.85,5,14,57,0,0,16.77,95.23
2023-11-23,1,P013,Sports,203.0,0,8,49,0,0,27.11,97.88
2023-11-24,1,P013,Sports,182.7,10,13,36,0,0,20.76,97.4
2023-11-25,1,P013,Sports,192.85,5,18,106,1,0,13.39,91.33
2023-11-26,1,P013,Sports,192.85,5,13,93,1,0,28.41,91.87
2023-11-27,1,P013,Sports,182.7,10,15,78,0,0,18.26,92.3
2023-11-28,1,P013,Sports,203.0,0,5,73,0,0,34.35,96.41
2023-11-29,1,P013,Sports,182.7,10,28,45,0,0,27.15,92.74
2023-11-30,1,P013,Sports,172.55,15,19,26,0,0,20.2,95.91
2023-12-01,1,P013,Sports,203.0,0,21,154,0,1,22.4,92.37
2023-12-02,1,P013,Sports,182.7,10,25,129,1,0,19.31,93.25
2023-12-03,1,P013,Sports,182.7,10,24,105,1,0,29.49,96.58
2023-12-04,1,P013,Sports,162.4,20,26,79,0,0,23.85,94.49
2023-12-05,1,P013,Sports,182.7,10,21,58,0,1,24.19,93.41
2023-12-06,1,P013,Sports,162.4,20,30,28,0,0,24.85,96.23
2023-12-07,1,P013,Sports,182.7,10,13,123,0,0,26.94,97.42
2023-12-08,1,P013,Sports,192.85,5,17,106,0,1,24.78,95.53
2023-12-09,1,P013,Sports,203.0,0,18,88,1,0,26.49,93.03
2023-12-10,1,P013,Sports,203.0,0,20,68,1,0,20.47,95.28
2023-12-11,1,P013,Sports,172.55,15,25,43,0,0,21.91,93.2
2023-12-12,1,P013,Sports,172.55,15,15,28,0,0,33.59,97.4
2023-12-13,1,P013,Sports,172.55,15,32,115,0,1,11.84,95.85
2023-12-14,1,P013,Sports,162.4,20,27,88,0,1,11.96,94.14
2023-12-15,1,P013,Sports,182.7,10,20,68,0,0,25.62,96.23
2023-12-16,1,P013,Sports,162.4,20,40,28,1,0,24.3,95.96
2023-12-17,1,P013,Sports,192.85,5,20,119,1,0,16.45,95.62
2023-12-18,1,P013,Sports,172.55,15,16,103,0,0,23.45,94.87
2023-12-19,1,P013,Sports,203.0,0,16,87,0,0,17.25,95.66
2023-12-20,1,P013,Sports,192.85,5,22,65,0,1,21.43,96.45
2023-12-21,1,P013,Sports,182.7,10,31,34,0,1,24.37,94.69
2023-12-22,1,P013,Sports,182.7,10,16,145,0,1,30.59,95.66
2023-12-23,1,P013,Sports,203.0,0,21,124,1,0,19.79,93.59
2023-12-24,1,P013,Sports,203.0,0,20,104,1,1,19.95,94.72
2023-12-25,1,P013,Sports,192.85,5,11,93,0,1,29.43,92.55
2023-12-26,1,P013,Sports,192.85,5,19,74,0,0,22.86,94.04
2023-12-27,1,P013,Sports,182.7,10,12,62,0,0,17.78,96.61
2023-12-28,1,P013,Sports,203.0,0,12,50,0,0,28.5,96.62
2023-12-29,1,P013,Sports,192.85,5,16,34,0,0,25.42,90.89
2023-12-30,1,P013,Sports,203.0,0,13,21,1,0,20.63,95.21
2023-12-31,1,P013,Sports,203.0,0,24,137,1,0,26.15,95.36
2023-01-01,1,P014,Home,27.0,0,35,118,1,1,29.42,94.58
2023-01-02,1,P014,Home,22.95,15,22,96,0,0,21.96,94.37
2023-01-03,1,P014,Home,25.65,5,13,83,0,0,25.04,93.34
2023-01-04,1,P014,Home,27.0,0,25,58,0,1,15.71,93.04
2023-01-05,1,P014,Home,27.0,0,21,37,0,1,23.53,92.07
2023-01-06,1,P014,Home,27.0,0,13,24,0,0,29.03,93.24
2023-01-07,1,P014,Home,22.95,15,30,85,1,0,18.42,96.55
2023-01-08,1,P014,Home,27.0,0,21,64,1,1,27.5,95.95
2023-01-09,1,P014,Home,27.0,0,20,44,0,1,26.05,98.06
2023-01-10,1,P014,Home,21.6,20,21,23,0,0,29.99,94.37
2023-01-11,1,P014,Home,27.0,0,16,145,0,0,19.88,91.21
2023-01-12,1,P014,Home,27.0,0,16,129,0,0,22.11,95.32
2023-01-13,1,P014,Home,25.65,5,25,104,0,1,29.53,91.97
2023-01-14,1,P014,Home,27.0,0,18,86,1,1,23.39,91.24
2023-01-15,1,P014,Home,22.95,15,23,63,1,0,24.17,98.35
2023-01-16,1,P014,Home,21.6,20,27,36,0,1,31.65,90.1
2023-01-17,1,P014,Home,27.0,0,28,113,0,1,19.41,95.4
2023-01-18,1,P014,Home,27.0,0,11,102,0,0,27.09,94.43
2023-01-19,1,P014,Home,24.3,10,36,66,0,1,25.55,94.23
2023-01-20,1,P014,Home,27.0,0,20,46,0,0,22.17,90.73
2023-01-21,1,P014,Home,27.0,0,24,22,1,0,32.34,98.0
2023-01-22,1,P014,Home,24.3,10,27,129,1,1,29.5,91.51
2023-01-23,1,P014,Home,27.0,0,12,117,0,0,30.86,94.33
2023-01-24,1,P014,Home,27.0,0,14,103,0,0,25.86,92.28
2023-01-25,1,P014,Home,27.0,0,13,90,0,0,31.36,93.6
2023-01-26,1,P014,Home,27.0,0,6,84,0,0,22.92,94.42
2023-01-27,1,P014,Home,22.95,15,19,65,0,0,22.35,92.14
2023-01-28,1,P014,Home,27.0,0,14,51,1,0,24.66,95.03
2023-01-29,1,P014,Home,22.95,15,20,31,1,0,23.33,98.29
2023-01-30,1,P014,Home,27.0,0,10,21,0,0,26.08,94.27
2023-01-31,1,P014,Home,25.65,5,21,119,0,1,20.38,92.69
2023-02-01,1,P014,Home,21.6,20,20,99,0,0,34.41,93.55
2023-02-02,1,P014,Home,27.0,0,12,87,0,0,15.48,95.72
2023-02-03,1,P014,Home,25.65,5,18,69,0,1,26.21,96.16
2023-02-04,1,P014,Home,21.6,20,32,37,1,0,28.42,93.81
2023-02-05,1,P014,Home,27.0,0,30,102,1,1,30.09,94.79
2023-02-06,1,P014,Home,21.6,20,23,79,0,0,11.41,92.88
2023-02-07,1,P014,Home,27.0,0,9,70,0,1,35.95,94.13
2023-02-08,1,P014,Home,25.65,5,17,53,0,0,23.62,97.55
2023-02-09,1,P014,Home,27.0,0,17,36,0,1,31.91,95.6
2023-02-10,1,P014,Home,21.6,20,19,160,0,0,25.89,94.78
2023-02-11,1,P014,Home,24.3,10,25,135,1,0,25.06,94.92
2023-02-12,1,P014,Home,22.95,15,32,103,1,0,22.6,96.89
2023-02-13,1,P014,Home,25.65,5,12,91,0,0,21.57,97.08
2023-02-14,1,P014,Home,27.0,0,10,81,0,0,26.84,95.05
2023-02-15,1,P014,Home,25.65,5,18,63,0,1,26.98,95.12
2023-02-16,1,P014,Home,27.0,0,16,47,0,0,26.11,95.21
2023-02-17,1,P014,Home,27.0,0,8,39,0,0,20.49,92.82
2023-02-18,1,P014,Home,25.65,5,19,20,1,0,24.86,96.95
2023-02-19,1,P014,Home,22.95,15,31,99,1,1,20.67,97.58
2023-02-20,1,P014,Home,24.3,10,29,70,0,1,30.06,93.51
2023-02-21,1,P014,Home,27.0,0,15,55,0,0,23.63,90.91
2023-02-22,1,P014,Home,27.0,0,23,32,0,0,20.66,90.98
2023-02-23,1,P014,Home,22.95,15,26,123,0,1,23.41,97.09
2023-02-24,1,P014,Home,25.65,5,20,103,0,1,22.1,94.75
2023-02-25,1,P014,Home,27.0,0,6,97,1,0,24.75,92.51
2023-02-26,1,P014,Home,27.0,0,25,72,1,1,17.97,89.23
2023-02-27,1,P014,Home,27.0,0,13,59,0,0,18.39,94.67
2023-02-28,1,P014,Home,27.0,0,18,41,0,0,22.53,99.42
2023-03-01,1,P014,Home,24.3,10,24,139,0,0,20.73,93.91
2023-03-02,1,P014,Home,27.0,0,18,121,0,0,31.17,93.03
2023-03-03,1,P014,Home,27.0,0,15,106,0,1,17.59,93.31
2023-03-04,1,P014,Home,24.3,10,21,85,1,0,28.49,96.94
2023-03-05,1,P014,Home,25.65,5,20,65,1,1,19.66,97.35
2023-03-06,1,P014,Home,24.3,10,28,37,0,0,17.38,93.0
2023-03-07,1,P014,Home,27.0,0,15,22,0,0,18.89,94.53
2023-03-08,1,P014,Home,27.0,0,23,85,0,0,18.35,96.01
2023-03-09,1,P014,Home,25.65,5,16,69,0,1,24.02,92.17
2023-03-10,1,P014,Home,25.65,5,17,52,0,1,29.76,92.22
2023-03-11,1,P014,Home,27.0,0,14,38,1,0,19.49,92.35
2023-03-12,1,P014,Home,24.3,10,23,138,1,0,20.44,94.98
2023-03-13,1,P014,Home,22.95,15,24,114,0,0,35.66,92.85
2023-03-14,1,P014,Home,27.0,0,17,97,0,0,21.15,97.16
2023-03-15,1,P014,Home,25.65,5,21,76,0,0,27.91,98.94
2023-03-16,1,P014,Home,25.65,5,28,48,0,1,24.33,94.61
2023-03-17,1,P014,Home,27.0,0,19,29,0,1,18.73,91.96
2023-03-18,1,P014,Home,24.3,10,24,150,1,1,16.34,94.86
2023-03-19,1,P014,Home,25.65,5,23,127,1,0,31.64,95.11
2023-03-20,1,P014,Home,22.95,15,20,107,0,0,23.72,93.88
2023-03-21,1,P014,Home,22.95,15,27,80,0,1,25.22,96.01
2023-03-22,1,P014,Home,24.3,10,26,54,0,1,18.31,96.98
2023-03-23,1,P014,Home,25.65,5,25,29,0,0,17.2,93.87
2023-03-24,1,P014,Home,27.0,0,19,142,0,0,26.52,95.25
2023-03-25,1,P014,Home,27.0,0,19,123,1,0,26.92,97.73
2023-03-26,1,P014,Home,27.0,0,26,97,1,1,24.61,93.99
2023-03-27,1,P014,Home,27.0,0,15,82,0,0,25.19,96.84
2023-03-28,1,P014,Home,27.0,0,17,65,0,1,23.65,95.51
2023-03-29,1,P014,Home,27.0,0,12,53,0,0,32.13,96.32
2023-03-30,1,P014,Home,22.95,15,22,31,0,0,28.63,94.37
2023-03-31,1,P014,Home,22.95,15,21,127,0,0,22.28,93.07
2023-04-01,1,P014,Home,22.95,15,23,104,1,0,31.19,94.17
2023-04-02,1,P014,Home,27.0,0,27,77,1,0,15.65,98.01
2023-04-03,1,P014,Home,27.0,0,18,59,0,0,18.56,93.64
2023-04-04,1,P014,Home,24.3,10,21,38,0,1,25.51,90.31
2023-04-05,1,P014,Home,27.0,0,13,25,0,0,32.73,91.4
2023-04-06,1,P014,Home,22.95,15,24,100,0,0,27.31,97.65
2023-04-07,1,P014,Home,25.65,5,18,82,0,0,29.0,93.04
2023-04-08,1,P014,Home,25.65,5,20,62,1,0,21.79,96.58
2023-04-09,1,P014,Home,27.0,0,18,44,1,0,23.48,97.05
2023-04-10,1,P014,Home,27.0,0,15,29,0,0,30.2,95.06
2023-04-11,1,P014,Home,27.0,0,15,156,0,1,24.05,93.09
2023-04-12,1,P014,Home,24.3,10,28,128,0,0,22.19,95.28
2023-04-13,1,P014,Home,25.65,5,19,109,0,0,28.04,92.98
2023-04-14,1,P014,Home,27.0,0,18,91,0,0,30.78,94.29
2023-04-15,1,P014,Home,27.0,0,15,76,1,0,30.99,95.23
2023-04-16,1,P014,Home,27.0,0,20,56,1,0,27.1,92.65
2023-04-17,1,P014,Home,21.6,20,25,31,0,0,17.64,98.09
2023-04-18,1,P014,Home,25.65,5,21,93,0,1,18.34,93.04
2023-04-19,1,P014,Home,27.0,0,21,72,0,1,18.34,95.3
2023-04-20,1,P014,Home,24.3,10,25,47,0,1,18.32,98.82
2023-04-21,1,P014,Home,24.3,10,12,35,0,0,26.45,97.02
2023-04-22,1,P014,Home,27.0,0,20,132,1,0,28.43,95.11
2023-04-23,1,P014,Home,27.0,0,17,115,1,0,23.85,92.02
2023-04-24,1,P014,Home,21.6,20,30,85,0,1,25.17,86.07
2023-04-25,1,P014,Home,25.65,5,22,63,0,0,25.93,96.62
2023-04-26,1,P014,Home,24.3,10,20,43,0,0,25.13,95.12
2023-04-27,1,P014,Home,22.95,15,24,159,0,1,19.49,95.94
2023-04-28,1,P014,Home,22.95,15,17,142,0,0,29.53,92.71
2023-04-29,1,P014,Home,27.0,0,26,116,1,1,22.65,92.9
2023-04-30,1,P014,Home,27.0,0,17,99,1,0,26.68,100.04
2023-05-01,1,P014,Home,21.6,20,23,76,0,1,32.11,93.46
2023-05-02,1,P014,Home,24.3,10,17,59,0,0,30.15,93.99
2023-05-03,1,P014,Home,25.65,5,14,45,0,0,21.16,94.29
2023-05-04,1,P014,Home,27.0,0,20,25,0,0,23.83,93.58
2023-05-05,1,P014,Home,22.95,15,28,121,0,1,26.14,93.69
2023-05-06,1,P014,Home,27.0,0,16,105,1,0,25.63,93.81
2023-05-07,1,P014,Home,27.0,0,23,82,1,0,26.56,95.63
2023-05-08,1,P014,Home,22.95,15,23,59,0,0,21.13,96.51
2023-05-09,1,P014,Home,27.0,0,17,42,0,0,23.78,93.37
2023-05-10,1,P014,Home,24.3,10,21,21,0,0,16.38,95.11
2023-05-11,1,P014,Home,27.0,0,19,104,0,1,28.71,96.86
2023-05-12,1,P014,Home,24.3,10,23,81,0,0,28.31,94.09
2023-05-13,1,P014,Home,25.65,5,32,49,1,1,25.36,94.89
2023-05-14,1,P014,Home,25.65,5,17,32,1,0,19.92,95.88
2023-05-15,1,P014,Home,27.0,0,9,23,0,0,22.75,93.34
2023-05-16,1,P014,Home,25.65,5,19,122,0,0,33.67,96.09
2023-05-17,1,P014,Home,27.0,0,20,102,0,0,18.2,93.72
2023-05-18,1,P014,Home,21.6,20,23,79,0,0,17.54,96.35
2023-05-19,1,P014,Home,24.3,10,35,44,0,1,30.04,95.09
2023-05-20,1,P014,Home,27.0,0,23,21,1,0,20.39,92.1
2023-05-21,1,P014,Home,22.95,15,34,105,1,1,24.84,97.72
2023-05-22,1,P014,Home,27.0,0,11,94,0,0,21.1,92.16
2023-05-23,1,P014,Home,27.0,0,19,75,0,1,21.29,93.33
2023-05-24,1,P014,Home,22.95,15,24,51,0,0,29.83,91.01
2023-05-25,1,P014,Home,27.0,0,13,38,0,0,20.99,95.75
2023-05-26,1,P014,Home,25.65,5,20,156,0,1,26.56,92.31
2023-05-27,1,P014,Home,27.0,0,13,143,1,0,15.52,94.38
2023-05-28,1,P014,Home,21.6,20,30,113,1,1,27.21,95.49
2023-05-29,1,P014,Home,24.3,10,20,93,0,1,26.62,96.84
2023-05-30,1,P014,Home,27.0,0,11,82,0,0,23.33,93.35
2023-05-31,1,P014,Home,27.0,0,14,68,0,1,30.13,93.26
2023-06-01,1,P014,Home,27.0,0,14,54,0,0,33.03,92.49
2023-06-02,1,P014,Home,27.0,0,16,38,0,0,31.86,96.3
2023-06-03,1,P014,Home,27.0,0,15,23,1,0,25.75,97.04
2023-06-04,1,P014,Home,27.0,0,22,140,1,0,19.75,92.86
2023-06-05,1,P014,Home,25.65,5,17,123,0,0,25.14,96.72
2023-06-06,1,P014,Home,27.0,0,10,113,0,0,22.76,98.46
2023-06-07,1,P014,Home,27.0,0,24,89,0,1,23.23,95.81
2023-06-08,1,P014,Home,27.0,0,15,74,0,1,30.37,96.69
2023-06-09,1,P014,Home,24.3,10,22,52,0,0,20.59,95.06
2023-06-10,1,P014,Home,27.0,0,14,38,1,0,22.75,93.88
2023-06-11,1,P014,Home,27.0,0,25,119,1,1,27.29,95.67
2023-06-12,1,P014,Home,27.0,0,15,104,0,0,22.29,93.99
2023-06-13,1,P014,Home,22.95,15,24,80,0,1,14.26,98.04
2023-06-14,1,P014,Home,27.0,0,20,60,0,1,15.15,94.29
2023-06-15,1,P014,Home,27.0,0,14,46,0,0,26.13,94.83
2023-06-16,1,P014,Home,27.0,0,14,32,0,0,17.17,95.27
2023-06-17,1,P014,Home,24.3,10,30,145,1,0,21.02,91.22
2023-06-18,1,P014,Home,27.0,0,23,122,1,1,15.02,94.33
2023-06-19,1,P014,Home,25.65,5,22,100,0,0,36.17,93.72
2023-06-20,1,P014,Home,27.0,0,12,88,0,1,24.4,96.97
2023-06-21,1,P014,Home,27.0,0,16,72,0,1,27.17,88.26
2023-06-22,1,P014,Home,25.65,5,18,54,0,0,28.73,94.75
2023-06-23,1,P014,Home,27.0,0,12,42,0,1,24.86,96.17
2023-06-24,1,P014,Home,27.0,0,22,20,1,1,23.44,96.03
2023-06-25,1,P014,Home,25.65,5,23,113,1,0,25.98,95.56
2023-06-26,1,P014,Home,21.6,20,27,86,0,1,30.88,93.55
2023-06-27,1,P014,Home,27.0,0,7,79,0,0,32.54,96.38
2023-06-28,1,P014,Home,22.95,15,21,58,0,0,23.54,89.59
2023-06-29,1,P014,Home,27.0,0,16,42,0,0,20.56,97.85
2023-06-30,1,P014,Home,27.0,0,12,30,0,0,24.79,95.36
2023-07-01,1,P014,Home,25.65,5,20,119,1,0,17.14,93.66
2023-07-02,1,P014,Home,25.65,5,28,91,1,0,24.42,93.4
2023-07-03,1,P014,Home,25.65,5,13,78,0,0,29.37,95.63
2023-07-04,1,P014,Home,27.0,0,16,62,0,1,25.84,94.62
2023-07-05,1,P014,Home,22.95,15,27,35,0,0,11.29,95.33
2023-07-06,1,P014,Home,27.0,0,11,24,0,0,27.63,94.3
2023-07-07,1,P014,Home,24.3,10,18,123,0,0,20.25,95.85
2023-07-08,1,P014,Home,22.95,15,21,102,1,0,24.39,95.42
2023-07-09,1,P014,Home,27.0,0,20,82,1,0,24.54,93.34
2023-07-10,1,P014,Home,27.0,0,13,69,0,0,13.98,96.36
2023-07-11,1,P014,Home,25.65,5,11,58,0,0,26.01,96.42
2023-07-12,1,P014,Home,27.0,0,17,41,0,0,16.52,95.99
2023-07-13,1,P014,Home,27.0,0,11,30,0,1,36.91,96.19
2023-07-14,1,P014,Home,21.6,20,21,117,0,0,29.69,92.73
2023-07-15,1,P014,Home,27.0,0,16,101,1,0,30.3,97.58
2023-07-16,1,P014,Home,25.65,5,27,74,1,0,32.84,93.44
2023-07-17,1,P014,Home,27.0,0,13,61,0,0,31.34,94.82
2023-07-18,1,P014,Home,27.0,0,14,47,0,0,40.01,93.05
2023-07-19,1,P014,Home,25.65,5,17,30,0,0,20.24,94.38
2023-07-20,1,P014,Home,24.3,10,24,140,0,1,22.07,93.25
2023-07-21,1,P014,Home,22.95,15,35,105,0,1,21.19,94.26
2023-07-22,1,P014,Home,27.0,0,22,83,1,0,20.45,94.74
2023-07-23,1,P014,Home,22.95,15,26,57,1,0,16.74,96.85
2023-07-24,1,P014,Home,24.3,10,21,36,0,0,22.87,94.62
2023-07-25,1,P014,Home,22.95,15,19,160,0,0,27.31,90.55
2023-07-26,1,P014,Home,27.0,0,19,141,0,1,22.46,95.55
2023-07-27,1,P014,Home,22.95,15,19,122,0,0,32.0,94.21
2023-07-28,1,P014,Home,24.3,10,15,107,0,0,29.6,94.47
2023-07-29,1,P014,Home,25.65,5,25,82,1,0,21.29,92.56
2023-07-30,1,P014,Home,27.0,0,22,60,1,1,19.08,95.36
2023-07-31,1,P014,Home,27.0,0,11,49,0,0,29.94,97.6
2023-08-01,1,P014,Home,27.0,0,11,38,0,0,27.57,94.74
2023-08-02,1,P014,Home,22.95,15,31,93,0,0,21.09,94.75
2023-08-03,1,P014,Home,27.0,0,21,72,0,1,32.68,96.71
2023-08-04,1,P014,Home,25.65,5,18,54,0,0,20.91,97.76
2023-08-05,1,P014,Home,27.0,0,13,41,1,0,32.81,94.07
2023-08-06,1,P014,Home,27.0,0,22,140,1,1,16.19,96.02
2023-08-07,1,P014,Home,27.0,0,11,129,0,0,27.4,92.11
2023-08-08,1,P014,Home,24.3,10,22,107,0,0,19.66,97.05
2023-08-09,1,P014,Home,24.3,10,27,80,0,0,26.64,93.42
2023-08-10,1,P014,Home,27.0,0,10,70,0,0,36.73,94.78
2023-08-11,1,P014,Home,27.0,0,18,52,0,0,24.59,98.1
2023-08-12,1,P014,Home,27.0,0,24,28,1,1,22.15,96.25
2023-08-13,1,P014,Home,27.0,0,26,123,1,0,33.53,92.61
2023-08-14,1,P014,Home,27.0,0,18,105,0,1,28.45,95.68
2023-08-15,1,P014,Home,24.3,10,23,82,0,0,28.82,95.94
2023-08-16,1,P014,Home,22.95,15,15,67,0,0,24.53,95.89
2023-08-17,1,P014,Home,22.95,15,17,50,0,0,37.09,95.12
2023-08-18,1,P014,Home,24.3,10,24,26,0,0,25.24,94.43
2023-08-19,1,P014,Home,25.65,5,22,87,1,0,30.87,95.49
2023-08-20,1,P014,Home,27.0,0,16,71,1,0,37.23,93.97
2023-08-21,1,P014,Home,27.0,0,13,58,0,1,17.59,92.48
2023-08-22,1,P014,Home,24.3,10,20,38,0,0,19.74,95.94
2023-08-23,1,P014,Home,27.0,0,10,28,0,0,14.83,90.98
2023-08-24,1,P014,Home,27.0,0,23,138,0,1,27.85,96.65
2023-08-25,1,P014,Home,27.0,0,15,123,0,0,32.76,95.55
2023-08-26,1,P014,Home,27.0,0,23,100,1,0,23.58,97.58
2023-08-27,1,P014,Home,27.0,0,17,83,1,0,27.71,89.74
2023-08-28,1,P014,Home,27.0,0,24,59,0,0,21.35,96.14
2023-08-29,1,P014,Home,27.0,0,12,47,0,0,27.22,95.12
2023-08-30,1,P014,Home,25.65,5,22,25,0,0,29.57,95.1
2023-08-31,1,P014,Home,27.0,0,18,138,0,1,22.26,93.0
2023-09-01,1,P014,Home,27.0,0,27,111,0,1,27.56,95.46
2023-09-02,1,P014,Home,25.65,5,26,85,1,0,17.76,95.17
2023-09-03,1,P014,Home,27.0,0,25,60,1,1,23.31,97.79
2023-09-04,1,P014,Home,22.95,15,32,28,0,1,26.67,98.18
2023-09-05,1,P014,Home,27.0,0,18,158,0,1,26.92,94.96
2023-09-06,1,P014,Home,27.0,0,7,151,0,0,26.36,94.49
2023-09-07,1,P014,Home,27.0,0,18,133,0,0,26.72,97.38
2023-09-08,1,P014,Home,27.0,0,7,126,0,0,24.48,93.65
2023-09-09,1,P014,Home,24.3,10,33,93,1,0,19.1,95.87
2023-09-10,1,P014,Home,25.65,5,27,66,1,0,24.79,94.13
2023-09-11,1,P014,Home,24.3,10,11,55,0,0,15.86,96.34
2023-09-12,1,P014,Home,27.0,0,17,38,0,0,24.25,93.5
2023-09-13,1,P014,Home,27.0,0,22,160,0,1,20.98,91.71
2023-09-14,1,P014,Home,27.0,0,10,150,0,0,19.36,96.59
2023-09-15,1,P014,Home,27.0,0,18,132,0,0,29.52,94.95
2023-09-16,1,P014,Home,27.0,0,11,121,1,0,26.46,93.19
2023-09-17,1,P014,Home,27.0,0,23,98,1,1,25.56,96.76
2023-09-18,1,P014,Home,27.0,0,18,80,0,0,25.29,97.7
2023-09-19,1,P014,Home,25.65,5,24,56,0,0,23.5,91.72
2023-09-20,1,P014,Home,21.6,20,21,35,0,0,29.41,95.29
2023-09-21,1,P014,Home,27.0,0,12,23,0,0,29.4,93.14
2023-09-22,1,P014,Home,25.65,5,27,112,0,1,37.19,96.06
2023-09-23,1,P014,Home,24.3,10,28,84,1,1,27.05,91.82
2023-09-24,1,P014,Home,24.3,10,18,66,1,0,22.81,97.17
2023-09-25,1,P014,Home,27.0,0,16,50,0,1,21.72,94.34
2023-09-26,1,P014,Home,27.0,0,16,34,0,0,35.88,95.58
2023-09-27,1,P014,Home,27.0,0,23,102,0,0,29.49,95.21
2023-09-28,1,P014,Home,27.0,0,13,89,0,0,26.29,97.07
2023-09-29,1,P014,Home,27.0,0,15,74,0,0,20.52,97.57
2023-09-30,1,P014,Home,25.65,5,29,45,1,1,30.38,98.32
2023-10-01,1,P014,Home,27.0,0,25,20,1,1,25.61,94.2
2023-10-02,1,P014,Home,22.95,15,18,140,0,0,23.25,96.23
2023-10-03,1,P014,Home,27.0,0,17,123,0,0,19.15,97.51
2023-10-04,1,P014,Home,27.0,0,9,114,0,0,10.42,98.79
2023-10-05,1,P014,Home,27.0,0,9,105,0,0,21.17,93.73
2023-10-06,1,P014,Home,27.0,0,6,99,0,0,23.09,93.71
2023-10-07,1,P014,Home,24.3,10,26,73,1,0,35.38,96.17
2023-10-08,1,P014,Home,21.6,20,34,39,1,1,19.28,93.89
2023-10-09,1,P014,Home,25.65,5,18,21,0,0,24.51,97.24
2023-10-10,1,P014,Home,27.0,0,19,92,0,1,24.46,93.68
2023-10-11,1,P014,Home,27.0,0,11,81,0,0,27.7,96.71
2023-10-12,1,P014,Home,25.65,5,19,62,0,0,27.84,95.29
2023-10-13,1,P014,Home,27.0,0,16,46,0,0,27.28,94.56
2023-10-14,1,P014,Home,24.3,10,24,22,1,0,24.9,95.19
2023-10-15,1,P014,Home,24.3,10,27,108,1,1,28.45,97.54
2023-10-16,1,P014,Home,27.0,0,18,90,0,1,27.31,95.34
2023-10-17,1,P014,Home,24.3,10,29,61,0,0,22.57,97.95
2023-10-18,1,P014,Home,27.0,0,18,43,0,0,25.27,94.82
2023-10-19,1,P014,Home,27.0,0,17,26,0,0,24.73,93.95
2023-10-20,1,P014,Home,27.0,0,14,135,0,0,25.26,92.27
