retail_demand_dataset.csv
date,store_id,product_id,category,price,discount,units_sold,inventory_level,holiday,promotion,temperature,fuel_price
2023-10-21,1,P014,Home,27.0,0,20,115,1,0,25.12,95.15
2023-10-22,1,P014,Home,27.0,0,18,97,1,0,15.63,93.45
2023-10-23,1,P014,Home,27.0,0,20,77,0,1,23.01,97.17
2023-10-24,1,P014,Home,25.65,5,13,64,0,0,16.96,92.58
2023-10-25,1,P014,Home,25.65,5,16,48,0,1,19.26,92.56
2023-10-26,1,P014,Home,27.0,0,11,37,0,0,27.12,93.42
2023-10-27,1,P014,Home,24.3,10,19,110,0,0,31.19,91.59
2023-10-28,1,P014,Home,22.95,15,27,83,1,0,26.02,91.17
2023-10-29,1,P014,Home,27.0,0,24,59,1,0,27.69,93.81
2023-10-30,1,P014,Home,27.0,0,17,42,0,0,22.96,91.15
2023-10-31,1,P014,Home,27.0,0,10,32,0,0,25.43,92.73
2023-11-01,1,P014,Home,24.3,10,19,114,0,0,30.07,95.73
2023-11-02,1,P014,Home,27.0,0,12,102,0,0,30.78,92.08
2023-11-03,1,P014,Home,27.0,0,14,88,0,0,22.35,98.27
2023-11-04,1,P014,Home,27.0,0,17,71,1,0,22.52,95.02
2023-11-05,1,P014,Home,27.0,0,28,43,1,1,20.28,93.39
2023-11-06,1,P014,Home,27.0,0,19,24,0,1,28.34,93.5
2023-11-07,1,P014,Home,22.95,15,21,113,0,1,24.33,96.39
2023-11-08,1,P014,Home,27.0,0,21,92,0,0,18.41,96.82
2023-11-09,1,P014,Home,27.0,0,15,77,0,0,23.84,96.59
2023-11-10,1,P014,Home,25.65,5,22,55,0,1,31.0,95.35
2023-11-11,1,P014,Home,22.95,15,24,31,1,0,26.64,92.23
2023-11-12,1,P014,Home,27.0,0,12,129,1,0,22.4,93.59
2023-11-13,1,P014,Home,25.65,5,13,116,0,1,27.06,94.79
2023-11-14,1,P014,Home,27.0,0,14,102,0,0,22.4,94.71
2023-11-15,1,P014,Home,24.3,10,20,82,0,1,25.17,96.54
2023-11-16,1,P014,Home,25.65,5,14,68,0,0,26.49,97.03
2023-11-17,1,P014,Home,27.0,0,14,54,0,1,29.43,91.67
2023-11-18,1,P014,Home,25.65,5,19,35,1,0,30.75,96.23
2023-11-19,1,P014,Home,25.65,5,22,113,1,0,21.93,93.61
2023-11-20,1,P014,Home,21.6,20,32,81,0,1,24.67,94.46
2023-11-21,1,P014,Home,22.95,15,25,56,0,1,20.07,91.93
2023-11-22,1,P014,Home,25.65,5,21,35,0,0,27.51,97.11
2023-11-23,1,P014,Home,27.0,0,18,149,0,1,30.88,93.3
2023-11-24,1,P014,Home,22.95,15,29,120,0,0,20.29,96.85
2023-11-25,1,P014,Home,27.0,0,26,94,1,1,26.96,96.25
2023-11-26,1,P014,Home,27.0,0,21,73,1,0,22.89,91.72
2023-11-27,1,P014,Home,27.0,0,16,57,0,1,23.8,96.04
2023-11-28,1,P014,Home,22.95,15,14,43,0,0,24.59,91.84
2023-11-29,1,P014,Home,27.0,0,19,24,0,0,21.19,95.39
2023-11-30,1,P014,Home,27.0,0,16,96,0,1,18.12,95.09
2023-12-01,1,P014,Home,27.0,0,11,85,0,0,34.11,94.61
2023-12-02,1,P014,Home,27.0,0,23,62,1,0,14.87,93.31
2023-12-03,1,P014,Home,24.3,10,31,31,1,1,19.74,93.92
2023-12-04,1,P014,Home,27.0,0,15,160,0,0,27.17,92.78
2023-12-05,1,P014,Home,27.0,0,21,139,0,0,25.67,92.35
2023-12-06,1,P014,Home,27.0,0,16,123,0,0,30.19,95.07
2023-12-07,1,P014,Home,22.95,15,28,95,0,0,28.17,93.55
2023-12-08,1,P014,Home,24.3,10,25,70,0,1,25.05,96.24
2023-12-09,1,P014,Home,24.3,10,25,45,1,0,28.21,96.99
2023-12-10,1,P014,Home,27.0,0,19,26,1,0,22.6,96.3
2023-12-11,1,P014,Home,22.95,15,17,103,0,0,22.49,93.14
2023-12-12,1,P014,Home,21.6,20,17,86,0,0,16.91,98.58
2023-12-13,1,P014,Home,25.65,5,16,70,0,0,12.75,95.22
2023-12-14,1,P014,Home,27.0,0,16,54,0,0,30.31,94.23
2023-12-15,1,P014,Home,25.65,5,18,36,0,1,34.23,96.85
2023-12-16,1,P014,Home,24.3,10,22,152,1,0,22.74,95.92
2023-12-17,1,P014,Home,25.65,5,27,125,1,1,28.62,92.64
2023-12-18,1,P014,Home,27.0,0,20,105,0,0,26.1,94.66
2023-12-19,1,P014,Home,27.0,0,21,84,0,1,24.52,97.79
2023-12-20,1,P014,Home,24.3,10,27,57,0,1,28.27,97.0
2023-12-21,1,P014,Home,27.0,0,15,42,0,0,14.17,95.23
2023-12-22,1,P014,Home,24.3,10,22,20,0,0,22.25,95.43
2023-12-23,1,P014,Home,27.0,0,29,122,1,0,24.92,97.06
2023-12-24,1,P014,Home,25.65,5,26,96,1,1,32.74,95.29
2023-12-25,1,P014,Home,27.0,0,11,85,0,0,22.47,92.52
2023-12-26,1,P014,Home,27.0,0,15,70,0,0,24.56,90.4
2023-12-27,1,P014,Home,27.0,0,15,55,0,0,20.28,97.69
2023-12-28,1,P014,Home,27.0,0,23,32,0,1,23.39,97.18
2023-12-29,1,P014,Home,27.0,0,13,104,0,0,33.76,93.69
2023-12-30,1,P014,Home,22.95,15,22,82,1,0,32.54,96.45
2023-12-31,1,P014,Home,22.95,15,34,48,1,1,20.38,92.64
2023-01-01,1,P015,Electronics,312.8,15,30,90,1,1,30.14,94.39
2023-01-02,1,P015,Electronics,368.0,0,16,74,0,1,36.06,94.23
2023-01-03,1,P015,Electronics,368.0,0,13,61,0,1,28.93,96.35
2023-01-04,1,P015,Electronics,312.8,15,27,34,0,0,19.15,98.44
2023-01-05,1,P015,Electronics,368.0,0,10,24,0,0,23.75,93.95
2023-01-06,1,P015,Electronics,312.8,15,22,83,0,0,16.54,92.12
2023-01-07,1,P015,Electronics,368.0,0,17,66,1,0,27.12,95.08
2023-01-08,1,P015,Electronics,331.2,10,23,43,1,0,19.26,94.84
2023-01-09,1,P015,Electronics,368.0,0,21,22,0,1,20.48,93.88
2023-01-10,1,P015,Electronics,368.0,0,14,152,0,0,30.06,97.02
2023-01-11,1,P015,Electronics,312.8,15,20,132,0,0,30.3,95.29
2023-01-12,1,P015,Electronics,331.2,10,21,111,0,0,24.59,91.66
2023-01-13,1,P015,Electronics,368.0,0,16,95,0,0,26.86,95.92
2023-01-14,1,P015,Electronics,349.6,5,12,83,1,1,25.95,95.73
2023-01-15,1,P015,Electronics,331.2,10,21,62,1,0,17.06,94.29
2023-01-16,1,P015,Electronics,331.2,10,15,47,0,0,25.65,97.08
2023-01-17,1,P015,Electronics,368.0,0,18,29,0,0,27.35,97.05
2023-01-18,1,P015,Electronics,368.0,0,20,147,0,1,17.59,93.79
2023-01-19,1,P015,Electronics,368.0,0,21,126,0,1,26.64,95.0
2023-01-20,1,P015,Electronics,349.6,5,19,107,0,0,24.16,93.86
2023-01-21,1,P015,Electronics,368.0,0,13,94,1,0,22.79,95.46
2023-01-22,1,P015,Electronics,368.0,0,18,76,1,0,21.29,94.47
2023-01-23,1,P015,Electronics,294.4,20,25,51,0,0,36.71,92.7
2023-01-24,1,P015,Electronics,331.2,10,15,36,0,0,26.92,94.02
2023-01-25,1,P015,Electronics,368.0,0,29,112,0,1,23.37,94.02
2023-01-26,1,P015,Electronics,368.0,0,11,101,0,0,30.6,94.67
2023-01-27,1,P015,Electronics,349.6,5,16,85,0,0,27.77,94.16
2023-01-28,1,P015,Electronics,349.6,5,22,63,1,0,20.12,96.81
2023-01-29,1,P015,Electronics,368.0,0,19,44,1,0,28.86,97.79
2023-01-30,1,P015,Electronics,368.0,0,16,28,0,1,22.36,93.31
2023-01-31,1,P015,Electronics,294.4,20,24,91,0,1,19.16,95.69
2023-02-01,1,P015,Electronics,294.4,20,26,65,0,1,20.92,95.28
2023-02-02,1,P015,Electronics,331.2,10,14,51,0,0,22.82,96.09
2023-02-03,1,P015,Electronics,312.8,15,15,36,0,0,23.46,96.51
2023-02-04,1,P015,Electronics,349.6,5,33,148,1,1,23.57,97.46
2023-02-05,1,P015,Electronics,368.0,0,25,123,1,1,30.0,97.54
2023-02-06,1,P015,Electronics,349.6,5,18,105,0,1,22.18,94.53
2023-02-07,1,P015,Electronics,331.2,10,19,86,0,1,27.08,93.62
2023-02-08,1,P015,Electronics,368.0,0,22,64,0,1,26.94,94.76
2023-02-09,1,P015,Electronics,349.6,5,17,47,0,1,22.73,96.51
2023-02-10,1,P015,Electronics,368.0,0,14,33,0,0,25.24,99.8
2023-02-11,1,P015,Electronics,294.4,20,35,118,1,1,18.27,98.07
2023-02-12,1,P015,Electronics,368.0,0,20,98,1,1,26.67,94.69
2023-02-13,1,P015,Electronics,368.0,0,9,89,0,0,20.17,94.09
2023-02-14,1,P015,Electronics,349.6,5,16,73,0,0,23.27,94.47
2023-02-15,1,P015,Electronics,368.0,0,14,59,0,0,16.8,96.8
2023-02-16,1,P015,Electronics,312.8,15,21,38,0,0,14.55,96.92
2023-02-17,1,P015,Electronics,349.6,5,18,20,0,0,21.89,94.95
2023-02-18,1,P015,Electronics,312.8,15,40,97,1,1,23.3,93.25
2023-02-19,1,P015,Electronics,349.6,5,21,76,1,1,35.39,94.37
2023-02-20,1,P015,Electronics,294.4,20,18,58,0,0,19.88,90.24
2023-02-21,1,P015,Electronics,312.8,15,20,38,0,0,14.77,94.11
2023-02-22,1,P015,Electronics,368.0,0,9,29,0,0,18.38,96.36
2023-02-23,1,P015,Electronics,312.8,15,22,153,0,0,21.94,91.6
2023-02-24,1,P015,Electronics,331.2,10,24,129,0,1,28.15,91.81
2023-02-25,1,P015,Electronics,312.8,15,26,103,1,0,27.25,95.73
2023-02-26,1,P015,Electronics,349.6,5,19,84,1,0,30.76,93.02
2023-02-27,1,P015,Electronics,331.2,10,21,63,0,0,18.63,94.9
2023-02-28,1,P015,Electronics,349.6,5,15,48,0,0,27.28,93.47
2023-03-01,1,P015,Electronics,368.0,0,14,34,0,0,36.62,93.9
2023-03-02,1,P015,Electronics,368.0,0,26,99,0,1,22.94,98.43
2023-03-03,1,P015,Electronics,368.0,0,17,82,0,0,28.82,91.29
2023-03-04,1,P015,Electronics,312.8,15,28,54,1,0,29.85,98.44
2023-03-05,1,P015,Electronics,331.2,10,23,31,1,1,16.91,91.63
2023-03-06,1,P015,Electronics,349.6,5,17,133,0,0,32.86,98.0
2023-03-07,1,P015,Electronics,368.0,0,11,122,0,0,14.24,100.13
2023-03-08,1,P015,Electronics,368.0,0,16,106,0,0,25.6,93.91
2023-03-09,1,P015,Electronics,312.8,15,22,84,0,0,27.12,92.69
2023-03-10,1,P015,Electronics,331.2,10,14,70,0,0,21.39,93.08
2023-03-11,1,P015,Electronics,368.0,0,29,41,1,0,32.81,95.05
2023-03-12,1,P015,Electronics,368.0,0,13,28,1,0,20.81,95.22
2023-03-13,1,P015,Electronics,368.0,0,15,114,0,1,20.69,94.08
2023-03-14,1,P015,Electronics,368.0,0,18,96,0,1,20.22,94.6
2023-03-15,1,P015,Electronics,368.0,0,24,72,0,1,20.36,94.06
2023-03-16,1,P015,Electronics,368.0,0,17,55,0,0,22.23,95.14
2023-03-17,1,P015,Electronics,349.6,5,17,38,0,0,31.3,95.62
2023-03-18,1,P015,Electronics,331.2,10,19,117,1,0,24.17,97.23
2023-03-19,1,P015,Electronics,312.8,15,23,94,1,0,29.08,96.67
2023-03-20,1,P015,Electronics,349.6,5,18,76,0,0,13.9,94.06
2023-03-21,1,P015,Electronics,368.0,0,21,55,0,0,26.02,94.03
2023-03-22,1,P015,Electronics,331.2,10,22,33,0,0,30.32,95.34
2023-03-23,1,P015,Electronics,368.0,0,21,101,0,1,29.24,94.38
2023-03-24,1,P015,Electronics,368.0,0,9,92,0,0,19.56,96.95
2023-03-25,1,P015,Electronics,349.6,5,17,75,1,1,29.68,93.11
2023-03-26,1,P015,Electronics,368.0,0,25,50,1,1,27.7,95.67
2023-03-27,1,P015,Electronics,349.6,5,22,28,0,0,17.04,95.36
2023-03-28,1,P015,Electronics,368.0,0,15,109,0,1,27.52,92.19
2023-03-29,1,P015,Electronics,331.2,10,10,99,0,0,21.11,96.98
2023-03-30,1,P015,Electronics,349.6,5,18,81,0,0,28.64,97.22
2023-03-31,1,P015,Electronics,349.6,5,16,65,0,0,19.36,94.39
2023-04-01,1,P015,Electronics,368.0,0,7,58,1,0,27.1,92.87
2023-04-02,1,P015,Electronics,368.0,0,7,51,1,0,19.74,94.73
2023-04-03,1,P015,Electronics,368.0,0,18,33,0,1,30.93,94.62
2023-04-04,1,P015,Electronics,368.0,0,9,24,0,0,21.69,94.15
2023-04-05,1,P015,Electronics,368.0,0,11,155,0,1,23.2,93.36
2023-04-06,1,P015,Electronics,368.0,0,6,149,0,0,32.44,94.06
2023-04-07,1,P015,Electronics,312.8,15,24,125,0,1,26.97,95.88
2023-04-08,1,P015,Electronics,312.8,15,25,100,1,0,28.28,96.12
2023-04-09,1,P015,Electronics,368.0,0,18,82,1,1,27.67,96.33
2023-04-10,1,P015,Electronics,368.0,0,14,68,0,0,13.09,96.72
2023-04-11,1,P015,Electronics,331.2,10,25,43,0,0,26.7,91.68
2023-04-12,1,P015,Electronics,368.0,0,15,28,0,0,24.37,94.13
2023-04-13,1,P015,Electronics,368.0,0,20,132,0,0,28.6,91.02
2023-04-14,1,P015,Electronics,368.0,0,8,124,0,0,24.94,93.09
2023-04-15,1,P015,Electronics,331.2,10,24,100,1,1,27.59,94.06
2023-04-16,1,P015,Electronics,368.0,0,22,78,1,0,24.15,96.15
2023-04-17,1,P015,Electronics,331.2,10,15,63,0,0,26.1,94.27
2023-04-18,1,P015,Electronics,331.2,10,21,42,0,1,33.51,98.2
2023-04-19,1,P015,Electronics,312.8,15,22,20,0,0,23.78,93.08
2023-04-20,1,P015,Electronics,349.6,5,17,129,0,0,17.29,96.77
2023-04-21,1,P015,Electronics,368.0,0,18,111,0,1,27.24,93.16
2023-04-22,1,P015,Electronics,368.0,0,16,95,1,0,20.8,98.4
2023-04-23,1,P015,Electronics,368.0,0,11,84,1,0,31.73,96.51
2023-04-24,1,P015,Electronics,349.6,5,12,72,0,0,21.94,95.69
2023-04-25,1,P015,Electronics,312.8,15,25,47,0,0,20.53,94.37
2023-04-26,1,P015,Electronics,331.2,10,22,25,0,0,35.07,96.02
2023-04-27,1,P015,Electronics,294.4,20,24,85,0,0,33.24,95.06
2023-04-28,1,P015,Electronics,294.4,20,29,56,0,0,20.48,93.97
2023-04-29,1,P015,Electronics,349.6,5,26,30,1,1,32.58,95.69
2023-04-30,1,P015,Electronics,349.6,5,15,159,1,0,19.43,92.69
2023-05-01,1,P015,Electronics,312.8,15,20,139,0,0,31.54,93.42
2023-05-02,1,P015,Electronics,368.0,0,14,125,0,0,26.8,91.77
2023-05-03,1,P015,Electronics,368.0,0,20,105,0,1,26.51,95.9
2023-05-04,1,P015,Electronics,349.6,5,10,95,0,0,32.62,96.61
2023-05-05,1,P015,Electronics,349.6,5,16,79,0,0,26.94,95.65
2023-05-06,1,P015,Electronics,368.0,0,22,57,1,1,23.3,95.63
2023-05-07,1,P015,Electronics,294.4,20,30,27,1,0,22.34,94.31
2023-05-08,1,P015,Electronics,368.0,0,4,23,0,0,28.54,95.77
2023-05-09,1,P015,Electronics,349.6,5,10,132,0,0,33.29,97.99
2023-05-10,1,P015,Electronics,312.8,15,20,112,0,0,29.54,94.13
2023-05-11,1,P015,Electronics,368.0,0,15,97,0,0,29.35,96.45
2023-05-12,1,P015,Electronics,294.4,20,21,76,0,0,32.79,95.2
2023-05-13,1,P015,Electronics,349.6,5,23,53,1,1,21.31,92.15
2023-05-14,1,P015,Electronics,331.2,10,22,31,1,0,24.35,90.8
2023-05-15,1,P015,Electronics,331.2,10,20,143,0,0,30.02,93.95
2023-05-16,1,P015,Electronics,331.2,10,15,128,0,0,26.25,93.06
2023-05-17,1,P015,Electronics,368.0,0,14,114,0,0,28.9,94.66
2023-05-18,1,P015,Electronics,349.6,5,18,96,0,1,20.9,93.08
2023-05-19,1,P015,Electronics,349.6,5,20,76,0,0,30.07,95.57
2023-05-20,1,P015,Electronics,368.0,0,17,59,1,0,25.82,96.34
2023-05-21,1,P015,Electronics,349.6,5,21,38,1,0,28.97,94.69
2023-05-22,1,P015,Electronics,368.0,0,12,26,0,0,26.54,96.36
2023-05-23,1,P015,Electronics,294.4,20,22,107,0,0,32.6,96.84
2023-05-24,1,P015,Electronics,368.0,0,15,92,0,0,22.81,93.78
2023-05-25,1,P015,Electronics,349.6,5,22,70,0,1,26.59,93.13
2023-05-26,1,P015,Electronics,349.6,5,10,60,0,0,34.76,98.6
2023-05-27,1,P015,Electronics,368.0,0,18,42,1,1,25.95,95.19
2023-05-28,1,P015,Electronics,294.4,20,24,108,1,0,24.95,91.57
2023-05-29,1,P015,Electronics,294.4,20,29,79,0,1,28.97,97.43
2023-05-30,1,P015,Electronics,331.2,10,7,72,0,0,24.06,93.84
2023-05-31,1,P015,Electronics,349.6,5,23,49,0,1,35.56,93.28
2023-06-01,1,P015,Electronics,349.6,5,18,31,0,0,31.6,91.31
2023-06-02,1,P015,Electronics,368.0,0,9,22,0,0,27.68,93.8
2023-06-03,1,P015,Electronics,368.0,0,25,141,1,1,24.86,92.57
2023-06-04,1,P015,Electronics,349.6,5,20,121,1,0,24.11,93.51
2023-06-05,1,P015,Electronics,368.0,0,19,102,0,0,18.91,93.75
2023-06-06,1,P015,Electronics,349.6,5,13,89,0,0,28.07,96.03
2023-06-07,1,P015,Electronics,312.8,15,21,68,0,0,23.98,94.06
2023-06-08,1,P015,Electronics,368.0,0,17,51,0,0,16.26,93.11
2023-06-09,1,P015,Electronics,368.0,0,16,35,0,0,23.03,95.85
2023-06-10,1,P015,Electronics,368.0,0,23,126,1,1,27.93,95.1
2023-06-11,1,P015,Electronics,331.2,10,14,112,1,0,24.82,92.06
2023-06-12,1,P015,Electronics,312.8,15,25,87,0,1,31.12,95.34
2023-06-13,1,P015,Electronics,331.2,10,17,70,0,0,13.34,92.35
2023-06-14,1,P015,Electronics,349.6,5,19,51,0,0,31.38,93.98
2023-06-15,1,P015,Electronics,368.0,0,12,39,0,0,26.0,96.18
2023-06-16,1,P015,Electronics,349.6,5,24,162,0,0,22.1,93.74
2023-06-17,1,P015,Electronics,368.0,0,17,145,1,1,28.96,96.03
2023-06-18,1,P015,Electronics,349.6,5,25,120,1,1,20.8,91.81
2023-06-19,1,P015,Electronics,368.0,0,12,108,0,0,34.25,94.59
2023-06-20,1,P015,Electronics,331.2,10,20,88,0,0,25.88,96.29
2023-06-21,1,P015,Electronics,368.0,0,16,72,0,0,24.53,98.38
2023-06-22,1,P015,Electronics,368.0,0,13,59,0,1,24.91,91.86
2023-06-23,1,P015,Electronics,368.0,0,19,40,0,0,18.71,93.32
2023-06-24,1,P015,Electronics,331.2,10,28,130,1,0,27.36,93.2
2023-06-25,1,P015,Electronics,331.2,10,17,113,1,0,22.49,95.17
2023-06-26,1,P015,Electronics,349.6,5,16,97,0,0,22.3,99.11
2023-06-27,1,P015,Electronics,312.8,15,16,81,0,0,27.08,95.68
2023-06-28,1,P015,Electronics,349.6,5,16,65,0,0,27.71,95.22
2023-06-29,1,P015,Electronics,368.0,0,19,46,0,0,33.32,96.36
2023-06-30,1,P015,Electronics,368.0,0,13,33,0,0,22.31,93.67
2023-07-01,1,P015,Electronics,368.0,0,15,118,1,1,15.66,94.76
2023-07-02,1,P015,Electronics,349.6,5,30,88,1,1,33.66,96.44
2023-07-03,1,P015,Electronics,368.0,0,8,80,0,0,16.0,91.18
2023-07-04,1,P015,Electronics,331.2,10,16,64,0,0,23.46,95.41
2023-07-05,1,P015,Electronics,368.0,0,14,50,0,0,21.1,92.32
2023-07-06,1,P015,Electronics,312.8,15,29,21,0,1,16.55,93.81
2023-07-07,1,P015,Electronics,312.8,15,19,115,0,0,35.96,93.75
2023-07-08,1,P015,Electronics,331.2,10,23,92,1,0,31.23,95.55
2023-07-09,1,P015,Electronics,349.6,5,21,71,1,0,25.6,95.05
2023-07-10,1,P015,Electronics,368.0,0,11,60,0,0,21.61,93.7
2023-07-11,1,P015,Electronics,368.0,0,14,46,0,0,28.17,95.58
2023-07-12,1,P015,Electronics,368.0,0,8,38,0,0,20.03,92.65
2023-07-13,1,P015,Electronics,312.8,15,33,142,0,1,16.1,95.53
2023-07-14,1,P015,Electronics,368.0,0,21,121,0,0,27.68,94.7
2023-07-15,1,P015,Electronics,312.8,15,26,95,1,0,28.43,95.25
2023-07-16,1,P015,Electronics,331.2,10,22,73,1,0,27.69,96.22
2023-07-17,1,P015,Electronics,349.6,5,28,45,0,1,27.46,96.05
2023-07-18,1,P015,Electronics,349.6,5,26,143,0,1,14.02,94.8
2023-07-19,1,P015,Electronics,349.6,5,18,125,0,0,26.62,95.56
2023-07-20,1,P015,Electronics,349.6,5,28,97,0,1,29.14,96.6
2023-07-21,1,P015,Electronics,368.0,0,13,84,0,0,29.54,97.98
2023-07-22,1,P015,Electronics,368.0,0,19,65,1,0,24.95,95.93
2023-07-23,1,P015,Electronics,312.8,15,28,37,1,0,15.54,95.8
2023-07-24,1,P015,Electronics,368.0,0,24,153,0,1,22.86,96.74
2023-07-25,1,P015,Electronics,368.0,0,20,133,0,1,32.44,93.01
2023-07-26,1,P015,Electronics,331.2,10,21,112,0,0,17.32,95.44
2023-07-27,1,P015,Electronics,349.6,5,14,98,0,0,20.94,95.6
2023-07-28,1,P015,Electronics,294.4,20,25,73,0,0,29.75,101.67
2023-07-29,1,P015,Electronics,349.6,5,28,45,1,0,26.59,93.4
2023-07-30,1,P015,Electronics,349.6,5,25,20,1,1,26.13,94.12
2023-07-31,1,P015,Electronics,312.8,15,17,125,0,0,23.03,91.83
2023-08-01,1,P015,Electronics,368.0,0,14,111,0,0,24.11,96.69
2023-08-02,1,P015,Electronics,368.0,0,19,92,0,1,23.55,94.48
2023-08-03,1,P015,Electronics,349.6,5,14,78,0,0,25.46,90.87
2023-08-04,1,P015,Electronics,312.8,15,27,51,0,0,27.79,93.2
2023-08-05,1,P015,Electronics,349.6,5,20,31,1,0,32.52,95.25
2023-08-06,1,P015,Electronics,312.8,15,23,109,1,0,22.22,94.27
2023-08-07,1,P015,Electronics,312.8,15,20,89,0,0,15.72,94.12
2023-08-08,1,P015,Electronics,331.2,10,19,70,0,0,14.79,93.5
2023-08-09,1,P015,Electronics,349.6,5,12,58,0,0,19.72,94.7
2023-08-10,1,P015,Electronics,312.8,15,24,34,0,1,29.49,92.09
2023-08-11,1,P015,Electronics,312.8,15,23,110,0,0,27.56,92.83
2023-08-12,1,P015,Electronics,368.0,0,22,88,1,0,20.99,95.23
2023-08-13,1,P015,Electronics,368.0,0,11,77,1,0,21.69,96.92
2023-08-14,1,P015,Electronics,368.0,0,17,60,0,0,35.03,92.93
2023-08-15,1,P015,Electronics,294.4,20,32,28,0,1,19.15,95.73
2023-08-16,1,P015,Electronics,368.0,0,9,163,0,0,28.63,91.48
2023-08-17,1,P015,Electronics,349.6,5,16,147,0,0,18.94,94.58
2023-08-18,1,P015,Electronics,368.0,0,24,123,0,1,30.68,91.92
2023-08-19,1,P015,Electronics,368.0,0,23,100,1,0,27.4,98.75
2023-08-20,1,P015,Electronics,368.0,0,14,86,1,0,26.17,92.98
2023-08-21,1,P015,Electronics,368.0,0,19,67,0,0,24.18,96.8
