retail_demand_dataset.csv
date,store_id,product_id,category,price,discount,units_sold,inventory_level,holiday,promotion,temperature,fuel_price
2023-08-22,1,P015,Electronics,368.0,0,1,66,0,0,29.01,95.59
2023-08-23,1,P015,Electronics,349.6,5,13,53,0,0,24.95,91.46
2023-08-24,1,P015,Electronics,368.0,0,14,39,0,1,27.9,93.89
2023-08-25,1,P015,Electronics,349.6,5,18,21,0,0,30.12,94.59
2023-08-26,1,P015,Electronics,368.0,0,12,154,1,0,18.55,97.17
2023-08-27,1,P015,Electronics,312.8,15,21,133,1,0,22.83,97.43
2023-08-28,1,P015,Electronics,368.0,0,26,107,0,0,24.4,94.46
2023-08-29,1,P015,Electronics,349.6,5,16,91,0,1,23.82,93.9
2023-08-30,1,P015,Electronics,294.4,20,30,61,0,0,24.58,93.83
2023-08-31,1,P015,Electronics,331.2,10,22,39,0,1,20.91,95.98
2023-09-01,1,P015,Electronics,368.0,0,14,25,0,0,19.97,93.73
2023-09-02,1,P015,Electronics,368.0,0,18,141,1,0,28.41,96.96
2023-09-03,1,P015,Electronics,368.0,0,14,127,1,0,26.49,96.91
2023-09-04,1,P015,Electronics,349.6,5,12,115,0,0,31.27,94.82
2023-09-05,1,P015,Electronics,294.4,20,22,93,0,0,21.56,93.63
2023-09-06,1,P015,Electronics,368.0,0,13,80,0,0,22.33,96.26
2023-09-07,1,P015,Electronics,368.0,0,7,73,0,0,38.48,94.5
2023-09-08,1,P015,Electronics,368.0,0,16,57,0,0,25.4,96.73
2023-09-09,1,P015,Electronics,368.0,0,21,36,1,0,34.3,96.53
2023-09-10,1,P015,Electronics,331.2,10,24,132,1,1,23.61,93.4
2023-09-11,1,P015,Electronics,368.0,0,12,120,0,0,22.35,95.38
2023-09-12,1,P015,Electronics,368.0,0,16,104,0,0,26.79,92.42
2023-09-13,1,P015,Electronics,368.0,0,19,85,0,0,28.49,90.1
2023-09-14,1,P015,Electronics,368.0,0,18,67,0,0,24.04,95.57
2023-09-15,1,P015,Electronics,368.0,0,14,53,0,0,25.01,94.24
2023-09-16,1,P015,Electronics,368.0,0,28,25,1,1,31.22,96.35
2023-09-17,1,P015,Electronics,349.6,5,17,151,1,0,30.32,95.93
2023-09-18,1,P015,Electronics,331.2,10,15,136,0,0,22.19,93.31
2023-09-19,1,P015,Electronics,368.0,0,21,115,0,1,23.97,93.36
2023-09-20,1,P015,Electronics,294.4,20,28,87,0,0,30.18,97.6
2023-09-21,1,P015,Electronics,368.0,0,24,63,0,0,21.64,90.89
2023-09-22,1,P015,Electronics,368.0,0,18,45,0,0,26.73,96.91
2023-09-23,1,P015,Electronics,349.6,5,27,135,1,1,13.16,98.99
2023-09-24,1,P015,Electronics,368.0,0,16,119,1,0,24.91,96.56
2023-09-25,1,P015,Electronics,349.6,5,16,103,0,0,21.71,95.07
2023-09-26,1,P015,Electronics,368.0,0,24,79,0,1,19.54,93.61
2023-09-27,1,P015,Electronics,368.0,0,17,62,0,1,24.08,93.7
2023-09-28,1,P015,Electronics,368.0,0,17,45,0,0,21.69,97.25
2023-09-29,1,P015,Electronics,331.2,10,19,26,0,0,25.93,94.56
2023-09-30,1,P015,Electronics,331.2,10,24,121,1,0,17.75,96.12
2023-10-01,1,P015,Electronics,368.0,0,18,103,1,0,27.36,95.12
2023-10-02,1,P015,Electronics,368.0,0,18,85,0,0,25.81,93.28
2023-10-03,1,P015,Electronics,312.8,15,24,61,0,0,18.55,95.42
2023-10-04,1,P015,Electronics,349.6,5,25,36,0,1,29.38,93.62
2023-10-05,1,P015,Electronics,368.0,0,21,117,0,1,22.91,99.58
2023-10-06,1,P015,Electronics,368.0,0,17,100,0,0,19.37,93.93
2023-10-07,1,P015,Electronics,331.2,10,32,68,1,0,23.86,96.1
2023-10-08,1,P015,Electronics,368.0,0,23,45,1,0,25.97,96.25
2023-10-09,1,P015,Electronics,331.2,10,22,23,0,1,18.13,94.85
2023-10-10,1,P015,Electronics,349.6,5,14,132,0,0,23.81,98.72
2023-10-11,1,P015,Electronics,349.6,5,14,118,0,1,23.96,95.98
2023-10-12,1,P015,Electronics,368.0,0,20,98,0,1,26.61,96.33
2023-10-13,1,P015,Electronics,349.6,5,18,80,0,0,32.54,94.62
2023-10-14,1,P015,Electronics,368.0,0,14,66,1,0,20.11,93.67
2023-10-15,1,P015,Electronics,331.2,10,31,35,1,1,28.38,94.42
2023-10-16,1,P015,Electronics,368.0,0,12,23,0,0,22.85,95.87
2023-10-17,1,P015,Electronics,368.0,0,16,95,0,0,28.96,93.08
2023-10-18,1,P015,Electronics,368.0,0,5,90,0,0,19.9,98.36
2023-10-19,1,P015,Electronics,368.0,0,7,83,0,0,33.29,92.45
2023-10-20,1,P015,Electronics,368.0,0,14,69,0,1,28.56,92.82
2023-10-21,1,P015,Electronics,349.6,5,25,44,1,0,23.43,97.72
2023-10-22,1,P015,Electronics,349.6,5,19,25,1,0,21.25,92.31
2023-10-23,1,P015,Electronics,331.2,10,21,124,0,0,28.17,92.93
2023-10-24,1,P015,Electronics,368.0,0,15,109,0,1,23.13,96.59
2023-10-25,1,P015,Electronics,331.2,10,19,90,0,0,21.46,93.35
2023-10-26,1,P015,Electronics,349.6,5,12,78,0,0,27.33,95.9
2023-10-27,1,P015,Electronics,368.0,0,20,58,0,1,24.44,96.68
2023-10-28,1,P015,Electronics,368.0,0,18,40,1,0,30.33,93.71
2023-10-29,1,P015,Electronics,331.2,10,21,164,1,0,22.82,91.86
2023-10-30,1,P015,Electronics,368.0,0,22,142,0,0,26.52,94.0
2023-10-31,1,P015,Electronics,368.0,0,23,119,0,1,20.61,96.68
2023-11-01,1,P015,Electronics,368.0,0,13,106,0,1,25.75,96.2
2023-11-02,1,P015,Electronics,349.6,5,21,85,0,1,28.58,95.41
2023-11-03,1,P015,Electronics,312.8,15,20,65,0,0,23.18,92.46
2023-11-04,1,P015,Electronics,331.2,10,23,42,1,0,20.52,92.38
2023-11-05,1,P015,Electronics,349.6,5,15,27,1,0,29.51,95.63
2023-11-06,1,P015,Electronics,368.0,0,16,108,0,0,34.61,95.11
2023-11-07,1,P015,Electronics,368.0,0,14,94,0,0,16.42,93.29
2023-11-08,1,P015,Electronics,331.2,10,19,75,0,0,18.46,94.95
2023-11-09,1,P015,Electronics,368.0,0,16,59,0,1,25.67,97.2
2023-11-10,1,P015,Electronics,368.0,0,19,40,0,0,26.2,94.48
2023-11-11,1,P015,Electronics,368.0,0,18,22,1,0,22.99,95.93
2023-11-12,1,P015,Electronics,368.0,0,19,104,1,0,31.07,94.9
2023-11-13,1,P015,Electronics,368.0,0,17,87,0,0,21.55,93.13
2023-11-14,1,P015,Electronics,368.0,0,15,72,0,1,22.38,94.93
2023-11-15,1,P015,Electronics,331.2,10,25,47,0,1,27.55,91.32
2023-11-16,1,P015,Electronics,331.2,10,27,20,0,1,24.26,95.14
2023-11-17,1,P015,Electronics,349.6,5,12,146,0,0,25.95,96.23
2023-11-18,1,P015,Electronics,331.2,10,24,122,1,1,23.51,100.13
2023-11-19,1,P015,Electronics,349.6,5,21,101,1,0,24.6,93.09
2023-11-20,1,P015,Electronics,368.0,0,8,93,0,0,21.16,94.25
2023-11-21,1,P015,Electronics,368.0,0,27,66,0,0,22.43,97.06
2023-11-22,1,P015,Electronics,294.4,20,21,45,0,0,24.17,95.13
2023-11-23,1,P015,Electronics,349.6,5,19,26,0,0,15.71,91.93
2023-11-24,1,P015,Electronics,368.0,0,22,123,0,1,25.31,92.98
2023-11-25,1,P015,Electronics,349.6,5,15,108,1,0,18.48,95.97
2023-11-26,1,P015,Electronics,368.0,0,24,84,1,1,28.53,97.39
2023-11-27,1,P015,Electronics,368.0,0,17,67,0,1,24.88,95.83
2023-11-28,1,P015,Electronics,349.6,5,19,48,0,0,17.67,94.7
2023-11-29,1,P015,Electronics,368.0,0,14,34,0,0,23.45,95.91
2023-11-30,1,P015,Electronics,331.2,10,22,120,0,1,25.31,92.83
2023-12-01,1,P015,Electronics,368.0,0,9,111,0,0,15.58,97.2
2023-12-02,1,P015,Electronics,349.6,5,18,93,1,0,18.2,100.74
2023-12-03,1,P015,Electronics,368.0,0,33,60,1,1,30.77,96.19
2023-12-04,1,P015,Electronics,331.2,10,30,30,0,0,21.4,95.93
2023-12-05,1,P015,Electronics,368.0,0,14,162,0,0,24.99,93.46
2023-12-06,1,P015,Electronics,331.2,10,19,143,0,0,19.4,95.88
2023-12-07,1,P015,Electronics,349.6,5,25,118,0,1,18.15,96.45
2023-12-08,1,P015,Electronics,368.0,0,30,88,0,1,31.2,96.26
2023-12-09,1,P015,Electronics,349.6,5,17,71,1,0,25.4,96.93
2023-12-10,1,P015,Electronics,368.0,0,22,49,1,1,26.99,96.08
2023-12-11,1,P015,Electronics,331.2,10,15,34,0,0,33.13,95.03
2023-12-12,1,P015,Electronics,368.0,0,9,25,0,0,21.42,94.34
2023-12-13,1,P015,Electronics,349.6,5,18,149,0,0,22.73,99.72
2023-12-14,1,P015,Electronics,368.0,0,13,136,0,0,13.22,94.06
2023-12-15,1,P015,Electronics,312.8,15,30,106,0,1,17.89,96.56
2023-12-16,1,P015,Electronics,349.6,5,32,74,1,1,26.96,94.03
2023-12-17,1,P015,Electronics,368.0,0,16,58,1,0,26.87,93.97
2023-12-18,1,P015,Electronics,349.6,5,15,43,0,1,27.41,96.54
2023-12-19,1,P015,Electronics,349.6,5,13,30,0,0,25.89,96.77
2023-12-20,1,P015,Electronics,368.0,0,22,94,0,0,34.8,92.94
2023-12-21,1,P015,Electronics,368.0,0,17,77,0,0,32.08,94.1
2023-12-22,1,P015,Electronics,349.6,5,23,54,0,0,15.42,93.66
2023-12-23,1,P015,Electronics,349.6,5,24,30,1,0,28.19,88.75
2023-12-24,1,P015,Electronics,368.0,0,16,152,1,0,28.27,94.5
2023-12-25,1,P015,Electronics,331.2,10,21,131,0,0,26.23,98.29
2023-12-26,1,P015,Electronics,368.0,0,18,113,0,1,30.81,93.68
2023-12-27,1,P015,Electronics,368.0,0,15,98,0,0,22.83,96.97
2023-12-28,1,P015,Electronics,312.8,15,28,70,0,1,24.64,96.98
2023-12-29,1,P015,Electronics,349.6,5,15,55,0,1,22.66,94.45
2023-12-30,1,P015,Electronics,368.0,0,16,39,1,0,26.95,93.26
2023-12-31,1,P015,Electronics,349.6,5,19,20,1,0,24.52,96.29
2023-01-01,2,P001,Electronics,214.0,0,20,128,1,0,23.76,94.59
2023-01-02,2,P001,Electronics,203.3,5,15,113,0,0,15.13,94.75
2023-01-03,2,P001,Electronics,181.9,15,26,87,0,0,27.17,93.81
2023-01-04,2,P001,Electronics,214.0,0,19,68,0,0,32.33,94.8
2023-01-05,2,P001,Electronics,203.3,5,19,49,0,0,19.76,91.96
2023-01-06,2,P001,Electronics,214.0,0,17,32,0,1,23.66,94.96
2023-01-07,2,P001,Electronics,214.0,0,20,95,1,0,28.83,93.86
2023-01-08,2,P001,Electronics,214.0,0,27,68,1,1,30.62,92.01
2023-01-09,2,P001,Electronics,203.3,5,22,46,0,1,27.64,97.62
2023-01-10,2,P001,Electronics,214.0,0,15,31,0,1,34.83,95.71
2023-01-11,2,P001,Electronics,214.0,0,22,135,0,1,19.23,94.46
2023-01-12,2,P001,Electronics,214.0,0,26,109,0,0,23.16,96.47
2023-01-13,2,P001,Electronics,192.6,10,15,94,0,0,15.93,92.69
2023-01-14,2,P001,Electronics,181.9,15,22,72,1,1,24.69,95.46
2023-01-15,2,P001,Electronics,171.2,20,31,41,1,1,23.78,96.46
2023-01-16,2,P001,Electronics,203.3,5,24,156,0,0,36.59,99.1
2023-01-17,2,P001,Electronics,203.3,5,26,130,0,1,18.61,95.68
2023-01-18,2,P001,Electronics,214.0,0,8,122,0,0,20.74,94.26
2023-01-19,2,P001,Electronics,192.6,10,22,100,0,0,25.34,96.53
2023-01-20,2,P001,Electronics,214.0,0,25,75,0,1,17.05,96.44
2023-01-21,2,P001,Electronics,214.0,0,21,54,1,0,26.41,94.21
2023-01-22,2,P001,Electronics,192.6,10,17,37,1,0,20.43,93.5
2023-01-23,2,P001,Electronics,214.0,0,31,135,0,1,20.29,94.65
2023-01-24,2,P001,Electronics,171.2,20,25,110,0,0,21.54,93.9
2023-01-25,2,P001,Electronics,203.3,5,28,82,0,1,26.93,94.14
2023-01-26,2,P001,Electronics,203.3,5,15,67,0,1,14.56,96.36
2023-01-27,2,P001,Electronics,192.6,10,31,36,0,0,25.77,93.24
2023-01-28,2,P001,Electronics,203.3,5,30,134,1,1,20.71,98.84
2023-01-29,2,P001,Electronics,203.3,5,27,107,1,1,25.03,92.65
2023-01-30,2,P001,Electronics,192.6,10,32,75,0,1,26.75,96.88
2023-01-31,2,P001,Electronics,181.9,15,17,58,0,0,30.22,94.08
2023-02-01,2,P001,Electronics,214.0,0,22,36,0,0,19.52,96.43
2023-02-02,2,P001,Electronics,171.2,20,28,131,0,1,14.56,95.58
2023-02-03,2,P001,Electronics,214.0,0,17,114,0,0,31.43,93.65
2023-02-04,2,P001,Electronics,214.0,0,24,90,1,1,26.61,94.22
2023-02-05,2,P001,Electronics,203.3,5,25,65,1,1,15.12,96.54
2023-02-06,2,P001,Electronics,171.2,20,25,40,0,1,23.26,96.22
2023-02-07,2,P001,Electronics,181.9,15,25,141,0,1,21.15,92.81
2023-02-08,2,P001,Electronics,214.0,0,15,126,0,0,24.93,93.05
2023-02-09,2,P001,Electronics,192.6,10,13,113,0,0,22.68,92.62
2023-02-10,2,P001,Electronics,214.0,0,19,94,0,0,20.23,98.73
2023-02-11,2,P001,Electronics,181.9,15,29,65,1,1,20.8,94.25
2023-02-12,2,P001,Electronics,203.3,5,19,46,1,1,28.64,98.49
2023-02-13,2,P001,Electronics,214.0,0,21,25,0,1,27.03,96.01
2023-02-14,2,P001,Electronics,214.0,0,10,163,0,0,27.23,97.91
2023-02-15,2,P001,Electronics,192.6,10,27,136,0,1,25.96,95.88
2023-02-16,2,P001,Electronics,214.0,0,23,113,0,0,23.91,96.79
2023-02-17,2,P001,Electronics,192.6,10,12,101,0,0,27.81,95.77
2023-02-18,2,P001,Electronics,181.9,15,35,66,1,1,18.08,96.36
2023-02-19,2,P001,Electronics,192.6,10,31,35,1,1,27.36,95.56
2023-02-20,2,P001,Electronics,214.0,0,23,156,0,0,29.14,96.99
2023-02-21,2,P001,Electronics,181.9,15,33,123,0,1,22.92,94.26
2023-02-22,2,P001,Electronics,203.3,5,13,110,0,0,22.46,92.68
2023-02-23,2,P001,Electronics,203.3,5,12,98,0,0,20.99,93.84
2023-02-24,2,P001,Electronics,181.9,15,21,77,0,0,24.06,93.94
2023-02-25,2,P001,Electronics,214.0,0,24,53,1,1,38.57,94.33
2023-02-26,2,P001,Electronics,214.0,0,16,37,1,0,24.6,97.1
2023-02-27,2,P001,Electronics,192.6,10,15,22,0,0,24.97,92.01
2023-02-28,2,P001,Electronics,214.0,0,16,111,0,0,27.5,94.68
2023-03-01,2,P001,Electronics,192.6,10,19,92,0,0,30.02,93.96
2023-03-02,2,P001,Electronics,214.0,0,22,70,0,1,23.8,97.69
2023-03-03,2,P001,Electronics,214.0,0,15,55,0,1,32.65,93.34
2023-03-04,2,P001,Electronics,214.0,0,13,42,1,0,23.15,95.83
2023-03-05,2,P001,Electronics,203.3,5,20,22,1,0,27.26,96.33
2023-03-06,2,P001,Electronics,214.0,0,15,135,0,0,29.77,95.85
2023-03-07,2,P001,Electronics,214.0,0,14,121,0,0,22.56,94.78
2023-03-08,2,P001,Electronics,214.0,0,24,97,0,1,21.65,96.6
2023-03-09,2,P001,Electronics,214.0,0,18,79,0,0,23.27,95.45
2023-03-10,2,P001,Electronics,192.6,10,22,57,0,0,25.99,96.06
2023-03-11,2,P001,Electronics,214.0,0,21,36,1,0,18.99,93.91
2023-03-12,2,P001,Electronics,203.3,5,23,155,1,0,31.07,93.3
2023-03-13,2,P001,Electronics,214.0,0,25,130,0,1,17.79,95.74
2023-03-14,2,P001,Electronics,214.0,0,21,109,0,1,24.14,96.52
2023-03-15,2,P001,Electronics,214.0,0,18,91,0,0,27.63,99.48
2023-03-16,2,P001,Electronics,214.0,0,16,75,0,0,20.09,98.04
2023-03-17,2,P001,Electronics,214.0,0,12,63,0,0,29.29,95.63
2023-03-18,2,P001,Electronics,214.0,0,18,45,1,0,37.55,95.34
2023-03-19,2,P001,Electronics,214.0,0,22,23,1,1,17.11,95.34
2023-03-20,2,P001,Electronics,203.3,5,16,127,0,0,20.26,95.94
2023-03-21,2,P001,Electronics,181.9,15,27,100,0,0,28.62,98.16
2023-03-22,2,P001,Electronics,214.0,0,10,90,0,0,17.59,96.95
2023-03-23,2,P001,Electronics,181.9,15,30,60,0,0,20.55,94.75
2023-03-24,2,P001,Electronics,171.2,20,25,35,0,0,21.74,95.63
2023-03-25,2,P001,Electronics,214.0,0,18,118,1,1,24.65,94.24
2023-03-26,2,P001,Electronics,214.0,0,23,95,1,0,27.23,98.16
2023-03-27,2,P001,Electronics,171.2,20,27,68,0,1,25.11,92.86
2023-03-28,2,P001,Electronics,181.9,15,31,37,0,1,23.83,94.23
2023-03-29,2,P001,Electronics,214.0,0,11,26,0,0,27.3,93.28
2023-03-30,2,P001,Electronics,203.3,5,19,139,0,0,22.43,94.09
2023-03-31,2,P001,Electronics,192.6,10,23,116,0,0,27.64,98.83
2023-04-01,2,P001,Electronics,192.6,10,21,95,1,0,18.11,96.74
2023-04-02,2,P001,Electronics,203.3,5,15,80,1,0,30.12,95.0
2023-04-03,2,P001,Electronics,214.0,0,12,68,0,0,30.15,95.58
2023-04-04,2,P001,Electronics,214.0,0,17,51,0,0,26.34,96.16
2023-04-05,2,P001,Electronics,214.0,0,18,33,0,0,17.14,97.59
2023-04-06,2,P001,Electronics,181.9,15,27,110,0,1,22.49,95.25
2023-04-07,2,P001,Electronics,214.0,0,14,96,0,1,30.62,94.92
2023-04-08,2,P001,Electronics,214.0,0,20,76,1,1,26.72,92.68
2023-04-09,2,P001,Electronics,214.0,0,24,52,1,0,31.78,90.67
2023-04-10,2,P001,Electronics,171.2,20,29,23,0,0,21.56,92.04
2023-04-11,2,P001,Electronics,214.0,0,8,97,0,0,26.97,97.39
2023-04-12,2,P001,Electronics,214.0,0,7,90,0,0,24.04,96.8
2023-04-13,2,P001,Electronics,214.0,0,20,70,0,1,30.17,91.99
2023-04-14,2,P001,Electronics,214.0,0,11,59,0,0,13.52,96.7
2023-04-15,2,P001,Electronics,214.0,0,19,40,1,0,22.29,92.34
2023-04-16,2,P001,Electronics,214.0,0,20,20,1,1,23.63,93.98
2023-04-17,2,P001,Electronics,203.3,5,15,108,0,0,29.57,95.7
2023-04-18,2,P001,Electronics,214.0,0,25,83,0,1,17.47,96.19
2023-04-19,2,P001,Electronics,181.9,15,29,54,0,1,29.44,89.24
2023-04-20,2,P001,Electronics,214.0,0,8,46,0,0,20.39,94.79
2023-04-21,2,P001,Electronics,214.0,0,12,34,0,0,37.18,93.61
2023-04-22,2,P001,Electronics,203.3,5,21,125,1,0,20.28,94.49
2023-04-23,2,P001,Electronics,214.0,0,29,96,1,1,20.74,95.64
2023-04-24,2,P001,Electronics,203.3,5,17,79,0,1,27.86,93.72
2023-04-25,2,P001,Electronics,171.2,20,28,51,0,0,24.99,93.55
2023-04-26,2,P001,Electronics,214.0,0,12,39,0,0,30.45,96.39
2023-04-27,2,P001,Electronics,181.9,15,33,126,0,1,32.71,95.77
2023-04-28,2,P001,Electronics,181.9,15,25,101,0,1,18.38,93.02
2023-04-29,2,P001,Electronics,171.2,20,39,62,1,1,26.29,95.1
2023-04-30,2,P001,Electronics,214.0,0,19,43,1,0,20.47,93.24
2023-05-01,2,P001,Electronics,192.6,10,10,33,0,0,28.15,93.14
2023-05-02,2,P001,Electronics,214.0,0,27,140,0,1,22.11,93.68
2023-05-03,2,P001,Electronics,203.3,5,18,122,0,0,24.99,93.85
2023-05-04,2,P001,Electronics,214.0,0,17,105,0,0,24.2,95.72
2023-05-05,2,P001,Electronics,214.0,0,24,81,0,1,34.5,94.75
2023-05-06,2,P001,Electronics,192.6,10,19,62,1,0,27.54,97.79
2023-05-07,2,P001,Electronics,203.3,5,25,37,1,0,22.81,97.34
2023-05-08,2,P001,Electronics,214.0,0,17,20,0,0,29.32,94.26
2023-05-09,2,P001,Electronics,214.0,0,13,100,0,0,30.16,98.14
2023-05-10,2,P001,Electronics,181.9,15,17,83,0,0,20.56,94.69
2023-05-11,2,P001,Electronics,214.0,0,27,56,0,1,26.82,95.82
2023-05-12,2,P001,Electronics,214.0,0,21,35,0,1,30.92,92.59
2023-05-13,2,P001,Electronics,214.0,0,20,155,1,0,31.91,95.51
2023-05-14,2,P001,Electronics,214.0,0,17,138,1,1,24.43,98.25
2023-05-15,2,P001,Electronics,214.0,0,11,127,0,0,22.02,92.56
2023-05-16,2,P001,Electronics,214.0,0,24,103,0,1,34.95,97.25
2023-05-17,2,P001,Electronics,192.6,10,18,85,0,0,22.11,94.57
2023-05-18,2,P001,Electronics,214.0,0,23,62,0,0,35.56,96.96
2023-05-19,2,P001,Electronics,171.2,20,26,36,0,0,31.95,95.77
2023-05-20,2,P001,Electronics,214.0,0,12,24,1,0,27.68,94.25
2023-05-21,2,P001,Electronics,214.0,0,26,111,1,0,18.4,98.48
2023-05-22,2,P001,Electronics,214.0,0,16,95,0,0,19.57,95.52
2023-05-23,2,P001,Electronics,171.2,20,27,68,0,1,23.92,94.24
2023-05-24,2,P001,Electronics,181.9,15,33,35,0,1,29.06,97.1
2023-05-25,2,P001,Electronics,203.3,5,14,21,0,1,19.49,93.87
2023-05-26,2,P001,Electronics,214.0,0,19,83,0,1,29.96,95.68
2023-05-27,2,P001,Electronics,214.0,0,18,65,1,0,31.28,94.93
2023-05-28,2,P001,Electronics,214.0,0,17,48,1,1,24.87,94.61
2023-05-29,2,P001,Electronics,203.3,5,19,29,0,0,20.22,96.11
2023-05-30,2,P001,Electronics,214.0,0,10,160,0,0,22.75,97.7
2023-05-31,2,P001,Electronics,203.3,5,24,136,0,1,26.16,95.87
2023-06-01,2,P001,Electronics,214.0,0,14,122,0,0,28.2,96.46
2023-06-02,2,P001,Electronics,214.0,0,15,107,0,0,25.97,95.63
2023-06-03,2,P001,Electronics,192.6,10,24,83,1,0,25.87,93.66
2023-06-04,2,P001,Electronics,214.0,0,19,64,1,0,24.13,93.74
2023-06-05,2,P001,Electronics,214.0,0,18,46,0,0,21.48,92.9
2023-06-06,2,P001,Electronics,214.0,0,13,33,0,0,15.78,92.54
2023-06-07,2,P001,Electronics,203.3,5,22,113,0,0,33.3,97.86
2023-06-08,2,P001,Electronics,203.3,5,26,87,0,1,24.78,96.16
2023-06-09,2,P001,Electronics,214.0,0,21,66,0,1,35.2,93.93
2023-06-10,2,P001,Electronics,192.6,10,29,37,1,0,27.48,97.32
2023-06-11,2,P001,Electronics,171.2,20,33,86,1,1,19.45,95.17
2023-06-12,2,P001,Electronics,192.6,10,24,62,0,0,16.72,98.48
