retail_demand_dataset.csv
date,store_id,product_id,category,price,discount,units_sold,inventory_level,holiday,promotion,temperature,fuel_price
2023-06-13,2,P001,Electronics,214.0,0,17,45,0,0,21.21,95.27
2023-06-14,2,P001,Electronics,214.0,0,13,32,0,0,19.49,97.86
2023-06-15,2,P001,Electronics,203.3,5,30,130,0,1,28.11,92.69
2023-06-16,2,P001,Electronics,203.3,5,25,105,0,1,18.81,96.13
2023-06-17,2,P001,Electronics,214.0,0,18,87,1,0,23.66,95.71
2023-06-18,2,P001,Electronics,214.0,0,19,68,1,0,17.99,94.98
2023-06-19,2,P001,Electronics,181.9,15,20,48,0,0,17.08,95.5
2023-06-20,2,P001,Electronics,192.6,10,20,28,0,0,29.97,93.16
2023-06-21,2,P001,Electronics,214.0,0,8,20,0,0,27.45,96.48
2023-06-22,2,P001,Electronics,214.0,0,16,89,0,0,24.55,94.95
2023-06-23,2,P001,Electronics,214.0,0,6,83,0,0,32.48,94.53
2023-06-24,2,P001,Electronics,203.3,5,19,64,1,0,22.27,95.67
2023-06-25,2,P001,Electronics,214.0,0,23,41,1,0,25.84,93.69
2023-06-26,2,P001,Electronics,192.6,10,16,25,0,0,25.62,95.71
2023-06-27,2,P001,Electronics,214.0,0,23,147,0,1,24.95,94.73
2023-06-28,2,P001,Electronics,214.0,0,10,137,0,1,27.06,96.91
2023-06-29,2,P001,Electronics,214.0,0,10,127,0,0,27.36,95.33
2023-06-30,2,P001,Electronics,214.0,0,10,117,0,0,21.95,94.77
2023-07-01,2,P001,Electronics,192.6,10,21,96,1,0,24.17,98.25
2023-07-02,2,P001,Electronics,214.0,0,22,74,1,0,16.18,93.92
2023-07-03,2,P001,Electronics,171.2,20,23,51,0,0,23.37,94.05
2023-07-04,2,P001,Electronics,192.6,10,18,33,0,0,28.59,95.18
2023-07-05,2,P001,Electronics,214.0,0,18,110,0,0,28.8,94.03
2023-07-06,2,P001,Electronics,203.3,5,20,90,0,1,26.82,96.36
2023-07-07,2,P001,Electronics,214.0,0,20,70,0,0,16.86,93.96
2023-07-08,2,P001,Electronics,192.6,10,27,43,1,0,18.1,94.1
2023-07-09,2,P001,Electronics,214.0,0,21,22,1,1,18.44,91.77
2023-07-10,2,P001,Electronics,192.6,10,24,149,0,0,29.95,92.8
2023-07-11,2,P001,Electronics,214.0,0,12,137,0,0,30.64,92.41
2023-07-12,2,P001,Electronics,203.3,5,21,116,0,0,27.97,99.24
2023-07-13,2,P001,Electronics,192.6,10,33,83,0,1,22.73,95.95
2023-07-14,2,P001,Electronics,181.9,15,20,63,0,0,27.33,96.81
2023-07-15,2,P001,Electronics,214.0,0,12,51,1,0,39.96,96.32
2023-07-16,2,P001,Electronics,181.9,15,39,140,1,1,24.04,95.83
2023-07-17,2,P001,Electronics,214.0,0,21,119,0,1,20.51,96.88
2023-07-18,2,P001,Electronics,214.0,0,8,111,0,0,29.29,94.91
2023-07-19,2,P001,Electronics,203.3,5,15,96,0,0,12.84,95.39
2023-07-20,2,P001,Electronics,214.0,0,13,83,0,0,25.67,90.91
2023-07-21,2,P001,Electronics,214.0,0,9,74,0,0,27.29,95.16
2023-07-22,2,P001,Electronics,214.0,0,31,43,1,1,17.21,91.71
2023-07-23,2,P001,Electronics,214.0,0,14,29,1,0,25.63,94.57
2023-07-24,2,P001,Electronics,203.3,5,13,109,0,0,28.86,96.46
2023-07-25,2,P001,Electronics,214.0,0,17,92,0,0,22.15,92.87
2023-07-26,2,P001,Electronics,203.3,5,12,80,0,0,26.79,97.68
2023-07-27,2,P001,Electronics,214.0,0,20,60,0,0,27.29,90.86
2023-07-28,2,P001,Electronics,214.0,0,13,47,0,1,24.13,95.25
2023-07-29,2,P001,Electronics,181.9,15,22,25,1,0,26.22,96.51
2023-07-30,2,P001,Electronics,181.9,15,35,132,1,1,22.12,96.48
2023-07-31,2,P001,Electronics,171.2,20,25,107,0,0,34.95,91.0
2023-08-01,2,P001,Electronics,214.0,0,9,98,0,0,15.71,96.02
2023-08-02,2,P001,Electronics,214.0,0,23,75,0,1,31.04,94.61
2023-08-03,2,P001,Electronics,214.0,0,15,60,0,0,16.32,93.04
2023-08-04,2,P001,Electronics,214.0,0,12,48,0,0,21.93,94.52
2023-08-05,2,P001,Electronics,214.0,0,29,106,1,1,20.62,98.54
2023-08-06,2,P001,Electronics,181.9,15,26,80,1,0,20.43,90.9
2023-08-07,2,P001,Electronics,181.9,15,19,61,0,0,26.37,95.14
2023-08-08,2,P001,Electronics,214.0,0,15,46,0,1,24.46,93.36
2023-08-09,2,P001,Electronics,171.2,20,17,29,0,0,16.58,96.78
2023-08-10,2,P001,Electronics,214.0,0,21,89,0,1,17.84,97.72
2023-08-11,2,P001,Electronics,214.0,0,19,70,0,1,13.86,92.71
2023-08-12,2,P001,Electronics,214.0,0,15,55,1,0,29.77,93.24
2023-08-13,2,P001,Electronics,214.0,0,20,35,1,0,22.03,94.52
2023-08-14,2,P001,Electronics,192.6,10,21,122,0,0,33.33,94.81
2023-08-15,2,P001,Electronics,214.0,0,12,110,0,0,39.45,96.2
2023-08-16,2,P001,Electronics,181.9,15,17,93,0,0,16.47,92.54
2023-08-17,2,P001,Electronics,171.2,20,23,70,0,0,29.21,94.08
2023-08-18,2,P001,Electronics,181.9,15,27,43,0,1,18.73,92.36
2023-08-19,2,P001,Electronics,214.0,0,15,28,1,0,21.51,94.25
2023-08-20,2,P001,Electronics,214.0,0,16,158,1,0,22.4,92.01
2023-08-21,2,P001,Electronics,214.0,0,12,146,0,0,23.97,95.67
2023-08-22,2,P001,Electronics,214.0,0,12,134,0,0,24.93,92.83
2023-08-23,2,P001,Electronics,181.9,15,15,119,0,0,30.18,92.94
2023-08-24,2,P001,Electronics,214.0,0,25,94,0,1,24.11,94.68
2023-08-25,2,P001,Electronics,181.9,15,23,71,0,0,24.7,98.18
2023-08-26,2,P001,Electronics,214.0,0,28,43,1,1,35.64,97.06
2023-08-27,2,P001,Electronics,171.2,20,36,146,1,1,28.51,94.64
2023-08-28,2,P001,Electronics,214.0,0,17,129,0,0,39.0,92.91
2023-08-29,2,P001,Electronics,214.0,0,17,112,0,0,26.93,92.0
2023-08-30,2,P001,Electronics,203.3,5,26,86,0,1,16.17,91.65
2023-08-31,2,P001,Electronics,214.0,0,19,67,0,0,26.27,96.53
2023-09-01,2,P001,Electronics,203.3,5,18,49,0,1,20.34,95.11
2023-09-02,2,P001,Electronics,192.6,10,18,31,1,0,31.27,94.75
2023-09-03,2,P001,Electronics,214.0,0,29,138,1,1,29.01,93.45
2023-09-04,2,P001,Electronics,214.0,0,15,123,0,0,21.36,93.13
2023-09-05,2,P001,Electronics,181.9,15,17,106,0,0,25.12,96.12
2023-09-06,2,P001,Electronics,192.6,10,16,90,0,0,30.64,91.46
2023-09-07,2,P001,Electronics,214.0,0,24,66,0,1,23.24,95.69
2023-09-08,2,P001,Electronics,214.0,0,27,39,0,1,29.58,92.85
2023-09-09,2,P001,Electronics,192.6,10,24,118,1,1,22.37,100.0
2023-09-10,2,P001,Electronics,203.3,5,22,96,1,0,24.85,94.17
2023-09-11,2,P001,Electronics,192.6,10,22,74,0,0,22.08,98.33
2023-09-12,2,P001,Electronics,214.0,0,21,53,0,1,24.02,92.75
2023-09-13,2,P001,Electronics,214.0,0,18,35,0,0,27.55,95.25
2023-09-14,2,P001,Electronics,214.0,0,21,111,0,1,16.24,95.67
2023-09-15,2,P001,Electronics,203.3,5,21,90,0,1,15.41,94.99
2023-09-16,2,P001,Electronics,214.0,0,28,62,1,1,26.12,95.3
2023-09-17,2,P001,Electronics,214.0,0,8,54,1,0,21.56,94.74
2023-09-18,2,P001,Electronics,203.3,5,19,35,0,0,20.75,94.82
2023-09-19,2,P001,Electronics,214.0,0,12,23,0,0,20.88,91.34
2023-09-20,2,P001,Electronics,214.0,0,21,151,0,0,24.7,95.18
2023-09-21,2,P001,Electronics,203.3,5,16,135,0,0,23.81,93.38
2023-09-22,2,P001,Electronics,203.3,5,19,116,0,0,33.76,95.02
2023-09-23,2,P001,Electronics,203.3,5,23,93,1,1,24.73,90.74
2023-09-24,2,P001,Electronics,214.0,0,16,77,1,1,28.24,95.65
2023-09-25,2,P001,Electronics,214.0,0,25,52,0,1,23.43,95.38
2023-09-26,2,P001,Electronics,203.3,5,23,29,0,0,17.54,95.23
2023-09-27,2,P001,Electronics,181.9,15,17,127,0,0,17.93,92.84
2023-09-28,2,P001,Electronics,203.3,5,22,105,0,1,22.9,98.08
2023-09-29,2,P001,Electronics,214.0,0,9,96,0,0,21.12,96.38
2023-09-30,2,P001,Electronics,214.0,0,24,72,1,0,33.22,98.16
2023-10-01,2,P001,Electronics,203.3,5,27,45,1,1,31.34,93.1
2023-10-02,2,P001,Electronics,214.0,0,8,37,0,0,21.77,95.65
2023-10-03,2,P001,Electronics,214.0,0,15,22,0,0,29.25,93.54
2023-10-04,2,P001,Electronics,181.9,15,20,85,0,0,25.46,90.98
2023-10-05,2,P001,Electronics,214.0,0,15,70,0,0,21.32,94.89
2023-10-06,2,P001,Electronics,181.9,15,23,47,0,0,30.31,94.07
2023-10-07,2,P001,Electronics,214.0,0,16,31,1,0,24.31,91.3
2023-10-08,2,P001,Electronics,181.9,15,23,151,1,0,26.52,97.12
2023-10-09,2,P001,Electronics,214.0,0,20,131,0,0,29.28,95.59
2023-10-10,2,P001,Electronics,203.3,5,16,115,0,0,22.4,94.63
2023-10-11,2,P001,Electronics,192.6,10,19,96,0,0,19.51,95.88
2023-10-12,2,P001,Electronics,192.6,10,21,75,0,0,31.99,93.86
2023-10-13,2,P001,Electronics,203.3,5,30,45,0,1,27.52,94.4
2023-10-14,2,P001,Electronics,214.0,0,28,111,1,1,28.97,90.98
2023-10-15,2,P001,Electronics,171.2,20,32,79,1,0,23.82,96.01
2023-10-16,2,P001,Electronics,214.0,0,14,65,0,0,23.33,96.34
2023-10-17,2,P001,Electronics,214.0,0,18,47,0,0,28.89,98.26
2023-10-18,2,P001,Electronics,181.9,15,21,26,0,1,27.96,93.11
2023-10-19,2,P001,Electronics,214.0,0,17,106,0,0,15.68,94.97
2023-10-20,2,P001,Electronics,214.0,0,13,93,0,0,26.0,98.24
2023-10-21,2,P001,Electronics,192.6,10,26,67,1,0,26.23,98.71
2023-10-22,2,P001,Electronics,214.0,0,24,43,1,0,27.65,91.78
2023-10-23,2,P001,Electronics,214.0,0,14,29,0,1,27.79,95.77
2023-10-24,2,P001,Electronics,203.3,5,13,126,0,0,23.3,92.86
2023-10-25,2,P001,Electronics,203.3,5,20,106,0,0,30.17,94.66
2023-10-26,2,P001,Electronics,214.0,0,6,100,0,0,25.79,95.75
2023-10-27,2,P001,Electronics,214.0,0,19,81,0,0,24.39,94.89
2023-10-28,2,P001,Electronics,214.0,0,24,57,1,0,32.2,95.59
2023-10-29,2,P001,Electronics,214.0,0,13,44,1,0,29.98,97.68
2023-10-30,2,P001,Electronics,203.3,5,14,30,0,1,19.01,95.9
2023-10-31,2,P001,Electronics,181.9,15,21,142,0,0,17.99,93.27
2023-11-01,2,P001,Electronics,214.0,0,17,125,0,1,18.18,95.48
2023-11-02,2,P001,Electronics,214.0,0,11,114,0,0,28.76,96.5
2023-11-03,2,P001,Electronics,192.6,10,22,92,0,0,21.51,96.32
2023-11-04,2,P001,Electronics,181.9,15,18,74,1,0,30.49,94.9
2023-11-05,2,P001,Electronics,203.3,5,24,50,1,1,32.32,96.82
2023-11-06,2,P001,Electronics,203.3,5,16,34,0,0,23.98,97.11
2023-11-07,2,P001,Electronics,214.0,0,22,102,0,1,15.79,97.44
2023-11-08,2,P001,Electronics,214.0,0,21,81,0,0,25.0,97.35
2023-11-09,2,P001,Electronics,214.0,0,25,56,0,1,23.01,94.65
2023-11-10,2,P001,Electronics,181.9,15,17,39,0,0,19.31,96.58
2023-11-11,2,P001,Electronics,214.0,0,30,122,1,1,24.33,91.23
2023-11-12,2,P001,Electronics,214.0,0,13,109,1,0,21.71,93.5
2023-11-13,2,P001,Electronics,214.0,0,16,93,0,1,31.72,93.69
2023-11-14,2,P001,Electronics,214.0,0,19,74,0,0,21.54,96.37
2023-11-15,2,P001,Electronics,203.3,5,17,57,0,0,17.45,95.2
2023-11-16,2,P001,Electronics,214.0,0,20,37,0,1,29.66,98.0
2023-11-17,2,P001,Electronics,181.9,15,33,111,0,1,32.86,96.39
2023-11-18,2,P001,Electronics,203.3,5,23,88,1,1,22.41,94.84
2023-11-19,2,P001,Electronics,203.3,5,26,62,1,1,29.84,93.93
2023-11-20,2,P001,Electronics,192.6,10,14,48,0,0,26.96,95.46
2023-11-21,2,P001,Electronics,214.0,0,15,33,0,0,25.66,94.44
2023-11-22,2,P001,Electronics,214.0,0,16,104,0,0,32.51,98.15
2023-11-23,2,P001,Electronics,214.0,0,29,75,0,1,19.75,94.42
2023-11-24,2,P001,Electronics,214.0,0,16,59,0,1,19.78,93.27
2023-11-25,2,P001,Electronics,214.0,0,25,34,1,0,20.3,90.89
2023-11-26,2,P001,Electronics,214.0,0,29,124,1,0,21.56,95.91
2023-11-27,2,P001,Electronics,214.0,0,13,111,0,0,20.6,93.11
2023-11-28,2,P001,Electronics,214.0,0,30,81,0,1,25.53,94.14
2023-11-29,2,P001,Electronics,214.0,0,15,66,0,0,24.46,95.67
2023-11-30,2,P001,Electronics,192.6,10,16,50,0,0,35.51,94.71
2023-12-01,2,P001,Electronics,214.0,0,23,27,0,1,19.95,95.48
2023-12-02,2,P001,Electronics,203.3,5,23,94,1,0,30.48,95.72
2023-12-03,2,P001,Electronics,181.9,15,17,77,1,0,35.1,94.69
2023-12-04,2,P001,Electronics,214.0,0,20,57,0,0,23.66,93.52
2023-12-05,2,P001,Electronics,203.3,5,19,38,0,0,24.3,98.75
2023-12-06,2,P001,Electronics,181.9,15,16,22,0,0,30.09,93.49
2023-12-07,2,P001,Electronics,214.0,0,24,104,0,1,17.08,95.76
2023-12-08,2,P001,Electronics,203.3,5,18,86,0,0,19.83,96.83
2023-12-09,2,P001,Electronics,181.9,15,23,63,1,0,30.5,95.33
2023-12-10,2,P001,Electronics,181.9,15,23,40,1,0,15.19,96.98
2023-12-11,2,P001,Electronics,214.0,0,14,26,0,0,23.85,92.67
2023-12-12,2,P001,Electronics,214.0,0,16,126,0,1,23.01,94.72
2023-12-13,2,P001,Electronics,181.9,15,20,106,0,0,22.57,93.48
2023-12-14,2,P001,Electronics,214.0,0,19,87,0,1,29.38,97.01
2023-12-15,2,P001,Electronics,203.3,5,19,68,0,0,25.05,89.58
2023-12-16,2,P001,Electronics,214.0,0,19,49,1,0,20.74,93.33
2023-12-17,2,P001,Electronics,214.0,0,19,30,1,0,18.88,90.34
2023-12-18,2,P001,Electronics,214.0,0,13,108,0,1,30.11,91.54
2023-12-19,2,P001,Electronics,192.6,10,24,84,0,0,24.26,98.2
2023-12-20,2,P001,Electronics,203.3,5,17,67,0,0,27.33,95.63
2023-12-21,2,P001,Electronics,203.3,5,17,50,0,0,23.15,95.92
2023-12-22,2,P001,Electronics,203.3,5,21,29,0,0,24.71,98.6
2023-12-23,2,P001,Electronics,214.0,0,21,137,1,1,12.97,94.96
2023-12-24,2,P001,Electronics,203.3,5,32,105,1,0,31.24,97.03
2023-12-25,2,P001,Electronics,214.0,0,17,88,0,1,26.04,95.47
2023-12-26,2,P001,Electronics,214.0,0,11,77,0,0,30.31,94.58
2023-12-27,2,P001,Electronics,192.6,10,16,61,0,0,24.47,98.15
2023-12-28,2,P001,Electronics,214.0,0,10,51,0,0,20.34,93.3
2023-12-29,2,P001,Electronics,192.6,10,13,38,0,1,24.74,93.96
2023-12-30,2,P001,Electronics,214.0,0,12,26,1,0,33.67,96.26
2023-12-31,2,P001,Electronics,214.0,0,12,145,1,0,21.51,95.89
2023-01-01,2,P002,Clothing,313.0,0,24,139,1,1,27.56,95.77
2023-01-02,2,P002,Clothing,313.0,0,7,132,0,0,19.85,94.71
2023-01-03,2,P002,Clothing,313.0,0,16,116,0,1,8.34,93.06
2023-01-04,2,P002,Clothing,266.05,15,33,83,0,1,27.63,96.74
2023-01-05,2,P002,Clothing,297.35,5,16,67,0,1,23.92,95.37
2023-01-06,2,P002,Clothing,297.35,5,15,52,0,0,27.8,94.94
2023-01-07,2,P002,Clothing,281.7,10,19,33,1,0,27.62,95.15
2023-01-08,2,P002,Clothing,313.0,0,18,95,1,0,24.3,97.15
2023-01-09,2,P002,Clothing,313.0,0,11,84,0,0,29.85,94.41
2023-01-10,2,P002,Clothing,297.35,5,24,60,0,1,29.95,91.79
2023-01-11,2,P002,Clothing,313.0,0,16,44,0,0,28.43,96.09
2023-01-12,2,P002,Clothing,313.0,0,8,36,0,0,28.68,95.9
2023-01-13,2,P002,Clothing,313.0,0,16,20,0,0,20.08,97.2
2023-01-14,2,P002,Clothing,297.35,5,27,85,1,1,22.83,95.25
2023-01-15,2,P002,Clothing,297.35,5,24,61,1,1,19.04,96.59
2023-01-16,2,P002,Clothing,250.4,20,21,40,0,0,30.06,94.57
2023-01-17,2,P002,Clothing,313.0,0,20,20,0,0,21.01,94.22
2023-01-18,2,P002,Clothing,250.4,20,32,120,0,1,24.27,92.45
2023-01-19,2,P002,Clothing,313.0,0,14,106,0,0,20.54,93.37
2023-01-20,2,P002,Clothing,313.0,0,17,89,0,0,22.74,96.2
2023-01-21,2,P002,Clothing,250.4,20,37,52,1,1,22.45,95.98
2023-01-22,2,P002,Clothing,297.35,5,25,27,1,1,21.01,91.84
2023-01-23,2,P002,Clothing,266.05,15,20,134,0,0,28.7,92.94
2023-01-24,2,P002,Clothing,281.7,10,19,115,0,0,23.51,93.49
2023-01-25,2,P002,Clothing,313.0,0,18,97,0,0,27.66,90.01
2023-01-26,2,P002,Clothing,297.35,5,21,76,0,0,26.06,90.55
2023-01-27,2,P002,Clothing,313.0,0,14,62,0,0,22.05,92.12
2023-01-28,2,P002,Clothing,297.35,5,21,41,1,0,20.99,96.92
2023-01-29,2,P002,Clothing,313.0,0,15,26,1,0,26.65,97.26
2023-01-30,2,P002,Clothing,297.35,5,9,123,0,0,19.24,95.0
2023-01-31,2,P002,Clothing,313.0,0,14,109,0,0,33.56,99.0
2023-02-01,2,P002,Clothing,313.0,0,11,98,0,0,36.67,98.59
2023-02-02,2,P002,Clothing,297.35,5,21,77,0,0,22.52,93.69
2023-02-03,2,P002,Clothing,297.35,5,17,60,0,1,34.57,95.21
2023-02-04,2,P002,Clothing,266.05,15,35,25,1,0,25.75,97.49
2023-02-05,2,P002,Clothing,297.35,5,14,117,1,0,17.21,94.55
2023-02-06,2,P002,Clothing,313.0,0,17,100,0,1,34.8,96.17
2023-02-07,2,P002,Clothing,297.35,5,24,76,0,0,21.33,95.68
2023-02-08,2,P002,Clothing,313.0,0,22,54,0,0,21.81,91.03
2023-02-09,2,P002,Clothing,313.0,0,15,39,0,0,23.33,96.92
2023-02-10,2,P002,Clothing,313.0,0,16,23,0,1,31.72,96.07
2023-02-11,2,P002,Clothing,313.0,0,24,110,1,0,19.18,94.47
2023-02-12,2,P002,Clothing,313.0,0,21,89,1,1,9.15,91.93
2023-02-13,2,P002,Clothing,313.0,0,13,76,0,0,18.37,94.43
2023-02-14,2,P002,Clothing,313.0,0,12,64,0,0,18.1,96.08
2023-02-15,2,P002,Clothing,313.0,0,13,51,0,0,30.56,93.18
2023-02-16,2,P002,Clothing,313.0,0,10,41,0,0,19.83,96.07
2023-02-17,2,P002,Clothing,313.0,0,21,20,0,1,28.22,94.76
2023-02-18,2,P002,Clothing,313.0,0,23,86,1,1,18.62,97.86
2023-02-19,2,P002,Clothing,313.0,0,13,73,1,0,20.45,95.43
2023-02-20,2,P002,Clothing,313.0,0,17,56,0,0,32.4,95.98
2023-02-21,2,P002,Clothing,297.35,5,21,35,0,0,23.27,93.53
2023-02-22,2,P002,Clothing,297.35,5,25,104,0,0,29.53,94.51
2023-02-23,2,P002,Clothing,281.7,10,18,86,0,1,25.4,97.86
2023-02-24,2,P002,Clothing,297.35,5,21,65,0,0,23.57,94.33
2023-02-25,2,P002,Clothing,266.05,15,32,33,1,0,25.73,97.54
2023-02-26,2,P002,Clothing,313.0,0,14,113,1,0,28.06,94.16
2023-02-27,2,P002,Clothing,297.35,5,8,105,0,0,23.23,96.14
2023-02-28,2,P002,Clothing,313.0,0,16,89,0,0,22.75,96.52
2023-03-01,2,P002,Clothing,266.05,15,17,72,0,0,18.56,95.01
2023-03-02,2,P002,Clothing,313.0,0,12,60,0,0,27.76,91.94
2023-03-03,2,P002,Clothing,313.0,0,23,37,0,1,24.6,92.72
2023-03-04,2,P002,Clothing,250.4,20,32,120,1,0,27.16,94.96
2023-03-05,2,P002,Clothing,266.05,15,26,94,1,0,31.34,96.55
2023-03-06,2,P002,Clothing,297.35,5,18,76,0,0,21.73,96.57
2023-03-07,2,P002,Clothing,313.0,0,12,64,0,0,21.11,97.43
2023-03-08,2,P002,Clothing,297.35,5,18,46,0,1,24.79,96.87
2023-03-09,2,P002,Clothing,297.35,5,23,23,0,0,32.1,96.2
2023-03-10,2,P002,Clothing,250.4,20,26,90,0,0,35.18,94.53
2023-03-11,2,P002,Clothing,297.35,5,19,71,1,0,35.08,93.09
2023-03-12,2,P002,Clothing,281.7,10,31,40,1,1,17.09,95.01
2023-03-13,2,P002,Clothing,313.0,0,13,27,0,0,26.88,93.76
2023-03-14,2,P002,Clothing,313.0,0,16,106,0,0,22.89,92.12
2023-03-15,2,P002,Clothing,266.05,15,27,79,0,0,30.83,90.23
2023-03-16,2,P002,Clothing,266.05,15,26,53,0,1,29.07,95.11
2023-03-17,2,P002,Clothing,281.7,10,14,39,0,0,20.51,95.71
2023-03-18,2,P002,Clothing,313.0,0,11,28,1,0,18.71,95.88
2023-03-19,2,P002,Clothing,281.7,10,25,89,1,0,23.05,92.87
2023-03-20,2,P002,Clothing,313.0,0,17,72,0,1,23.53,90.5
2023-03-21,2,P002,Clothing,281.7,10,16,56,0,0,26.37,97.41
2023-03-22,2,P002,Clothing,313.0,0,22,34,0,0,26.0,93.34
2023-03-23,2,P002,Clothing,266.05,15,20,102,0,0,22.88,92.8
2023-03-24,2,P002,Clothing,313.0,0,12,90,0,0,24.42,94.68
2023-03-25,2,P002,Clothing,313.0,0,14,76,1,0,22.99,98.01
2023-03-26,2,P002,Clothing,297.35,5,17,59,1,0,32.05,93.39
2023-03-27,2,P002,Clothing,313.0,0,15,44,0,0,22.16,98.09
2023-03-28,2,P002,Clothing,313.0,0,13,31,0,0,24.06,94.18
2023-03-29,2,P002,Clothing,297.35,5,22,158,0,0,27.82,95.58
2023-03-30,2,P002,Clothing,313.0,0,21,137,0,1,26.82,93.09
2023-03-31,2,P002,Clothing,281.7,10,20,117,0,0,24.69,95.86
2023-04-01,2,P002,Clothing,297.35,5,21,96,1,0,31.64,95.76
2023-04-02,2,P002,Clothing,313.0,0,15,81,1,0,25.42,97.06
2023-04-03,2,P002,Clothing,281.7,10,22,59,0,0,21.83,92.73
2023-04-04,2,P002,Clothing,313.0,0,14,45,0,0,22.37,95.01
2023-04-05,2,P002,Clothing,297.35,5,20,25,0,0,33.52,96.24
2023-04-06,2,P002,Clothing,297.35,5,17,125,0,0,23.35,94.1
2023-04-07,2,P002,Clothing,281.7,10,19,106,0,0,27.99,95.65
2023-04-08,2,P002,Clothing,313.0,0,18,88,1,1,22.17,94.54
