retail_demand_dataset.csv
date,store_id,product_id,category,price,discount,units_sold,inventory_level,holiday,promotion,temperature,fuel_price
2023-04-09,2,P002,Clothing,313.0,0,22,66,1,1,26.0,95.1
2023-04-10,2,P002,Clothing,313.0,0,10,56,0,0,23.62,95.83
2023-04-11,2,P002,Clothing,281.7,10,22,34,0,0,27.85,95.71
2023-04-12,2,P002,Clothing,313.0,0,17,164,0,0,27.98,95.69
2023-04-13,2,P002,Clothing,313.0,0,19,145,0,0,18.44,97.36
2023-04-14,2,P002,Clothing,313.0,0,21,124,0,1,14.3,92.64
2023-04-15,2,P002,Clothing,313.0,0,22,102,1,1,21.88,96.34
2023-04-16,2,P002,Clothing,297.35,5,14,88,1,0,21.41,96.01
2023-04-17,2,P002,Clothing,313.0,0,14,74,0,1,28.8,96.94
2023-04-18,2,P002,Clothing,313.0,0,12,62,0,1,30.03,91.63
2023-04-19,2,P002,Clothing,297.35,5,17,45,0,0,32.34,96.28
2023-04-20,2,P002,Clothing,313.0,0,14,31,0,1,22.02,94.24
2023-04-21,2,P002,Clothing,281.7,10,18,96,0,1,32.36,94.27
2023-04-22,2,P002,Clothing,250.4,20,29,67,1,0,23.42,94.72
2023-04-23,2,P002,Clothing,297.35,5,22,45,1,1,28.31,96.99
2023-04-24,2,P002,Clothing,266.05,15,25,20,0,0,24.48,95.37
2023-04-25,2,P002,Clothing,250.4,20,28,100,0,0,23.22,91.8
2023-04-26,2,P002,Clothing,281.7,10,23,77,0,0,21.12,93.55
2023-04-27,2,P002,Clothing,313.0,0,16,61,0,1,30.14,94.91
2023-04-28,2,P002,Clothing,313.0,0,18,43,0,0,14.18,92.57
2023-04-29,2,P002,Clothing,250.4,20,42,101,1,1,26.32,92.71
2023-04-30,2,P002,Clothing,281.7,10,26,75,1,0,17.94,97.45
2023-05-01,2,P002,Clothing,250.4,20,29,46,0,1,35.84,94.35
2023-05-02,2,P002,Clothing,297.35,5,18,28,0,0,12.33,92.87
2023-05-03,2,P002,Clothing,281.7,10,27,148,0,0,25.78,98.2
2023-05-04,2,P002,Clothing,281.7,10,17,131,0,0,24.59,91.11
2023-05-05,2,P002,Clothing,250.4,20,31,100,0,0,21.02,93.4
2023-05-06,2,P002,Clothing,313.0,0,16,84,1,0,23.2,94.24
2023-05-07,2,P002,Clothing,313.0,0,20,64,1,0,21.53,93.98
2023-05-08,2,P002,Clothing,281.7,10,16,48,0,0,30.06,96.18
2023-05-09,2,P002,Clothing,313.0,0,23,25,0,1,29.41,94.78
2023-05-10,2,P002,Clothing,281.7,10,22,112,0,0,20.07,92.58
2023-05-11,2,P002,Clothing,313.0,0,8,104,0,0,21.72,98.15
2023-05-12,2,P002,Clothing,281.7,10,19,85,0,0,16.19,91.93
2023-05-13,2,P002,Clothing,297.35,5,9,76,1,0,31.72,94.0
2023-05-14,2,P002,Clothing,266.05,15,30,46,1,1,21.95,96.28
2023-05-15,2,P002,Clothing,297.35,5,15,31,0,0,31.51,95.73
2023-05-16,2,P002,Clothing,297.35,5,26,92,0,1,23.36,93.52
2023-05-17,2,P002,Clothing,313.0,0,26,66,0,1,24.01,97.75
2023-05-18,2,P002,Clothing,297.35,5,21,45,0,0,32.92,97.97
2023-05-19,2,P002,Clothing,266.05,15,35,155,0,1,31.52,93.04
2023-05-20,2,P002,Clothing,313.0,0,31,124,1,0,22.07,92.91
2023-05-21,2,P002,Clothing,313.0,0,30,94,1,0,24.03,96.95
2023-05-22,2,P002,Clothing,266.05,15,22,72,0,0,22.1,93.13
2023-05-23,2,P002,Clothing,313.0,0,14,58,0,1,34.0,91.71
2023-05-24,2,P002,Clothing,313.0,0,7,51,0,0,21.47,94.47
2023-05-25,2,P002,Clothing,250.4,20,21,30,0,0,17.34,93.73
2023-05-26,2,P002,Clothing,281.7,10,29,131,0,1,18.0,93.83
2023-05-27,2,P002,Clothing,250.4,20,29,102,1,1,17.8,95.58
2023-05-28,2,P002,Clothing,313.0,0,19,83,1,0,14.56,95.95
2023-05-29,2,P002,Clothing,313.0,0,18,65,0,1,28.99,94.89
2023-05-30,2,P002,Clothing,266.05,15,28,37,0,1,34.99,95.32
2023-05-31,2,P002,Clothing,313.0,0,17,20,0,0,23.65,94.42
2023-06-01,2,P002,Clothing,297.35,5,18,82,0,0,25.11,90.02
2023-06-02,2,P002,Clothing,250.4,20,25,57,0,0,18.63,95.28
2023-06-03,2,P002,Clothing,313.0,0,24,33,1,1,28.26,94.19
2023-06-04,2,P002,Clothing,313.0,0,24,132,1,1,27.71,95.34
2023-06-05,2,P002,Clothing,313.0,0,15,117,0,0,22.82,94.2
2023-06-06,2,P002,Clothing,313.0,0,12,105,0,1,22.77,95.71
2023-06-07,2,P002,Clothing,250.4,20,21,84,0,0,30.86,90.79
2023-06-08,2,P002,Clothing,297.35,5,6,78,0,0,25.63,95.4
2023-06-09,2,P002,Clothing,266.05,15,17,61,0,0,22.97,95.05
2023-06-10,2,P002,Clothing,313.0,0,18,43,1,0,29.41,94.43
2023-06-11,2,P002,Clothing,266.05,15,22,21,1,1,13.67,99.35
2023-06-12,2,P002,Clothing,297.35,5,26,140,0,1,29.1,95.55
2023-06-13,2,P002,Clothing,313.0,0,17,123,0,0,22.3,94.91
2023-06-14,2,P002,Clothing,297.35,5,24,99,0,1,29.59,92.56
2023-06-15,2,P002,Clothing,313.0,0,19,80,0,0,29.48,94.63
2023-06-16,2,P002,Clothing,313.0,0,16,64,0,0,20.89,93.44
2023-06-17,2,P002,Clothing,266.05,15,27,37,1,0,26.74,99.76
2023-06-18,2,P002,Clothing,297.35,5,29,108,1,1,20.78,95.61
2023-06-19,2,P002,Clothing,297.35,5,12,96,0,0,31.33,92.93
2023-06-20,2,P002,Clothing,297.35,5,26,70,0,0,25.83,92.28
2023-06-21,2,P002,Clothing,313.0,0,9,61,0,0,30.01,95.06
2023-06-22,2,P002,Clothing,313.0,0,15,46,0,1,33.84,96.24
2023-06-23,2,P002,Clothing,313.0,0,11,35,0,0,25.38,92.7
2023-06-24,2,P002,Clothing,313.0,0,17,166,1,0,24.69,91.73
2023-06-25,2,P002,Clothing,313.0,0,25,141,1,0,18.29,91.38
2023-06-26,2,P002,Clothing,297.35,5,15,126,0,0,23.76,95.09
2023-06-27,2,P002,Clothing,313.0,0,25,101,0,1,32.06,96.79
2023-06-28,2,P002,Clothing,313.0,0,19,82,0,0,25.77,98.26
2023-06-29,2,P002,Clothing,281.7,10,16,66,0,0,31.06,96.81
2023-06-30,2,P002,Clothing,313.0,0,23,43,0,1,26.66,92.44
2023-07-01,2,P002,Clothing,297.35,5,14,29,1,0,30.96,95.88
2023-07-02,2,P002,Clothing,297.35,5,27,112,1,1,29.29,98.3
2023-07-03,2,P002,Clothing,281.7,10,28,84,0,1,24.0,95.74
2023-07-04,2,P002,Clothing,281.7,10,18,66,0,0,36.44,94.94
2023-07-05,2,P002,Clothing,281.7,10,25,41,0,0,15.09,93.25
2023-07-06,2,P002,Clothing,313.0,0,9,32,0,0,21.65,94.66
2023-07-07,2,P002,Clothing,313.0,0,16,107,0,1,32.28,98.73
2023-07-08,2,P002,Clothing,313.0,0,26,81,1,0,32.22,94.06
2023-07-09,2,P002,Clothing,313.0,0,20,61,1,1,21.4,96.6
2023-07-10,2,P002,Clothing,281.7,10,15,46,0,0,27.31,96.12
2023-07-11,2,P002,Clothing,313.0,0,8,38,0,0,23.37,95.17
2023-07-12,2,P002,Clothing,313.0,0,13,25,0,0,30.27,94.37
2023-07-13,2,P002,Clothing,313.0,0,19,125,0,0,25.81,94.53
2023-07-14,2,P002,Clothing,250.4,20,23,102,0,0,25.39,94.65
2023-07-15,2,P002,Clothing,313.0,0,19,83,1,0,20.18,96.61
2023-07-16,2,P002,Clothing,297.35,5,26,57,1,0,29.1,92.99
2023-07-17,2,P002,Clothing,313.0,0,26,31,0,1,27.47,96.14
2023-07-18,2,P002,Clothing,281.7,10,20,134,0,0,25.88,95.61
2023-07-19,2,P002,Clothing,266.05,15,26,108,0,0,25.73,96.85
2023-07-20,2,P002,Clothing,313.0,0,22,86,0,1,24.52,96.59
2023-07-21,2,P002,Clothing,281.7,10,22,64,0,1,29.21,94.33
2023-07-22,2,P002,Clothing,313.0,0,18,46,1,0,22.97,95.6
2023-07-23,2,P002,Clothing,266.05,15,23,23,1,0,16.9,94.25
2023-07-24,2,P002,Clothing,266.05,15,19,135,0,1,30.69,94.14
2023-07-25,2,P002,Clothing,313.0,0,9,126,0,0,31.0,95.95
2023-07-26,2,P002,Clothing,266.05,15,19,107,0,0,23.91,96.59
2023-07-27,2,P002,Clothing,266.05,15,27,80,0,0,27.61,95.47
2023-07-28,2,P002,Clothing,281.7,10,20,60,0,0,26.36,92.57
2023-07-29,2,P002,Clothing,313.0,0,33,27,1,0,23.46,93.05
2023-07-30,2,P002,Clothing,313.0,0,15,133,1,0,25.1,97.06
2023-07-31,2,P002,Clothing,297.35,5,14,119,0,0,25.15,89.64
2023-08-01,2,P002,Clothing,266.05,15,28,91,0,0,32.84,94.2
2023-08-02,2,P002,Clothing,297.35,5,19,72,0,0,24.9,96.86
2023-08-03,2,P002,Clothing,313.0,0,23,49,0,0,26.01,93.61
2023-08-04,2,P002,Clothing,313.0,0,17,32,0,0,27.09,94.94
2023-08-05,2,P002,Clothing,313.0,0,17,121,1,0,23.5,93.65
2023-08-06,2,P002,Clothing,281.7,10,18,103,1,0,25.1,95.14
2023-08-07,2,P002,Clothing,281.7,10,18,85,0,0,28.58,93.76
2023-08-08,2,P002,Clothing,297.35,5,15,70,0,0,24.11,94.81
2023-08-09,2,P002,Clothing,313.0,0,13,57,0,0,23.92,97.77
2023-08-10,2,P002,Clothing,313.0,0,18,39,0,0,31.68,94.64
2023-08-11,2,P002,Clothing,313.0,0,14,25,0,0,19.0,97.61
2023-08-12,2,P002,Clothing,313.0,0,21,136,1,0,21.8,97.11
2023-08-13,2,P002,Clothing,266.05,15,37,99,1,1,32.17,97.81
2023-08-14,2,P002,Clothing,281.7,10,27,72,0,0,31.03,94.55
2023-08-15,2,P002,Clothing,313.0,0,18,54,0,0,23.45,91.39
2023-08-16,2,P002,Clothing,266.05,15,24,30,0,0,34.36,94.9
2023-08-17,2,P002,Clothing,266.05,15,18,148,0,0,24.97,93.7
2023-08-18,2,P002,Clothing,297.35,5,24,124,0,1,36.59,94.53
2023-08-19,2,P002,Clothing,313.0,0,22,102,1,1,34.23,93.04
2023-08-20,2,P002,Clothing,297.35,5,21,81,1,0,31.43,94.74
2023-08-21,2,P002,Clothing,313.0,0,15,66,0,0,30.6,90.78
2023-08-22,2,P002,Clothing,297.35,5,6,60,0,0,28.08,93.5
2023-08-23,2,P002,Clothing,281.7,10,14,46,0,0,16.0,93.27
2023-08-24,2,P002,Clothing,313.0,0,13,33,0,0,29.09,95.54
2023-08-25,2,P002,Clothing,313.0,0,15,138,0,0,28.64,96.69
2023-08-26,2,P002,Clothing,313.0,0,21,117,1,0,33.37,97.74
2023-08-27,2,P002,Clothing,297.35,5,23,94,1,0,19.36,97.3
2023-08-28,2,P002,Clothing,266.05,15,21,73,0,0,29.04,93.12
2023-08-29,2,P002,Clothing,313.0,0,7,66,0,0,28.78,97.04
2023-08-30,2,P002,Clothing,313.0,0,16,50,0,0,24.57,94.99
2023-08-31,2,P002,Clothing,313.0,0,8,42,0,0,31.44,95.61
2023-09-01,2,P002,Clothing,281.7,10,19,23,0,0,21.32,93.96
2023-09-02,2,P002,Clothing,313.0,0,22,131,1,0,16.98,97.43
2023-09-03,2,P002,Clothing,313.0,0,22,109,1,1,29.64,94.68
2023-09-04,2,P002,Clothing,250.4,20,27,82,0,0,29.41,96.17
2023-09-05,2,P002,Clothing,313.0,0,12,70,0,0,19.67,96.0
2023-09-06,2,P002,Clothing,313.0,0,5,65,0,0,23.51,94.26
2023-09-07,2,P002,Clothing,313.0,0,14,51,0,0,27.52,92.57
2023-09-08,2,P002,Clothing,313.0,0,15,36,0,0,21.3,95.34
2023-09-09,2,P002,Clothing,313.0,0,14,22,1,0,23.85,91.2
2023-09-10,2,P002,Clothing,281.7,10,25,142,1,0,18.32,97.46
2023-09-11,2,P002,Clothing,313.0,0,13,129,0,0,13.91,92.42
2023-09-12,2,P002,Clothing,281.7,10,21,108,0,0,21.3,97.14
2023-09-13,2,P002,Clothing,266.05,15,16,92,0,0,22.6,92.38
2023-09-14,2,P002,Clothing,313.0,0,23,69,0,1,25.37,95.95
2023-09-15,2,P002,Clothing,266.05,15,22,47,0,0,27.16,90.34
2023-09-16,2,P002,Clothing,313.0,0,22,25,1,1,24.65,95.48
2023-09-17,2,P002,Clothing,281.7,10,19,131,1,0,14.16,94.5
2023-09-18,2,P002,Clothing,266.05,15,23,108,0,0,17.29,93.94
2023-09-19,2,P002,Clothing,313.0,0,6,102,0,0,24.5,96.95
2023-09-20,2,P002,Clothing,297.35,5,10,92,0,0,36.19,92.17
2023-09-21,2,P002,Clothing,313.0,0,18,74,0,0,24.39,96.3
2023-09-22,2,P002,Clothing,281.7,10,13,61,0,0,23.01,96.3
2023-09-23,2,P002,Clothing,313.0,0,25,36,1,1,24.87,96.74
2023-09-24,2,P002,Clothing,313.0,0,21,144,1,1,21.79,92.92
2023-09-25,2,P002,Clothing,266.05,15,27,117,0,1,17.52,96.0
2023-09-26,2,P002,Clothing,313.0,0,14,103,0,0,24.28,93.45
2023-09-27,2,P002,Clothing,297.35,5,16,87,0,0,25.62,97.88
2023-09-28,2,P002,Clothing,313.0,0,11,76,0,0,26.85,93.86
2023-09-29,2,P002,Clothing,281.7,10,18,58,0,0,28.09,95.95
2023-09-30,2,P002,Clothing,313.0,0,19,39,1,0,11.57,96.68
2023-10-01,2,P002,Clothing,281.7,10,30,138,1,1,25.42,95.11
2023-10-02,2,P002,Clothing,297.35,5,22,116,0,1,23.32,95.92
2023-10-03,2,P002,Clothing,313.0,0,17,99,0,1,30.33,94.96
2023-10-04,2,P002,Clothing,281.7,10,21,78,0,0,18.97,95.37
2023-10-05,2,P002,Clothing,297.35,5,18,60,0,0,25.18,94.65
2023-10-06,2,P002,Clothing,313.0,0,16,44,0,1,26.98,93.52
2023-10-07,2,P002,Clothing,313.0,0,24,20,1,1,21.18,95.38
2023-10-08,2,P002,Clothing,266.05,15,23,108,1,0,30.79,95.11
2023-10-09,2,P002,Clothing,250.4,20,32,76,0,0,18.01,97.94
2023-10-10,2,P002,Clothing,313.0,0,14,62,0,1,26.82,91.37
2023-10-11,2,P002,Clothing,313.0,0,13,49,0,0,30.02,92.91
2023-10-12,2,P002,Clothing,313.0,0,13,36,0,0,20.25,94.5
2023-10-13,2,P002,Clothing,313.0,0,13,23,0,0,24.25,93.47
2023-10-14,2,P002,Clothing,297.35,5,20,116,1,0,27.59,93.18
2023-10-15,2,P002,Clothing,313.0,0,18,98,1,0,24.37,93.18
2023-10-16,2,P002,Clothing,281.7,10,21,77,0,0,20.25,91.1
2023-10-17,2,P002,Clothing,297.35,5,10,67,0,0,25.51,94.75
2023-10-18,2,P002,Clothing,313.0,0,14,53,0,0,27.54,93.73
2023-10-19,2,P002,Clothing,313.0,0,17,36,0,1,27.49,95.88
2023-10-20,2,P002,Clothing,281.7,10,17,100,0,0,19.02,96.19
2023-10-21,2,P002,Clothing,297.35,5,27,73,1,0,17.41,94.29
2023-10-22,2,P002,Clothing,313.0,0,23,50,1,0,30.71,97.7
2023-10-23,2,P002,Clothing,266.05,15,31,131,0,1,41.99,96.05
2023-10-24,2,P002,Clothing,297.35,5,18,113,0,0,35.74,91.25
2023-10-25,2,P002,Clothing,297.35,5,20,93,0,1,31.25,95.03
2023-10-26,2,P002,Clothing,313.0,0,16,77,0,0,26.8,95.04
2023-10-27,2,P002,Clothing,281.7,10,22,55,0,1,22.44,94.42
2023-10-28,2,P002,Clothing,313.0,0,18,37,1,0,18.79,96.02
2023-10-29,2,P002,Clothing,313.0,0,16,21,1,0,25.74,96.51
2023-10-30,2,P002,Clothing,281.7,10,16,92,0,0,18.38,92.9
2023-10-31,2,P002,Clothing,313.0,0,17,75,0,0,27.56,94.09
2023-11-01,2,P002,Clothing,266.05,15,22,53,0,0,23.78,91.71
2023-11-02,2,P002,Clothing,266.05,15,22,31,0,0,22.73,94.71
2023-11-03,2,P002,Clothing,281.7,10,22,139,0,0,28.46,94.55
2023-11-04,2,P002,Clothing,250.4,20,34,105,1,1,20.93,95.62
2023-11-05,2,P002,Clothing,313.0,0,20,85,1,0,17.19,98.5
2023-11-06,2,P002,Clothing,266.05,15,38,47,0,1,22.6,99.53
2023-11-07,2,P002,Clothing,250.4,20,23,24,0,0,22.42,94.91
2023-11-08,2,P002,Clothing,250.4,20,31,91,0,1,27.4,92.26
2023-11-09,2,P002,Clothing,313.0,0,20,71,0,0,27.13,94.55
2023-11-10,2,P002,Clothing,313.0,0,13,58,0,0,32.53,96.75
2023-11-11,2,P002,Clothing,313.0,0,24,34,1,1,20.87,94.25
2023-11-12,2,P002,Clothing,250.4,20,26,89,1,1,27.53,97.01
2023-11-13,2,P002,Clothing,313.0,0,14,75,0,0,26.82,95.49
2023-11-14,2,P002,Clothing,281.7,10,24,51,0,0,26.15,97.42
2023-11-15,2,P002,Clothing,266.05,15,17,34,0,0,31.17,96.97
2023-11-16,2,P002,Clothing,266.05,15,17,98,0,0,27.74,92.41
2023-11-17,2,P002,Clothing,281.7,10,23,75,0,1,25.27,94.58
2023-11-18,2,P002,Clothing,313.0,0,17,58,1,0,26.77,93.39
2023-11-19,2,P002,Clothing,281.7,10,21,37,1,1,25.96,94.2
2023-11-20,2,P002,Clothing,281.7,10,28,105,0,0,24.13,98.2
2023-11-21,2,P002,Clothing,313.0,0,19,86,0,0,26.11,94.66
2023-11-22,2,P002,Clothing,313.0,0,16,70,0,0,26.21,95.4
2023-11-23,2,P002,Clothing,297.35,5,13,57,0,0,20.22,98.06
2023-11-24,2,P002,Clothing,281.7,10,22,35,0,1,16.34,96.82
2023-11-25,2,P002,Clothing,313.0,0,21,150,1,1,26.44,96.57
2023-11-26,2,P002,Clothing,297.35,5,22,128,1,1,17.39,98.26
2023-11-27,2,P002,Clothing,250.4,20,39,89,0,1,24.44,94.63
2023-11-28,2,P002,Clothing,297.35,5,12,77,0,0,20.08,99.24
2023-11-29,2,P002,Clothing,266.05,15,25,52,0,0,26.94,92.93
2023-11-30,2,P002,Clothing,281.7,10,28,24,0,1,23.69,98.5
2023-12-01,2,P002,Clothing,313.0,0,8,130,0,0,19.12,94.46
2023-12-02,2,P002,Clothing,281.7,10,13,117,1,0,31.33,95.57
2023-12-03,2,P002,Clothing,297.35,5,21,96,1,0,26.79,94.56
2023-12-04,2,P002,Clothing,297.35,5,17,79,0,0,27.63,93.63
2023-12-05,2,P002,Clothing,281.7,10,24,55,0,0,22.01,98.32
2023-12-06,2,P002,Clothing,281.7,10,31,24,0,1,24.38,98.67
2023-12-07,2,P002,Clothing,266.05,15,19,149,0,0,22.18,95.22
2023-12-08,2,P002,Clothing,313.0,0,16,133,0,1,20.17,97.58
2023-12-09,2,P002,Clothing,313.0,0,18,115,1,1,15.36,93.48
2023-12-10,2,P002,Clothing,313.0,0,20,95,1,1,16.76,95.81
2023-12-11,2,P002,Clothing,313.0,0,15,80,0,0,30.12,96.6
2023-12-12,2,P002,Clothing,297.35,5,10,70,0,0,30.15,98.19
2023-12-13,2,P002,Clothing,281.7,10,23,47,0,0,27.17,96.06
2023-12-14,2,P002,Clothing,313.0,0,16,31,0,0,27.24,97.85
2023-12-15,2,P002,Clothing,313.0,0,18,146,0,0,22.54,98.87
2023-12-16,2,P002,Clothing,313.0,0,25,121,1,0,22.79,96.53
2023-12-17,2,P002,Clothing,281.7,10,18,103,1,0,26.8,95.52
2023-12-18,2,P002,Clothing,297.35,5,19,84,0,1,24.54,94.06
2023-12-19,2,P002,Clothing,281.7,10,23,61,0,0,32.15,96.59
2023-12-20,2,P002,Clothing,281.7,10,17,44,0,0,31.59,96.19
2023-12-21,2,P002,Clothing,297.35,5,10,34,0,0,24.03,94.15
2023-12-22,2,P002,Clothing,281.7,10,20,156,0,0,29.1,94.51
2023-12-23,2,P002,Clothing,313.0,0,17,139,1,0,24.55,93.71
2023-12-24,2,P002,Clothing,313.0,0,15,124,1,0,25.32,99.34
2023-12-25,2,P002,Clothing,313.0,0,14,110,0,0,19.07,94.56
2023-12-26,2,P002,Clothing,297.35,5,11,99,0,0,21.49,99.39
2023-12-27,2,P002,Clothing,266.05,15,25,74,0,0,17.38,96.74
2023-12-28,2,P002,Clothing,313.0,0,25,49,0,1,31.27,94.09
2023-12-29,2,P002,Clothing,281.7,10,16,33,0,0,29.7,95.95
2023-12-30,2,P002,Clothing,313.0,0,15,157,1,0,33.29,96.22
2023-12-31,2,P002,Clothing,313.0,0,15,142,1,0,20.71,95.27
2023-01-01,2,P003,Groceries,382.0,0,27,134,1,1,27.62,99.22
2023-01-02,2,P003,Groceries,382.0,0,21,113,0,0,28.87,93.6
2023-01-03,2,P003,Groceries,362.9,5,18,95,0,0,22.28,94.98
2023-01-04,2,P003,Groceries,324.7,15,33,62,0,0,14.51,94.6
2023-01-05,2,P003,Groceries,382.0,0,17,45,0,1,27.63,94.61
2023-01-06,2,P003,Groceries,362.9,5,21,24,0,0,37.7,96.39
2023-01-07,2,P003,Groceries,382.0,0,22,99,1,1,28.88,95.01
2023-01-08,2,P003,Groceries,382.0,0,25,74,1,1,23.0,92.3
2023-01-09,2,P003,Groceries,382.0,0,22,52,0,0,25.24,99.64
2023-01-10,2,P003,Groceries,362.9,5,10,42,0,0,35.75,93.71
2023-01-11,2,P003,Groceries,382.0,0,8,34,0,0,22.99,95.11
2023-01-12,2,P003,Groceries,382.0,0,20,103,0,0,24.76,98.8
2023-01-13,2,P003,Groceries,343.8,10,25,78,0,1,31.49,99.33
2023-01-14,2,P003,Groceries,343.8,10,20,58,1,0,24.27,95.04
2023-01-15,2,P003,Groceries,343.8,10,12,46,1,0,28.03,94.13
2023-01-16,2,P003,Groceries,362.9,5,22,24,0,0,34.51,97.02
2023-01-17,2,P003,Groceries,382.0,0,18,151,0,0,23.3,94.55
2023-01-18,2,P003,Groceries,382.0,0,14,137,0,1,20.83,95.52
2023-01-19,2,P003,Groceries,382.0,0,12,125,0,0,16.97,95.45
2023-01-20,2,P003,Groceries,382.0,0,13,112,0,0,25.02,96.57
2023-01-21,2,P003,Groceries,362.9,5,19,93,1,0,32.7,97.58
2023-01-22,2,P003,Groceries,362.9,5,37,56,1,1,19.51,97.22
2023-01-23,2,P003,Groceries,362.9,5,20,36,0,1,29.41,93.66
2023-01-24,2,P003,Groceries,362.9,5,16,20,0,0,24.55,91.65
2023-01-25,2,P003,Groceries,362.9,5,11,146,0,0,25.97,91.24
2023-01-26,2,P003,Groceries,343.8,10,22,124,0,0,25.67,96.9
2023-01-27,2,P003,Groceries,324.7,15,21,103,0,0,38.03,91.64
2023-01-28,2,P003,Groceries,382.0,0,15,88,1,0,33.35,94.26
2023-01-29,2,P003,Groceries,305.6,20,32,56,1,0,24.19,94.34
2023-01-30,2,P003,Groceries,382.0,0,27,29,0,1,33.12,97.89
2023-01-31,2,P003,Groceries,362.9,5,14,111,0,0,19.28,95.37
2023-02-01,2,P003,Groceries,382.0,0,11,100,0,0,29.06,95.69
2023-02-02,2,P003,Groceries,382.0,0,13,87,0,0,20.3,93.17
2023-02-03,2,P003,Groceries,382.0,0,19,68,0,1,28.55,95.11
2023-02-04,2,P003,Groceries,382.0,0,8,60,1,0,21.1,95.64
2023-02-05,2,P003,Groceries,362.9,5,26,34,1,1,23.12,93.98
2023-02-06,2,P003,Groceries,362.9,5,21,137,0,1,17.55,94.24
2023-02-07,2,P003,Groceries,343.8,10,25,112,0,1,24.79,97.46
2023-02-08,2,P003,Groceries,362.9,5,13,99,0,0,30.86,94.02
2023-02-09,2,P003,Groceries,362.9,5,21,78,0,1,20.71,94.32
2023-02-10,2,P003,Groceries,343.8,10,19,59,0,1,21.08,95.73
2023-02-11,2,P003,Groceries,382.0,0,18,41,1,1,20.73,98.17
