retail_demand_dataset.csv
date,store_id,product_id,category,price,discount,units_sold,inventory_level,holiday,promotion,temperature,fuel_price
2023-02-12,2,P003,Groceries,343.8,10,34,153,1,0,25.14,93.14
2023-02-13,2,P003,Groceries,362.9,5,12,141,0,0,32.11,93.69
2023-02-14,2,P003,Groceries,343.8,10,23,118,0,0,27.52,95.14
2023-02-15,2,P003,Groceries,382.0,0,18,100,0,1,26.42,96.45
2023-02-16,2,P003,Groceries,362.9,5,22,78,0,1,29.66,93.51
2023-02-17,2,P003,Groceries,362.9,5,13,65,0,0,34.95,97.06
2023-02-18,2,P003,Groceries,382.0,0,17,48,1,0,23.29,95.02
2023-02-19,2,P003,Groceries,382.0,0,24,24,1,1,23.38,96.39
2023-02-20,2,P003,Groceries,382.0,0,9,101,0,0,18.89,97.87
2023-02-21,2,P003,Groceries,382.0,0,17,84,0,0,22.33,92.93
2023-02-22,2,P003,Groceries,382.0,0,9,75,0,0,34.97,93.95
2023-02-23,2,P003,Groceries,362.9,5,18,57,0,0,31.09,94.15
2023-02-24,2,P003,Groceries,382.0,0,19,38,0,0,20.25,92.8
2023-02-25,2,P003,Groceries,305.6,20,30,125,1,1,22.36,95.06
2023-02-26,2,P003,Groceries,382.0,0,17,108,1,0,32.06,94.11
2023-02-27,2,P003,Groceries,343.8,10,18,90,0,0,21.95,93.79
2023-02-28,2,P003,Groceries,382.0,0,8,82,0,0,23.21,95.18
2023-03-01,2,P003,Groceries,382.0,0,22,60,0,1,20.8,93.63
2023-03-02,2,P003,Groceries,382.0,0,6,54,0,0,16.95,99.7
2023-03-03,2,P003,Groceries,343.8,10,30,24,0,1,34.74,91.96
2023-03-04,2,P003,Groceries,343.8,10,16,132,1,0,31.1,92.3
2023-03-05,2,P003,Groceries,382.0,0,35,97,1,1,23.36,95.19
2023-03-06,2,P003,Groceries,382.0,0,14,83,0,0,21.96,95.7
2023-03-07,2,P003,Groceries,343.8,10,30,53,0,0,26.16,95.07
2023-03-08,2,P003,Groceries,382.0,0,8,45,0,0,22.12,97.64
2023-03-09,2,P003,Groceries,343.8,10,19,26,0,0,28.71,94.88
2023-03-10,2,P003,Groceries,343.8,10,22,145,0,0,13.7,96.22
2023-03-11,2,P003,Groceries,382.0,0,20,125,1,1,30.94,92.91
2023-03-12,2,P003,Groceries,324.7,15,23,102,1,1,28.44,96.84
2023-03-13,2,P003,Groceries,362.9,5,24,78,0,1,27.47,91.2
2023-03-14,2,P003,Groceries,382.0,0,13,65,0,0,24.72,95.68
2023-03-15,2,P003,Groceries,362.9,5,19,46,0,0,25.16,95.67
2023-03-16,2,P003,Groceries,382.0,0,18,28,0,0,18.84,93.41
2023-03-17,2,P003,Groceries,382.0,0,17,95,0,0,19.45,94.43
2023-03-18,2,P003,Groceries,305.6,20,40,55,1,1,29.37,92.94
2023-03-19,2,P003,Groceries,382.0,0,10,45,1,0,25.99,93.93
2023-03-20,2,P003,Groceries,324.7,15,22,23,0,1,30.9,96.69
2023-03-21,2,P003,Groceries,324.7,15,29,113,0,0,27.97,95.12
2023-03-22,2,P003,Groceries,362.9,5,16,97,0,0,23.88,99.47
2023-03-23,2,P003,Groceries,382.0,0,18,79,0,0,22.99,92.38
2023-03-24,2,P003,Groceries,382.0,0,25,54,0,1,25.9,95.99
2023-03-25,2,P003,Groceries,343.8,10,14,40,1,0,24.67,94.36
2023-03-26,2,P003,Groceries,382.0,0,19,21,1,0,30.89,98.92
2023-03-27,2,P003,Groceries,382.0,0,17,108,0,1,23.75,93.09
2023-03-28,2,P003,Groceries,382.0,0,14,94,0,0,29.26,95.02
2023-03-29,2,P003,Groceries,382.0,0,18,76,0,1,24.68,97.02
2023-03-30,2,P003,Groceries,324.7,15,19,57,0,0,31.97,95.33
2023-03-31,2,P003,Groceries,362.9,5,25,32,0,0,27.37,94.22
2023-04-01,2,P003,Groceries,382.0,0,17,101,1,0,26.42,95.73
2023-04-02,2,P003,Groceries,382.0,0,24,77,1,0,18.96,93.89
2023-04-03,2,P003,Groceries,382.0,0,23,54,0,1,25.05,94.0
2023-04-04,2,P003,Groceries,382.0,0,27,27,0,1,23.81,97.09
2023-04-05,2,P003,Groceries,382.0,0,13,108,0,0,27.46,93.29
2023-04-06,2,P003,Groceries,343.8,10,22,86,0,1,19.05,92.66
2023-04-07,2,P003,Groceries,362.9,5,16,70,0,0,25.61,95.68
2023-04-08,2,P003,Groceries,382.0,0,25,45,1,1,19.22,96.02
2023-04-09,2,P003,Groceries,382.0,0,18,27,1,1,22.77,94.45
2023-04-10,2,P003,Groceries,362.9,5,16,100,0,0,23.67,98.64
2023-04-11,2,P003,Groceries,362.9,5,20,80,0,1,30.26,94.49
2023-04-12,2,P003,Groceries,382.0,0,14,66,0,0,26.56,92.29
2023-04-13,2,P003,Groceries,382.0,0,16,50,0,0,26.36,91.57
2023-04-14,2,P003,Groceries,305.6,20,32,123,0,1,23.01,94.22
2023-04-15,2,P003,Groceries,382.0,0,23,100,1,1,31.83,94.28
2023-04-16,2,P003,Groceries,382.0,0,20,80,1,0,22.12,95.99
2023-04-17,2,P003,Groceries,382.0,0,18,62,0,1,28.77,94.49
2023-04-18,2,P003,Groceries,382.0,0,15,47,0,0,19.83,93.13
2023-04-19,2,P003,Groceries,382.0,0,17,30,0,1,24.29,97.49
2023-04-20,2,P003,Groceries,382.0,0,17,127,0,0,28.18,91.02
2023-04-21,2,P003,Groceries,362.9,5,23,104,0,0,28.07,93.61
2023-04-22,2,P003,Groceries,324.7,15,29,75,1,0,24.63,97.27
2023-04-23,2,P003,Groceries,382.0,0,13,62,1,0,30.06,94.32
2023-04-24,2,P003,Groceries,343.8,10,24,38,0,1,22.74,94.43
2023-04-25,2,P003,Groceries,362.9,5,6,32,0,0,31.35,96.11
2023-04-26,2,P003,Groceries,305.6,20,29,86,0,1,22.51,92.72
2023-04-27,2,P003,Groceries,382.0,0,15,71,0,1,35.61,96.06
2023-04-28,2,P003,Groceries,362.9,5,27,44,0,1,32.15,96.3
2023-04-29,2,P003,Groceries,324.7,15,25,101,1,0,26.05,97.31
2023-04-30,2,P003,Groceries,362.9,5,26,75,1,1,28.59,96.19
2023-05-01,2,P003,Groceries,382.0,0,13,62,0,0,24.84,93.37
2023-05-02,2,P003,Groceries,382.0,0,5,57,0,0,24.05,96.63
2023-05-03,2,P003,Groceries,343.8,10,14,43,0,0,20.27,93.8
2023-05-04,2,P003,Groceries,362.9,5,27,136,0,1,20.26,90.78
2023-05-05,2,P003,Groceries,382.0,0,13,123,0,1,37.78,92.76
2023-05-06,2,P003,Groceries,382.0,0,24,99,1,0,27.71,96.16
2023-05-07,2,P003,Groceries,382.0,0,20,79,1,1,25.83,96.56
2023-05-08,2,P003,Groceries,382.0,0,7,72,0,0,32.46,90.29
2023-05-09,2,P003,Groceries,362.9,5,12,60,0,0,27.39,95.7
2023-05-10,2,P003,Groceries,362.9,5,27,33,0,0,24.62,97.79
2023-05-11,2,P003,Groceries,382.0,0,13,20,0,0,20.55,93.42
2023-05-12,2,P003,Groceries,343.8,10,29,96,0,1,34.43,98.01
2023-05-13,2,P003,Groceries,362.9,5,19,77,1,1,22.87,92.77
2023-05-14,2,P003,Groceries,382.0,0,14,63,1,0,20.16,99.25
2023-05-15,2,P003,Groceries,382.0,0,14,49,0,0,17.2,95.72
2023-05-16,2,P003,Groceries,382.0,0,16,33,0,0,21.75,95.69
2023-05-17,2,P003,Groceries,305.6,20,29,110,0,1,28.16,94.98
2023-05-18,2,P003,Groceries,362.9,5,12,98,0,0,28.19,95.5
2023-05-19,2,P003,Groceries,382.0,0,19,79,0,0,30.47,97.61
2023-05-20,2,P003,Groceries,382.0,0,18,61,1,0,24.71,95.31
2023-05-21,2,P003,Groceries,382.0,0,25,36,1,1,22.8,93.88
2023-05-22,2,P003,Groceries,382.0,0,17,104,0,1,18.42,95.35
2023-05-23,2,P003,Groceries,362.9,5,20,84,0,1,34.75,94.2
2023-05-24,2,P003,Groceries,305.6,20,23,61,0,0,28.39,93.63
2023-05-25,2,P003,Groceries,343.8,10,22,39,0,0,29.64,95.13
2023-05-26,2,P003,Groceries,305.6,20,16,23,0,0,19.09,91.94
2023-05-27,2,P003,Groceries,343.8,10,26,98,1,1,22.98,91.68
2023-05-28,2,P003,Groceries,305.6,20,18,80,1,0,21.91,91.91
2023-05-29,2,P003,Groceries,382.0,0,14,66,0,1,13.42,96.18
2023-05-30,2,P003,Groceries,382.0,0,11,55,0,0,33.66,94.78
2023-05-31,2,P003,Groceries,324.7,15,22,33,0,0,29.8,95.99
2023-06-01,2,P003,Groceries,343.8,10,24,109,0,0,26.41,95.82
2023-06-02,2,P003,Groceries,324.7,15,22,87,0,0,22.93,94.69
2023-06-03,2,P003,Groceries,362.9,5,17,70,1,0,28.39,96.81
2023-06-04,2,P003,Groceries,343.8,10,23,47,1,0,28.31,94.92
2023-06-05,2,P003,Groceries,324.7,15,28,128,0,1,19.47,90.55
2023-06-06,2,P003,Groceries,362.9,5,20,108,0,0,22.9,98.2
2023-06-07,2,P003,Groceries,382.0,0,6,102,0,0,22.4,95.25
2023-06-08,2,P003,Groceries,382.0,0,10,92,0,0,19.05,97.29
2023-06-09,2,P003,Groceries,382.0,0,9,83,0,0,9.01,94.73
2023-06-10,2,P003,Groceries,343.8,10,18,65,1,0,21.46,93.03
2023-06-11,2,P003,Groceries,324.7,15,30,35,1,1,18.21,90.74
2023-06-12,2,P003,Groceries,382.0,0,15,20,0,0,32.62,95.61
2023-06-13,2,P003,Groceries,382.0,0,14,140,0,0,31.49,97.13
2023-06-14,2,P003,Groceries,343.8,10,18,122,0,0,29.21,97.09
2023-06-15,2,P003,Groceries,343.8,10,27,95,0,1,28.42,96.21
2023-06-16,2,P003,Groceries,382.0,0,16,79,0,0,29.92,93.69
2023-06-17,2,P003,Groceries,362.9,5,26,53,1,1,26.8,96.87
2023-06-18,2,P003,Groceries,362.9,5,14,39,1,0,23.14,93.62
2023-06-19,2,P003,Groceries,382.0,0,24,149,0,1,30.39,98.89
2023-06-20,2,P003,Groceries,324.7,15,23,126,0,0,26.13,94.13
2023-06-21,2,P003,Groceries,382.0,0,16,110,0,1,33.75,95.26
2023-06-22,2,P003,Groceries,382.0,0,24,86,0,1,24.35,94.87
2023-06-23,2,P003,Groceries,382.0,0,34,52,0,1,31.48,95.41
2023-06-24,2,P003,Groceries,382.0,0,25,27,1,0,28.71,96.0
2023-06-25,2,P003,Groceries,382.0,0,15,100,1,0,14.46,95.82
2023-06-26,2,P003,Groceries,382.0,0,8,92,0,0,18.85,93.21
2023-06-27,2,P003,Groceries,382.0,0,21,71,0,0,24.83,94.78
2023-06-28,2,P003,Groceries,362.9,5,16,55,0,1,24.84,94.68
2023-06-29,2,P003,Groceries,362.9,5,14,41,0,0,29.17,93.0
2023-06-30,2,P003,Groceries,382.0,0,23,146,0,1,33.53,95.5
2023-07-01,2,P003,Groceries,362.9,5,25,121,1,0,20.99,97.6
2023-07-02,2,P003,Groceries,362.9,5,15,106,1,0,27.97,92.48
2023-07-03,2,P003,Groceries,382.0,0,17,89,0,0,24.89,95.1
2023-07-04,2,P003,Groceries,382.0,0,21,68,0,1,29.7,93.87
2023-07-05,2,P003,Groceries,382.0,0,19,49,0,0,18.51,97.35
2023-07-06,2,P003,Groceries,382.0,0,16,33,0,0,23.33,92.45
2023-07-07,2,P003,Groceries,382.0,0,17,124,0,0,22.52,97.3
2023-07-08,2,P003,Groceries,362.9,5,21,103,1,0,17.2,94.39
2023-07-09,2,P003,Groceries,324.7,15,27,76,1,0,16.45,96.05
2023-07-10,2,P003,Groceries,324.7,15,15,61,0,0,25.95,98.83
2023-07-11,2,P003,Groceries,382.0,0,21,40,0,1,30.79,97.84
2023-07-12,2,P003,Groceries,382.0,0,19,21,0,1,20.23,95.87
2023-07-13,2,P003,Groceries,343.8,10,18,147,0,1,21.19,93.06
2023-07-14,2,P003,Groceries,362.9,5,20,127,0,1,16.79,94.16
2023-07-15,2,P003,Groceries,382.0,0,25,102,1,1,24.39,90.49
2023-07-16,2,P003,Groceries,324.7,15,31,71,1,0,21.57,98.26
2023-07-17,2,P003,Groceries,324.7,15,25,46,0,0,31.57,93.96
2023-07-18,2,P003,Groceries,324.7,15,24,22,0,1,26.66,96.15
2023-07-19,2,P003,Groceries,324.7,15,25,114,0,0,37.23,93.08
2023-07-20,2,P003,Groceries,362.9,5,20,94,0,0,28.28,93.84
2023-07-21,2,P003,Groceries,324.7,15,17,77,0,0,29.48,96.41
2023-07-22,2,P003,Groceries,382.0,0,12,65,1,0,22.62,95.87
2023-07-23,2,P003,Groceries,382.0,0,19,46,1,0,27.57,96.89
2023-07-24,2,P003,Groceries,382.0,0,21,25,0,1,17.31,95.56
2023-07-25,2,P003,Groceries,343.8,10,20,129,0,0,30.64,94.77
2023-07-26,2,P003,Groceries,382.0,0,13,116,0,1,23.16,95.35
2023-07-27,2,P003,Groceries,362.9,5,10,106,0,0,33.21,97.88
2023-07-28,2,P003,Groceries,382.0,0,16,90,0,0,30.09,97.59
2023-07-29,2,P003,Groceries,382.0,0,14,76,1,0,28.04,96.74
2023-07-30,2,P003,Groceries,343.8,10,24,52,1,0,26.64,94.82
2023-07-31,2,P003,Groceries,382.0,0,18,34,0,0,22.69,95.93
2023-08-01,2,P003,Groceries,382.0,0,26,153,0,1,28.63,94.9
2023-08-02,2,P003,Groceries,343.8,10,23,130,0,0,26.67,97.48
2023-08-03,2,P003,Groceries,382.0,0,14,116,0,0,32.49,97.3
2023-08-04,2,P003,Groceries,305.6,20,21,95,0,0,23.25,92.63
2023-08-05,2,P003,Groceries,382.0,0,17,78,1,0,25.55,94.14
2023-08-06,2,P003,Groceries,362.9,5,28,50,1,1,25.96,95.33
2023-08-07,2,P003,Groceries,362.9,5,21,29,0,0,26.48,96.55
2023-08-08,2,P003,Groceries,343.8,10,20,104,0,0,22.82,90.76
2023-08-09,2,P003,Groceries,382.0,0,19,85,0,0,27.19,94.87
2023-08-10,2,P003,Groceries,382.0,0,15,70,0,0,25.07,96.3
2023-08-11,2,P003,Groceries,382.0,0,13,57,0,0,22.44,95.43
2023-08-12,2,P003,Groceries,382.0,0,20,37,1,1,20.62,97.91
2023-08-13,2,P003,Groceries,382.0,0,19,133,1,1,32.11,94.08
2023-08-14,2,P003,Groceries,362.9,5,9,124,0,0,23.29,94.19
2023-08-15,2,P003,Groceries,343.8,10,22,102,0,0,18.91,94.13
2023-08-16,2,P003,Groceries,362.9,5,16,86,0,0,30.24,93.84
2023-08-17,2,P003,Groceries,343.8,10,16,70,0,0,27.96,93.96
2023-08-18,2,P003,Groceries,382.0,0,14,56,0,0,31.56,92.89
2023-08-19,2,P003,Groceries,382.0,0,32,24,1,1,20.53,99.04
2023-08-20,2,P003,Groceries,362.9,5,14,137,1,0,21.28,96.29
2023-08-21,2,P003,Groceries,382.0,0,16,121,0,1,32.21,94.77
2023-08-22,2,P003,Groceries,324.7,15,20,101,0,0,26.33,92.12
2023-08-23,2,P003,Groceries,382.0,0,7,94,0,0,27.59,94.03
2023-08-24,2,P003,Groceries,362.9,5,12,82,0,0,25.82,95.99
2023-08-25,2,P003,Groceries,382.0,0,16,66,0,0,22.47,93.58
2023-08-26,2,P003,Groceries,362.9,5,15,51,1,0,24.62,95.64
2023-08-27,2,P003,Groceries,324.7,15,27,24,1,0,19.35,93.03
2023-08-28,2,P003,Groceries,382.0,0,21,92,0,1,26.08,94.56
2023-08-29,2,P003,Groceries,362.9,5,25,67,0,1,20.07,99.87
2023-08-30,2,P003,Groceries,382.0,0,20,47,0,1,22.63,94.66
2023-08-31,2,P003,Groceries,382.0,0,17,30,0,0,22.52,91.93
2023-09-01,2,P003,Groceries,382.0,0,24,137,0,1,29.45,95.73
2023-09-02,2,P003,Groceries,343.8,10,28,109,1,0,24.55,96.73
2023-09-03,2,P003,Groceries,362.9,5,23,86,1,1,23.74,92.27
2023-09-04,2,P003,Groceries,362.9,5,22,64,0,0,35.33,93.49
2023-09-05,2,P003,Groceries,382.0,0,11,53,0,0,29.75,97.16
2023-09-06,2,P003,Groceries,382.0,0,11,42,0,0,26.74,91.35
2023-09-07,2,P003,Groceries,382.0,0,7,35,0,0,26.28,95.53
2023-09-08,2,P003,Groceries,382.0,0,20,131,0,0,28.63,97.78
2023-09-09,2,P003,Groceries,382.0,0,12,119,1,0,21.6,96.98
2023-09-10,2,P003,Groceries,324.7,15,29,90,1,1,31.64,98.32
2023-09-11,2,P003,Groceries,305.6,20,31,59,0,1,28.11,94.64
2023-09-12,2,P003,Groceries,362.9,5,17,42,0,0,20.34,92.79
2023-09-13,2,P003,Groceries,343.8,10,16,26,0,0,22.53,97.92
2023-09-14,2,P003,Groceries,324.7,15,19,93,0,0,27.88,95.32
2023-09-15,2,P003,Groceries,382.0,0,10,83,0,0,16.92,95.73
2023-09-16,2,P003,Groceries,305.6,20,27,56,1,0,18.35,90.48
2023-09-17,2,P003,Groceries,343.8,10,24,32,1,0,27.84,94.28
2023-09-18,2,P003,Groceries,343.8,10,26,103,0,0,29.22,96.59
2023-09-19,2,P003,Groceries,343.8,10,26,77,0,0,27.39,95.1
2023-09-20,2,P003,Groceries,343.8,10,29,48,0,1,28.9,94.6
2023-09-21,2,P003,Groceries,324.7,15,17,31,0,0,24.39,96.39
2023-09-22,2,P003,Groceries,343.8,10,22,120,0,0,30.2,91.7
2023-09-23,2,P003,Groceries,382.0,0,16,104,1,0,23.24,91.87
2023-09-24,2,P003,Groceries,382.0,0,20,84,1,0,29.42,94.8
2023-09-25,2,P003,Groceries,382.0,0,20,64,0,0,20.38,92.99
2023-09-26,2,P003,Groceries,382.0,0,14,50,0,0,24.23,96.48
2023-09-27,2,P003,Groceries,382.0,0,14,36,0,0,29.96,95.48
2023-09-28,2,P003,Groceries,343.8,10,25,122,0,1,18.52,96.52
2023-09-29,2,P003,Groceries,382.0,0,14,108,0,0,17.48,93.35
2023-09-30,2,P003,Groceries,362.9,5,16,92,1,0,27.76,94.61
2023-10-01,2,P003,Groceries,362.9,5,16,76,1,0,26.48,91.33
2023-10-02,2,P003,Groceries,382.0,0,12,64,0,0,25.81,97.66
2023-10-03,2,P003,Groceries,362.9,5,21,43,0,0,13.37,92.64
2023-10-04,2,P003,Groceries,382.0,0,10,33,0,0,29.66,93.05
2023-10-05,2,P003,Groceries,382.0,0,22,128,0,0,33.82,96.07
2023-10-06,2,P003,Groceries,362.9,5,15,113,0,0,20.34,99.12
2023-10-07,2,P003,Groceries,324.7,15,26,87,1,0,29.07,94.91
2023-10-08,2,P003,Groceries,382.0,0,23,64,1,1,28.49,94.88
2023-10-09,2,P003,Groceries,343.8,10,33,31,0,0,34.54,92.31
2023-10-10,2,P003,Groceries,382.0,0,14,151,0,0,20.45,94.01
2023-10-11,2,P003,Groceries,382.0,0,20,131,0,1,31.41,95.31
2023-10-12,2,P003,Groceries,382.0,0,5,126,0,0,23.33,95.66
2023-10-13,2,P003,Groceries,382.0,0,20,106,0,0,19.97,95.7
2023-10-14,2,P003,Groceries,382.0,0,15,91,1,0,32.67,95.23
2023-10-15,2,P003,Groceries,382.0,0,16,75,1,0,26.09,95.76
2023-10-16,2,P003,Groceries,362.9,5,14,61,0,0,18.92,94.81
2023-10-17,2,P003,Groceries,382.0,0,16,45,0,0,25.76,91.59
2023-10-18,2,P003,Groceries,343.8,10,24,21,0,0,30.4,100.0
2023-10-19,2,P003,Groceries,362.9,5,14,124,0,0,35.74,94.39
2023-10-20,2,P003,Groceries,362.9,5,13,111,0,1,17.51,91.81
2023-10-21,2,P003,Groceries,343.8,10,15,96,1,0,20.09,93.21
2023-10-22,2,P003,Groceries,362.9,5,30,66,1,1,23.73,96.8
2023-10-23,2,P003,Groceries,382.0,0,23,43,0,1,21.61,92.59
2023-10-24,2,P003,Groceries,382.0,0,15,28,0,1,33.85,90.63
2023-10-25,2,P003,Groceries,382.0,0,15,129,0,0,24.18,95.39
2023-10-26,2,P003,Groceries,362.9,5,24,105,0,1,26.75,93.63
2023-10-27,2,P003,Groceries,382.0,0,15,90,0,0,28.81,93.23
2023-10-28,2,P003,Groceries,343.8,10,27,63,1,1,30.09,96.15
2023-10-29,2,P003,Groceries,382.0,0,35,28,1,1,28.68,92.53
2023-10-30,2,P003,Groceries,382.0,0,12,97,0,0,24.83,97.81
2023-10-31,2,P003,Groceries,382.0,0,14,83,0,0,28.58,94.49
2023-11-01,2,P003,Groceries,343.8,10,27,56,0,0,19.67,94.4
2023-11-02,2,P003,Groceries,382.0,0,11,45,0,0,26.65,96.07
2023-11-03,2,P003,Groceries,382.0,0,16,29,0,0,28.2,94.34
2023-11-04,2,P003,Groceries,305.6,20,24,154,1,0,39.6,95.37
2023-11-05,2,P003,Groceries,382.0,0,18,136,1,0,24.77,94.55
2023-11-06,2,P003,Groceries,362.9,5,22,114,0,1,23.99,93.92
2023-11-07,2,P003,Groceries,362.9,5,22,92,0,1,17.21,95.09
2023-11-08,2,P003,Groceries,362.9,5,15,77,0,0,24.68,98.45
2023-11-09,2,P003,Groceries,382.0,0,18,59,0,0,27.92,96.96
2023-11-10,2,P003,Groceries,362.9,5,20,39,0,1,21.7,95.85
2023-11-11,2,P003,Groceries,324.7,15,34,118,1,0,16.19,92.74
2023-11-12,2,P003,Groceries,382.0,0,13,105,1,1,23.85,95.6
2023-11-13,2,P003,Groceries,382.0,0,8,97,0,0,25.09,99.26
2023-11-14,2,P003,Groceries,382.0,0,13,84,0,0,26.37,92.79
2023-11-15,2,P003,Groceries,382.0,0,21,63,0,1,24.21,91.66
2023-11-16,2,P003,Groceries,382.0,0,18,45,0,1,20.59,94.5
2023-11-17,2,P003,Groceries,382.0,0,17,28,0,0,24.49,97.38
2023-11-18,2,P003,Groceries,382.0,0,17,140,1,0,25.28,90.81
2023-11-19,2,P003,Groceries,382.0,0,21,119,1,1,15.91,96.45
2023-11-20,2,P003,Groceries,343.8,10,17,102,0,0,31.2,98.24
2023-11-21,2,P003,Groceries,362.9,5,17,85,0,0,19.41,95.38
2023-11-22,2,P003,Groceries,362.9,5,17,68,0,0,22.47,95.43
2023-11-23,2,P003,Groceries,382.0,0,6,62,0,0,26.98,91.98
2023-11-24,2,P003,Groceries,343.8,10,21,41,0,0,24.65,96.02
2023-11-25,2,P003,Groceries,324.7,15,28,97,1,0,18.4,98.09
2023-11-26,2,P003,Groceries,305.6,20,23,74,1,0,23.14,96.63
2023-11-27,2,P003,Groceries,305.6,20,26,48,0,0,21.02,96.58
2023-11-28,2,P003,Groceries,343.8,10,18,30,0,1,27.95,95.64
2023-11-29,2,P003,Groceries,382.0,0,8,22,0,0,24.17,97.64
2023-11-30,2,P003,Groceries,382.0,0,8,104,0,0,27.11,93.98
2023-12-01,2,P003,Groceries,382.0,0,19,85,0,0,20.64,93.22
2023-12-02,2,P003,Groceries,324.7,15,19,66,1,0,38.98,94.62
2023-12-03,2,P003,Groceries,305.6,20,34,32,1,0,31.4,97.25
2023-12-04,2,P003,Groceries,382.0,0,12,20,0,0,26.39,99.14
2023-12-05,2,P003,Groceries,324.7,15,19,85,0,1,20.47,98.88
2023-12-06,2,P003,Groceries,343.8,10,13,72,0,0,25.19,98.25
2023-12-07,2,P003,Groceries,382.0,0,13,59,0,0,26.16,97.63
2023-12-08,2,P003,Groceries,343.8,10,21,38,0,1,25.01,96.42
2023-12-09,2,P003,Groceries,362.9,5,28,111,1,0,26.73,96.32
2023-12-10,2,P003,Groceries,382.0,0,17,94,1,0,24.44,97.68
2023-12-11,2,P003,Groceries,343.8,10,18,76,0,0,27.66,93.0
2023-12-12,2,P003,Groceries,382.0,0,19,57,0,0,21.51,94.37
2023-12-13,2,P003,Groceries,382.0,0,27,30,0,1,31.21,95.34
2023-12-14,2,P003,Groceries,382.0,0,17,154,0,0,27.85,94.01
