retail_demand_dataset.csv
date,store_id,product_id,category,price,discount,units_sold,inventory_level,holiday,promotion,temperature,fuel_price
2023-12-15,2,P003,Groceries,343.8,10,21,133,0,0,15.73,95.37
2023-12-16,2,P003,Groceries,382.0,0,13,120,1,0,31.42,93.12
2023-12-17,2,P003,Groceries,362.9,5,27,93,1,1,22.04,94.16
2023-12-18,2,P003,Groceries,362.9,5,13,80,0,1,23.53,95.39
2023-12-19,2,P003,Groceries,382.0,0,18,62,0,0,20.83,91.59
2023-12-20,2,P003,Groceries,343.8,10,18,44,0,1,15.66,97.25
2023-12-21,2,P003,Groceries,382.0,0,23,21,0,1,29.02,98.66
2023-12-22,2,P003,Groceries,382.0,0,13,105,0,0,22.48,95.02
2023-12-23,2,P003,Groceries,362.9,5,29,76,1,1,23.89,94.5
2023-12-24,2,P003,Groceries,362.9,5,26,50,1,0,28.78,91.79
2023-12-25,2,P003,Groceries,382.0,0,10,40,0,0,24.89,93.0
2023-12-26,2,P003,Groceries,343.8,10,20,20,0,0,21.16,94.31
2023-12-27,2,P003,Groceries,362.9,5,17,130,0,0,23.37,98.03
2023-12-28,2,P003,Groceries,382.0,0,13,117,0,0,24.14,96.66
2023-12-29,2,P003,Groceries,382.0,0,16,101,0,1,24.24,96.13
2023-12-30,2,P003,Groceries,382.0,0,26,75,1,0,31.07,93.21
2023-12-31,2,P003,Groceries,343.8,10,18,57,1,1,22.51,93.22
2023-01-01,2,P004,Home,220.0,0,20,64,1,0,19.25,96.46
2023-01-02,2,P004,Home,176.0,20,30,34,0,1,19.67,94.81
2023-01-03,2,P004,Home,198.0,10,29,108,0,1,30.91,93.62
2023-01-04,2,P004,Home,187.0,15,19,89,0,0,30.05,91.86
2023-01-05,2,P004,Home,220.0,0,20,69,0,1,20.15,93.12
2023-01-06,2,P004,Home,176.0,20,27,42,0,0,31.28,96.02
2023-01-07,2,P004,Home,209.0,5,25,157,1,0,18.44,92.79
2023-01-08,2,P004,Home,198.0,10,26,131,1,0,26.71,92.6
2023-01-09,2,P004,Home,220.0,0,21,110,0,1,22.78,96.94
2023-01-10,2,P004,Home,220.0,0,16,94,0,0,28.77,93.18
2023-01-11,2,P004,Home,220.0,0,15,79,0,0,25.69,95.84
2023-01-12,2,P004,Home,187.0,15,24,55,0,0,25.05,94.91
2023-01-13,2,P004,Home,220.0,0,26,29,0,1,20.87,99.25
2023-01-14,2,P004,Home,198.0,10,17,109,1,0,19.05,92.9
2023-01-15,2,P004,Home,198.0,10,28,81,1,1,21.66,94.52
2023-01-16,2,P004,Home,176.0,20,38,43,0,1,36.68,94.59
2023-01-17,2,P004,Home,198.0,10,22,21,0,0,17.26,97.21
2023-01-18,2,P004,Home,220.0,0,24,133,0,1,20.03,87.84
2023-01-19,2,P004,Home,220.0,0,17,116,0,1,20.43,97.69
2023-01-20,2,P004,Home,187.0,15,28,88,0,0,30.98,98.37
2023-01-21,2,P004,Home,220.0,0,26,62,1,0,27.05,95.87
2023-01-22,2,P004,Home,198.0,10,23,39,1,0,20.64,95.57
2023-01-23,2,P004,Home,220.0,0,7,32,0,0,25.74,92.14
2023-01-24,2,P004,Home,176.0,20,25,93,0,1,19.39,92.04
2023-01-25,2,P004,Home,220.0,0,17,76,0,0,22.66,94.17
2023-01-26,2,P004,Home,187.0,15,16,60,0,0,19.85,93.65
2023-01-27,2,P004,Home,198.0,10,19,41,0,0,25.64,95.9
2023-01-28,2,P004,Home,220.0,0,15,26,1,0,23.07,92.75
2023-01-29,2,P004,Home,220.0,0,22,113,1,0,28.71,96.36
2023-01-30,2,P004,Home,187.0,15,26,87,0,0,23.14,91.11
2023-01-31,2,P004,Home,220.0,0,16,71,0,0,14.13,93.54
2023-02-01,2,P004,Home,198.0,10,21,50,0,0,25.19,95.73
2023-02-02,2,P004,Home,220.0,0,14,36,0,0,30.18,96.18
2023-02-03,2,P004,Home,220.0,0,15,21,0,0,32.28,96.37
2023-02-04,2,P004,Home,220.0,0,21,135,1,1,21.32,92.31
2023-02-05,2,P004,Home,220.0,0,19,116,1,1,22.49,96.96
2023-02-06,2,P004,Home,198.0,10,23,93,0,1,21.19,97.15
2023-02-07,2,P004,Home,209.0,5,22,71,0,1,29.17,92.53
2023-02-08,2,P004,Home,220.0,0,20,51,0,0,19.9,95.94
2023-02-09,2,P004,Home,220.0,0,17,34,0,1,26.12,93.04
2023-02-10,2,P004,Home,187.0,15,25,109,0,0,36.58,95.81
2023-02-11,2,P004,Home,220.0,0,22,87,1,1,26.77,97.95
2023-02-12,2,P004,Home,220.0,0,20,67,1,0,20.59,93.78
2023-02-13,2,P004,Home,176.0,20,31,36,0,1,24.51,95.45
2023-02-14,2,P004,Home,187.0,15,24,123,0,1,25.12,96.5
2023-02-15,2,P004,Home,220.0,0,13,110,0,1,32.95,95.23
2023-02-16,2,P004,Home,220.0,0,20,90,0,0,25.71,91.36
2023-02-17,2,P004,Home,209.0,5,16,74,0,1,32.06,95.06
2023-02-18,2,P004,Home,220.0,0,27,47,1,1,24.73,97.31
2023-02-19,2,P004,Home,198.0,10,23,24,1,0,24.79,94.15
2023-02-20,2,P004,Home,209.0,5,19,139,0,1,27.05,93.63
2023-02-21,2,P004,Home,176.0,20,32,107,0,0,22.45,96.13
2023-02-22,2,P004,Home,187.0,15,15,92,0,0,28.47,92.04
2023-02-23,2,P004,Home,187.0,15,32,60,0,1,22.46,94.74
2023-02-24,2,P004,Home,209.0,5,17,43,0,0,21.47,95.98
2023-02-25,2,P004,Home,220.0,0,24,160,1,1,22.51,95.34
2023-02-26,2,P004,Home,220.0,0,17,143,1,1,36.6,92.88
2023-02-27,2,P004,Home,176.0,20,31,112,0,0,20.1,93.8
2023-02-28,2,P004,Home,220.0,0,21,91,0,1,24.47,97.45
2023-03-01,2,P004,Home,220.0,0,7,84,0,0,20.24,97.49
2023-03-02,2,P004,Home,220.0,0,17,67,0,1,21.88,97.38
2023-03-03,2,P004,Home,220.0,0,17,50,0,0,11.23,97.15
2023-03-04,2,P004,Home,176.0,20,39,133,1,0,27.69,94.55
2023-03-05,2,P004,Home,220.0,0,15,118,1,0,31.62,94.12
2023-03-06,2,P004,Home,187.0,15,27,91,0,0,32.14,95.91
2023-03-07,2,P004,Home,220.0,0,28,63,0,1,24.17,91.96
2023-03-08,2,P004,Home,220.0,0,19,44,0,1,22.33,96.12
2023-03-09,2,P004,Home,209.0,5,17,27,0,1,21.54,94.73
2023-03-10,2,P004,Home,220.0,0,21,115,0,1,8.38,95.56
2023-03-11,2,P004,Home,220.0,0,25,90,1,1,26.81,98.71
2023-03-12,2,P004,Home,220.0,0,15,75,1,0,15.91,97.95
2023-03-13,2,P004,Home,220.0,0,24,51,0,1,24.42,94.97
2023-03-14,2,P004,Home,187.0,15,17,34,0,1,19.56,93.65
2023-03-15,2,P004,Home,220.0,0,11,23,0,0,24.76,92.43
2023-03-16,2,P004,Home,209.0,5,23,138,0,0,36.61,93.03
2023-03-17,2,P004,Home,198.0,10,22,116,0,0,22.67,94.84
2023-03-18,2,P004,Home,176.0,20,31,85,1,1,30.17,93.62
2023-03-19,2,P004,Home,220.0,0,24,61,1,1,23.71,93.85
2023-03-20,2,P004,Home,220.0,0,19,42,0,1,26.86,96.22
2023-03-21,2,P004,Home,220.0,0,24,120,0,0,25.37,95.06
2023-03-22,2,P004,Home,198.0,10,15,105,0,0,21.38,95.24
2023-03-23,2,P004,Home,220.0,0,16,89,0,0,25.8,96.13
2023-03-24,2,P004,Home,220.0,0,18,71,0,0,20.17,92.53
2023-03-25,2,P004,Home,209.0,5,12,59,1,0,27.89,90.09
2023-03-26,2,P004,Home,209.0,5,26,33,1,0,23.52,92.24
2023-03-27,2,P004,Home,220.0,0,20,138,0,1,15.58,94.75
2023-03-28,2,P004,Home,220.0,0,10,128,0,0,15.82,96.32
2023-03-29,2,P004,Home,198.0,10,17,111,0,0,29.28,98.17
2023-03-30,2,P004,Home,220.0,0,15,96,0,0,16.84,93.32
2023-03-31,2,P004,Home,209.0,5,22,74,0,0,27.5,95.6
2023-04-01,2,P004,Home,220.0,0,14,60,1,0,20.27,92.39
2023-04-02,2,P004,Home,198.0,10,22,38,1,0,22.26,94.58
2023-04-03,2,P004,Home,220.0,0,15,23,0,0,26.18,95.15
2023-04-04,2,P004,Home,220.0,0,14,101,0,0,19.0,92.04
2023-04-05,2,P004,Home,220.0,0,18,83,0,0,32.09,92.07
2023-04-06,2,P004,Home,220.0,0,15,68,0,0,26.49,98.12
2023-04-07,2,P004,Home,209.0,5,13,55,0,0,26.78,95.37
2023-04-08,2,P004,Home,209.0,5,19,36,1,0,25.23,99.07
2023-04-09,2,P004,Home,187.0,15,30,100,1,1,33.01,96.63
2023-04-10,2,P004,Home,187.0,15,26,74,0,1,22.73,97.74
2023-04-11,2,P004,Home,176.0,20,24,50,0,0,35.51,95.85
2023-04-12,2,P004,Home,220.0,0,10,40,0,0,21.75,95.1
2023-04-13,2,P004,Home,220.0,0,21,155,0,0,24.68,94.82
2023-04-14,2,P004,Home,220.0,0,20,135,0,1,22.87,95.75
2023-04-15,2,P004,Home,176.0,20,32,103,1,0,20.01,93.74
2023-04-16,2,P004,Home,209.0,5,24,79,1,0,28.52,92.38
2023-04-17,2,P004,Home,209.0,5,17,62,0,0,32.27,97.94
2023-04-18,2,P004,Home,220.0,0,18,44,0,0,27.87,96.34
2023-04-19,2,P004,Home,198.0,10,18,26,0,0,31.63,95.62
2023-04-20,2,P004,Home,198.0,10,30,131,0,1,19.61,93.89
2023-04-21,2,P004,Home,209.0,5,15,116,0,0,17.15,96.87
2023-04-22,2,P004,Home,176.0,20,30,86,1,0,27.24,95.51
2023-04-23,2,P004,Home,220.0,0,26,60,1,1,31.74,96.51
2023-04-24,2,P004,Home,220.0,0,18,42,0,0,26.23,95.49
2023-04-25,2,P004,Home,220.0,0,13,29,0,0,21.02,95.3
2023-04-26,2,P004,Home,220.0,0,24,111,0,1,25.38,97.3
2023-04-27,2,P004,Home,220.0,0,20,91,0,0,30.11,94.94
2023-04-28,2,P004,Home,220.0,0,13,78,0,0,29.76,88.79
2023-04-29,2,P004,Home,220.0,0,17,61,1,0,24.24,96.12
2023-04-30,2,P004,Home,198.0,10,36,25,1,1,23.76,97.04
2023-05-01,2,P004,Home,220.0,0,8,155,0,0,25.42,94.68
2023-05-02,2,P004,Home,220.0,0,20,135,0,1,24.13,93.63
2023-05-03,2,P004,Home,198.0,10,15,120,0,0,34.21,95.01
2023-05-04,2,P004,Home,220.0,0,16,104,0,0,27.74,93.42
2023-05-05,2,P004,Home,220.0,0,12,92,0,0,30.03,96.51
2023-05-06,2,P004,Home,187.0,15,28,64,1,1,26.05,93.51
2023-05-07,2,P004,Home,209.0,5,20,44,1,1,28.03,94.67
2023-05-08,2,P004,Home,198.0,10,9,35,0,0,18.49,97.99
2023-05-09,2,P004,Home,220.0,0,17,113,0,0,22.08,94.87
2023-05-10,2,P004,Home,220.0,0,14,99,0,0,26.87,92.56
2023-05-11,2,P004,Home,187.0,15,19,80,0,0,22.45,94.93
2023-05-12,2,P004,Home,220.0,0,15,65,0,0,20.74,95.71
2023-05-13,2,P004,Home,198.0,10,23,42,1,0,26.65,96.77
2023-05-14,2,P004,Home,209.0,5,14,28,1,0,21.99,93.11
2023-05-15,2,P004,Home,198.0,10,16,140,0,0,24.44,93.2
2023-05-16,2,P004,Home,220.0,0,21,119,0,1,20.48,96.31
2023-05-17,2,P004,Home,209.0,5,21,98,0,1,26.91,94.46
2023-05-18,2,P004,Home,187.0,15,21,77,0,0,16.91,93.89
2023-05-19,2,P004,Home,220.0,0,20,57,0,1,31.26,95.87
2023-05-20,2,P004,Home,209.0,5,22,35,1,0,28.8,95.42
2023-05-21,2,P004,Home,220.0,0,20,130,1,1,22.44,94.28
2023-05-22,2,P004,Home,198.0,10,23,107,0,0,29.8,92.24
2023-05-23,2,P004,Home,220.0,0,18,89,0,0,26.33,91.27
2023-05-24,2,P004,Home,220.0,0,13,76,0,0,24.04,96.66
2023-05-25,2,P004,Home,209.0,5,19,57,0,0,23.83,96.65
2023-05-26,2,P004,Home,198.0,10,24,33,0,1,23.87,95.19
2023-05-27,2,P004,Home,220.0,0,19,138,1,0,23.46,98.15
2023-05-28,2,P004,Home,187.0,15,24,114,1,1,18.38,94.76
2023-05-29,2,P004,Home,187.0,15,18,96,0,0,26.51,95.57
2023-05-30,2,P004,Home,220.0,0,12,84,0,0,19.87,94.54
2023-05-31,2,P004,Home,220.0,0,7,77,0,0,24.5,96.46
2023-06-01,2,P004,Home,220.0,0,18,59,0,0,29.08,94.66
2023-06-02,2,P004,Home,220.0,0,11,48,0,0,32.21,90.85
2023-06-03,2,P004,Home,220.0,0,21,27,1,0,29.07,98.0
2023-06-04,2,P004,Home,220.0,0,16,141,1,0,21.71,95.53
2023-06-05,2,P004,Home,209.0,5,15,126,0,0,14.61,96.5
2023-06-06,2,P004,Home,187.0,15,21,105,0,0,20.8,95.73
2023-06-07,2,P004,Home,220.0,0,12,93,0,0,28.98,93.72
2023-06-08,2,P004,Home,187.0,15,26,67,0,1,17.86,94.49
2023-06-09,2,P004,Home,198.0,10,20,47,0,0,24.15,94.35
2023-06-10,2,P004,Home,187.0,15,22,25,1,0,23.57,93.56
2023-06-11,2,P004,Home,220.0,0,20,148,1,1,21.1,96.71
2023-06-12,2,P004,Home,209.0,5,11,137,0,0,24.39,96.14
2023-06-13,2,P004,Home,176.0,20,15,122,0,0,23.14,99.56
2023-06-14,2,P004,Home,187.0,15,27,95,0,1,31.08,93.9
2023-06-15,2,P004,Home,209.0,5,11,84,0,0,30.83,101.95
2023-06-16,2,P004,Home,209.0,5,19,65,0,1,20.82,96.58
2023-06-17,2,P004,Home,209.0,5,21,44,1,0,27.61,95.88
2023-06-18,2,P004,Home,220.0,0,24,20,1,0,22.55,91.88
2023-06-19,2,P004,Home,209.0,5,16,106,0,0,27.76,98.26
2023-06-20,2,P004,Home,198.0,10,23,83,0,1,31.54,94.77
2023-06-21,2,P004,Home,209.0,5,23,60,0,1,26.54,97.07
2023-06-22,2,P004,Home,209.0,5,13,47,0,0,29.39,95.04
2023-06-23,2,P004,Home,176.0,20,32,109,0,0,23.99,93.57
2023-06-24,2,P004,Home,209.0,5,22,87,1,0,27.7,93.74
2023-06-25,2,P004,Home,209.0,5,21,66,1,0,18.87,96.9
2023-06-26,2,P004,Home,209.0,5,19,47,0,0,27.41,97.21
2023-06-27,2,P004,Home,187.0,15,16,31,0,0,23.0,92.94
2023-06-28,2,P004,Home,209.0,5,19,145,0,0,22.01,94.44
2023-06-29,2,P004,Home,209.0,5,14,131,0,0,20.39,99.39
2023-06-30,2,P004,Home,209.0,5,10,121,0,0,29.35,97.06
2023-07-01,2,P004,Home,209.0,5,23,98,1,0,17.26,97.05
2023-07-02,2,P004,Home,198.0,10,18,80,1,0,24.19,94.14
2023-07-03,2,P004,Home,220.0,0,14,66,0,0,13.46,94.99
2023-07-04,2,P004,Home,220.0,0,29,37,0,1,29.66,94.77
2023-07-05,2,P004,Home,220.0,0,18,127,0,1,27.18,96.75
2023-07-06,2,P004,Home,220.0,0,19,108,0,1,29.21,95.99
2023-07-07,2,P004,Home,198.0,10,22,86,0,0,25.68,94.0
2023-07-08,2,P004,Home,209.0,5,18,68,1,0,23.66,96.67
2023-07-09,2,P004,Home,209.0,5,19,49,1,0,24.45,94.21
2023-07-10,2,P004,Home,220.0,0,14,35,0,0,24.93,98.02
2023-07-11,2,P004,Home,220.0,0,13,22,0,0,23.84,95.96
2023-07-12,2,P004,Home,209.0,5,26,82,0,1,25.24,94.22
2023-07-13,2,P004,Home,220.0,0,18,64,0,0,28.86,97.66
2023-07-14,2,P004,Home,220.0,0,16,48,0,0,27.44,96.54
2023-07-15,2,P004,Home,220.0,0,18,30,1,0,27.59,96.15
2023-07-16,2,P004,Home,198.0,10,25,151,1,0,18.11,93.23
2023-07-17,2,P004,Home,198.0,10,25,126,0,0,25.59,96.7
2023-07-18,2,P004,Home,209.0,5,21,105,0,0,30.56,92.82
2023-07-19,2,P004,Home,220.0,0,18,87,0,1,17.38,98.17
2023-07-20,2,P004,Home,220.0,0,18,69,0,0,17.21,100.4
2023-07-21,2,P004,Home,198.0,10,17,52,0,0,23.52,95.84
2023-07-22,2,P004,Home,220.0,0,18,34,1,0,24.94,96.85
2023-07-23,2,P004,Home,220.0,0,21,161,1,1,31.58,93.51
2023-07-24,2,P004,Home,220.0,0,5,156,0,0,27.74,92.61
2023-07-25,2,P004,Home,176.0,20,25,131,0,0,17.1,97.98
2023-07-26,2,P004,Home,187.0,15,19,112,0,0,32.88,95.78
2023-07-27,2,P004,Home,187.0,15,14,98,0,0,20.57,95.21
2023-07-28,2,P004,Home,198.0,10,19,79,0,1,24.53,93.73
2023-07-29,2,P004,Home,220.0,0,21,58,1,1,25.48,94.57
2023-07-30,2,P004,Home,220.0,0,23,35,1,1,26.2,98.42
2023-07-31,2,P004,Home,209.0,5,20,98,0,0,30.8,93.84
2023-08-01,2,P004,Home,187.0,15,24,74,0,1,25.78,92.9
2023-08-02,2,P004,Home,220.0,0,26,48,0,0,23.96,92.22
2023-08-03,2,P004,Home,220.0,0,12,36,0,0,24.25,96.45
2023-08-04,2,P004,Home,176.0,20,28,120,0,1,25.31,96.5
2023-08-05,2,P004,Home,220.0,0,22,98,1,0,21.8,93.07
2023-08-06,2,P004,Home,198.0,10,24,74,1,1,25.25,95.53
2023-08-07,2,P004,Home,187.0,15,34,40,0,1,29.63,97.18
2023-08-08,2,P004,Home,187.0,15,21,149,0,0,21.12,93.69
2023-08-09,2,P004,Home,220.0,0,27,122,0,1,21.35,92.13
2023-08-10,2,P004,Home,220.0,0,11,111,0,0,26.76,95.61
2023-08-11,2,P004,Home,220.0,0,20,91,0,1,23.35,98.9
2023-08-12,2,P004,Home,198.0,10,24,67,1,1,21.92,95.56
2023-08-13,2,P004,Home,198.0,10,25,42,1,0,23.16,94.9
2023-08-14,2,P004,Home,198.0,10,27,163,0,1,28.06,94.63
2023-08-15,2,P004,Home,220.0,0,12,151,0,0,27.58,96.09
2023-08-16,2,P004,Home,220.0,0,17,134,0,0,19.89,94.88
2023-08-17,2,P004,Home,209.0,5,19,115,0,0,27.98,91.37
2023-08-18,2,P004,Home,220.0,0,9,106,0,0,25.32,93.66
2023-08-19,2,P004,Home,176.0,20,21,85,1,0,28.74,96.07
2023-08-20,2,P004,Home,176.0,20,30,55,1,0,20.07,95.2
2023-08-21,2,P004,Home,198.0,10,21,34,0,0,30.28,94.16
2023-08-22,2,P004,Home,187.0,15,22,160,0,0,23.24,93.63
2023-08-23,2,P004,Home,209.0,5,21,139,0,1,31.49,95.36
2023-08-24,2,P004,Home,220.0,0,25,114,0,0,24.08,92.24
2023-08-25,2,P004,Home,220.0,0,20,94,0,1,16.01,92.87
2023-08-26,2,P004,Home,220.0,0,14,80,1,0,26.87,91.42
2023-08-27,2,P004,Home,209.0,5,23,57,1,1,26.04,95.01
2023-08-28,2,P004,Home,187.0,15,24,33,0,1,23.05,91.58
2023-08-29,2,P004,Home,220.0,0,11,22,0,0,18.74,95.2
2023-08-30,2,P004,Home,220.0,0,22,143,0,0,28.02,93.02
2023-08-31,2,P004,Home,209.0,5,17,126,0,0,25.19,94.19
2023-09-01,2,P004,Home,220.0,0,25,101,0,1,24.41,96.64
2023-09-02,2,P004,Home,220.0,0,28,73,1,1,21.42,94.52
2023-09-03,2,P004,Home,187.0,15,32,41,1,1,20.5,93.29
2023-09-04,2,P004,Home,220.0,0,22,111,0,1,23.88,93.54
2023-09-05,2,P004,Home,220.0,0,25,86,0,1,15.42,96.1
2023-09-06,2,P004,Home,187.0,15,17,69,0,0,19.29,92.41
2023-09-07,2,P004,Home,220.0,0,19,50,0,1,34.03,97.0
2023-09-08,2,P004,Home,209.0,5,20,30,0,0,15.45,96.02
2023-09-09,2,P004,Home,209.0,5,22,119,1,1,17.81,96.56
2023-09-10,2,P004,Home,220.0,0,15,104,1,0,22.88,95.68
2023-09-11,2,P004,Home,198.0,10,20,84,0,0,28.03,98.84
2023-09-12,2,P004,Home,220.0,0,10,74,0,0,24.73,95.95
2023-09-13,2,P004,Home,220.0,0,14,60,0,0,24.51,94.05
2023-09-14,2,P004,Home,220.0,0,11,49,0,0,21.93,92.97
2023-09-15,2,P004,Home,220.0,0,13,36,0,0,26.33,96.89
2023-09-16,2,P004,Home,220.0,0,23,118,1,1,27.53,93.29
2023-09-17,2,P004,Home,209.0,5,24,94,1,0,18.62,97.06
2023-09-18,2,P004,Home,220.0,0,11,83,0,0,16.76,91.29
2023-09-19,2,P004,Home,220.0,0,12,71,0,0,32.4,94.86
2023-09-20,2,P004,Home,220.0,0,14,57,0,0,30.77,96.3
2023-09-21,2,P004,Home,209.0,5,19,38,0,0,21.5,94.82
2023-09-22,2,P004,Home,220.0,0,13,25,0,0,22.2,95.78
2023-09-23,2,P004,Home,220.0,0,20,92,1,0,25.68,95.53
2023-09-24,2,P004,Home,220.0,0,18,74,1,1,23.55,96.77
2023-09-25,2,P004,Home,209.0,5,24,50,0,1,18.72,98.7
2023-09-26,2,P004,Home,176.0,20,29,21,0,1,30.53,95.03
2023-09-27,2,P004,Home,220.0,0,17,144,0,0,29.48,94.73
2023-09-28,2,P004,Home,220.0,0,17,127,0,0,21.33,99.07
2023-09-29,2,P004,Home,220.0,0,17,110,0,0,25.6,96.08
2023-09-30,2,P004,Home,220.0,0,17,93,1,0,20.88,94.37
2023-10-01,2,P004,Home,209.0,5,20,73,1,0,24.78,96.18
2023-10-02,2,P004,Home,209.0,5,21,52,0,0,34.78,96.81
2023-10-03,2,P004,Home,220.0,0,16,36,0,0,24.48,99.71
2023-10-04,2,P004,Home,220.0,0,19,133,0,0,29.65,89.89
2023-10-05,2,P004,Home,220.0,0,17,116,0,0,17.35,96.83
2023-10-06,2,P004,Home,220.0,0,12,104,0,0,19.35,98.09
2023-10-07,2,P004,Home,220.0,0,30,74,1,1,28.39,94.82
2023-10-08,2,P004,Home,187.0,15,26,48,1,0,22.21,95.32
2023-10-09,2,P004,Home,187.0,15,33,135,0,1,17.88,96.34
2023-10-10,2,P004,Home,209.0,5,26,109,0,0,30.79,92.4
2023-10-11,2,P004,Home,209.0,5,23,86,0,1,22.63,93.62
2023-10-12,2,P004,Home,220.0,0,18,68,0,0,23.21,90.91
2023-10-13,2,P004,Home,209.0,5,18,50,0,0,25.01,97.34
2023-10-14,2,P004,Home,220.0,0,13,37,1,0,24.97,99.83
2023-10-15,2,P004,Home,198.0,10,33,86,1,1,28.73,96.87
2023-10-16,2,P004,Home,220.0,0,12,74,0,0,27.59,98.14
2023-10-17,2,P004,Home,198.0,10,19,55,0,0,23.87,95.67
2023-10-18,2,P004,Home,220.0,0,24,31,0,0,25.72,94.71
2023-10-19,2,P004,Home,220.0,0,11,20,0,0,29.6,95.74
2023-10-20,2,P004,Home,209.0,5,13,145,0,0,22.16,96.84
2023-10-21,2,P004,Home,209.0,5,19,126,1,0,29.64,94.9
2023-10-22,2,P004,Home,220.0,0,22,104,1,0,18.77,95.57
2023-10-23,2,P004,Home,209.0,5,17,87,0,0,30.33,98.33
2023-10-24,2,P004,Home,176.0,20,31,56,0,0,26.46,99.5
2023-10-25,2,P004,Home,220.0,0,12,44,0,0,20.89,93.29
2023-10-26,2,P004,Home,220.0,0,12,32,0,0,24.35,91.11
2023-10-27,2,P004,Home,220.0,0,16,115,0,0,19.96,94.7
2023-10-28,2,P004,Home,220.0,0,15,100,1,0,23.44,93.87
2023-10-29,2,P004,Home,220.0,0,16,84,1,0,24.14,96.28
2023-10-30,2,P004,Home,220.0,0,11,73,0,0,23.67,95.28
2023-10-31,2,P004,Home,220.0,0,20,53,0,0,30.04,97.21
2023-11-01,2,P004,Home,209.0,5,17,36,0,0,32.48,94.49
2023-11-02,2,P004,Home,220.0,0,10,26,0,0,25.31,96.77
2023-11-03,2,P004,Home,220.0,0,7,159,0,0,28.17,93.66
2023-11-04,2,P004,Home,209.0,5,22,137,1,0,25.08,95.37
2023-11-05,2,P004,Home,198.0,10,25,112,1,1,24.99,94.14
2023-11-06,2,P004,Home,220.0,0,19,93,0,0,32.5,96.71
2023-11-07,2,P004,Home,198.0,10,14,79,0,0,17.98,91.44
2023-11-08,2,P004,Home,209.0,5,6,73,0,0,23.35,94.75
2023-11-09,2,P004,Home,198.0,10,21,52,0,0,31.96,94.4
2023-11-10,2,P004,Home,220.0,0,23,29,0,1,21.72,93.97
2023-11-11,2,P004,Home,176.0,20,38,104,1,1,24.1,93.22
