retail_demand_dataset.csv
date,store_id,product_id,category,price,discount,units_sold,inventory_level,holiday,promotion,temperature,fuel_price
2023-11-12,2,P004,Home,187.0,15,21,83,1,0,15.5,94.35
2023-11-13,2,P004,Home,176.0,20,17,66,0,0,36.73,93.11
2023-11-14,2,P004,Home,220.0,0,10,56,0,0,26.51,93.55
2023-11-15,2,P004,Home,220.0,0,26,30,0,1,14.17,98.76
2023-11-16,2,P004,Home,198.0,10,15,108,0,0,26.87,92.92
2023-11-17,2,P004,Home,220.0,0,26,82,0,1,13.02,96.79
2023-11-18,2,P004,Home,209.0,5,24,58,1,1,25.11,94.05
2023-11-19,2,P004,Home,220.0,0,31,27,1,1,27.46,97.72
2023-11-20,2,P004,Home,176.0,20,25,125,0,1,33.72,95.94
2023-11-21,2,P004,Home,220.0,0,6,119,0,0,23.09,94.15
2023-11-22,2,P004,Home,176.0,20,30,89,0,0,27.42,94.43
2023-11-23,2,P004,Home,220.0,0,18,71,0,1,17.39,97.18
2023-11-24,2,P004,Home,198.0,10,23,48,0,0,26.23,94.51
2023-11-25,2,P004,Home,220.0,0,16,32,1,0,21.64,96.58
2023-11-26,2,P004,Home,220.0,0,20,144,1,1,23.53,98.05
2023-11-27,2,P004,Home,198.0,10,23,121,0,0,19.56,95.52
2023-11-28,2,P004,Home,220.0,0,17,104,0,0,38.53,98.86
2023-11-29,2,P004,Home,209.0,5,20,84,0,1,25.28,95.22
2023-11-30,2,P004,Home,220.0,0,12,72,0,0,25.37,97.78
2023-12-01,2,P004,Home,198.0,10,21,51,0,1,19.47,92.83
2023-12-02,2,P004,Home,176.0,20,29,22,1,1,16.98,94.08
2023-12-03,2,P004,Home,176.0,20,30,84,1,0,22.06,96.11
2023-12-04,2,P004,Home,220.0,0,20,64,0,0,28.6,96.66
2023-12-05,2,P004,Home,220.0,0,18,46,0,1,26.29,96.29
2023-12-06,2,P004,Home,220.0,0,17,29,0,0,27.89,96.77
2023-12-07,2,P004,Home,209.0,5,14,98,0,0,25.66,93.48
2023-12-08,2,P004,Home,220.0,0,13,85,0,0,29.85,96.61
2023-12-09,2,P004,Home,220.0,0,21,64,1,1,26.43,98.85
2023-12-10,2,P004,Home,220.0,0,24,40,1,0,24.75,96.02
2023-12-11,2,P004,Home,209.0,5,19,21,0,1,27.69,95.69
2023-12-12,2,P004,Home,220.0,0,19,143,0,1,19.06,92.79
2023-12-13,2,P004,Home,220.0,0,18,125,0,0,28.85,95.55
2023-12-14,2,P004,Home,198.0,10,22,103,0,0,28.26,91.83
2023-12-15,2,P004,Home,220.0,0,7,96,0,0,26.26,93.94
2023-12-16,2,P004,Home,187.0,15,22,74,1,0,26.58,95.16
2023-12-17,2,P004,Home,220.0,0,17,57,1,0,23.28,95.78
2023-12-18,2,P004,Home,209.0,5,19,38,0,0,25.68,95.07
2023-12-19,2,P004,Home,220.0,0,19,118,0,0,24.41,94.93
2023-12-20,2,P004,Home,220.0,0,22,96,0,1,18.06,95.51
2023-12-21,2,P004,Home,220.0,0,15,81,0,0,14.48,91.82
2023-12-22,2,P004,Home,220.0,0,13,68,0,0,26.77,93.66
2023-12-23,2,P004,Home,220.0,0,20,48,1,1,27.26,97.2
2023-12-24,2,P004,Home,220.0,0,18,30,1,0,24.3,94.04
2023-12-25,2,P004,Home,209.0,5,19,140,0,0,15.23,94.3
2023-12-26,2,P004,Home,220.0,0,15,125,0,0,27.45,95.39
2023-12-27,2,P004,Home,220.0,0,9,116,0,0,30.02,96.42
2023-12-28,2,P004,Home,209.0,5,24,92,0,1,21.73,95.04
2023-12-29,2,P004,Home,187.0,15,25,67,0,0,22.6,91.52
2023-12-30,2,P004,Home,209.0,5,16,51,1,0,20.16,95.07
2023-12-31,2,P004,Home,198.0,10,17,34,1,0,27.36,95.56
2023-01-01,2,P005,Home,375.0,0,21,122,1,1,15.82,96.73
2023-01-02,2,P005,Home,300.0,20,29,93,0,0,19.28,95.41
2023-01-03,2,P005,Home,375.0,0,11,82,0,0,22.43,94.26
2023-01-04,2,P005,Home,337.5,10,26,56,0,0,27.78,93.44
2023-01-05,2,P005,Home,356.25,5,17,39,0,0,31.73,93.71
2023-01-06,2,P005,Home,375.0,0,24,98,0,1,25.84,101.06
2023-01-07,2,P005,Home,375.0,0,24,74,1,0,19.26,94.08
2023-01-08,2,P005,Home,356.25,5,28,46,1,0,32.76,95.65
2023-01-09,2,P005,Home,375.0,0,13,33,0,0,21.3,98.65
2023-01-10,2,P005,Home,375.0,0,11,22,0,0,38.6,92.09
2023-01-11,2,P005,Home,337.5,10,26,93,0,0,27.69,92.2
2023-01-12,2,P005,Home,375.0,0,19,74,0,1,29.45,92.75
2023-01-13,2,P005,Home,375.0,0,17,57,0,0,28.09,97.9
2023-01-14,2,P005,Home,375.0,0,16,41,1,0,26.49,96.66
2023-01-15,2,P005,Home,318.75,15,26,132,1,1,36.03,96.17
2023-01-16,2,P005,Home,375.0,0,15,117,0,0,35.59,94.59
2023-01-17,2,P005,Home,300.0,20,28,89,0,0,25.25,97.32
2023-01-18,2,P005,Home,356.25,5,26,63,0,1,22.14,92.75
2023-01-19,2,P005,Home,356.25,5,19,44,0,0,31.46,97.07
2023-01-20,2,P005,Home,375.0,0,20,24,0,1,27.36,93.6
2023-01-21,2,P005,Home,375.0,0,22,105,1,0,25.8,95.01
2023-01-22,2,P005,Home,375.0,0,16,89,1,0,20.52,92.2
2023-01-23,2,P005,Home,375.0,0,17,72,0,0,21.3,94.42
2023-01-24,2,P005,Home,337.5,10,22,50,0,1,16.38,95.12
2023-01-25,2,P005,Home,375.0,0,16,34,0,1,34.54,96.44
2023-01-26,2,P005,Home,337.5,10,17,106,0,0,25.07,96.5
2023-01-27,2,P005,Home,356.25,5,13,93,0,0,21.09,97.12
2023-01-28,2,P005,Home,337.5,10,24,69,1,0,29.39,95.68
2023-01-29,2,P005,Home,300.0,20,33,36,1,1,24.57,93.98
2023-01-30,2,P005,Home,375.0,0,13,23,0,1,19.24,91.64
2023-01-31,2,P005,Home,337.5,10,22,140,0,0,30.34,92.06
2023-02-01,2,P005,Home,375.0,0,14,126,0,1,20.72,95.03
2023-02-02,2,P005,Home,356.25,5,15,111,0,0,26.26,97.45
2023-02-03,2,P005,Home,375.0,0,24,87,0,1,26.66,93.64
2023-02-04,2,P005,Home,337.5,10,34,53,1,1,24.88,94.24
2023-02-05,2,P005,Home,375.0,0,14,39,1,0,23.51,94.51
2023-02-06,2,P005,Home,375.0,0,17,22,0,1,25.01,93.13
2023-02-07,2,P005,Home,375.0,0,14,92,0,0,21.58,96.65
2023-02-08,2,P005,Home,356.25,5,18,74,0,0,22.25,92.74
2023-02-09,2,P005,Home,318.75,15,20,54,0,0,28.17,95.63
2023-02-10,2,P005,Home,375.0,0,14,40,0,1,24.44,95.66
2023-02-11,2,P005,Home,375.0,0,12,28,1,0,26.46,94.12
2023-02-12,2,P005,Home,318.75,15,24,153,1,0,26.47,96.23
2023-02-13,2,P005,Home,375.0,0,16,137,0,0,23.17,95.87
2023-02-14,2,P005,Home,318.75,15,23,114,0,0,30.03,91.3
2023-02-15,2,P005,Home,375.0,0,16,98,0,0,24.77,96.29
2023-02-16,2,P005,Home,356.25,5,27,71,0,0,31.29,96.66
2023-02-17,2,P005,Home,375.0,0,11,60,0,0,21.74,93.86
2023-02-18,2,P005,Home,375.0,0,17,43,1,0,22.04,94.96
2023-02-19,2,P005,Home,300.0,20,27,101,1,1,31.37,94.33
2023-02-20,2,P005,Home,375.0,0,18,83,0,0,28.49,95.73
2023-02-21,2,P005,Home,337.5,10,16,67,0,0,28.0,95.86
2023-02-22,2,P005,Home,356.25,5,21,46,0,0,21.74,95.07
2023-02-23,2,P005,Home,375.0,0,11,35,0,0,17.1,92.9
2023-02-24,2,P005,Home,337.5,10,19,140,0,0,30.42,96.33
2023-02-25,2,P005,Home,375.0,0,16,124,1,0,23.7,94.09
2023-02-26,2,P005,Home,375.0,0,22,102,1,0,28.09,94.55
2023-02-27,2,P005,Home,375.0,0,11,91,0,0,16.41,94.78
2023-02-28,2,P005,Home,375.0,0,20,71,0,0,31.78,96.1
2023-03-01,2,P005,Home,337.5,10,21,50,0,0,25.22,92.36
2023-03-02,2,P005,Home,375.0,0,17,33,0,1,27.74,91.82
2023-03-03,2,P005,Home,375.0,0,23,108,0,1,21.2,95.68
2023-03-04,2,P005,Home,375.0,0,26,82,1,1,26.66,97.06
2023-03-05,2,P005,Home,318.75,15,37,45,1,1,28.02,95.1
2023-03-06,2,P005,Home,318.75,15,27,140,0,0,21.96,96.26
2023-03-07,2,P005,Home,375.0,0,9,131,0,0,22.53,95.67
2023-03-08,2,P005,Home,318.75,15,25,106,0,0,22.77,94.47
2023-03-09,2,P005,Home,375.0,0,23,83,0,1,22.73,94.06
2023-03-10,2,P005,Home,356.25,5,17,66,0,0,20.56,95.98
2023-03-11,2,P005,Home,318.75,15,23,43,1,0,11.93,94.41
2023-03-12,2,P005,Home,356.25,5,17,26,1,0,18.96,94.89
2023-03-13,2,P005,Home,375.0,0,21,86,0,1,21.84,93.52
2023-03-14,2,P005,Home,375.0,0,17,69,0,1,30.71,92.73
2023-03-15,2,P005,Home,318.75,15,29,40,0,1,25.97,95.41
2023-03-16,2,P005,Home,375.0,0,15,25,0,0,21.55,98.11
2023-03-17,2,P005,Home,318.75,15,29,122,0,1,22.11,95.5
2023-03-18,2,P005,Home,375.0,0,17,105,1,0,24.56,96.89
2023-03-19,2,P005,Home,356.25,5,11,94,1,0,16.57,95.13
2023-03-20,2,P005,Home,337.5,10,25,69,0,0,28.48,95.97
2023-03-21,2,P005,Home,356.25,5,20,49,0,0,22.11,95.75
2023-03-22,2,P005,Home,300.0,20,25,24,0,0,21.47,94.07
2023-03-23,2,P005,Home,356.25,5,15,137,0,0,27.15,93.94
2023-03-24,2,P005,Home,375.0,0,24,113,0,1,27.78,96.93
2023-03-25,2,P005,Home,337.5,10,30,83,1,1,24.91,93.15
2023-03-26,2,P005,Home,375.0,0,17,66,1,0,29.96,96.14
2023-03-27,2,P005,Home,375.0,0,15,51,0,0,28.71,95.67
2023-03-28,2,P005,Home,318.75,15,21,30,0,1,35.26,91.39
2023-03-29,2,P005,Home,375.0,0,19,98,0,0,25.76,94.38
2023-03-30,2,P005,Home,375.0,0,20,78,0,0,18.78,94.62
2023-03-31,2,P005,Home,375.0,0,15,63,0,0,23.02,97.44
2023-04-01,2,P005,Home,337.5,10,27,36,1,1,27.17,96.96
2023-04-02,2,P005,Home,375.0,0,16,20,1,0,21.51,95.76
2023-04-03,2,P005,Home,318.75,15,25,108,0,0,29.63,94.84
